[(191355.25299731034+0i) (191355.59226454358-196.31144208470477i) (191356.6100708392-392.62497042635215i) (191358.30643966916-588.9426686915535i) (191360.68140420283-785.2666248368766i) (191363.73501287962-981.5989247619299i) (191367.46733019062-1177.9416528100426i) (191371.8784324785-1374.2968982236866i) (191376.96840968617-1570.6667462652808i) (191382.7373674786-1767.0532855176193i) (191389.1854239128-1963.4586035277819i) (191396.31271232097-2159.8847897668034i) (191404.1193791549-2356.3339337169546i) (191412.60558516654-2552.8081255037714i) (191421.77150538669-2749.309456608965i) (191431.61732808742-2945.840018533306i) (191442.14325640711-3142.401905962695i) (191453.3495073784-3338.997211920543i) (191465.23631167912-3535.628032384888i) (191477.80391444883-3732.2964637332543i) (191491.05257470012-3929.00460419076i) (191504.98256554856-4125.75455314297i) (191519.59417419252-4322.548411345915i) (191534.88770202934-4519.388281005256i) (191550.86346438102-4716.276266655848i) (191567.5217917547-4913.214473287104i) (191584.8630269713-5110.205008798564i) (191602.8875287489-5307.2499818094675i) (191621.59566897538-5504.351503971437i) (191640.98783432753-5701.51168820123i) (191661.06442546076-5898.732649672926i) (191681.82585719327-6096.01650542003i) (191703.27255907498-6293.365375028358i) (191725.4049744372-6490.781380060158i) (191748.22356149898-6688.266644748453i) (191771.7287920657-6885.823295453545i) (191795.92115319698-7083.453461084272i) (191820.80114574902-7281.159273180585i) (191846.36928512945-7478.942866188123i) (191872.62610179628-7676.806377041098i) (191899.57213966676-7874.751944665066i) (191927.2079578545-8072.7817123446675i) (191955.5341299644-8270.89782533639i) (191984.55124394398-8469.10243220508i) (192014.25990234292-8667.397684633894i) (192044.6607226563-8865.785737492562i) (192075.75433702365-9064.268748717936i) (192107.54139192338-9262.848880121292i) (192140.02254891425-9461.528295662705i) (192173.19848371157-9660.309164788216i) (192207.0698879339-9859.19365853254i) (192241.63746711932-10058.183953097561i) (192276.9019420589-10257.282227248383i) (192312.8640484257-10456.490664724337i) (192349.5245375538-10655.811451108028i) (192386.88417314828-10855.246778563098i) (192424.94373744272-11054.798841891894i) (192463.70402545447-11254.469839771009i) (192503.1658483087-11454.261976217082i) (192543.3300316381-11654.177458076982i) (192584.1974169045-11854.218498025199i) (192625.76886069385-12054.38731217914i) (192668.04523476804-12254.68612136627i) (192711.02742589073-12455.117151023856i) (192754.71633673628-12655.682631774358i) (192799.11288525554-12856.384798061361i) (192844.21800397296-13057.225890175507i) (192890.03264261544-13258.208153510637i) (192936.55776553196-13459.333837399288i) (192983.7943527212-13660.605196919616i) (193031.74340021145-13862.024492494122i) (193080.4059196112-14063.593989330879i) (193129.78293804958-14265.315958609606i) (193179.8754988621-14467.192676144097i) (193230.68466097885-14669.226424428849i) (193282.21149933085-14871.41949056199i) (193334.45710565813-15073.774167852382i) (193387.42258639535-15276.292755482958i) (193441.10906544892-15478.977558237646i) (193495.51768162928-15681.83088714823i) (193550.64959152334-15884.855058852436i) (193606.50596600826-16088.052397275093i) (193663.08799584056-16291.425231407553i) (193720.39688333374-16494.975895365722i) (193778.43385052285-16698.706734215106i) (193837.20013657614-16902.62009501808i) (193896.69699512224-17106.718333325574i) (193956.9256979017-17311.003811190494i) (194017.8875330097-17515.478897455694i) (194079.58380548493-17720.145967834862i) (194142.01583711035-17925.007404954973i) (194205.18496695874-18130.065598764188i) (194269.09255079704-18335.32294604968i) (194333.73996228748-18540.78185146131i) (194399.1285909984-18746.444726254904i) (194465.25984527913-18952.31398948736i) (194532.13515000703-19158.392068583373i) (194599.75594811965-19364.68139607517i) (194668.12369735353-19571.18441571915i) (194737.2398786361-19777.903577499164i) (194807.10598510347-19984.841338303682i) (194877.72353072464-20192.000164506917i) (194949.09404605423-20399.38253048381i) (195021.21908007291-20606.9909182708i) (195094.10019972856-20814.82781882814i) (195167.73898992204-21022.89573141816i) (195242.137054156-21231.19716370362i) (195317.29601387776-21439.734632657077i) (195393.21750899468-21648.51066287998i) (195469.90319808107-21857.527789039363i) (195547.35475781426-22066.78855389184i) (195625.57388458075-22276.29550985009i) (195704.56229122807-22486.05121823579i) (195784.32171260807-22696.058250143815i) (195864.85389985394-22906.319185848577i) (195946.16062507994-23116.836614314867i) (196028.24367843565-23327.613136338474i) (196111.10486913865-23538.65135955866i) (196194.74602707213-23749.953904110946i) (196279.16899933096-23961.523398182544i) (196364.37565587118-24173.362481295168i) (196450.3678821117-24385.473804115536i) (196537.14758874808-24597.860023695903i) (196624.71669941698-24810.5238115341i) (196713.07716495043-25023.467848579945i) (196802.2309501829-25236.694826145642i) (196892.18004490898-25450.207445551307i) (196982.9264559248-25664.00842090636i) (197074.47221209705-25878.10047533968i) (197166.81936280435-26092.48634518531i) (197259.96997729188-26307.168776495917i) (197353.9261469987-26522.150527345664i) (197448.68998268055-26737.434367717397i) (197544.26361775532-26953.023077779188i) (197640.6492054505-27168.919451602364i) (197737.84892086493-27385.12629314181i) (197835.86496098054-27601.646420253175i) (197934.69954318315-27818.482661214686i) (198034.35490783496-28035.63785822041i) (198134.83331651904-28253.11486498516i) (198236.13705286165-28470.916547155874i) (198338.26842178628-28689.04578520623i) (198441.22975234583-28907.505470094486i) (198545.02339419883-29126.29850760422i) (198649.65172035302-29345.42781502291i) (198755.11712632526-29564.89632435522i) (198861.42203021905-29784.706979586477i) (198968.56887330528-30004.86273944096i) (199076.56011980964-30225.36657563266i) (199185.39825723995-30446.221474099642i) (199295.08579630984-30667.43043433145i) (199405.62527196202-30888.99646985119i) (199517.01924174084-31110.922609488025i) (199629.2702878553-31333.211895003176i) (199742.38101624494-31555.867383908393i) (199856.35405706262-31778.892147207218i) (199971.19206520868-32002.289272637405i) (200086.89771926563-32226.061860346155i) (200203.47372272608-32450.213027556914i) (200320.92280418056-32674.745906309523i) (200439.24771702138-32899.66364406117i) (200558.4512394836-33124.96940381026i) (200678.53617578623-33350.666364627585i) (200799.5053550893-33576.757721190814i) (200921.36163273104-33803.24668447626i) (201044.10788959876-34030.136481587775i) (201167.7470321214-34257.43035617142i) (201292.28199382243-34485.13156880424i) (201417.71573447686-34713.243395945i) (201544.0512400324-34941.769132367364i) (201671.29152337986-35170.712088072454i) (201799.43962471708-35400.07559213029i) (201928.49861050613-35629.862989746835i) (202058.47157536208-35860.077644750345i) (202189.36164082997-36090.72293836034i) (202321.17195694425-36321.80226996503i) (202453.90570103156-36553.319057511515i) (202587.56607961666-36785.27673632033i) (202722.15632677975-37017.678760711206i) (202857.6797051268-37250.528603376246i) (202994.13950623828-37483.829756355226i) (203131.53904977386-37717.58573047705i) (203269.88168577076-37951.800056253574i) (203409.17079279455-38186.4762844566i) (203549.4097805934-38421.617983643824i) (203690.60208697367-38657.228744500666i) (203832.7511815658-38893.31217535124i) (203975.8605632641-39129.87190671112i) (204119.9337611772-39366.911587478404i) (204264.97433575097-39604.43489041613i) (204410.9858779114-39842.44550533325i) (204557.97201103653-40080.947148985i) (204705.93639118358-40319.94354976338i) (204854.8826980855-40559.43846764273i) (205004.81465605792-40799.43568101662i) (205155.73601242184-41039.938986459885i) (205307.65055064054-41280.952207118185i) (205460.5620853247-41522.47918620538i) (205614.47446519474-41764.52379120438i) (205769.39157171952-42007.08991109686i) (205925.31732025492-42250.18145912897i) (206082.25565963495-42493.80237045895i) (206240.21057300828-42737.95660519798i) (206399.18607761886-42982.6481457835i) (206559.1862253779-43227.88100020025i) (206720.21510309208-43473.659199593705i) (206882.27683350875-43719.98680029821i) (207045.37557326566-43966.86788250377i) (207209.51551692066-44214.30655209178i) (207374.70089244726-44462.30694003364i) (207540.93596652246-44710.87320209352i) (207708.22504052595-44960.00952127761i) (207876.57245474728-45209.720104976324i) (208045.98258494644-45460.009188386626i) (208216.45984570534-45710.881031554396i) (208388.00868878735-45962.33992278938i) (208560.63360451945-46214.39017600286i) (208734.3391214186-46467.03613410744i) (208909.12980681754-46720.28216604976i) (209085.01026774084-46974.13266975789i) (209261.98515016842-47228.592070747414i) (209440.05914046627-47483.664822934305i) (209619.23696429556-47739.35540950837i) (209799.52338888904-47995.668341591096i) (209980.92322134462-48252.608161043274i) (210163.44131061732-48510.179437592575i) (210347.0825472594-48768.38677319362i) (210531.8518631641-49027.234796962104i) (210717.75423333887-49286.728171640876i) (210904.7946742442-49546.87158845101i) (211092.9782488611-49807.669770626875i) (211282.31005498068-50069.12747095192i) (211472.79524561565-50331.249482583364i) (211664.43901192438-50594.04061570469i) (211857.24658794445-50857.50572549777i) (212051.22325613277-51121.64969373774i) (212246.37434270373-51386.47743819087i) (212442.70522000967-51651.993908288176i) (212640.22130658536-51918.20408763907i) (212838.9280678205-52185.11299429831i) (213038.83101524512-52452.725680178475i) (213239.93570856366-52721.04723218033i) (213442.24775612107-52990.08277295162i) (213645.77281228756-53259.83745949847i) (213850.51658244542-53530.31648493513i) (214056.48481996564-53801.525079605046i) (214263.68332814414-54073.46850892388i) (214472.11796016665-54346.152076655286i) (214681.79462007625-54619.581122773896i) (214892.71926287492-54893.76102570165i) (215104.89789505966-55168.69720168643i) (215318.3365747577-55444.39510529948i) (215533.04141279223-55720.86023037054i) (215749.01857297347-55998.09810968857i) (215966.2742725833-56276.1143160982i) (216184.81478230283-56554.91446239254i) (216404.64642831119-56834.504201539545i) (216625.77559021127-57114.889228648695i) (216848.20870474743-57396.0752777005i) (217071.95226249236-57678.06813016342i) (217297.0128182242-57960.8736000537i) (217523.396966273-58244.49755072563i) (217751.1113784007-58528.945892586205i) (217980.16277259134-58814.22457003i) (218210.5579308664-59100.33957801452i) (218442.30369068534-59387.29695333737i) (218675.40695271632-59675.10277859571i) (218909.87467530707-59963.76318185777i) (219145.71388005206-60253.28433660969i) (219382.93164847256-60543.67246371899i) (219621.53512539915-60834.933829545465i) (219861.5315180984-61127.074749422114i) (220102.92809700413-61420.101584986885i) (220345.73219746386-61714.02074778941i) (220589.95121867163-62008.83869709604i) (220835.59262588352-62304.561941730404i) (221082.66394908703-62601.19704147087i) (221331.1727872122-62898.75060480877i) (221581.12680381702-63197.22929324675i) (221832.5337326576-63496.6398176428i) (222085.40137422265-63796.98894312316i) (222339.7376002604-64098.28348566654i) (222595.55035027605-64400.53031637455i) (222852.8476369931-64703.736358151764i) (223111.63754265383-65007.90859017799i) (223371.9282229356-65313.05404462477i) (223633.72790590546-65619.17981165549i) (223897.04489382033-65926.29303521478i) (224161.88756206236-66234.40091780273i) (224428.2643630334-66543.51071790722i) (224696.18382366156-66853.62975318087i) (224965.65454866638-67164.76539948932i) (225236.68521926086-67476.9250912086i) (225509.2845957069-67790.11632404252i) (225783.4615167968-68104.34665321304i) (226059.224902316-68419.62369604045i) (226336.58375131746-68735.95513083841i) (226615.54714655443-69053.34869989769i) (226896.1242508266-69371.8122070207i) (227178.32431362226-69691.35352174503i) (227462.1566637152-70011.98057756921i) (227747.63072337036-70333.70137368103i) (228034.75598930518-70656.52397129391i) (228323.54205409164-70980.45650894634i) (228613.9985967856-71305.50718189892i) (228906.13538305042-71631.684259272i) (229199.9622691099-71958.99607778879i) (229495.48920274893-72287.45104502965i) (229792.72622199837-72617.05763826064i) (230091.68345958157-72947.82440723109i) (230392.3711395337-73279.75997332012i) (230694.7995831966-73612.8730313865i) (230998.97920517813-73947.17235032897i) (231304.9205192299-74282.6667732893i) (231612.63413511676-74619.36522011721i) (231922.130762299-74957.27668577811i) (232233.4212104085-75296.41024363236i) (232546.5163901038-75636.77504484485i) (232861.42731403408-75978.38032060012i) (233178.16509816263-76321.23538051997i) (233496.74096278613-76665.34961640328i) (233817.16623500525-77010.73250203853i) (234139.45234726885-77357.39359358337i) (234463.61084125427-77705.34253125984i) (234789.6533669155-78054.58903994616i) (235117.59168563868-78405.14293030651i) (235447.4376697673-78757.01410010559i) (235779.20330501188-79110.21253441082i) (236112.90069118608-79464.74830752923i) (236448.54204370413-79820.63158283994i) (236786.13969516804-80177.87261593365i) (237125.70609574966-80536.4817532552i) (237467.2538156852-80896.4694345787i) (237810.7955458366-81257.84619391308i) (238156.3440999267-81620.62266076017i) (238503.91241434024-81984.8095608128i) (238853.5135517772-82350.41771692349i) (239205.16070076608-82717.45805103116i) (239558.86717879804-83085.94158494356i) (239914.64643147794-83455.87944228254i) (240272.5120360925-83827.28284615626i) (240632.4777049488-84200.16312668133i) (240994.55727945926-84574.5317180201i) (241358.76474112165-84950.40015656801i) (241725.11420786812-85327.78009164096i) (242093.61993488664-85706.68327738438i) (242464.29631993076-86087.12157882896i) (242837.15790180588-86469.10697230829i) (243212.21936434286-86852.65154674546i) (243589.49553573047-87237.76750523757i) (243969.00139298665-87624.46716556189i) (244350.7520613853-88012.7629629735i) (244734.76281786856-88402.66745048368i) (245121.04909150276-88794.19330156807i) (245509.6264667989-89187.35330885193i) (245900.51068398033-89582.16039024416i) (246293.71764272085-89978.6275859718i) (246689.2634022621-90376.76806278514i) (247087.1641847617-90776.59511441275i) (247487.436376406-91178.12216298655i) (247890.09652969474-91581.36276236735i) (248295.16136611544-91986.33059723626i) (248702.64777702576-92393.03948664307i) (249112.57282675494-92801.5033848962i) (249524.95375420037-93211.73638357744i) (249939.807975159-93623.7527131107i) (250357.1530850822-94037.56674474038i) (250777.0068595637-94453.19299199108i) (251199.38725969903-94870.64611241606i) (251624.31243028573-95289.94090990079i) (252051.80070658895-95711.09233801163i) (252481.8706142906-96134.11549656186i) (252914.54087045227-96559.02564016661i) (253349.83038952545-96985.83817620212i) (253787.75828340027-97414.56866790605i) (254228.34386437514-97845.23283596858i) (254671.60664859903-98277.84656165587i) (255117.56635710812-98712.42588755777i) (255566.24292035782-99148.98702033781i) (256017.65647898463-99587.5463332504i) (256471.82738854527-100028.12036744501i) (256928.7762202375-100470.72583515178i) (257388.52376555954-100915.37962096956i) (257851.09103785653-101362.09878503121i) (258316.49927631696-101810.90056465198i) (258784.76994772482-102261.80237713295i) (259255.92475071817-102714.82182192033i) (259729.98561764616-103169.97668283958i) (260206.9747189997-103627.28493135647i) (260686.91446504337-104086.76472804009i) (261169.82750999514-104548.43442613093i) (261655.73675588137-105012.31257371462i) (262144.6653542605-105478.41791531793i) (262636.6367105671-105946.76939698707i) (263131.6744874152-106417.38616634224i) (263629.80260789953-106890.28757762612i) (264131.04526006547-107365.49319297369i) (264635.42689828924-107843.02278531114i) (265142.9722491717-108322.89634296077i) (265653.70631461835-108805.13407029977i) (266167.6543747729-109289.75639245141i) (266684.8419926582-109776.78395723322i) (267205.29501826863-110266.23763939051i) (267729.0395914221-110758.13854237259i) (268256.10214732826-111252.50800293202i) (268786.5094191774-111749.3675932544i) (269320.288443203-112248.73912529368i) (269857.46656302403-112750.64465289678i) (270398.07143296115-113255.10647694784i) (270942.1310247334-113762.14714659977i) (271489.6736271781-114271.78946435623i) (272040.72785684175-114784.05649100605i) (272595.32265840546-115298.97154544266i) (273153.48731059476-115816.55821159112i) (273715.25143072667-116336.8403417152i) (274280.6449802909-116859.84205900105i) (274849.6982690183-117385.58776263878i) (275422.44196005113-117914.10213163178i) (275998.90707601054-118445.41012846185i) (276579.1250024091-118979.53700344815i) (277163.12749488396-119516.508298775i) (277750.9466825439-120056.34985376772i) (278342.61507643777-120599.08780678136i) (278938.16556923755-121144.74860283364i) (279537.6314500406-121693.35899725027i) (280141.0464015666-122244.94605690317i) (280748.44451035996-122799.5371696803i) (281359.8602715705-123357.1600466386i) (281975.32859622396-123917.84272696321i) (282594.8848150215-124481.61358379657i) (283218.5646876807-125048.50132802968i) (283846.4044063217-125618.53501486403i) (284478.44060492306-126191.74404762326i) (285114.710362979-126768.1581842546i) (285755.251215586-127347.80754173658i) (286400.10115674033-127930.72260154205i) (287049.29864976846-128516.93421665677i) (287702.8826313673-129106.47361504007i) (288360.8925215893-129699.37240862945i) (289023.3682301744-130295.66259465081i) (289690.3501633771-130895.37656678028i) (290361.8792324988-131498.547116443i) (291037.996861604-132105.20744305267i) (291718.74499551835-132715.39115758386i) (292404.1661076941-133329.1322910462i) (293094.30320916063-133946.46529938251i) (293789.1998560702-134567.42507162323i) (294488.90015913395-135192.04693537028i) (295193.44879163336-135820.3666650058i) (295902.8909992526-136452.42048801208i) (296617.27260811406-137088.24509307634i) (297336.64003506175-137727.877635692i) (298061.0402966029-138371.35574853246i) (298790.5210188434-139018.7175463021i) (299525.1304469337-139670.00163500392i) (300264.917455393-140325.2471199485i) (301009.931558315-140984.4936135892i) (301760.22291952086-141647.78124358397i) (302515.8423637415-142315.15066163652i) (303276.8413870498-142986.64305227503i) (304043.2721680354-143662.30014090205i) (304815.1875784785-144342.16420348396i) (305592.6411964393-145026.2780754643i) (306375.6873152713-145714.68516096886i) (307164.38096006913-146407.42944348516i) (307958.7778943581-147104.55549159553i) (308758.9346362463-147806.10847555133i) (309564.90847035206-148512.13417076954i) (310376.75746068277-149222.67897285783i) (311194.5404628331-149937.78990488203i) (312018.3171396222-150657.51463071493i) (312848.1479724553-151381.90146365197i) (313684.09427781124-152110.99937976405i) (314526.21821890795-152844.85802758034i) (315374.582823165-153583.52774078626i) (316229.2519944556-154327.0595492234i) (317090.2905308661-155075.50519266442i) (317957.7641381562-155828.91713095194i) (318831.7394471889-156587.34855846255i) (319712.2840300174-157350.85341593347i) (320599.46641421993-158119.4864049409i) (321493.35610368755-158893.30299924384i) (322394.023592826-159672.35946113756i) (323301.54038609925-160456.71285396902i) (324215.97901428177-161246.4210559183i) (325137.41305470245-162041.54277624548i) (326065.91714927903-162842.1375693388i) (327001.5670233455-163648.26585056563i) (327944.43950620794-164459.98891102293i) (328894.6125506227-165277.36893444197i) (329852.1652539582-166100.46901306487i) (330817.1778779174-166929.3531644623i) (331789.7318717297-167764.08634879207i) (332769.90989259887-168604.73448571883i) (333757.7958293534-169451.3644728679i) (334753.4748241077-170304.0442037492i) (335757.03329702956-171162.84258642254i) (336768.5589687824-172027.82956256164i) (337788.1408875642-172899.07612677064i) (338815.8694499648-173776.65434716808i) (339851.8364320159-174660.6373850878i) (340896.13500984205-175551.09951623762i) (341948.85979193717-176448.1161517694i) (343010.106841863-177351.76386104402i) (344079.9737086473-178262.12039245391i) (345158.5594565065-179179.2646966392i) (346245.9646911977-180103.2769532315i) (347342.29159315693-181034.238587648i) (348447.64394752646-181972.2323031886i) (349562.12717319187-182917.34210118116i) (350685.84835910384-183869.65330875746i) (351818.91629394714-184829.25260410956i) (352961.4415025924-185796.2280448529i) (354113.5362778503-186770.66909380283i) (355275.314719634-187752.66664807484i) (356446.8927667717-188742.31306836288i) (357628.3882391185-189739.70220764194i) (358819.92087175895-190744.92944269726i) (360021.61235565634-191758.0917030917i) (361233.5863777357-192779.2875068527i) (362455.9686631917-193808.61698733736i) (363688.8870132143-194846.18193252367i) (364932.471353207-195892.0858151078i) (366186.85377329483-196946.43383013768i) (367452.1685756848-198009.3329295187i) (368728.5523197658-199080.89185935925i) (370016.14387052075-200161.22119822406i) (371315.0844464031-201250.43339504203i) (372625.51767037914-202348.6428095648i) (373947.58962061355-203455.9657533125i) (375281.4488824806-204572.52053078474i) (376627.2466043671-205698.4274823407i) (377985.1365509898-206833.8090295045i) (379355.2751623854-207978.78971822595i) (380737.8216078469-209133.49626617687i) (382132.9378531703-210298.05761273555i) (383540.7887149018-211472.6049616952i) (384961.54192680237-212657.27183829673i) (386395.36820390867-213852.1941359408i) (387842.44130949216-215057.51017183682i) (389302.93812221487-216273.36073921653i) (390777.0387078993-217499.88916475367i) (392264.92638911924-218737.24136449906i) (393766.78782170336-219985.5659036964i) (395282.8130689438-221245.0140562719i) (396813.19567937293-222515.73986708026i) (398358.13276902545-223797.90021840273i) (399917.8251024056-225091.6548895709i) (401492.4771766685-226397.16663080978i) (403082.297310373-227714.60122736107i) (404687.4977314404-229044.12757496498i) (406308.294670161-230385.91774933657i) (407944.90845339524-231740.14708463155i) (409597.5636028411-233106.99424832014i) (411266.4889340614-234486.64132318005i) (412951.91766033444-235879.27388736652i) (414654.087498122-237285.0810998131i) (416373.24077738647-238704.25578653417i) (418109.62455211044-240136.99453064025i) (419863.4907177694-241583.49776381048i) (421635.09612869576-243043.96986083046i) (423424.70272246614-244518.61923720437i) (425232.57764441264-246007.65845028977i) (427058.99337877776-247511.30430120075i) (428904.2278821147-249029.77794295378i) (430768.56472140294-250563.30498887115i) (432652.2932159669-252112.1156266312i) (434555.708584917-253676.44473437i) (436479.1120968007-255256.53200083855i) (438422.81122656283-256852.62204910896i) (440387.1198152044-258464.96456453385i) (442372.3582357683-260093.8144260266i) (444378.8535637009-261739.43184227427i) (446406.93975329446-263402.08249164064i) (448456.9578193348-265082.03766656306i) (450529.2560241978-266779.57442258985i) (452624.19007220084-268494.9757326654i) (454742.12330799014-270228.53064551344i) (456883.42692421796-271980.53445001197i) (459048.4801728014-273751.28884401626i) (461237.6705868931-275541.1021099534i) (463451.39420535986-277350.2892950055i) (465690.0558104506-279179.17239756533i) (467954.0691666715-281028.0805606998i) (470243.8572752285-282897.3502697244i) (472559.85262917564-284787.32556123537i) (474902.4974844896-286698.3582332443i) (477272.2441340041-288630.8080660063i) (479669.5551973664-290585.04305132746i) (482094.9039119197-292561.43962545204i) (484548.77444459347-294560.3829155985i) (487031.6622058999-296582.2669901569i) (489544.0741786184-298627.4951207873i) (492086.52925846726-300696.4800518332i) (494659.55860470637-302789.6442811097i) (497263.7060053039-304907.42034923215i) (499899.5282543628-307050.2511394991i) (502567.59554285-309218.59018944926i) (505268.49186402344-311412.90201294527i) (508002.81543357065-313633.6624344991i) (510771.1791244416-315881.35893549037i) (513574.21091928135-318156.4910123497i) (516412.5543797426-320459.57055230543i) (519286.86912900436-322791.122214479i) (522197.83135961316-325151.68383659143i) (525146.1343552074-327541.8068480042i) (528132.4890331393-329962.0567022455i) (531157.6245107559-332413.0133261823i) (534222.2886890565-334895.27158561733i) (537327.2488631849-337409.4417705873i) (540473.292353797-339956.15009673574i) (543661.2271654677-342536.039229921i) (546891.8826693143-345149.7688283709i) (550166.1103151991-347798.01611014485i) (553484.7843697305-350481.47643818264i) (556848.8026857045-353200.8639356609i) (560259.0875048037-355956.91212117684i) (563716.5862887462-358750.3745704638i) (567222.2725885352-361582.0256095218i) (570777.1469477643-364452.66103074874i) (574382.2378449691-367363.09884499473i) (578038.6026753857-370314.1800598424i) (581747.3287740264-373306.76949517103i) (585509.5344828634-376341.75663102034i) (589326.3702637507-379420.0564934731i) (593199.019860028-382542.61057734874i) (597128.701508221-385710.3878118994i) (601116.6692037769-388924.3855648566i) (605164.2140224171-392185.63069702726i) (609272.6655013864-395495.1806569376i) (613443.393081455-398854.1246307951i) (617677.807615527-402263.58474075916i) (621977.3629458961-405724.7172999426i) (626343.5575537868-409238.71412452584i) (630777.9362856145-412806.8039067531i) (635282.0921603919-416430.25365275424i) (639857.6682619399-420110.37018625747i) (644506.3597212157-423848.5017270738i) (649229.9157927865-427646.03954135074i) (654030.142033068-431504.41967482347i) (658908.9025825099-435425.12476757803i) (663868.12256241-439409.68596038927i) (668909.7905880372-443459.68489439285i) (674035.9614068287-447576.7558082954i) (679248.7586717918-451762.5877464696i) (684550.3778568859-456018.9268732161i) (689943.0893110742-460347.57890656637i) (695429.2414853245-464750.41168316314i) (701011.2643166224-469229.35784919834i) (706691.6727924402-473786.41769649903i) (712473.0707060536-478423.6621490769i) (718358.1546098682-483143.2359075217i) (724349.7179836864-487947.3607646058i) (730450.6556287883-492838.3390990633i) (736663.9683034294-497818.5575652614i) (742992.7676169777-502890.4909799156i) (749440.2811902596-508056.70643570134i) (756009.8581219853-513319.8676402865i) (762704.9747491158-518682.7395044634i) (769529.2407539729-524148.19299453055i) (776486.4056141225-529719.2102665781i) (783580.3654402554-535398.8901015584i) (790815.1702109333-541190.45366304i) (798195.0314469561-547097.2505983305i) (805724.3303446271-553122.7655096578i) (813407.6264087472-559270.6248185848i) (821249.6666153236-565544.6040565319i) (829255.395148512-571948.6356062356i) (837429.9637468667-578486.8169332442i) (845778.7427114565-585163.4193402989i) (854307.3326192596-591982.897284321i) (863021.5768005385-598949.8983007539i) (871927.5746341253-606069.2735781558i) (881031.6957278047-613346.0892362869i) (890340.5950503403-620785.6383638231i) (899861.2290939216-628393.4538705603i) (909600.8731453314-636175.3222266443i) (919567.1397578034-644137.2981556195i) (929767.998526836-652285.7203601237i) (940211.7972674414-660627.2283692309i) (950907.2847221646-669168.7805977884i) (961863.6349216368-677917.6737233198i) (973090.4733449982-686881.5634933093i) (984597.9050351774-696068.4870867196i) (996396.5448406113-705486.8871682931i) (1.0084975499765166e+06-715145.6377868489i) (1.0209126551122621e+06-725054.0722834221i) (1.0336542102200536e+06-735222.0133939604i) (1.0467352214385535e+06-745659.805753126i) (1.0601693952382745e+06-756378.3510204752i) (1.0739711862013512e+06-767389.1458857912i) (1.0881558487693546e+06-778704.3232252272i) (1.1027394933436243e+06-790336.6967253317i) (1.1177391471783272e+06-802299.8093128812i) (1.1331728205423378e+06-814607.9857821172i) (1.1490595786996281e+06-827276.3900418797i) (1.1654196203021635e+06-840321.0874732257i) (1.1822743628850635e+06-853759.1129246985i) (1.1996465362147088e+06-867608.5449614913i) (1.2175602843492948e+06-881888.5870449851i) (1.236041277377847e+06-896619.6564023329i) (1.2551168339226663e+06-911823.4814664719i) (1.274816055632045e+06-927523.2088465123i) (1.2951699750627766e+06-943743.5209501731i) (1.316211718525126e+06-960510.7655079452i) (1.3379766856932677e+06-977853.0984302525i) (1.360502748027532e+06-995800.6416285314i) (1.3838304683463494e+06-1.0143856576582047e+06i) (1.408003344230799e+06-1.0336427433171959e+06i) (1.4330680783279347e+06-1.0536090446374873e+06i) (1.4590748790930628e+06-1.0743244960919635e+06i) (1.486077796040931e+06-1.0958320872426997e+06i) (1.514135094220593e+06-1.1181781605920063e+06i) (1.5433096733688973e+06-1.141412744966098e+06i) (1.5736695380932689e+06-1.1655899294898673e+06i) (1.6052883264765139e+06-1.1907682840253105e+06i) (1.6382459057594775e+06-1.2170113329657994e+06i) (1.672629045233121e+06-1.2443880904395645e+06i) (1.7085321782933353e+06-1.272973666429773e+06i) (1.7460582677291576e+06-1.302849955006237e+06i) (1.7853197909632553e+06-1.3341064179643234e+06i) (1.8264398650751559e+06-1.36684097964238e+06i) (1.8695535353356227e+06-1.4011610517939935e+06i) (1.9148092556320117e+06-1.437184711085816e+06i) (1.9623705950130594e+06-1.4750420564430077e+06i) (2.0124182116500542e+06-1.5148767790975836e+06i) (2.0651521444685599e+06-1.5568479852978797e+06i) (2.120794483684101e+06-1.6011323203956238e+06i) (2.1795924954518965e+06-1.6479264541225727e+06i) (2.2418222933048885e+06-1.6974500007686797e+06i) (2.3077931714089643e+06-1.7499489657593998e+06i) (2.3778527430782644e+06-1.8056998327143332e+06i) (2.4523930647752043e+06-1.8650144343426698e+06i) (2.5318579733050494e+06-1.9282457882834256e+06i) (2.616751926262466e+06-1.9957951285995734e+06i) (2.707650717644519e+06-2.0681204287395917e+06i) (2.8052145498038875e+06-2.1457467986767413e+06i) (2.9102040890985318e+06-2.2292792552181156e+06i) (3.0235003313769596e+06-2.3194185225679306e+06i) (3.1461293752359776e+06-2.4169807364247986e+06i) (3.279293578552933e+06-2.5229222251976496e+06i) (3.424411103061025e+06-2.6383709628799e+06i) (3.5831666056176587e+06-2.7646668877564557e+06i) (3.7575769222318046e+06-2.903414146020053e+06i) (3.9500771868414246e+06-3.0565495887291157e+06i) (4.1636352070099954e+06-3.2264337436969876e+06i) (4.401905539537823e+06-3.4159733638027254e+06i) (4.669440329125156e+06-3.6287891233802643e+06i) (4.97198290418677e+06-3.8694491377941705e+06i) (5.316884679083597e+06-4.1438005582097266e+06i) (5.71371032934576e+06-4.459450914503969e+06i) (6.175138507364297e+06-4.826484524499763e+06i) (6.718341402745404e+06-5.258559765591044e+06i) (7.367169013707139e+06-5.774646395642352e+06i) (8.155744732485294e+06-6.401885401660234e+06i) (9.13466450142682e+06-7.180519670701226e+06i) (1.038230087151259e+07-8.172884986642774e+06i) (1.2026896596581541e+07-9.480982783730112e+06i) (1.4293735507997967e+07-1.1283998811321132e+07i) (1.7618346322347254e+07-1.3928342925175902e+07i) (2.296640077361258e+07-1.8182088948070005e+07i) (3.2993194409526654e+07-2.6157199911365632e+07i) (5.861232058368321e+07-4.653410527795847e+07i) (2.6330971906179532e+08-2.0934588603168565e+08i) (-1.054733872246408e+08+8.397597414291543e+07i) (-4.39071077367103e+07+3.500750289799924e+07i) (-2.771230050727976e+07+2.2126491909010008e+07i) (-2.0238748870507576e+07+1.6182173846602567e+07i) (-1.593608232047904e+07+1.2759907436701545e+07i) (-1.3139467244909363e+07+1.0535521046124455e+07i) (-1.1175946096250296e+07+8.97375920681225e+06i) (-9.721520741536727e+06+7.816921009119732e+06i) (-8.600920468066208e+06+6.925600026163207e+06i) (-7.711047889415546e+06+6.217794889842521e+06i) (-6.987296776196495e+06+5.642119242418686e+06i) (-6.387122331619211e+06+5.164733899061345e+06i) (-5.88136506833438e+06+4.762446052415117e+06i) (-5.449370602751868e+06+4.418827665529776e+06i) (-5.076099490813825e+06+4.12191669950038e+06i) (-4.750340610138718e+06+3.8627960773579665e+06i) (-4.463565907430073e+06+3.6346827756218836e+06i) (-4.2091730633077165e+06+3.4323254567515403e+06i) (-3.981970971873072e+06+3.2515952310315324e+06i) (-3.7778218169744066e+06+3.089200971994142e+06i) (-3.5933868247160893e+06+2.9424870936176805e+06i) (-3.4259422701249346e+06+2.8092872061216813e+06i) (-3.273244086480746e+06+2.687816429238141e+06i) (-3.133426730911339e+06+2.5765909521557977e+06i) (-3.0049266030670763e+06+2.4743671224362133e+06i) (-2.886423333225978e+06+2.3800947478788313e+06i) (-2.776794257074593e+06+2.2928808867725185e+06i) (-2.675078746745387e+06+2.2119614775983663e+06i) (-2.5804499950588318e+06+2.1366788968413277e+06i) (-2.492192497359257e+06+2.0664640485440795e+06i) (-2.40968393221188e+06+2.0008219526160206e+06i) (-2.3323804702100307e+06+1.9393200597869288e+06i) (-2.259804777183527e+06+1.881578709621875e+06i) (-2.191536152541492e+06+1.8272632867838228e+06i) (-2.1272023720318065e+06+1.776077732939912e+06i) (-2.0664729010200747e+06+1.7277591487614699e+06i) (-2.0090532168101259e+06+1.6820732780156527e+06i) (-1.9546800343219284e+06+1.6388107101848295e+06i) (-1.9031172716326416e+06+1.597783671539469e+06i) (-1.8541526251199637e+06+1.5588233010911858e+06i) (-1.8075946492525707e+06+1.5217773279160294e+06i) (-1.763270256495639e+06+1.4865080826388353e+06i) (-1.721022568316034e+06+1.4528907881673318e+06i) (-1.6807090612262231e+06+1.420812085107104e+06i) (-1.6421999615584407e+06+1.3901687549819518e+06i) (-1.6053768509483377e+06+1.3608666110880945e+06i) (-1.570131450912792e+06+1.3328195317549538e+06i) (-1.5363645602961506e+06+1.3059486152286874e+06i) (-1.5039851235506656e+06+1.2801814385926689e+06i) (-1.4729094115112512e+06+1.255451406181972e+06i) (-1.4430602990438095e+06+1.2316971750344438e+06i) (-1.4143666265570894e+06+1.2088621470563258e+06i) (-1.3867626341322912e+06+1.1868940189384671e+06i) (-1.360187458918002e+06+1.1657443823975031e+06i) (-1.3345846875870219e+06+1.1453683682087855e+06i) (-1.3099019570431637e+06+1.1257243286191644e+06i) (-1.2860905973216672e+06+1.106773553313345e+06i) (-1.2631053116583065e+06+1.0884800149553334e+06i) (-1.2409038892115704e+06+1.0708101406877455e+06i) (-1.219446946691598e+06+1.0537326066331274e+06i) (-1.198697695478893e+06+1.0372181526629773e+06i) (-1.1786217314294563e+06+1.0212394152152273e+06i) (-1.1591868447439093e+06+1.00577077606726e+06i) (-1.1403628477879087e+06+990788.2253902477i) (-1.1221214188309812e+06+976269.2374575872i) (-1.1044359600942172e+06+962192.657746269i) (-1.0872814685283478e+06+948538.6001504774i) (-1.0706344180741892e+06+935288.3533387382i) (-1.0544726521729406e+06+922424.2952554186i) (-1.0387752855596507e+06+909929.8150133609i) (-1.0235226143579485e+06+897789.2413808382i) (-1.0086960337240803e+06+885987.7772821859i) (-994277.9622647653+874511.4396766025i) (-980251.7726251152+863347.0043548299i) (-966601.7276337732+852481.9551462175i) (-953312.9215268928+841904.4371703202i) (-940371.2257480485+831603.2137298428i) (-927763.238954396+821567.6265446175i) (-915476.2408141298+811787.559003123i) (-903498.1492985839+802253.40219501i) (-891817.4811329774+792956.0234534042i) (-880423.3151672964+783886.7372217462i) (-869305.2583883272+775037.2780195314i) (-858453.4143824114+766399.7753606716i) (-847858.3540192305+757966.7304324319i) (-837511.0881989229+749730.9944232396i) (-827403.0424729055+741685.7483334689i) (-817526.033414939+733824.4841839515i) (-807872.2465750144+726140.9874791305i) (-798434.2159222346+718629.320858395i) (-789204.8046338621+711283.8088143137i) (-780177.1871537666+704099.0234243756i) (-771344.832401569+697069.770993951i) (-762701.4880638588+690191.0795634403i) (-754241.1658755287+683458.18720157i) (-745958.1278286589+676866.5310350268i) (-737846.8732327729+670411.7369574993i) (-729902.126571557+664089.6099714197i) (-722118.8260978039+657896.12511634i) (-714492.1131133972+651827.4189427887i) (-707017.3218906204+645879.7814957704i) (-699689.9701837096+640049.6487681095i) (-692505.7502991854+634333.5955985078i) (-685460.520679205+628728.3289763744i) (-678550.297970266+623230.6817341079i) (-671771.2495383589+617837.606594072i) (-665119.6864094337+612546.1705536267i) (-658592.0565987099+607353.5495790197i) (-652184.938811817+602257.023596362i) (-645895.0364875661+597253.971752549i) (-639719.172166055+592341.8679365064i) (-633654.282155447+587518.2765374677i) (-627697.411488998+582780.8484340406i) (-621845.7091402437+578127.3171881968i) (-616096.4234964203+573555.495445787i) (-610446.8980595436+569063.2715153269i) (-604894.5673742418+564648.6061331283i) (-599436.9531579041+560309.5293801305i) (-594071.6606313337+556044.1377702096i) (-588796.3750308505+551850.5914682039i) (-583608.8582922986+547727.1116605215i) (-578506.9459006803+543671.9780435984i) (-573488.5438969559+539683.5264475159i) (-568551.6260192648+535760.146557587i) (-563694.2309987576+531900.2797686558i) (-558914.4599614949+528102.417113065i) (-554210.4739790065+524365.0973239981i) (-549580.4917140601+520686.9049443051i) (-545022.7871859781+517066.46856972564i) (-540535.6876340276+513502.4591333672i) (-536117.5714877936+509993.58830379695i) (-531766.8664149758+506538.60692146467i) (-527482.0474766399+503136.30354195205i) (-523261.6353440037+499785.5030081037i) (-519104.1946162522+496485.06512167014i) (-515008.3321920242+493233.88333894295i) (-510972.69573164434+490030.8835574114i) (-506995.9721691551+486875.02292114316i) (-503076.8863021979+483765.28871288546i) (-499214.1994330274+480700.69726089813i) (-495406.70807721943+477680.2929194516i) (-491653.24271141266+474703.1470691293i) (-487952.66659509606+471768.3571845747i) (-484303.8746181575+468875.045911642i) (-480705.7922202286+466022.3602153677i) (-477157.37432996323+463209.4705277489i) (-473657.60437163815+460435.5699684792i) (-470205.49328938674+457699.87355758745i) (-466800.0786334673+455001.61749972554i) (-463440.4236594797+452340.05845747056i) (-460125.61648791586+449714.4728943469i) (-456854.76927208126+447124.15640118433i) (-453627.0174240122+444568.4230921373i) (-450441.51884468726+442046.6049820845i) (-447297.4532111145+439558.05143036135i) (-444194.02126187715+437102.1285614105i) (-441130.44414077245+434678.21875504195i) (-438105.96273509786+432285.7201079213i) (-435119.83706704597+429924.04596172745i) (-432171.3456821373+427592.62440625497i) (-429259.78508421965+425290.89784025314i) (-426384.4691693587+423018.32251104707i) (-423544.7287040332+420774.36810968467i) (-420739.9107939366+418558.51734038995i) (-417969.37840418145+416370.2655472995i) (-415232.5098681655+414209.120314681i) (-412528.69843510055+412074.60111715004i) (-409857.3518183194+409966.23895182344i) (-407217.89177320607+407883.5760100013i) (-404609.7536775569+405826.165338228i) (-402032.38613768714+403793.57053012727i) (-399485.2505975334+401785.3654112047i) (-396967.820973734+399801.1337527652i) (-394479.58328895696+397840.4689768028i) (-392020.035333992+395902.9738919873i) (-389588.68632254016+393988.26041556254i) (-387185.0565787468+392095.94932767656i) (-384808.67721764836+390225.67001119046i) (-382459.0898406492+388377.06022746774i) (-380135.8462549534+386549.7658669548i) (-377838.508180828+384743.44073883374i) (-375566.64698086504+382957.7463465992i) (-373319.8433992916+381192.351681141i) (-371097.6873025705+379446.9330183611i) (-368899.7774366067+377721.1737216703i) (-366725.72118323116+376014.7640536167i) (-364575.13433205226+374327.40099065786i) (-362447.64085537824+372658.7880468894i) (-360342.87269103684+371008.63510102156i) (-358260.46953245986+369376.6582290366i) (-356200.07862575015+367762.57954572135i) (-354161.35457227717+366166.12704371463i) (-352143.9591376124+364587.03444765875i) (-350147.5610669281+363025.04106077796i) (-348171.835905695+361479.89163088007i) (-346216.4658250251+359951.33620262635i) (-344281.1394545934+358439.12999580137i) (-342365.55171741557+356943.0332616492i) (-340469.40367414046+355462.8111736396i) (-338592.4023651095+353998.23368823016i) (-336734.2606668116+352549.0754441598i) (-334894.69714022375+351115.11562991596i) (-333073.4359010827+349696.13789150363i) (-331270.20646665373+348291.9302061703i) (-329484.7436438006+346902.2847940716i) (-327716.78738581657+345526.9980013967i) (-325966.0826717752+344165.8702181309i) (-324232.37938633235+342818.70576164935i) (-322515.4322057997+341485.3128093937i) (-320815.00047337316+340165.5032811434i) (-319130.8481011023+338859.092777628i) (-317462.74344938353+337565.90046891646i) (-315810.45923561783+336285.74903897784i) (-314173.77241789456+335018.46457846113i) (-312552.46410963027+333763.87653155986i) (-310946.31947069545+332521.8175963079i) (-309355.12762677646+331292.1236732105i) (-307778.68156469753+330074.6337727377i) (-306216.7780573488+328869.1899652847i) (-304669.21756402333+327675.6372927764i) (-303135.8041611516+326493.82372503064i) (-301616.3454460909+325323.6000717728i) (-300110.6524713743+324164.8199444058i) (-298618.5396549138+323017.33967150265i) (-297139.82471719536+321881.0182633812i) (-295674.328596083+320755.71733076207i) (-294221.87538719137+319641.3010527796i) (-292782.2922634703+318537.63609891117i) (-291355.40941832255+317444.5915998686i) (-289941.05998941965+316362.03907140414i) (-288539.08000519255+315289.8523893242i) (-287149.30831159744+314227.9077156065i) (-285771.586523193+313176.0834766185i) (-284405.7589501105+312134.2602890894i) (-283051.6725560052+311102.3209440899i) (-281709.17688556924+310080.15033481206i) (-280378.12402490247+309067.6354410705i) (-279058.3685350293+308064.665259764i) (-277749.76741078857+307071.1307932693i) (-276452.18001942977+306086.9249832129i) (-275165.4680629971+305111.9426940601i) (-273889.4955174707+304146.0806563613i) (-272624.12859725964+303189.23745072295i) (-271369.2356968428+302241.31344793644i) (-270124.68736230175+301302.2108029121i) (-268890.3562295968+300371.8333896847i) (-267666.1169944593+299450.0867993487i) (-266451.8463649684+298536.8782809743i) (-265247.42302756466+297632.1167327728i) (-264052.72759302414+296735.7126491269i) (-262867.64257793874+295847.57811925013i) (-261692.05234590927+294967.6267643276i) (-260525.8430906535+294095.77374465927i) (-259368.9027803667+293231.93569762877i) (-258221.12114226507+292376.0307455012i) (-257082.38960820972+291527.9784342202i) (-255952.6013006385+290687.6997428116i) (-254831.65098168893+289855.1170243643i) (-253719.43503785087+289030.1540159284i) (-252615.85143276426+288212.7357809859i) (-251520.7996915321+287402.7887201972i) (-250434.18085716138+286600.24051535706i) (-249355.89747486467+285805.0201419529i) (-248285.85354893288+285017.05781227944i) (-247223.95453043946+284236.28499162407i) (-246170.10727364908+283462.6343403857i) (-245124.22002628943+282696.03973235755i) (-244086.20238616486+281936.43619777914i) (-243055.96529299306+281183.75994230906i) (-242033.42098613176+280437.9482914675i) (-241018.48299769938+279698.9397093758i) (-240011.06611099513+278966.67374599975i) (-239011.08635461965+278241.09105564514i) (-238018.46096276608+277522.133344956i) (-237033.10836951496+276809.7433937852i) (-236054.94817060966+276103.8650006338i) (-235083.90111764657+275404.4430082019i) (-234119.88908220688+274711.4232480144i) (-233162.8350502911+274024.7525665035i) (-232212.66308719962+273344.37877105566i) (-231269.29833328625+272670.2506552682i) (-230332.66696897655+272002.3179479514i) (-229402.69621167332+271340.5313393666i) (-228479.31428188927+270684.84242658876i) (-227562.45040052157+270035.20374666975i) (-226652.03475601366+269391.5687181348i) (-225747.99850146176+268753.8916765313i) (-224850.27372491802+268122.12781776115i) (-223958.79344452705+267496.2332300583i) (-223073.491579092+266876.1648420827i) (-222194.30294813815+266261.88045676413i) (-221321.16323818+265653.33869477693i) (-220454.00900640376+265050.4990322172i) (-219592.7776466719+264453.3217444164i) (-218737.40739366223+263861.7679447738i) (-217887.83728927225+263275.79952767305i) (-217044.00718807118+262695.379209429i) (-216205.85772413894+262120.4704696813i) (-215373.33031640085+261551.03759557786i) (-214546.36713666178+260987.0456223362i) (-213724.91111354524+260428.4603770597i) (-212908.90590542322+259875.248422666i) (-212098.29590154358+259327.37709899922i) (-211293.02619353955+258784.8144679269i) (-210493.04258236173+258247.52935822995i) (-209698.29154596684+257715.49130664754i) (-208908.7202485237+257188.6706075464i) (-208124.27650801538+256667.0382501282i) (-207344.90880536585+256150.56597188785i) (-206570.5662544967+255639.226196207i) (-205801.198609786+255132.99208444613i) (-205036.75623654632+254631.83747493892i) (-204277.19012019777+254135.73693635326i) (-203522.45183655148+253644.6657053065i) (-202772.4935614252+253158.59974371834i) (-202027.2680395928+252677.51567266023i) (-201286.72859752737+252201.39083196782i) (-200550.82911212463+251730.20321807035i) (-199819.52402182203+251263.9315370152i) (-199092.76829726028+250802.55514819676i) (-198370.517452355+250346.05411684624i) (-197652.72751570772+249894.40915739018i) (-196939.35504082963+249447.6016870925i) (-196230.35707895085+249005.61376871946i) (-195525.69119061378+248568.42816716578i) (-194825.31541441963+248136.02828946128i) (-194129.1882829246+247708.39824493637i) (-193437.26879275404+247285.5227838475i) (-192749.51641571382+246867.387358021i) (-192065.8910729124+246453.9780615589i) (-191386.35314554628+246045.2816908009i) (-190710.86344869086+245641.28568465044i) (-190039.3832419953+245241.97818780207i) (-189371.87420514267+244847.34798938117i) (-188708.29844733287+244457.38458752586i) (-188048.61848360163+244072.07812786297i) (-187392.7972445735+243691.4194701388i) (-186740.79805284383+243315.40012598436i) (-186092.58463260034+242944.01232600166i) (-185448.12108668097+242577.24895979057i) (-184807.3719062806+242215.10364108393i) (-184170.30194813234+241857.57065164356i) (-183536.87644449857+241504.64500264695i) (-182907.06097981564+241156.3223843173i) (-182280.82150234908+240812.59922437582i) (-181658.1242995396+240473.47263878828i) (-181038.93601018653+240138.94049185514i) (-180423.22360111616+239809.0013482134i) (-179810.95437705348+239483.65453109593i) (-179202.09596096032+239162.90007816078i) (-178596.6162999609+238846.73879746103i) (-177994.48364900274+238535.17222607433i) (-177395.66657543764+238228.20268766474i) (-176800.13394359458+237925.83324773007i) (-176207.85491804715+237628.0677775705i) (-175618.79894976894+237334.91090613592i) (-175032.93578040926+237046.36808610233i) (-174450.23542399023+236762.44554726803i) (-173870.66817742452+236483.15036307077i) (-173294.20459764943+236208.49040517124i) (-172720.81551515177+235938.4744092145i) (-172150.47200861812+235673.11193409152i) (-171583.1454212772+235412.41342389502i) (-171018.80733313953+235156.39017182286i) (-170457.42957819812+234905.05438253764i) (-169898.98421876854+234658.41913638546i) (-169343.4435581406+234416.49845376224i) (-168790.78012304645+234179.30725728968i) (-168240.96666443872+233946.8614434098i) (-167693.9761497358+233719.1778411442i) (-167149.7817634805+233496.27428614898i) (-166608.35689278634+233278.16958016943i) (-166069.67513343724+233064.88356920678i) (-165533.71027341572+232856.43709997798i) (-165000.43630114532+232652.85210321468i) (-164469.82738559914+232454.1515507978i) (-163941.85788707173+232260.35953869915i) (-163416.50233617012+232071.50124887668i) (-162893.7354461847+231887.60303028236i) (-162373.53208986207+231708.69236615842i) (-161855.86731233803+231534.79795442946i) (-161340.71630972665+231365.94967718207i) (-160828.05443917104+231202.178684271i) (-160317.85720103758+231043.51736205487i) (-159810.1002432236+230889.9994226278i) (-159304.7593495818+230741.6598731125i) (-158801.81044164125+230598.53510572156i) (-158301.229564798+230460.66287066482i) (-157802.99289335439+230328.08236900822i) (-157307.07671412348+230200.834228106i) (-156813.45743312786+230078.96059634438i) (-156322.1115583075+229962.5051208521i) (-155833.0157060832+229851.51304661814i) (-155346.14658414834+229746.03119616472i) (-154861.48099720446+229646.10807138632i) (-154378.99583175546+229551.79383757335i) (-153898.66805850418+229463.14042625652i) (-153420.474718843+229380.20152488878i) (-152944.3929293089+229303.0326880382i) (-152470.39986287785+229231.69131450023i) (-151998.472755445+229166.23678033915i) (-151528.58888850652+229106.7304154463i) (-151060.72559525137+229053.23563151938i) (-150594.86024067557+229005.81791508358i) (-150130.97022863835+228964.54495298536i) (-149669.0329818732+228929.48663285212i) (-149209.0259488549+228900.71517195267i) (-148750.92658391886+228878.30512604018i) (-148294.71235243115+228862.3335196171i) (-147840.3607121404+228852.87986365883i) (-147387.84911618545+228850.02629093005i) (-146937.15499650026+228853.85757922474i) (-146488.25576414674+228864.4612947232i) (-146041.1287934171+228881.9278212587i) (-145595.75142162188+228906.35051185184i) (-145152.1009326986+228937.82572270563i) (-144710.15455704782+228976.45297746206i) (-144269.8894526218+229022.33500506383i) (-143831.28270718132+229075.57791577713i) (-143394.3113165711+229136.2912458516i) (-142958.95218760538+229204.58814551966i) (-142525.18211363297+229280.58543174574i) (-142092.97778097162+229364.40378812607i) (-141662.31573993724+229456.16782850935i) (-141233.17240794958+229556.0063087432i) (-140805.52405020627+229664.05220135232i) (-140379.34677230695+229780.44292323472i) (-139954.61650045065+229905.32042038254i) (-139531.30897911265+230038.8314121131i) (-139109.39974583552+230181.1274902063i) (-138688.86412849274+230332.3653804977i) (-138269.67721919494+230492.70705686882i) (-137851.8138708481+230662.32002095538i) (-137435.24866992392+230841.37743579457i) (-137019.95593072486+231030.058424714i) (-136605.90966748403+231228.54822556453i) (-136193.08358682867+231437.0385119145i) (-135781.45105909137+231655.72757011704i) (-135370.98510821705+231884.8206465412i) (-134961.65838190625+232124.5301472562i) (-134553.443138925+232375.07601732734i) (-134146.31121937413+232636.68596653285i) (-133740.23402748184+232909.59587778978i) (-133335.18249975555+233194.050070863i) (-132931.1270878831+233490.3017416401i) (-132528.03772239224+233798.61326210754i) (-132125.88379316917+234119.2566606445i) (-131724.63411113288+234452.5139621746i) (-131324.2568847677+234798.67771302746i) (-130924.71967922193+235158.05136626924i) (-130525.98938977538+235530.94985883762i) (-130128.03219665769+235917.70004629i) (-129730.81353571721+236318.64133909147i) (-129334.29804821026+236734.12619604345i) (-128938.44954693425+237164.52082380024i) (-128543.23096301459+237610.2057386344i) (-128148.60430586262+238071.576540021i) (-127754.5306042078+238549.04454704814i) (-127360.9698621369+239043.0376578534i) (-126967.88099338334+239554.00107185033i) (-126575.2217697549+240082.3982451717i) (-126182.9487502395+240628.71171496663i) (-125791.01722123292+241193.44416147194i) (-125399.38111822864+241777.11934962388i) (-125007.99295682178+242380.28331591998i) (-124616.80374670206+243003.50544466672i) (-124225.7629107677+243647.3797963696i) (-123834.81819043556+244312.52633985563i) (-123443.91555309457+244999.59244863683i) (-123052.99908457015+245709.2543092395i) (-122662.01088408378+246442.21861211222i) (-122270.89094225821+247199.22416712798i) (-121879.57702135443+247981.04381885484i) (-121488.00451651543+248788.48630554898i) (-121096.1063175603+249622.39843461028i) (-120703.81265141226+250483.66722703067i) (-120311.05092408013+251373.2223983393i) (-119917.74553893448+252292.0388346212i) (-119523.81771459845+253241.13943836815i) (-119129.18527682332+254221.59799277096i) (-118733.76244742551+255234.54243325867i) (-118337.45960420882+256281.1581785201i) (-117940.18303584075+257362.69190593745i) (-117541.83466506228+258480.45542899895i) (-117142.3117606092+259635.83008079138i) (-116741.50661762393+260830.27124216716i) (-116339.30622079675+262065.31344710127i) (-115935.59186943056+263342.5756952993i) (-115530.2387836012+264663.76742303534i) (-115123.11566477899+266030.69476056664i) (-114714.08422933894+267445.26754740847i) (-114302.99869248125+268909.50673284254i) (-113889.70521679032+270425.5526590226i) (-113474.04129868682+271995.67385128455i) (-113055.83511226949+273622.2768508236i) (-112634.90478375589+275307.916704013i) (-112211.05760148069+277055.30869135004i) (-111784.08914922108+278867.34091669286i) (-111353.78235812945+280747.0883745705i) (-110919.90646163901+282697.8281385567i) (-110482.21585025043+284723.0563362486i) (-110040.44880542485+286826.5065801962i) (-109594.3261070154+289012.1705821772i) (-109143.5494899427+291284.32065590576i) (-108687.7999386806+293647.5349206562i) (-108226.73579379289+296106.72496136563i) (-107759.99064904972+298667.16686174995i) (-107287.17100967429+301334.5354489911i) (-106807.85368206148+304114.94280040695i) (-106321.58285299658+307014.9809669377i) (-105827.8668222793+310041.770147401i) (-105326.17433257872+313203.012436114i) (-104815.93044048094+316507.0526265438i) (-104296.51186186686+319962.9464408252i) (-103767.2417079464+323580.5380085076i) (-103227.38352139633+327370.5473279086i) (-102676.13449524605+331344.6700227767i) (-102112.61775187237+335515.690651734i) (-101535.87350892236+339897.6125969216i) (-100944.84896143082+344505.80657784507i) (-100338.38663836554+349357.18185889267i) (-99715.21097222502+354470.383392101i) (-99073.91274195994+359866.020540013i) (-98412.93099696115+365566.9324610839i) (-97730.53196093331+371598.4982173421i) (-97024.7843230957+377988.99959432136i) (-96293.53016118772+384770.04849014734i) (-95534.35057732527+391977.091541982i) (-94744.52488554758+399650.00997394853i) (-93920.9818958151+407833.8350652163i) (-93060.24144278458+416579.60739912593i) (-92158.34381881726+425945.4134109756i) (-91210.76405906255+435997.64486257045i) (-90212.30718123728+446812.53775583504i) (-89156.97920949227+458478.0673796716i) (-88037.82724015345+471096.2978202121i) (-86846.73946339551+484786.32016131916i) (-85574.1929936128+499687.95706877066i) (-84208.93283159721+515966.4795813704i) (-82737.55903526026+533818.67202034i) (-81143.98987710619+553480.7193331072i) (-79408.75531456947+575238.5869515581i) (-77508.05462544085+599441.8659128274i) (-75412.48106969104+626522.509479535i) (-73085.26759485705+657020.6068550316i) (-70479.82987576368+691620.4797953602i) (-67536.25466716551+731202.2747702653i) (-64176.16478075038+776917.4047694341i) (-60295.01181390514+830301.7821634372i) (-55750.156745596454+893450.9343522586i) (-50341.783247689906+969300.4192178019i) (-43781.05604359924+1.062093631578196e+06i) (-35634.33308446575+1.1782014194251825e+06i) (-25219.411604072622+1.3276464017618154e+06i) (-11397.644480971809+1.5271571255328627e+06i) (7884.487332732719+1.8069031292468053e+06i) (36745.18342939432+2.2273875455663875e+06i) (84833.45159913604+2.930370284735368e+06i) (181307.32223884642+4.344231268508103e+06i) (474535.77633689344+8.648757684283715e+06i) (-2.6321375864455618e+07-3.850312549408873e+08i) (-659814.128966341-8.023666341234682e+06i) (-385001.8014120383-3.989664464728426e+06i) (-291940.6307012859-2.6258767053452013e+06i) (-245051.10237088503-1.9404144217011216e+06i) (-216750.060659108-1.528035218009417e+06i) (-197777.05581238674-1.2526877436494778e+06i) (-184147.0183138125-1.0558247628480652e+06i) (-173862.03776042257-908093.7140070277i) (-165810.03285849676-793156.3388974897i) (-159322.79290391965-701195.5765445533i) (-153974.61447750678-625957.2010955585i) (-149481.43855469642-563267.978152899i) (-145646.46242801868-510236.6133670972i) (-142329.0248114406-464796.62285637995i) (-139425.91900214885-425431.7924480378i) (-136859.7041291642-391004.45047800546i) (-134571.13661073562-360644.27330588223i) (-132514.1214239331-333674.1110622524i) (-130652.25590911391-309559.2103736083i) (-128956.4092805738-287871.6534230127i) (-127402.99305308657-268264.9474973185i) (-125972.70262927239-250455.53699494313i) (-124649.58694190142-234209.13474126408i) (-123420.35039662295-219330.46655689675i) (-122273.82227989583-205655.47578969836i) (-121200.54843584562-193045.3245647942i) (-120192.47367994269-181381.72772109296i) (-119242.69214533012-170563.28518701385i) (-118345.24931150385-160502.5732340967i) (-117494.98352877834-151123.81646869163i) (-116687.39826527916-142361.0106531288i) (-115918.5582214759-134156.39672732563i) (-115185.0043873546-126459.21260527108i) (-114483.68401534329-119224.6646235974i) (-113811.89265494121-112413.07565316552i) (-113167.2257771774-105989.17468766612i) (-112547.53830183062-99921.50197602027i) (-111950.91045657877-94181.90760115019i) (-111375.6189326709-88745.12760178934i) (-110820.1123196148-83588.4232050351i) (-110282.99018004409-78691.27324186577i) (-109762.98506510038-74035.11008138067i) (-109258.94708476748-69603.09277876018i) (-108769.83053148963-65379.910778197685i) (-108294.68234026729-61351.61411244879i) (-107832.63199815195-57505.46542464348i) (-107382.88279462975-53829.81117917255i) (-106944.70411495262-50313.968659936i) (-106517.42472335804-46948.12709893178i) (-106100.42680841612-43723.26037104533i) (-105693.14076990815-40631.05024272432i) (-105295.04056748102-37663.818192566505i) (-104905.63963335002-34814.465219903905i) (-104524.487202829-32076.41807391285i) (-104151.16507982097-29443.58160348777i) (-103785.28471447356-26910.295960490508i) (-103426.48462260458-24471.298550004685i) (-103074.42803802821-22121.68967688499i) (-102728.80083572326-19856.901917780655i) (-102389.3096327061-17672.67232708596i) (-102055.68010451799-15565.01759877532i) (-101727.65543478045-13530.21141225892i) (-101404.99494352954-11564.764148869854i) (-101087.47281254109-9665.404301783292i) (-100774.87695952386-7829.061802857795i) (-100467.00798340177-6052.852668086631i) (-100163.6782356241-4334.065210129258i) (-99864.7109407408-2670.1472794004494i) (-99569.93942662455-1058.6947957709845i) (-99279.20638916126+502.5589128329689i) (-98992.36324709466+2015.7526979798681i) (-98709.2695244257+3482.9065531078186i) (-98429.79231035378+4905.929665525299i) (-98153.80573535063+6286.627988193515i) (-97881.19051699617+7626.711036372255i) (-97611.83351349283+8927.798313902971i) (-97345.62733986044+10191.425076635962i) (-97082.46998798178+11419.0478104954i) (-96822.2644978908+12612.049139920386i) (-96564.91863248928+13771.742518644183i) (-96310.34459869517+14899.376425058474i) (-96058.45876517447+15996.138397107772i) (-95809.18142474708+17063.158630834154i) (-95562.43654955552+18101.513464429197i) (-95318.15158777361+19112.22847640036i) (-95076.25725003322+20096.28150581836i) (-94836.68733528895+21054.605327303936i) (-94599.37854379622+21988.090279811444i) (-94364.27032710232+22897.58658299164i) (-94131.30472419427+23783.906632437953i) (-93900.4262323209+24647.82701317084i) (-93671.58166112014+25490.090509276415i) (-93444.72002257967+26311.40785932899i) (-93219.79240098463+27112.45952200595i) (-92996.75185772618+27893.897209158236i) (-92775.55331566231+28656.34544417892i) (-92556.15347775145+29400.40290327355i) (-92338.51072252903+30126.64379425675i) (-92122.58503423014+30835.619033434738i) (-91908.33790954165+31527.857469121238i) (-91695.73229692348+32203.86691627891i) (-91484.73251318265+32864.135245386096i) (-91275.30418946294+33509.13129383528i) (-91067.41419766042+34139.30583759534i) (-90861.03060286025+34755.092395730244i) (-90656.12259675862+35356.90809944546i) (-90452.66045609742+35945.15440491261i) (-90250.6154819938+36520.21787071589i) (-90049.95996531608+37082.47079095217i) (-89850.6671299548+37632.27189470736i) (-89652.71110277175+38169.96690668222i) (-89456.0668631401+38695.88917764117i) (-89260.71021677222+39210.36018422716i) (-89066.61774803782+39713.69009696828i) (-88873.76679898701+40206.17822593697i) (-88682.13542529654+40688.11353487964i) (-88491.70237716226+41159.775037921994i) (-88302.44705996444+41621.43226700243i) (-88114.34951770623+42073.34562517499i) (-87927.39039584073+42515.7668127264i) (-87741.55092823764+42948.939141580355i) (-87556.81290132241+43373.097923820955i) (-87373.15864450872+43788.47075460313i) (-87190.57099706573+44195.27786512725i) (-87009.03329867023+44593.73237588441i) (-86828.52935976049+44984.04062101394i) (-86649.04345382756+45366.40237338688i) (-86470.56028950535+45741.01114400555i) (-86293.06500369335+46108.05438215159i) (-86116.54313598637+46467.71375109062i) (-85940.98062384527+46820.16530658898i) (-85766.36377641933+47165.57975274574i) (-85592.67927310876+47504.12260067386i) (-85419.91413818466+47835.95440432023i) (-85248.05573923161+48161.230902652766i) (-85077.09176500831+48480.103239012504i) (-84907.01022392549+48792.718087307854i) (-84737.79942154701+49099.21785492029i) (-84569.44796333762+49399.740796276456i) (-84401.94472983803+49694.421201732875i) (-84235.27888237317+49983.38949776514i) (-84069.43983837403+50266.772423417686i) (-83904.41727687437+50544.69311998743i) (-83740.2011162608+50817.27129496363i) (-83576.78151997278+51084.62330220737i) (-83414.14887414075+51346.86229546692i) (-83252.29379516385+51604.09829930517i) (-83091.20710503144+51856.438351749784i) (-82930.87984674405+52103.986572376365i) (-82771.30325423762+52346.8442835107i) (-82612.46875922674+52585.11008575265i) (-82454.36798506053+52818.879968754685i) (-82296.99273763607+53048.24736660968i) (-82140.3349984425+53273.3032763723i) (-81984.38692386617+53494.136299776605i) (-81829.14083315792+53710.83275839426i) (-81674.58921162669+53923.47672761979i) (-81520.72469670797+54132.15014667729i) (-81367.5400832915+54336.93284787508i) (-81215.02830766914+54537.90266023236i) (-81063.18245499046+54735.13543461803i) (-80911.99574405064+54928.70514010852i) (-80761.4615350067+55118.68389222754i) (-80611.57331264508+55305.14203326084i) (-80462.32469481524+55488.14816301843i) (-80313.70941738557+55667.769220290575i) (-80165.7213419005+55844.07049819205i) (-80018.35444134932+56017.11572928186i) (-79871.60280794662+56186.96709690319i) (-79725.46063878098+56353.68531546831i) (-79579.92224330781+56517.32963923131i) (-79434.9820307161+56677.957938287i) (-79290.6345166186+56835.626706219045i) (-79146.87431086399+56990.3911318448i) (-79003.69612405503+57142.305105154315i) (-78861.094755941+57291.421285221295i) (-78719.06510279479+57437.79110414565i) (-78577.60214304652+57581.46483267398i) (-78436.70094951594+57722.49158397148i) (-78296.35667246209+57860.91937057494i) (-78156.56454900438+57996.79511240343i) (-78017.31989258563+58130.16469105282i) (-77878.61809863162+58261.072951697555i) (-77740.45463464945+58389.56375910097i) (-77602.82504633642+58515.6799961449i) (-77465.7249476101+58639.46361856756i) (-77329.15002739581+58760.95565202793i) (-77193.09603908838+58880.1962441099i) (-77057.55880766852+58997.22466116052i) (-76922.53421916944+59112.079337672956i) (-76788.01822820216+59224.797872006515i) (-76654.00684760371+59335.41707522222i) (-76520.4961554548+59443.97296367513i) (-76387.48228406865+59550.50080779253i) (-76254.9614309506+59655.03512460728i) (-76122.92984295794+59757.60972151188i) (-75991.38382932296+59858.25769046994i) (-75860.31974780567+59957.01145178059i) (-75729.73401418513+60053.902743738945i) (-75599.62309180354+60148.96266727525i) (-75469.98349838736+60242.22167584815i) (-75340.81179826711+60333.709615059895i) (-75212.10460719297+60423.45571762096i) (-75083.85858439427+60511.48863445219i) (-74956.0704407517+60597.836436033i) (-74828.73692609831+60682.52664122454i) (-74701.8548405449+60765.586210365356i) (-74575.42102534341+60847.04158396556i) (-74449.43236369113+60926.91866873217i) (-74323.88578022132+61005.242874808704i) (-74198.77824333406+61082.039106357675i) (-74074.10675625116+61157.33179379431i) (-73949.86836757163+61231.144883687695i) (-73826.06015740726+61303.501872426124i) (-73702.67925030817+61374.42579424441i) (-73579.72280075395+61443.93925483558i) (-73457.18800585813+61512.064417982896i) (-73335.07209191419+61578.823039748546i) (-73213.37232488902+61644.23645302732i) (-73092.08600081237+61708.32560294733i) (-72971.21045208038+61771.11103013761i) (-72850.74304070298+61832.612904480105i) (-72730.68116455272+61892.85100900798i) (-72611.02224754497+61951.84477404086i) (-72491.76375034527+62009.61325971529i) (-72372.90315790664+62066.17518861482i) (-72254.43799057929+62121.54892964612i) (-72136.36579200244+62175.7525290183i) (-72018.68413988399+62228.80369473121i) (-71901.39063457109+62280.7198263125i) (-71784.4829088871+62331.51799970961i) (-71667.9586180176+62381.21499553296i) (-71551.81544795942+62429.82728450395i) (-71436.05110655016+62477.37105525755i) (-71320.66333123136+62523.862199396564i) (-71205.64988030042+62569.31633838243i) (-71091.0085411943+62613.74880907926i) (-70976.73712071532+62657.1746899681i) (-70862.8334543814+62699.60878692381i) (-70749.29539583164+62741.06565807127i) (-70636.12082738792+62781.55959956518i) (-70523.30764815083+62821.104671481895i) (-70410.8537848935+62859.71468133741i) (-70298.75718059138+62897.40321208541i) (-70187.01580534343+62934.18360194513i) (-70075.62764486586+62970.06897532944i) (-69964.59071007353+63005.07222368305i) (-69853.9030293124+63039.20602906658i) (-69743.56265352946+63072.4828526954i) (-69633.56764987571+63104.91495490377i) (-69523.9161088323+63136.51438261973i) (-69414.60613594064+63167.29299150218i) (-69305.63585988604+63197.26243129732i) (-69197.00342282644+63226.43416838741i) (-69088.70699043621+63254.81947131571i) (-68980.74474123097+63282.429432387i) (-68873.11487617923+63309.27495344117i) (-68765.81560829053+63335.36676802057i) (-68658.8451733635+63360.71542539455i) (-68552.20181795863+63385.3313138113i) (-68445.88381101529+63409.22464453157i) (-68339.8894327476+63432.40547379776i) (-68234.2169840455+63454.88368677739i) (-68128.86477694885+63476.66902027198i) (-68023.83114353228+63497.7710464307i) (-67919.11442641895+63518.19919510788i) (-67814.7129881864+63537.96273713297i) (-67710.6252015316+63557.07080737322i) (-67606.849458944+63575.53238580297i) (-67503.38416206707+63593.35632316654i) (-67400.22773188667+63610.551320937884i) (-67297.3785984806+63627.125954561685i) (-67194.83521108559+63643.08865749178i) (-67092.59602621279+63658.44774152421i) (-66990.65952078727+63673.211380696186i) (-66889.02417788442+63687.38763278542i) (-66787.68850056226+63700.98442296955i) (-66686.65099830822+63714.00956401846i) (-66585.91019941149+63726.47074040095i) (-66485.46463887369+63738.375528881996i) (-66385.31286951885+63749.731382352846i) (-66285.4534511346+63760.54565011503i) (-66185.88496042295+63770.82556173229i) (-66086.60598144004+63780.57824687041i) (-65987.61511416882+63789.81072026381i) (-65888.91096628158+63798.529899319576i) (-65790.49216040039+63806.74259119137i) (-65692.35732693558+63814.455508966035i) (-65594.50511040323+63821.675259348296i) (-65496.93416360818+63828.408359179586i) (-65399.64315309895+63834.66122102237i) (-65302.63075289625+63840.44017168662i) (-65205.89565110827+63845.751436518214i) (-65109.43654195407+63850.601159298356i) (-65013.252134347036+63854.99538527602i) (-64917.34114363776+63858.94008011276i) (-64821.70229812736+63862.44111567386i) (-64726.334333351435+63865.504286108626i) (-64631.2359974085+63868.13529531434i) (-64536.406044626405+63870.33977171392i) (-64441.84324290723+63872.12325676749i) (-64347.54636499702+63873.49121931754i) (-64253.514197877535+63874.44904379999i) (-64159.745532774585+63875.002044411885i) (-64066.239174798175+63875.155453706684i) (-63972.993933179845+63874.914436957i) (-63880.008630684795+63874.28407935558i) (-63787.28209457699+63873.269402374244i) (-63694.81316430489+63871.87534932365i) (-63602.60068503376+63870.10680161453i) (-63510.64351257717+63867.96856591012i) (-63418.940509648164+63865.46538767112i) (-63327.49054737904+63862.601941805835i) (-63236.29250577648+63859.38284378582i) (-63145.34527382117+63855.812638171206i) (-63054.64774399255+63851.89581438948i) (-62964.19882337851+63847.63679409286i) (-62873.99741995683+63843.03994349621i) (-62784.04245604052+63838.10956362332i) (-62694.33285484936+63832.849902948816i) (-62604.86755349156+63827.265145257916i) (-62515.64549091838+63821.359425473915i) (-62426.66561754176+63815.13681388423i) (-62337.92689022875+63808.60133475302i) (-62249.42827114689+63801.756948000926i) (-62161.1687306177+63794.60757205757i) (-62073.14724722183+63787.1570608275i) (-61985.36280530115+63779.40922681087i) (-61897.814396129615+63771.36782356081i) (-61810.50101797413+63763.03656091819i) (-61723.421675682446+63754.419095172016i) (-61636.575381354894+63745.51903676857i) (-61549.96115332015+63736.33994583592i) (-61463.57801547622+63726.88533869613i) (-61377.42500108228+63717.158682015375i) (-61291.501145496695+63707.16340015161i) (-61205.80549525338+63696.90286895042i) (-61120.33709827431+63686.380424547526i) (-61035.09501341221+63675.599354368256i) (-60950.07830130561+63664.56290872174i) (-60865.28603253094+63653.274289562694i) (-60780.71728058753+63641.73666361853i) (-60696.37112700554+63629.95315035297i) (-60612.2466580872+63617.926835124395i) (-60528.34296652398+63605.66075786883i) (-60444.65915066406+63593.157924262865i) (-60361.19431460326+63580.42129743907i) (-60277.94756760013+63567.453805965255i) (-60194.918025630934+63554.258338094536i) (-60112.10480886857+63540.83774792125i) (-60029.507044441605+63527.194850596046i) (-59947.12386336105+63513.33242874074i) (-59864.95440434542+63499.25322536538i) (-59782.99780814599+63484.95995373733i) (-59701.25322406301+63470.455288512254i) (-59619.71980424534+63455.741874183455i) (-59538.396708240354+63440.822319326595i) (-59457.28309831476+63425.69920189271i) (-59376.378144192306+63410.37506533715i) (-59295.68101861488+63394.85242401513i) (-59215.19090116593+63379.13375816554i) (-59134.90697428204+63363.22151986939i) (-59054.82842775062+63347.1181283228i) (-58974.95445382075+63330.825974895626i) (-58895.284252333564+63314.34741946256i) (-58815.81702469155+63297.68479429408i) (-58736.55197963479+63280.84040119544i) (-58657.48832928401+63263.81651650662i) (-58578.62529093094+63246.61538493623i) (-58499.96208607077+63229.239227362166i) (-58421.497941406866+63211.69023431492i) (-58343.23208747532+63193.97057225545i) (-58265.16376005622+63176.08237874159i) (-58187.2921982001+63158.02776764065i) (-58109.61664679605+63139.808825120395i) (-58032.136353349066+63121.427614220105i) (-57954.85057188994+63102.88617109954i) (-57877.7585587311+63084.18650931548i) (-57800.85957649183+63065.33061569678i) (-57724.15289027558+63046.32045535889i) (-57647.63777040443+63027.157967576204i) (-57571.313490149405+63007.84507059159i) (-57495.17932774854+62988.38365776685i) (-57419.23456524845+62968.77560308353i) (-57343.478488870474+62949.02275322404i) (-57267.91038941952+62929.126938737485i) (-57192.529560915515+62909.08996275776i) (-57117.335301749496+62888.91361177615i) (-57042.32691486137+62868.599646690825i) (-56967.503705076015+62848.14981098926i) (-56892.86498255846+62827.565825319165i) (-56818.410060568276+62806.84939231307i) (-56744.13825678281+62786.002192581516i) (-56670.04889257304+62765.02588887121i) (-56596.14129268827+62743.922121985684i) (-56522.41478577229+62722.69251659859i) (-56448.86870496937+62701.33867504964i) (-56375.50238495464+62679.862183182195i) (-56302.315166005996+62658.26460745059i) (-56229.30639061014+62636.54749703161i) (-56156.47540598484+62614.71238194596i) (-56083.82156186364+62592.760775444156i) (-56011.34421251586+62570.69417231707i) (-55939.04271439026+62548.51405094103i) (-55866.9164284283+62526.22187169338i) (-55794.964718225136+62503.81907948357i) (-55723.186951464035+62481.30710098418i) (-55651.58249856159+62458.68734813981i) (-55580.15073390675+62435.96121500312i) (-55508.891034704546+62413.13008107259i) (-55437.80278158517+62390.19530880632i) (-55366.88535850047+62367.15824613392i) (-55296.13815217902+62344.02022505709i) (-55225.56055317688+62320.782562734574i) (-55155.15195485117+62297.4465610754i) (-55084.91175383699+62274.0135072143i) (-55014.83935020222+62250.4846740083i) (-54944.934146603475+62226.86131944072i) (-54875.195548900316+62203.144687454886i) (-54805.622966101044+62179.33600813841i) (-54736.215810468864+62155.43649725056i) (-54666.97349694837+62131.44735793592i) (-54597.89544442897+62107.36977742985i) (-54528.98107157627+62083.20493237985i) (-54460.22980523741+62058.953985178145i) (-54391.641070337704+62034.618084338406i) (-54323.21429805756+62010.19836674633i) (-54254.94891974464+61985.69595582153i) (-54186.84437230978+61961.11196274287i) (-54118.90009299393+61936.44748662351i) (-54051.115524057124+61911.70361333499i) (-53983.49010861457+61886.881418061734i) (-53916.02329427554+61861.98196228786i) (-53848.71452966773+61837.00629824114i) (-53781.56326814059+61811.95546351384i) (-53714.568964189486+61786.83048695969i) (-53647.731075705844+61761.63238403292i) (-53581.049062914535+61736.36215996643i) (-53514.5223894086+61711.020808687135i) (-53448.15052037238+61685.60931343076i) (-53381.93292440629+61660.12864622264i) (-53315.869072319234+61634.57976819779i) (-53249.95843812915+61608.96363082813i) (-53184.20049700851+61583.28117573411i) (-53118.594729214674+61557.53333070129i) (-53053.140614471966+61531.72101793048i) (-52987.837637673176+61505.845146412124i) (-52922.68528384654+61479.90661714184i) (-52857.68304301439+61453.90631856279i) (-52792.830405584195+61427.845134592804i) (-52728.12686504585+61401.723933006346i) (-52663.57191853481+61375.543577281205i) (-52599.16506370699+61349.30491906716i) (-52534.90580160905+61323.008801682394i) (-52470.79363565+61296.656058382614i) (-52406.82807108546+61270.24751474215i) (-52343.00861689077+61243.78398643006i) (-52279.33478232268+61217.266280918586i) (-52215.806080902425+61190.695196312925i) (-52152.4220265819+61164.07152251243i) (-52089.18213827018+61137.396040689244i) (-52026.08593453183+61110.66952622075i) (-51963.132936517424+61083.89273786068i) (-51900.32266912489+61057.06643878466i) (-51837.65465864701+61030.19137391076i) (-51775.12843322877+61003.26828417728i) (-51712.743523931626+60976.29790179616i) (-51650.499463426866+60949.280952098605i) (-51588.39578678625+60922.218151271096i) (-51526.43203132861+60895.110209137136i) (-51464.60773634335+60867.95782667918i) (-51402.922443180054+60840.76169889128i) (-51341.37569588912+60813.52251207648i) (-51279.96703967471+60786.240946127284i) (-51218.69602287767+60758.91767315137i) (-51157.56219469925+60731.55335837338i) (-51096.56510786661+60704.148659990955i) (-51035.70431600443+60676.704229322466i) (-50974.97937518048+60649.22071016526i) (-50914.389843164034+60621.69874051957i) (-50853.935280555466+60594.13895071723i) (-50793.61524880186+60566.541965112745i) (-50733.429312677436+60538.90840105056i) (-50673.37703741864+60511.23886982768i) (-50613.457991731506+60483.53397574807i) (-50553.67174473654+60455.79431708958i) (-50494.01786953834+60428.02048614013i) (-50434.495938558604+60400.21306810659i) (-50375.1055286075+60372.37264228171i) (-50315.84621687485+60344.499783096006i) (-50256.717582675745+60316.59505726654i) (-50197.71920780784+60288.65902675182i) (-50138.850675137655+60260.69224666352i) (-50080.11157010906+60232.6952672237i) (-50021.50147919757+60204.668632184505i) (-49963.01999162725+60176.612880371074i) (-49904.66669742984+60148.528544431116i) (-49846.44118959866+60120.41615161953i) (-49788.34306188836+60092.27622390288i) (-49730.371910809044+60064.10927721426i) (-49672.527333786056+60035.91582288729i) (-49614.80893018168+60007.696365744676i) (-49557.21630235401+59979.45140830512i) (-49499.749053878586+59951.18144076076i) (-49442.406783405146+59922.88695788753i) (-49385.189106134785+59894.56844517485i) (-49328.09562556746+59866.22637848926i) (-49271.12595212329+59837.861235364726i) (-49214.27969770091+59809.4734849215i) (-49157.5564758555+59781.063592869126i) (-49100.95590086576+59752.63201908569i) (-49044.47759008384+59724.179219306156i) (-48988.121161121955+59695.70564442317i) (-48931.88623439877+59667.21174051101i) (-48875.77243123093+59638.69794933569i) (-48819.77937479345+59610.164707823395i) (-48763.9066900869+59581.61244854903i) (-48708.15400320194+59553.04159967143i) (-48652.52094262633+59524.45258464639i) (-48597.007137545355+59495.845822840245i) (-48541.61221934158+59467.221729130106i) (-48486.335820575136+59438.58071435535i) (-48431.177575657945+59409.923184858635i) (-48376.1371204863+59381.24954307752i) (-48321.214092307266+59352.56018718454i) (-48266.40813040105+59323.85551080222i) (-48211.718874824684+59295.135904406234i) (-48157.145967774224+59266.4017536053i) (-48102.68905213548+59237.65344077854i) (-48048.34777392518+59208.89134412552i) (-47994.12177866355+59180.11583743713i) (-47940.01071486365+59151.32729142155i) (-47886.01423157219+59122.52607296132i) (-47832.13198020503+59093.71254415467i) (-47778.363612200395+59064.88706473303i) (-47724.70878228183+59036.04999013207i) (-47671.167145178224+59007.201671921066i) (-47617.73835783828+58978.342458385094i) (-47564.42207803209+58949.47269415751i) (-47511.217965598466+58920.59272024871i) (-47458.125681101534+58891.70287450573i) (-47405.144887128976+58862.80349080802i) (-47352.275247083264+58833.894900372674i) (-47299.51642642825+58804.977429600855i) (-47246.86809026716+58776.05140416963i) (-47194.32990962094+58747.11714424026i) (-47141.90155058918+58718.17496534705i) (-47089.58268496617+58689.22518412153i) (-47037.37298428035+58660.26811025363i) (-46985.27212228785+58631.30405228138i) (-46933.279772921785+58602.3333143632i) (-46881.39561291346+58573.356198179536i) (-46829.61931849852+58544.3730023839i) (-46777.95056933972+58515.38402194678i) (-46726.38904405736+58486.38955000364i) (-46674.934425062864+58457.389874990695i) (-46623.586393238875+58428.38528432335i) (-46572.344633650995+58399.376060906994i) (-46521.208830684176+58370.362486257654i) (-46470.178670787995+58341.34483678993i) (-46419.25384162288+58312.323388897334i) (-46368.4340311936+58283.29841315458i) (-46317.71893047955+58254.27018055652i) (-46267.1082295873+58225.238956232744i) (-46216.60162251475+58196.20500575527i) (-46166.19880129986+58167.16858852987i) (-46115.89946282475+58138.12996482762i) (-46065.70330102912+58109.089388714114i) (-46015.61001550703+58080.047115522626i) (-45965.61930249798+58051.00339367977i) (-45915.73086425908+58021.95847512811i) (-45865.94440226855+57992.91259958374i) (-45816.25961322397+57963.86601331102i) (-45766.67620570918+57934.81895980809i) (-45717.19388297494+57905.771672379546i) (-45667.81235056878+57876.72439034829i) (-45618.53131530884+57847.677343839554i) (-45569.35048466628+57818.63076654845i) (-45520.26956831802+57789.58488501268i) (-45471.28827664705+57760.539926761754i) (-45422.406320295595+57731.496114656664i) (-45373.6234124497+57702.45367154555i) (-45324.93926642042+57673.41281545181i) (-45276.35359719678+57644.373764682845i) (-45227.86612049052+57615.336733258184i) (-45179.47655349919+57586.30193465254i) (-45131.18461416669+57557.269578390085i) (-45082.9900220272+57528.23987369696i) (-45034.89249698918+57499.21302589965i) (-44986.89176057659+57470.1892400942i) (-44938.98753521581+57441.16871696818i) (-44891.179544165876+57412.15165768424i) (-44843.46751245224+57383.138259034924i) (-44795.85116505981+57354.12871833115i) (-44748.33023009483+57325.12322667225i) (-44700.904433192074+57296.12197960405i) (-44653.57350363253+57267.12516565829i) (-44606.33717404396+57238.13297042275i) (-44559.195171784+57209.14558273705i) (-44512.14723115695+57180.16318445218i) (-44465.193083684615+57151.18595923411i) (-44418.33246391006+57122.21408632873i) (-44371.56510664509+57093.24774458639i) (-44324.890748105754+57064.28711074154i) (-44278.30912450438+57035.33235943431i) (-44231.81997455657+57006.3836634365i) (-44185.42303669611+56977.44119399414i) (-44139.118051648285+56948.50512040414i) (-44092.90475966832+56919.575610888234i) (-44046.782903349354+56890.65283047792i) (-44000.752224940035+56861.73694375093i) (-43954.81246914121+56832.82811288991i) (-43908.96337995463+56803.92649895881i) (-43863.20470387265+56775.03226066103i) (-43817.536186896774+56746.14555574618i) (-43771.95757729773+56717.26653959455i) (-43726.4686233179+56688.39536700517i) (-43681.069075017935+56659.53219021413i) (-43635.75868213436+56630.67716039159i) (-43590.537197340615+56601.83042693342i) (-43545.40437209183+56572.99213785303i) (-43500.35996064266+56544.16243892905i) (-43455.40371618558+56515.34147551679i) (-43410.53539549312+56486.52939000062i) (-43365.75475263295+56457.726324556206i) (-43321.061545663986+56428.932419221455i) (-43276.455532325504+56400.14781322282i) (-43231.936471029265+56371.37264374082i) (-43187.50412185029+56342.6070462856i) (-43143.15824532601+56313.85115592562i) (-43098.898602458416+56285.10510549863i) (-43054.7249561002+56256.369026511326i) (-43010.6370691966+56227.643049283244i) (-42966.63470623596+56198.927302709846i) (-42922.71763171434+56170.22191415632i) (-42878.88561191804+56141.52700959187i) (-42835.138413208566+56112.84271381315i) (-42791.47580298162+56084.16915016755i) (-42747.897549676396+56055.506440920195i) (-42704.403421817464+56026.85470713578i) (-42660.99319032031+55998.21406863966i) (-42617.6666258131+55969.58464296427i) (-42574.42349983596+55940.96654814305i) (-42531.26358538894+55912.35989951354i) (-42488.18665575129+55883.764811707035i) (-42445.19248552645+55855.18139781612i) (-42402.280849518866+55826.60976993608i) (-42359.4515237326+55798.0500385676i) (-42316.704284956184+55769.50231387424i) (-42274.038910076284+55740.9667033085i) (-42231.45517721036+55712.44331468004i) (-42188.95286564654+55683.93225412474i) (-42146.53175457559+55655.4336267976i) (-42104.191625378764+55626.947536843974i) (-42061.93225849985+55598.47408708648i) (-42019.75343663976+55570.01337921168i) (-41977.65494378559+55541.56551451188i) (-41935.63656273556+55513.13059174063i) (-41893.698079120266+55484.70870938581i) (-41851.83927794853+55456.29996451772i) (-41810.059945764115+55427.904453341995i) (-41768.359869123626+55399.52227068087i) (-41726.73883581163+55371.153510488366i) (-41685.19663419931+55342.79826563121i) (-41643.733052646945+55314.456627771055i) (-41602.34788143654+55286.12868940235i) (-41561.04091169479+55257.81453869637i) (-41519.81193341308+55229.51426564736i) (-41478.6607398123+55201.227958231684i) (-41437.587123182515+55172.95570371818i) (-41396.59087768594+55144.69758812788i) (-41355.671797331815+55116.45369650432i) (-41314.82967758493+55088.22411283559i) (-41274.0643141109+55060.00892035998i) (-41233.375503366246+55031.80820126412i) (-41192.76304248221+55003.62203668033i) (-41152.226729479655+54975.450506799345i) (-41111.76636274049+54947.29369127561i) (-41071.381741957375+54919.15166900166i) (-41031.07266641812+54891.02451766423i) (-40990.83893745545+54862.9123139633i) (-40950.68035613047+54834.81513354559i) (-40910.59672544376+54806.73305195263i) (-40870.58784733196+54778.66614339114i) (-40830.65352618575+54750.61448062678i) (-40790.79356506893+54722.57813684747i) (-40751.007770117256+54694.55718372785i) (-40711.29594604327+54666.55169067887i) (-40671.65789969721+54638.561729184665i) (-40632.09343715134+54610.58736762362i) (-40592.60236636062+54582.6286749725i) (-40553.184495771886+54554.68571847928i) (-40513.839633982454+54526.758565205826i) (-40474.56759095103+54498.84728085565i) (-40435.36817642485+54470.95193086218i) (-40396.24120168672+54443.07257957947i) (-40357.18647822171+54415.20929080612i) (-40318.20381817281+54387.362127178436i) (-40279.293034370945+54359.53115124535i) (-40240.45394036227+54331.71642414321i) (-40201.68635017425+54303.91800656749i) (-40162.99007825326+54276.13595868031i) (-40124.364940561325+54248.37033949484i) (-40085.810752464386+54220.621208109354i) (-40047.32733140851+54192.88862148662i) (-40008.914493909906+54165.17263801723i) (-39970.57205981972+54137.47331169392i) (-39932.29984280269+54109.7907002838i) (-39894.09766760626+54082.12486007142i) (-39855.96535093992+54054.47584226121i) (-39817.90271480207+54026.84370275874i) (-39779.90957855349+53999.22849285742i) (-39741.985764692625+53971.630266306296i) (-39704.131094846314+53944.04907411588i) (-39666.34539229663+53916.48496780118i) (-39628.628480003186+53888.9379976122i) (-39590.98018238412+53861.40821350065i) (-39553.40032386439+53833.89566450119i) (-39515.8887297061+53806.40039909779i) (-39478.445225778836+53778.922465420306i) (-39441.069638322806+53751.46191035484i) (-39403.76179440471+53724.01878082237i) (-39366.52152143065+53696.59312249561i) (-39329.348647289225+53669.184981328246i) (-39292.24300086361+53641.794401952124i) (-39255.20441129041+53614.42142891917i) (-39218.23270853584+53587.066105859296i) (-39181.32772292767+53559.728475822805i) (-39144.48928519816+53532.40858168286i) (-39107.71722746237+53505.10646530123i) (-39071.01138131054+53477.82216800308i) (-39034.37157968205+53450.55573084946i) (-38997.79765566829+53423.307194149296i) (-38961.2894432577+53396.07659758721i) (-38924.846776612+53368.86398061387i) (-38888.46949061412+53341.66938135626i) (-38852.15742037221+53314.49283883896i) (-38815.91040219669+53287.33439006761i) (-38779.72827236725+53260.19407242794i) (-38743.6108675904+53233.071922724484i) (-38707.5580263563+53205.96797758689i) (-38671.56958650939+53178.88227120877i) (-38635.64538588823+53151.814839959574i) (-38599.78526514386+53124.76571841367i) (-38563.98906303904+53097.73493966405i) (-38528.25662018076+53070.722538077156i) (-38492.58777679081+53043.72854643879i) (-38456.982374993626+53016.752997735195i) (-38421.4402552401+52989.79592350025i) (-38385.96126100232+52962.85735719529i) (-38350.54523553642+52935.93732814718i) (-38315.19202122746+52909.03586804721i) (-38279.90146238221+52882.153006816545i) (-38244.67340326912+52855.28877459748i) (-38209.50768883631+52828.44320075872i) (-38174.4041645651+52801.61631437242i) (-38139.3626760991+52774.808143693735i) (-38104.38307030351+52748.0187171377i) (-38069.46519394449+52721.24806205105i) (-38034.60889426236+52694.4962057169i) (-37999.81401925924+52667.7631749639i) (-37965.08041713641+52641.04899622014i) (-37930.407937076976+52614.35369534652i) (-37895.79642827824+52587.67729820581i) (-37861.24574082763+52561.01982959018i) (-37826.755724931674+52534.38131431183i) (-37792.32623163758+52507.76177653405i) (-37757.95711196057+52481.16124040808i) (-37723.6482178127+52454.579729143545i) (-37689.399401495924+52428.017266142124i) (-37655.21051581315+52401.47387381422i) (-37621.08141405847+52374.94957497269i) (-37587.011949650914+52348.44439115546i) (-37553.00197709268+52321.958344021215i) (-37519.05135049804+52295.49145494415i) (-37485.159925763306+52269.043744790586i) (-37451.327557951576+52242.61523363886i) (-37417.55410309689+52216.205942060944i) (-37383.83941803606+52189.815889342775i) (-37350.183359486604+52163.44509524091i) (-37316.58578485389+52137.09357833385i) (-37283.04655205748+52110.76135734841i) (-37249.5655189394+52084.44845094832i) (-37216.142545229886+52058.154876974484i) (-37182.77748926533+52031.880652836i) (-37149.4702111879+52005.625795943946i) (-37116.22057105579+51979.390323280706i) (-37083.028429397425+51953.17425132016i) (-37049.89364718326+51926.97759650761i) (-37016.81608577867+51900.80037432154i) (-36983.79560721884+51874.64260106221i) (-36950.83207395788+51848.504291709316i) (-36917.92534846749+51822.38546102286i) (-36885.07529391632+51796.28612389306i) (-36852.28177401979+51770.20629429286i) (-36819.544652856224+51744.145986792704i) (-36786.863794699384+51718.105214764815i) (-36754.23906472406+51692.08399212775i) (-36721.67032814011+51666.08233124532i) (-36689.15745082074+51640.1002454438i) (-36656.70029890552+51614.13774695972i) (-36624.29873894594+51588.19484809341i) (-36591.95263798883+51562.271560687666i) (-36559.661863404544+51536.36789651353i) (-36527.426283091845+51510.48386697248i) (-36495.24576497623+51484.61948274045i) (-36463.120178270896+51458.7747550914i) (-36431.04939176123+51432.94969426366i) (-36399.03327503281+51407.14431065666i) (-36367.07169775584+51381.35861390139i) (-36335.16453070513+51355.5926140612i) (-36303.31164407647+51329.8463199705i) (-36271.51290922443+51304.11974138433i) (-36239.7681977857+51278.41288712139i) (-36208.07738133386+51252.725765372204i) (-36176.440332801474+51227.05838474637i) (-36144.85692421917+51201.41075274909i) (-36113.32702836306+51175.782878687765i) (-36081.85051965018+51150.17476805684i) (-36050.42727186336+51124.58643080978i) (-36019.057158443+51099.017871587006i) (-35987.74005509175+51073.46909829992i) (-35956.47583610591+51047.94011768889i) (-35925.26437701817+51022.43093578055i) (-35894.105553847905+50996.94155878338i) (-35862.99924277977+50971.471992662955i) (-35831.9453202693+50946.02224291219i) (-35800.9436633969+50920.5923153584i) (-35769.99414962836+50895.18221429753i) (-35739.09665630758+50869.791945309145i) (-35708.25106164548+50844.421513176014i) (-35677.45724413831+50819.07092210698i) (-35646.715082578+50793.74017649907i) (-35616.0244562602+50768.42928045828i) (-35585.3852448338+50743.13823784i) (-35554.79732800202+50717.86705200012i) (-35524.260586106306+50692.61572666581i) (-35493.774900020144+50667.38426469585i) (-35463.34015062028+50642.1726694986i) (-35432.956219257874+50616.98094345248i) (-35402.6229877248+50591.80908933782i) (-35372.34033819077+50566.657109232736i) (-35342.108153198205+50541.52500572807i) (-35311.92631522885+50516.41278050502i) (-35281.79470751454+50491.32043534882i) (-35251.71321465276+50466.24797215i) (-35221.681718941036+50441.19539158087i) (-35191.70010572125+50416.16269520632i) (-35161.76825914814+50391.14988409783i) (-35131.886064032784+50366.156958825624i) (-35102.05340623016+50341.18391994672i) (-35072.27017066157+50316.230768169204i) (-35042.53624376266+50291.29750342366i) (-35012.851511721536+50266.384126069155i) (-34983.21586127289+50241.490635558046i) (-34953.62917929064+50216.61703200259i) (-34924.09135338887+50191.763314603755i) (-34894.60227088968+50166.929482607884i) (-34865.16182062068+50142.11553543428i) (-34835.7698893386+50117.321471018426i) (-34806.42636648849+50092.547290854985i) (-34777.13114290053+50067.79299082675i) (-34747.8841051951+50043.05857004234i) (-34718.68514455155+50018.34402738995i) (-34689.53415041279+49993.64936057251i) (-34660.431013495145+49968.97456779296i) (-34631.37562418215+49944.319646724776i) (-34602.36787359723+49919.684594924336i) (-34573.407653442235+49895.06940986078i) (-34544.494854096774+49870.474089083014i) (-34515.629369301576+49845.898630148746i) (-34486.81109010436+49821.343028858915i) (-34458.039909631596+49796.80728296559i) (-34429.31572037477+49772.291388980906i) (-34400.63841611179+49747.79534328132i) (-34372.007889894085+49723.31914261799i) (-34343.42403593042+49698.862782847136i) (-34314.88674817479+49674.42626049556i) (-34286.39592128737+49650.00957103986i) (-34257.95145011735+49625.61271091213i) (-34229.55322945122+49601.23567514635i) (-34201.201155315+49576.87846000587i) (-34172.895122935326+49552.54106001256i) (-34144.63502888187+49528.22347123297i) (-34116.42076892349+49503.92568767135i) (-34088.25223971697+49479.64770562615i) (-34060.12933857294+49455.38951898753i) (-34032.051962426514+49431.15112340344i) (-34004.02000957116+49406.93251255651i) (-33976.03337693929+49382.73368121605i) (-33948.09196328314+49358.55462372012i) (-33920.19566669254+49334.39533423544i) (-33892.34438622829+49310.25580694365i) (-33864.53802069499+49286.13603560116i) (-33836.77646978475+49262.03601426529i) (-33809.05963264289+49237.95573638068i) (-33781.38740973418+49213.89519550188i) (-33753.75970087557+49189.854385134655i) (-33726.17640680591+49165.83329872694i) (-33698.637428145674+49141.83192935498i) (-33671.14266630963+49117.850269995775i) (-33643.69202171247+49093.8883141901i) (-33616.28539785168+49069.94605450053i) (-33588.92269499744+49046.023482879i) (-33561.603816163784+49022.12059299025i) (-33534.32866352625+48998.23737687533i) (-33507.09714013841+48974.37382718561i) (-33479.909148952254+48950.529936029714i) (-33452.76459345406+48926.705695600605i) (-33425.66337710687+48902.901098093396i) (-33398.60540408228+48879.1161353808i) (-33371.59057824904+48855.35079930247i) (-33344.61880432413+48831.605081634436i) (-33317.68998690393+48807.87897398301i) (-33290.804031076994+48784.17246837761i) (-33263.960842308676+48760.48555572312i) (-33237.16032593943+48736.8182271536i) (-33210.40238796761+48713.17047485206i) (-33183.686934092344+48689.54228894977i) (-33157.01387131573+48665.933661358875i) (-33130.38310590011+48642.344582307385i) (-33103.794544755656+48618.77504309869i) (-33077.24809522669+48595.22503430894i) (-33050.74366441797+48571.69454688174i) (-33024.28116048066+48548.1835710587i) (-32997.86049128896+48524.69209759343i) (-32971.481564644+48501.22011657599i) (-32945.14428960257+48477.76761912089i) (-32918.84857489125+48454.3345940715i) (-32892.594328979234+48430.92103261731i) (-32866.381461495206+48407.52692454238i) (-32840.20988229809+48384.15225968702i) (-32814.079500466745+48360.797028022134i) (-32787.99022668591+48337.461219235265i) (-32761.941970721564+48314.14482323479i) (-32735.93464365739+48290.847829331695i) (-32709.96815588078+48267.570227521785i) (-32684.04241868302+48244.31200664038i) (-32658.157343326835+48221.07315678999i) (-32632.312841332245+48197.85366647148i) (-32606.508824618417+48174.65352545867i) (-32580.745205033927+48151.472722731065i) (-32555.021895436446+48128.31124742385i) (-32529.33880749414+48105.169087980175i) (-32503.69585465297+48082.04623421945i) (-32478.092949922993+48058.94267429952i) (-32452.530006436267+48035.8583972154i) (-32427.006937582417+48012.79339160868i) (-32401.52365753066+47989.747646020725i) (-32376.080079985626+47966.72114923285i) (-32350.67611937662+47943.71388932298i) (-32325.311690239818+47920.72585513932i) (-32299.986707033597+47897.75703459017i) (-32274.701085402317+47874.807416346724i) (-32249.454739711233+47851.87698749619i) (-32224.24758534947+47828.96573822282i) (-32199.0795392901+47806.07365501359i) (-32173.950516220844+47783.20072625078i) (-32148.860432965146+47760.34693968693i) (-32123.809205590558+47737.512283325894i) (-32098.796751041533+47714.6967449505i) (-32073.82298541165+47691.90031236998i) (-32048.887826758568+47669.122973214544i) (-32023.991191839195+47646.364715122676i) (-31999.13299830107+47623.625525563024i) (-31974.31316403806+47600.90539221057i) (-31949.531606809953+47578.20430221023i) (-31924.788245403917+47555.52224320176i) (-31900.08299797958+47532.859201770276i) (-31875.415782861575+47510.21516620305i) (-31850.786519390716+47487.59012341434i) (-31826.19512629131+47464.98405996116i) (-31801.641523736955+47442.396963463485i) (-31777.125630313134+47419.82882107831i) (-31752.647366626996+47397.279618990535i) (-31728.206652373963+47374.74934490927i) (-31703.80340768429+47352.23798548045i) (-31679.43755334783+47329.74552729448i) (-31655.109009576125+47307.27195732506i) (-31630.817697738177+47284.817261976685i) (-31606.563538678987+47262.38142839448i) (-31582.346453843966+47239.96444296064i) (-31558.166364947792+47217.56629204011i) (-31534.023193356395+47195.18696222936i) (-31509.9168615381+47172.82644014379i) (-31485.84729120327+47150.484712099766i) (-31461.81440508737+47128.16176437403i) (-31437.81812564475+47105.8575834805i) (-31413.858375686024+47083.57215536464i) (-31389.93507866317+47061.30546668088i) (-31366.048157475074+47039.057503116965i) (-31342.19753552091+47016.82825104173i) (-31318.383136455588+46994.617696826856i) (-31294.604885032655+46972.425825657774i) (-31270.862703461542+46950.25262388855i) (-31247.156517488587+46928.09807888955i) (-31223.48625173608+46905.96217445869i) (-31199.85183024223+46883.84489774985i) (-31176.253178279443+46861.74623383568i) (-31152.690220767417+46839.66616916946i) (-31129.16288302289+46817.6046888728i) (-31105.671090608237+46795.561779271084i) (-31082.214769261464+46773.53742554378i) (-31058.79384493221+46751.53161373388i) (-31035.40824382515+46729.54432909711i) (-31012.057891891578+46707.575557108335i) (-30988.7427160132+46685.625283759844i) (-30965.46264287951+46663.69349409174i) (-30942.217599316333+46641.78017380495i) (-30919.00751231523+46619.885308124576i) (-30895.832309822632+46598.00888269163i) (-30872.69191834047+46576.15088241775i) (-30849.58626627205+46554.31129274337i) (-30826.515281277825+46532.49009914977i) (-30803.478891312014+46510.687286769535i) (-30780.47702524712+46488.902840761046i) (-30757.509610775072+46467.13674626239i) (-30734.576577239764+46445.38898846277i) (-30711.677852999233+46423.659552481506i) (-30688.813367402174+46401.94842324291i) (-30665.98304939254+46380.25558593962i) (-30643.18682871128+46358.58102550727i) (-30620.424634657003+46336.924727051504i) (-30597.69639758659+46315.28667537052i) (-30575.00204679063+46293.66685539564i) (-30552.34151299179+46272.065252100765i) (-30529.714726176404+46250.48185020032i) (-30507.12161720207+46228.9166347793i) (-30484.56211657979+46207.36959035401i) (-30462.0361551733+46185.8407018584i) (-30439.54366445162+46164.32995395016i) (-30417.084575120505+46142.83733164267i) (-30394.658819566288+46121.362819577655i) (-30372.266328679914+46099.90640170793i) (-30349.90703459987+46078.46806346007i) (-30327.580868889563+46057.04778934997i) (-30305.287764033572+46035.6455634023i) (-30283.02765270505+46014.26137096296i) (-30260.8004670267+45992.89519608715i) (-30238.60613971648+45971.54702386267i) (-30216.444603932447+45950.21683805104i) (-30194.31579293066+45928.90462358143i) (-30172.21963941387+45907.61036466312i) (-30150.156077602893+45886.33404608079i) (-30128.12504021128+45865.0756518465i) (-30106.12646192526+45843.83516652652i) (-30084.160275719507+45822.61257445616i) (-30062.226416737474+45801.40785982839i) (-30040.324817957116+45780.22100708281i) (-30018.455415155226+45759.0520009216i) (-29996.618142319825+45737.900825203236i) (-29974.81293462168+45716.76746419551i) (-29953.03972674826+45695.65190254283i) (-29931.29845433712+45674.55412392727i) (-29909.589052236224+45653.47411302928i) (-29887.91145621151+45632.411853502264i) (-29866.26560195169+45611.36733004991i) (-29844.651425049997+45590.34052632456i) (-29823.068861918375+45569.33142682747i) (-29801.51784797983+45548.34001521478i) (-29779.99832062019+45527.36627600252i) (-29758.510214631417+45506.410193292904i) (-29737.053468965347+45485.471750447745i) (-29715.628016122933+45464.550934493396i) (-29694.23380266701+45443.64772702403i) (-29672.870754715976+45422.76210829384i) (-29651.53881531307+45401.89406963672i) (-29630.237920456057+45381.043590425834i) (-29608.96800895369+45360.21065657766i) (-29587.729017491147+45339.39525089408i) (-29566.52088507625+45318.59735796896i) (-29545.343548929362+45297.81696147389i) (-29524.1969479475+45277.054045222874i) (-29503.081020264846+45256.308593260976i) (-29481.995704534816+45235.58058943i) (-29460.940939575306+45214.87001781922i) (-29439.916664161377+45194.176861791755i) (-29418.922817221122+45173.5011059571i) (-29397.95933871485+45152.84273392295i) (-29377.02616765283+45132.20172926985i) (-29356.12324330384+45111.57807598026i) (-29335.25050601217+45090.97175792788i) (-29314.407895250086+45070.382758630476i) (-29293.595350923286+45049.81106233105i) (-29272.812813285058+45029.25665231154i) (-29252.060222853957+45008.71951304942i) (-29231.337519987304+44988.19962799207i) (-29210.64464581592+44967.69698019781i) (-29189.981540763954+44947.211554652895i) (-29169.348145299566+44926.74333314311i) (-29148.74439995722+44906.2923023828i) (-29128.17024905782+44885.858443462086i) (-29107.625630239676+44865.441741037925i) (-29087.110487019592+44845.042178911004i) (-29066.62476083314+44824.65974111699i) (-29046.168393519052+44804.29441056328i) (-29025.741326920477+44783.94617159522i) (-29005.343503389715+44763.615007476954i) (-28984.974865163927+44743.300901807204i) (-28964.63535431679+44723.003838547564i) (-28944.32491391046+44702.72380138287i) (-28924.043486372586+44682.46077381496i) (-28903.79101480908+44662.21473938085i) (-28883.5674421053+44641.98568206727i) (-28863.37271189844+44621.77358502316i) (-28843.206766147785+44601.578431395275i) (-28823.069549248245+44581.40020703621i) (-28802.96100536057+44561.23889301605i) (-28782.881077209153+44541.09447450173i) (-28762.829708982943+44520.96693426701i) (-28742.80684499515+44500.85625651367i) (-28722.812428989273+44480.76242434526i) (-28702.846405608077+44460.6854218163i) (-28682.908719056988+44440.62523218592i) (-28662.999314289133+44420.58183918756i) (-28643.11813544269+44400.55522633642i) (-28623.265128126794+44380.54537716738i) (-28603.440236534196+44360.55227537988i) (-28583.643406507512+44340.57590422832i) (-28563.874582706234+44320.616247808255i) (-28544.133711042858+44300.67328916978i) (-28524.420736670545+44280.747012514636i) (-28504.735605832997+44260.837400498815i) (-28485.078263188334+44240.94443789437i) (-28465.44865640049+44221.068107138046i) (-28445.846730358728+44201.20839261812i) (-28426.272431792535+44181.36527715416i) (-28406.725706712663+44161.5387451214i) (-28387.20650214411+44141.728779051766i) (-28367.71476393798+44121.93536365012i) (-28348.25043996061+44102.15848057698i) (-28328.813473961258+44082.398116192344i) (-28309.403819526997+44062.65425403499i) (-28290.02141814564+44042.926872272656i) (-28270.66621794099+44023.21596079145i) (-28251.33816749964+44003.52149975962i) (-28232.037213943273+43983.84347463692i) (-28212.76330520786+43964.18186760947i) (-28193.51638893102+43944.53666314902i) (-28174.296413259533+43924.90784393869i) (-28155.103326147204+43905.29539420527i) (-28135.93707583593+43885.69929710901i) (-28116.79761064629+43866.119536375976i) (-28097.684879072127+43846.55609540414i) (-28078.598829698873+43827.008957763115i) (-28059.53941104684+43807.478107183655i) (-28040.50657201705+43787.96352692247i) (-28021.500261402354+43768.46520117298i) (-28002.520428826632+43748.983113079215i) (-27983.567023204192+43729.51724628343i) (-27964.639993935914+43710.06758451907i) (-27945.73929069565+43690.63411119902i) (-27926.86486291579+43671.2168099137i) (-27908.016660383375+43651.81566410202i) (-27889.194632888015+43632.430657868565i) (-27870.398730539408+43613.061773694084i) (-27851.628903215213+43593.70899635182i) (-27832.88510112805+43574.37230862476i) (-27814.167274658706+43555.05169471434i) (-27795.475374399623+43535.74713783041i) (-27776.809350778974+43516.45862176889i) (-27758.169154803367+43497.18613001121i) (-27739.55473679363+43477.92964632095i) (-27720.966047909555+43458.68915425916i) (-27702.403039442674+43439.46463742302i) (-27683.86566238154+43420.25607956331i) (-27665.35386826035+43401.063464162246i) (-27646.867608248558+43381.886775086066i) (-27628.406834015048+43362.725995542i) (-27609.971497094502+43343.58110953102i) (-27591.561549621732+43324.45210063661i) (-27573.176943167346+43305.338952358055i) (-27554.817629786598+43286.241648470976i) (-27536.483561724854+43267.16017271513i) (-27518.174691127744+43248.094508615344i) (-27499.890970382687+43229.044639851i) (-27481.63235199319+43210.010550348845i) (-27463.398788751787+43190.99222342143i) (-27445.19023296539+43171.98964310845i) (-27427.00663779657+43153.002792764615i) (-27408.847956001002+43134.03165648378i) (-27390.714140763805+43115.07621760932i) (-27372.605145085297+43096.13646030559i) (-27354.520922458774+43077.21236774816i) (-27336.461426265207+43058.30392413815i) (-27318.4266098108+43039.411112976224i) (-27300.416426911055+43020.53391811476i) (-27282.430831086713+43001.67232324403i) (-27264.46977680919+42982.82631207313i) (-27246.533217196265+42963.99586858183i) (-27228.62110698449+42945.18097613884i) (-27210.733399800338+42926.38161902012i) (-27192.870050447025+42907.59778019525i) (-27175.031012862666+42888.829444765805i) (-27157.216242042334+42870.076595382096i) (-27139.425692360008+42851.33921638512i) (-27121.659318037935+42832.61729126115i) (-27103.917075178524+42813.91080449445i) (-27086.19891773625+42795.2197386638i) (-27068.504800304676+42776.5440788047i) (-27050.834679303312+42757.8838089201i) (-27033.18850948872+42739.23891160113i) (-27015.56624610401+42720.6093719106i) (-26997.967844660016+42701.99517293193i) (-26980.39326115612+42683.396298931766i) (-26962.842450543292+42664.812733757244i) (-26945.315369282845+42646.24446084932i) (-26927.811972743384+42627.691464991054i) (-26910.332217256306+42609.153730443504i) (-26892.87605924261+42590.6312388333i) (-26875.443454340453+42572.123976444826i) (-26858.034359396886+42553.631926461196i) (-26840.64873003868+42535.155072606314i) (-26823.286524193096+42516.693398464624i) (-26805.947697100448+42498.24688970213i) (-26788.632206902814+42479.815528132254i) (-26771.34000850403+42461.39929836322i) (-26754.071060621623+42442.9981857209i) (-26736.825319040072+42424.61217303273i) (-26719.60274209599+42406.241244267374i) (-26702.40328629433+42387.88538412479i) (-26685.22690939148+42369.54457595505i) (-26668.073568493754+42351.21880448263i) (-26650.943221375037+42332.908052914034i) (-26633.835825724287+42314.6123060945i) (-26616.751339580922+42296.33154722758i) (-26599.68971906465+42278.065761368765i) (-26582.65092474373+42259.81493278421i) (-26565.634913240796+42241.5790439158i) (-26548.641643035262+42223.358080532504i) (-26531.67107192311+42205.152025961885i) (-26514.72315877146+42186.96086459483i) (-26497.797861625055+42168.78458038243i) (-26480.8951394772+42150.62315795394i) (-26464.01495057233+42132.47658115819i) (-26447.15725385388+42114.34483412941i) (-26430.322008182877+42096.227901183585i) (-26413.50917263805+42078.12576654055i) (-26396.718706062824+42060.038414299976i) (-26379.950567862994+42041.96582890007i) (-26363.204716386408+42023.90799370517i) (-26346.48111194762+42005.86489542111i) (-26329.779714742912+41987.83651501268i) (-26313.10048196112+41969.82283844144i) (-26296.443375048162+41951.82384985853i) (-26279.80835250994+41933.83953356871i) (-26263.19537523618+41915.8698736253i) (-26246.604402229073+41897.91485491953i) (-26230.0353941981+41879.97446125775i) (-26213.4883105888+41862.04867711969i) (-26196.96311208202+41844.137486801024i) (-26180.459758651203+41826.24087481044i) (-26163.97821094128+41808.35882521981i) (-26147.518428942658+41790.49132271118i) (-26131.080373812987+41772.638351618996i) (-26114.664005409195+41754.79989636957i) (-26098.26928532018+41736.97594115035i) (-26081.89617370009+41719.16647059017i) (-26065.544631848516+41701.371469186306i) (-26049.214620432704+41683.590921374955i) (-26032.90610091515+41665.82481122951i) (-26016.619034321262+41648.073123805625i) (-26000.35338182301+41630.335843169145i) (-25984.109104748022+41612.61295422013i) (-25967.886164422674+41594.9044407218i) (-25951.684523150972+41577.21028877921i) (-25935.504141602414+41559.530480978574i) (-25919.344982844843+41541.86500392568i) (-25903.20700698609+41524.21383877107i) (-25887.090176249003+41506.57697400443i) (-25870.994454008174+41488.95439217526i) (-25854.919801032825+41471.34607886466i) (-25838.866179439286+41453.75201753713i) (-25822.833552565444+41436.17219341463i) (-25806.821882172793+41418.60659132968i) (-25790.831130089704+41401.055195721i) (-25774.86125931821+41383.51799086832i) (-25758.912232748604+41365.99496130114i) (-25742.984013472116+41348.48609259525i) (-25727.07656246954+41330.99137028902i) (-25711.18984278378+41313.51077612311i) (-25695.32382003581+41296.04429839205i) (-25679.478453601103+41278.591918649414i) (-25663.65371013821+41261.15362250756i) (-25647.84955123501+41243.7293967359i) (-25632.065938618533+41226.31922472457i) (-25616.30283787428+41208.923090666874i) (-25600.560211368786+41191.54097968762i) (-25584.83802345255+41174.17287690722i) (-25569.13623661008+41156.818767178i) (-25553.454815374804+41139.47863499983i) (-25537.79372326565+41122.15246565631i) (-25522.152924240705+41104.84024376172i) (-25506.53238191339+41087.54195465607i) (-25490.93206035429+41070.25758249637i) (-25475.35192400074+41052.98711275048i) (-25459.791937088456+41035.73053005262i) (-25444.25206354353+41018.487819858434i) (-25428.73226774713+41001.25896634729i) (-25413.23251466923+40984.04395502001i) (-25397.752768210918+40966.84277060999i) (-25382.292993348645+40949.65539837156i) (-25366.85315406239+40932.481822875394i) (-25351.4332160728+40915.32202950103i) (-25336.033143482615+40898.17600315294i) (-25320.652901693964+40881.04372909087i) (-25305.292454901108+40863.925192077055i) (-25289.95176960347+40846.82037708868i) (-25274.630809427443+40829.729269784904i) (-25259.329540109553+40812.65185494734i) (-25244.047927935804+40795.5881179069i) (-25228.785936625773+40778.53804319407i) (-25213.543533133743+40761.501616482i) (-25198.32068188438+40744.478822918i) (-25183.117349372482+40727.469647278594i) (-25167.933500633953+40710.47407543343i) (-25152.769101789563+40693.4920917308i) (-25137.624118743235+40676.52368231361i) (-25122.49851696237+40659.568831564626i) (-25107.39226328027+40642.62752543503i) (-25092.30532256495+40625.69974871613i) (-25077.237662575517+40608.78548667253i) (-25062.1892478413+40591.88472526552i) (-25047.16004631958+40574.99744844895i) (-25032.15002296588+40558.123643246334i) (-25017.159144978035+40541.26329335691i) (-25002.1873793275+40524.41638574346i) (-24987.234691193495+40507.58290347543i) (-24972.30104869201+40490.762834981244i) (-24957.38641761843+40473.95616305934i) (-24942.49076586689+40457.16287421235i) (-24927.614059110558+40440.38295388981i) (-24912.756265334767+40423.61638720846i) (-24897.917350895+40406.863159891414i) (-24883.09728317581+40390.12325702712i) (-24868.2960297564+40373.3966647327i) (-24853.513557143+40356.68336780522i) (-24838.74983380815+40339.983352106596i) (-24824.004825800785+40323.29660325812i) (-24809.278502043486+40306.62310607801i) (-24794.570828669777+40289.962847218136i) (-24779.88177442803+40273.315811122346i) (-24765.211306462465+40256.68198459198i) (-24750.55939261726+40240.06135188046i) (-24735.926001176253+40223.45389979453i) (-24721.311099349565+40206.859613061926i) (-24706.714655994314+40190.27847790175i) (-24692.136638315184+40173.710479658934i) (-24677.577015288203+40157.15560404486i) (-24663.035754385794+40140.613836924545i) (-24648.512824360187+40124.08516357271i) (-24634.00819348408+40107.569570313186i) (-24619.521830091806+40091.06704185944i) (-24605.05370247525+40074.57756506839i) (-24590.6037795123+40058.10112500112i) (-24576.17202963461+40041.63770781999i) (-24561.75842198238+40025.187299166675i) (-24547.362924661622+40008.74988450151i) (-24532.985506947367+39992.32545027876i) (-24518.626137512503+39975.91398181846i) (-24504.28478556884+39959.51546515609i) (-24489.961420194297+39943.129886055765i) (-24475.656010127994+39926.75723022374i) (-24461.368524773556+39910.397484195244i) (-24447.09893358523+39894.050633169i) (-24432.847205574963+39877.71666339611i) (-24418.613310211687+39861.395560772275i) (-24404.39721693808+39845.087311117444i) (-24390.19889542595+39828.791900479344i) (-24376.018314890858+39812.50931487272i) (-24361.85544553341+39796.239540205104i) (-24347.710256380276+39779.98256272701i) (-24333.58271819092+39763.73836794269i) (-24319.472799705465+39747.50694250061i) (-24305.38047180417+39731.28827160655i) (-24291.30570362328+39715.08234242625i) (-24277.248465818695+39698.88913975521i) (-24263.208727857396+39682.70865121193i) (-24249.186461019526+39666.54086170456i) (-24235.18163472643+39650.38575782417i) (-24221.19421918437+39634.24332544596i) (-24207.224185411425+39618.11355099629i) (-24193.27150309053+39601.99642055667i) (-24179.3361434705+39585.891920260874i) (-24165.41807639731+39569.80003640568i) (-24151.517273098034+39553.720755087736i) (-24137.633703809115+39537.65406259603i) (-24123.767339902544+39521.599945029215i) (-24109.91815119409+39505.55838897232i) (-24096.086109941287+39489.52938096698i) (-24082.271186375598+39473.51290533127i) (-24068.473350107815+39457.50895085791i) (-24054.692574576005+39441.51750306954i) (-24040.928829755598+39425.53854777785i) (-24027.1820871925+39409.57207209288i) (-24013.452317710216+39393.61806143548i) (-23999.73949295901+39377.6765030385i) (-23986.04358424553+39361.74738263226i) (-23972.36456319598+39345.830687190115i) (-23958.702400920858+39329.9264028465i) (-23945.057069233895+39314.03451584737i) (-23931.42853971669+39298.155013150696i) (-23917.816784184542+39282.28788074071i) (-23904.221774350313+39266.43310569563i) (-23890.643481820774+39250.590673797546i) (-23877.081878935394+39234.76057202895i) (-23863.53693746347+39218.942786385014i) (-23850.008628619817+39203.13730435756i) (-23836.496925604682+39187.34411138688i) (-23823.001799814403+39171.56319513811i) (-23809.523223932825+39155.794541221665i) (-23796.06116968688+39140.03813699807i) (-23782.615609732406+39124.293968462385i) (-23769.186516120222+39108.562022801205i) (-23755.773861694164+39092.84228632238i) (-23742.377618316932+39077.13474609157i) (-23728.997759370843+39061.4393884422i) (-23715.6342569501+39045.75619974271i) (-23702.28708358883+39030.08516740639i) (-23688.95621202254+39014.42627734682i) (-23675.6416152878+38998.7795172116i) (-23662.34326619457+38983.14487334089i) (-23649.061137337663+38967.52233229989i) (-23635.795202014713+38951.911881082735i) (-23622.545432905055+38936.313506424674i) (-23609.311803287615+38920.7271951062i) (-23596.09428579217+38905.1529339953i) (-23582.89285451005+38889.59071029615i) (-23569.707481653917+38874.040510325125i) (-23556.538141729092+38858.50232133418i) (-23543.384806779784+38842.97612952514i) (-23530.247450988092+38827.461922897666i) (-23517.126047484344+38811.95968757897i) (-23504.0205700923+38796.469410753416i) (-23490.930991925845+38780.99107933298i) (-23477.857287372208+38765.52468058941i) (-23464.79942937793+38750.0702007609i) (-23451.757391947373+38734.62762738506i) (-23438.73114893747+38719.196947350276i) (-23425.72067417285+38703.77814771164i) (-23412.725941337216+38688.37121552386i) (-23399.74692463479+38672.97613785342i) (-23386.78359797504+38657.592901726i) (-23373.835935586445+38642.22149432947i) (-23360.903911410252+38626.86190241735i) (-23347.987499935934+38611.51411341009i) (-23335.086675050447+38596.17811471032i) (-23322.20141072267+38580.8538929279i) (-23309.331682027725+38565.541435104584i) (-23296.477463256015+38550.2407290268i) (-23283.638728584905+38534.95176169083i) (-23270.815452531853+38519.674520246i) (-23258.007609653658+38504.40899167599i) (-23245.215174832316+38489.15516338931i) (-23232.43812243094+38473.91302281765i) (-23219.676427342485+38458.68255683831i) (-23206.9300642685+38443.463753256015i) (-23194.199007920142+38428.25659873824i) (-23181.483233082025+38413.06108130905i) (-23168.782715445854+38397.87718782592i) (-23156.097429127738+38382.70490542585i) (-23143.427349776382+38367.54422192821i) (-23130.77245183919+38352.39512451338i) (-23118.1327111043+38337.257600420155i) (-23105.508102058935+38322.13163735284i) (-23092.898600769855+38307.0172225354i) (-23080.304181922384+38291.91434355719i) (-23067.724821203512+38276.82298763909i) (-23055.160493796153+38261.743142284125i) (-23042.611175217513+38246.67479504665i) (-23030.076841188114+38231.617933600704i) (-23017.557466732036+38216.572545003124i) (-23005.053028095164+38201.538616886035i) (-22992.56350058061+38186.51613720432i) (-22980.088859578173+38171.50509309034i) (-22967.629081751063+38156.50547217643i) (-22955.184141886744+38141.517262244764i) (-22942.754016750907+38126.540450398985i) (-22930.338681556124+38111.57502509956i) (-22917.93811261098+38096.620972720295i) (-22905.552285613918+38081.67828221416i) (-22893.1811771305+38066.7469404996i) (-22880.82476287921+38051.82693533784i) (-22868.483019233354+38036.918254392775i) (-22856.155922214846+38022.02088546676i) (-22843.84344810416+38007.13481621935i) (-22831.54557343207+37992.260034489955i) (-22819.262274274548+37977.396527806384i) (-22806.993527076676+37962.54428412943i) (-22794.73930852116+37947.70329098161i) (-22782.499594898036+37932.87353640581i) (-22770.274362775166+37918.055007891206i) (-22758.06358880248+37903.24769364513i) (-22745.867249586616+37888.45158109503i) (-22733.685321846886+37873.66665861635i) (-22721.517782230534+37858.892913445394i) (-22709.364607938118+37844.130333985624i) (-22697.225775212682+37829.37890760539i) (-22685.101261370237+37814.638622871316i) (-22672.991043042264+37799.90946671601i) (-22660.895097743938+37785.19142815341i) (-22648.813401361374+37770.48449451607i) (-22636.745932788217+37755.78865396221i) (-22624.69266734655+37741.10389398974i) (-22612.65358330501+37726.430203578224i) (-22600.628657205765+37711.76756975818i) (-22588.617867080182+37697.115980960065i) (-22576.62118899609+37682.47542516841i) (-22564.63860212065+37667.84589115041i) (-22552.67008245899+37653.22736504489i) (-22540.71560735075+37638.61983694902i) (-22528.77515537216+37624.02329450728i) (-22516.848703736654+37609.43772488996i) (-22504.936229368148+37594.86311695565i) (-22493.037710608914+37580.29945857574i) (-22481.15312462038+37565.74673799021i) (-22469.282449496186+37551.20494335497i) (-22457.425662581405+37536.67406306096i) (-22445.582742401726+37522.154084938324i) (-22433.753666140474+37507.64499750371i) (-22421.938412135787+37493.14678881496i) (-22410.136958013718+37478.659447133046i) (-22398.34928204043+37464.182960708364i) (-22386.575362013802+37449.71731776498i) (-22374.815176427313+37435.26250706521i) (-22363.068702710967+37420.818515612176i) (-22351.335919794452+37406.3853330172i) (-22339.616805596743+37391.9629479062i) (-22327.91133832787+37377.55134658417i) (-22316.219496376973+37363.150519374845i) (-22304.541258028843+37348.76045369172i) (-22292.876601395616+37334.38113852317i) (-22281.225505578583+37320.01256148978i) (-22269.587948594464+37305.654711815776i) (-22257.96390926751+37291.307577212705i) (-22246.35336571947+37276.97114672382i) (-22234.75629700256+37262.64540809541i) (-22223.172681594006+37248.330350648306i) (-22211.60249818152+37234.02596205208i) (-22200.045725628162+37219.73223155249i) (-22188.502342401844+37205.44914684049i) (-22176.972327870262+37191.17669721068i) (-22165.455660287946+37176.914870597335i) (-22153.952319204604+37162.6636560713i) (-22142.46228283408+37148.42304184616i) (-22130.985531119466+37134.193016600155i) (-22119.52204212114+37119.97356888639i) (-22108.071795835313+37105.764687284056i) (-22096.63477053935+37091.56636067717i) (-22085.21094607526+37077.378577034906i) (-22073.80030113546+37063.20132613099i) (-22062.402815328853+37049.03459548628i) (-22051.01846815781+37034.8783745059i) (-22039.64723716693+37020.732651318176i) (-22028.28910599115+37006.59741744248i) (-22016.944050834543+36992.47265425611i) (-22005.61204910749+36978.35835825045i) (-21994.293084614517+36964.254514904576i) (-21982.987134324903+36950.16111357727i) (-21971.69417915646+36936.078142456885i) (-21960.414197913415+36922.005590871384i) (-21949.147170774515+36907.94344726515i) (-21937.893076851047+36893.891700645436i) (-21926.65189639513+36879.850339800614i) (-21915.42360889531+36865.81935350651i) (-21904.20819473299+36851.798731113726i) (-21893.005632179702+36837.78846113666i) (-21881.815904348663+36823.78853209117i) (-21870.6389881914+36809.79893234496i) (-21859.47486353903+36795.819653259256i) (-21848.32351263115+36781.85068072597i) (-21837.184914449273+36767.89200652769i) (-21826.05904877003+36753.94361736036i) (-21814.94589650825+36740.00550355936i) (-21803.845437022737+36726.07765313044i) (-21792.75765160544+36712.16005586215i) (-21781.682519098693+36698.252700199795i) (-21770.62002108326+36684.35557547731i) (-21759.57013686449+36670.468670753966i) (-21748.532847869486+36656.591974800525i) (-21737.508133431264+36642.72547727289i) (-21726.495975177317+36628.86916649632i) (-21715.49635243984+36615.02303254973i) (-21704.50924713539+36601.18706330131i) (-21693.534638339934+36587.361248608744i) (-21682.57250770766+36573.54557747475i) (-21671.622835326023+36559.74003923659i) (-21660.685602354133+36545.94462268952i) (-21649.760788989257+36532.15931739022i) (-21638.848376650196+36518.384112112835i) (-21627.94834543709+36504.618996507736i) (-21617.060676912526+36490.86395934487i) (-21606.185351158143+36477.11899021146i) (-21595.32234977444+36463.38407824842i) (-21584.471653393855+36449.65921274688i) (-21573.633243380507+36435.94438286691i) (-21562.807100243077+36422.23957798163i) (-21551.993205501232+36408.54478707419i) (-21541.191539782594+36394.85999991291i) (-21530.402084728983+36381.18520531022i) (-21519.62482107466+36367.52039338522i) (-21508.85973037122+36353.86555253967i) (-21498.10679352892+36340.22067303616i) (-21487.365992271898+36326.58574330936i) (-21476.63730759077+36312.96075397548i) (-21465.920720995102+36299.34569341517i) (-21455.216213598247+36285.740551861745i) (-21444.523767340197+36272.14531754477i) (-21433.84336385071+36258.559980971986i) (-21423.174983444776+36244.98453242243i) (-21412.51861027238+36231.41895886195i) (-21401.874223312705+36217.86325144603i) (-21391.24180477616+36204.317399602165i) (-21380.621336463297+36190.78139162334i) (-21370.012800697084+36177.25521850292i) (-21359.416178415282+36163.73886898224i) (-21348.831451709964+36150.2323334392i) (-21338.25860184653+36136.73560034117i) (-21327.697611629716+36123.24866020444i) (-21317.148461930767+36109.77150181797i) (-21306.611135596355+36096.30411583364i) (-21296.085613530686+36082.84649077605i) (-21285.57187891101+36069.398617102685i) (-21275.069912835213+36055.96048363036i) (-21264.57969815191+36042.53208098125i) (-21254.10121550589+36029.1133983387i) (-21243.6344502844+36015.70442512781i) (-21233.179379160334+36002.305149722386i) (-21222.73598903081+35988.91556640437i) (-21212.304260350014+35975.53565998387i) (-21201.884176064523+35962.16542271897i) (-21191.47571717258+35948.8048432006i) (-21181.078867901408+35935.45391221609i) (-21170.693608292593+35922.11261864356i) (-21160.31992321694+35908.78095287831i) (-21149.957792489473+35895.45890448465i) (-21139.607200737988+35882.14646347775i) (-21129.268129710697+35868.84361922406i) (-21118.940561986165+35855.55036187429i) (-21108.6244793531+35842.26668137745i) (-21098.319865803158+35828.992567287714i) (-21088.026702565738+35815.728009517334i) (-21077.744973416146+35802.47299827622i) (-21067.474660518696+35789.227523606845i) (-21057.215746766702+35775.99157466353i) (-21046.968214815577+35762.765142000375i) (-21036.73204755644+35749.54821530945i) (-21026.507227494603+35736.3407846342i) (-21016.29373799355+35723.1428398627i) (-21006.09156149881+35709.954370972555i) (-20995.90068169074+35696.775368038405i) (-20985.721080466858+35683.60582104513i) (-20975.55274184195+35670.445720055315i) (-20965.39564760457+35657.2950549004i) (-20955.24978245628+35644.15381568383i) (-20945.11512777429+35631.021992842056i) (-20934.99166830561+35617.899575901014i) (-20924.879385387718+35604.78655528648i) (-20914.778264478875+35591.68292038183i) (-20904.688286479806+35578.58866264276i) (-20894.60943669476+35565.50377097487i) (-20884.541696259716+35552.42823682861i) (-20874.48505042444+35539.362047648334i) (-20864.43948214053+35526.3051977416i) (-20854.404973253473+35513.257673624554i) (-20844.38150931041+35500.21946669971i) (-20834.369073014102+35487.190567654485i) (-20824.36764665799+35474.17096649225i) (-20814.377215558165+35461.160652401886i) (-20804.39776194764+35448.15961756265i) (-20794.42927016672+35435.167850139565i) (-20784.47172318609+35422.18534224295i) (-20774.525105288012+35409.2120821609i) (-20764.5893995359+35396.248062495186i) (-20754.664589863434+35383.29327118051i) (-20744.750660131896+35370.34770097736i) (-20734.84759391239+35357.411339289225i) (-20724.955375195+35344.48418007038i) (-20715.073987949712+35331.56621007073i) (-20705.203415755404+35318.65742266048i) (-20695.34364248748+35305.75780489971i) (-20685.49465227443+35292.86735051661i) (-20675.656428377413+35279.986047258644i) (-20665.82895587074+35267.11388814781i) (-20656.01221737732+35254.25086034841i) (-20646.206198885517+35241.396957816585i) (-20636.410882289347+35228.55216752914i) (-20626.626253851082+35215.716483320706i) (-20616.852294669974+35202.88989221609i) (-20607.08899257024+35190.07238807923i) (-20597.336328045367+35177.26395799784i) (-20587.59428925364+35164.46459653093i) (-20577.86285575201+35151.67428993212i) (-20568.142017445545+35138.8930325756i) (-20558.43175263332+35126.120811222594i) (-20548.73205221716+35113.35762046487i) (-20539.042892911315+35100.60344645775i) (-20529.364267641453+35087.85828414906i) (-20519.696150757823+35075.12211983447i) (-20510.038538961126+35062.39494867176i) (-20500.391401058936+35049.676756219764i) (-20490.754742074685+35036.967538684534i) (-20481.12851135608+35024.267278654464i) (-20471.51274752993+35011.576007477226i) (-20461.907414826743+34998.89362406131i) (-20452.312448922472+34986.22019798239i) (-20442.727896045122+34973.555698847296i) (-20433.153706631063+34960.90011599021i) (-20423.589886455222+34948.25343933312i) (-20414.036403954335+34935.61566084247i) (-20404.493256606544+34922.98676966583i) (-20394.960418511982+34910.366758223536i) (-20385.43788352763+34897.75561560216i) (-20375.925629285506+34885.15333462565i) (-20366.423646416002+34872.55990349884i) (-20356.931914580528+34859.97531566892i) (-20347.45042374463+34847.39955939089i) (-20337.979154302855+34834.832628077886i) (-20328.518095506995+34822.27450983646i) (-20319.067228498487+34809.72519805288i) (-20309.626541786216+34797.184681191255i) (-20300.196017436858+34784.65295236194i) (-20290.775643250458+34772.13000033547i) (-20281.365401656814+34759.6158179814i) (-20271.965280433746+34747.110394171825i) (-20262.575262213923+34734.61372188598i) (-20253.19533486467+34722.12578991534i) (-20243.82548082492+34709.64659137589i) (-20234.465688578173+34697.17611460779i) (-20225.115939720086+34684.71435401931i) (-20215.776223080047+34672.261297628254i) (-20206.446522485836+34659.81693750972i) (-20197.12682287054+34647.38126428239i) (-20187.817109923555+34634.954269994036i) (-20178.5173696398+34622.535943760115i) (-20169.22758679647+34610.12627858615i) (-20159.94774753879+34597.725263901586i) (-20150.677836722803+34585.33289228534i) (-20141.41784056007+34572.949153050664i) (-20132.16774404832+34560.57403921649i) (-20122.92753327489+34548.207539895986i) (-20113.69719340946+34535.84964794138i) (-20104.47671014802+34523.500352911826i) (-20095.266069490972+34511.159647191904i) (-20086.065256970276+34498.82752089307i) (-20076.874258633932+34486.50396604072i) (-20067.693059692298+34474.188972625634i) (-20058.521646615307+34461.88253315908i) (-20049.360003955666+34449.584637544045i) (-20040.208119203595+34437.295278648526i) (-20031.065976668873+34425.01444567577i) (-20021.933563667382+34412.742131554085i) (-20012.810864676307+34400.478325871445i) (-20003.697867287814+34388.22302123632i) (-19994.594555680975+34375.976207676606i) (-19985.500917466517+34363.73787787846i) (-19976.416937545593+34351.50802169881i) (-19967.34260271464+34339.286631410825i) (-19958.277898126613+34327.07369774312i) (-19949.222810927797+34314.869212464626i) (-19940.177326103993+34302.673166057706i) (-19931.1414310018+34290.485550635094i) (-19922.115110769457+34278.30635677843i) (-19913.098352741094+34266.13557657009i) (-19904.091142053287+34253.97320073398i) (-19895.093466125356+34241.819221372185i) (-19886.105309896855+34229.67362936407i) (-19877.126660775597+34217.53641657362i) (-19868.157503711234+34205.407573994315i) (-19859.19782635372+34193.287093078776i) (-19850.247613604348+34181.17496540419i) (-19841.30685694737+34169.07117502986i) (-19832.375532487917+34156.97573167211i) (-19823.45363585678+34144.88861062706i) (-19814.541150564997+34132.80980847919i) (-19805.638063611706+34120.73931628704i) (-19796.744361079753+34108.67712613981i) (-19787.860029957246+34096.62322917744i) (-19778.98505575014+34084.57761713405i) (-19770.11942617162+34072.54028137077i) (-19761.263126622514+34060.51121343171i) (-19752.41614499558+34048.490404629985i) (-19743.5784668676+34036.47784647746i) (-19734.750079961934+34024.4735305901i) (-19725.930970188543+34012.47744871944i) (-19717.12112516249+34000.48959218451i) (-19708.32053095154+33988.509953074215i) (-19699.529174729014+33976.53852238905i) (-19690.74704283069+33964.57529230362i) (-19681.97412258759+33952.62025386696i) (-19673.210400337448+33940.67339935267i) (-19664.455863572908+33928.73471958525i) (-19655.710498714376+33916.80420692044i) (-19646.97429322578+33904.88185252197i) (-19638.24723357835+33892.96764868484i) (-19629.52930702335+33881.0615862093i) (-19620.82050042417+33869.163657789846i) (-19612.12080096018+33857.27385431649i) (-19603.43019539069+33845.3921682431i) (-19594.748671221954+33833.518590355496i) (-19586.076214875648+33821.653112887776i) (-19577.41281420039+33809.79572783554i) (-19568.75845626482+33797.94642681712i) (-19560.113127582394+33786.10520075766i) (-19551.476815892223+33774.27204317528i) (-19542.84950872709+33762.44694448077i) (-19534.23119249262+33750.62989704498i) (-19525.621855330435+33738.82089200735i) (-19517.021483752033+33727.01992211101i) (-19508.4300655045+33715.22697820186i) (-19499.847587714794+33703.4420531062i) (-19491.27403782594+33691.66513787262i) (-19482.709403329456+33679.89622500863i) (-19474.153671200107+33668.135305804986i) (-19465.606829527875+33656.3823728494i) (-19457.068865078472+33644.63741728452i) (-19448.539765974394+33632.900431648304i) (-19440.019519036174+33621.171407126254i) (-19431.508112309453+33609.4503364134i) (-19423.005532927855+33597.737210830004i) (-19414.51176902078+33586.03202269874i) (-19406.026807275433+33574.33476371168i) (-19397.550636374443+33562.645426369214i) (-19389.08324309702+33550.96400174771i) (-19380.62461532843+33539.29048256553i) (-19372.17474072524+33527.62486053168i) (-19363.73360715143+33515.96712790127i) (-19355.30120198874+33504.317276321635i) (-19346.877513558105+33492.675298017144i) (-19338.46252888684+33481.041185011745i) (-19330.05623644995+33469.41492936581i) (-19321.65862345229+33457.79652302674i) (-19313.269678059263+33446.18595817618i) (-19304.88938787773+33434.583226979106i) (-19296.517741154847+33422.988321257784i) (-19288.15472533177+33411.401233332625i) (-19279.80032872018+33399.8219550723i) (-19271.454538814356+33388.25047878997i) (-19263.11734406326+33376.68679661726i) (-19254.78873194715+33365.13090056052i) (-19246.468690651196+33353.58278279973i) (-19238.15720838182+33342.04243630716i) (-19229.854273593704+33330.509851463685i) (-19221.559872772683+33318.9850218698i) (-19213.2739957453+33307.467939131246i) (-19204.99662954211+33295.95859583753i) (-19196.727762671202+33284.456983609365i) (-19188.467383117262+33272.96309545374i) (-19180.215479328785+33261.47692294413i) (-19171.972039154916+33249.998458697606i) (-19163.737051234293+33238.52769465762i) (-19155.510503301433+33227.06462340974i) (-19147.292383961452+33215.60923666921i) (-19139.082681133397+33204.16152732776i) (-19130.88138351269+33192.72148723966i) (-19122.688478809167+33181.28910924131i) (-19114.5039565372+33169.86438485037i) (-19106.327803572138+33158.447306872185i) (-19098.160009281295+33147.037867862804i) (-19090.000561619483+33135.63605968765i) (-19081.849449419682+33124.24187477323i) (-19073.70666059899+33112.85530568384i) (-19065.57218397734+33101.47634439964i) (-19057.446007766328+33090.10498390629i) (-19049.328120746504+33078.741215888804i) (-19041.218511160212+33067.38503336269i) (-19033.11716792579+33056.036428025924i) (-19025.024078767005+33044.695392994414i) (-19016.939233426965+33033.361920905154i) (-19008.8626198732+33022.03600282472i) (-19000.794226446815+33010.71763228984i) (-18992.734042291417+32999.406801587436i) (-18984.682055713703+32988.103503125814i) (-18976.638255574835+32976.80772922785i) (-18968.602630584326+32965.5194726112i) (-18960.575169633245+32954.23872561561i) (-18952.555860990247+32942.965480711435i) (-18944.544693647396+32931.699730546505i) (-18936.541656323512+32920.44146733482i) (-18928.5467379259+32909.19068409523i) (-18920.55992674415+32897.94737259914i) (-18912.581213675538+32886.711526842846i) (-18904.610584507886+32875.48313747876i) (-18896.648030130793+32864.262198244556i) (-18888.69353862216+32853.048701592415i) (-18880.74709931601+32841.842639774004i) (-18872.808700974078+32830.6440057283i) (-18864.878332639797+32819.452791844335i) (-18856.955983195876+32808.26899101294i) (-18849.041641559867+32797.092595597554i) (-18841.135296994285+32785.92359794989i) (-18833.2369381775+32774.76199141689i) (-18825.34655456522+32763.60776828498i) (-18817.46413507383+32752.46092067338i) (-18809.589668419336+32741.321442167577i) (-18801.723144131527+32730.1893246539i) (-18793.86455104537+32719.064561632462i) (-18786.01387885126+32707.94714525334i) (-18778.17111594636+32696.83706815353i) (-18770.336252018828+32685.734323285687i) (-18762.509276079647+32674.63890322388i) (-18754.69017741334+32663.550801065772i) (-18746.878945236327+32652.4700090075i) (-18739.07556884397+32641.396520136095i) (-18731.280037595665+32630.33032703735i) (-18723.49234042672+32619.271422872585i) (-18715.71246680082+32608.219799726932i) (-18707.940406737933+32597.175450969884i) (-18700.176148103776+32586.138369150027i) (-18692.419681796975+32575.108547120733i) (-18684.670996398083+32564.085977892777i) (-18676.93008129025+32553.070653761482i) (-18669.196926192508+32542.062567966947i) (-18661.471520677915+32531.061713353574i) (-18653.753853445614+32520.0680825787i) (-18646.043914745926+32509.0816685521i) (-18638.341693496892+32498.102464257146i) (-18630.647179794003+32487.130462617395i) (-18622.960362708065+32476.16565648133i) (-18615.281232075773+32465.208038667326i) (-18607.60977737661+32454.257601778005i) (-18599.94598821147+32443.314339244353i) (-18592.289854074326+32432.37824370849i) (-18584.641364900926+32421.449308093306i) (-18577.000509602716+32410.527525457244i) (-18569.367278680642+32399.612888639665i) (-18561.74166130597+32388.705390691583i) (-18554.123647448603+32377.80502461851i) (-18546.5132262803+32366.911783209278i) (-18538.910388298824+32356.025659302875i) (-18531.31512275315+32345.14664638367i) (-18523.727419746494+32334.274737157964i) (-18516.147268653847+32323.40992518187i) (-18508.574659342703+32312.552201667862i) (-18501.00958149762+32301.70156242844i) (-18493.452025683437+32290.85799807687i) (-18485.901981414936+32280.02150290487i) (-18478.359438231324+32269.19206970113i) (-18470.824386121196+32258.369691644213i) (-18463.296814844813+32247.554361376526i) (-18455.776714974643+32236.746072224592i) (-18448.264075857885+32225.944817144053i) (-18440.758887515578+32215.150589761408i) (-18433.261140127404+32204.363382454543i) (-18425.770823593557+32193.583188754208i) (-18418.287927870926+32182.810001742848i) (-18410.81244297994+32172.043814833836i) (-18403.34435897803+32161.28462028685i) (-18395.883665546335+32150.5324121924i) (-18388.43035376784+32139.787183552387i) (-18380.984413091057+32129.048926806012i) (-18373.545833364427+32118.31763585034i) (-18366.11460518014+32107.59330340029i) (-18358.690718275346+32096.87592322661i) (-18351.274163138885+32086.165487943625i) (-18343.864929859377+32075.461991275293i) (-18336.46300858823+32064.765426048754i) (-18329.068389502678+32054.075785490488i) (-18321.681062900654+32043.393063060063i) (-18314.30101913475+32032.71725177717i) (-18306.928248160053+32022.048345284435i) (-18299.56274036644+32011.38633616731i) (-18292.20448630272+32000.73121847325i) (-18284.853475821063+31990.082984727942i) (-18277.50969995102+31979.441629074423i) (-18270.173147600584+31968.80714356987i) (-18262.8438109459+31958.17952309061i) (-18255.521679676567+31947.558759955464i) (-18248.20674351922+31936.944847049308i) (-18240.898993702696+31926.337778774883i) (-18233.598420082548+31915.73754778682i) (-18226.30501345601+31905.144147727897i) (-18219.018764174758+31894.557571719204i) (-18211.73966268853+31883.977813499212i) (-18204.467699121105+31873.404865965505i) (-18197.202865438252+31862.83872255082i) (-18189.945150109197+31852.279377714458i) (-18182.694545087717+31841.726822279652i) (-18175.45104009789+31831.181052310294i) (-18168.21462632963+31820.642060316117i) (-18160.98529402883+31810.10983955931i) (-18153.76303374554+31799.58438309737i) (-18146.54783684782+31789.065685212292i) (-18139.339692737238+31778.553738832452i) (-18132.138593139804+31768.04853705755i) (-18124.944528084772+31757.55007418974i) (-18117.757488258896+31747.058342895303i) (-18110.577464681814+31736.573337326292i) (-18103.404447559325+31726.095050570748i) (-18096.238428498313+31715.623476415218i) (-18089.079397409845+31705.158607631383i) (-18081.927345185282+31694.700438906104i) (-18074.78226295881+31684.248962818154i) (-18067.64414134733+31673.80417314994i) (-18060.51297120176+31663.36606349828i) (-18053.3887431107+31652.93462719941i) (-18046.271448185376+31642.509858076373i) (-18039.161076996847+31632.091749474846i) (-18032.057620690473+31621.680295100567i) (-18024.961069730103+31611.27548849124i) (-18017.871415585312+31600.877323239303i) (-18010.788648625374+31590.485792843905i) (-18003.712760270573+31580.10089097428i) (-17996.64374109936+31569.722611325204i) (-17989.58158231759+31559.35094729369i) (-17982.526274714724+31548.985892609162i) (-17975.477809498934+31538.62744083599i) (-17968.436177543343+31528.27558577667i) (-17961.401369131978+31517.930320567437i) (-17954.37337653699+31507.591639595914i) (-17947.352190214875+31497.259536014528i) (-17940.33780113302+31486.9340037845i) (-17933.330200485845+31476.615036372776i) (-17926.329379495484+31466.302627619196i) (-17919.33532914649+31455.996771019505i) (-17912.34804032743+31445.69746075874i) (-17905.36750512429+31435.404690132862i) (-17898.393713717975+31425.11845150042i) (-17891.42665653103+31414.838741764182i) (-17884.466326847723+31404.565552034463i) (-17877.512714579418+31394.298876710716i) (-17870.56581083151+31384.03871001843i) (-17863.625607222693+31373.7850453123i) (-17856.69209485703+31363.537876364546i) (-17849.765265219856+31353.297197080894i) (-17842.84510913826+31343.06300081751i) (-17835.931617981274+31332.835282045628i) (-17829.024783480225+31322.6140341648i) (-17822.12459640725+31312.39925093655i) (-17815.231048716334+31302.190926320727i) (-17808.34413095306+31291.989054141854i) (-17801.463835405426+31281.793627592146i) (-17794.590152160636+31271.604641340095i) (-17787.72307400694+31261.422089285294i) (-17780.862590988654+31251.245964461847i) (-17774.008695979926+31241.0762612909i) (-17767.161379023208+31230.91297377545i) (-17760.320632734285+31220.756095267454i) (-17753.486447483538+31210.60561982718i) (-17746.658815785268+31200.46154159781i) (-17739.837728394676+31190.32385420762i) (-17733.023177058043+31180.192551347394i) (-17726.21515316767+31170.06762737114i) (-17719.413648238296+31159.949075875127i) (-17712.61865403398+31149.83689097433i) (-17705.830161632977+31139.731066757406i) (-17699.048163304928+31129.631596808493i) (-17692.272650097508+31119.538475130597i) (-17685.503613909677+31109.451695740878i) (-17678.74104603724+31099.371252636665i) (-17671.98493835163+31089.297139757895i) (-17665.235282326845+31079.229351121146i) (-17658.492069858756+31069.167880498397i) (-17651.75529220425+31059.11272223172i) (-17645.024941731077+31049.063869978883i) (-17638.301009398834+31039.021317470735i) (-17631.58348707012+31028.98505946149i) (-17624.87236647981+31018.955089465762i) (-17618.16763959794+31008.931401793612i) (-17611.46929771386+30998.913990330708i) (-17604.777333348262+30988.902849703234i) (-17598.091738027393+30978.89797246118i) (-17591.412502817864+30968.899353931083i) (-17584.739620376095+30958.906987808954i) (-17578.07308191245+30948.920868181587i) (-17571.41287970187+30938.940988982624i) (-17564.75900525948+30928.967344560617i) (-17558.11145081699+30918.99992875407i) (-17551.470207637845+30909.038735824997i) (-17544.835268150106+30899.083759628753i) (-17538.206623845283+30889.13499470181i) (-17531.584266908943+30879.19243484486i) (-17524.968189116218+30869.25607445104i) (-17518.358382511986+30859.32590733913i) (-17511.754839038975+30849.401927874766i) (-17505.157550874857+30839.484130025703i) (-17498.566509364886+30829.572508031975i) (-17491.98170714514+30819.667055960395i) (-17485.403135500994+30809.7677682165i) (-17478.830787244402+30799.87463877771i) (-17472.264653880316+30789.98766193939i) (-17465.704727597924+30780.10683160303i) (-17459.151000362202+30770.23214245937i) (-17452.603464485583+30760.363588095017i) (-17446.062111526975+30750.5011634367i) (-17439.526934275542+30740.644861757108i) (-17432.99792328997+30730.794678412705i) (-17426.47507331227+30720.950608174477i) (-17419.958375133512+30711.112642346197i) (-17413.44781986645+30701.280777738033i) (-17406.943401211007+30691.45500767518i) (-17400.445110317647+30681.63532679785i) (-17393.952939634342+30671.82172879533i) (-17387.466881335185+30662.014208954497i) (-17380.986928036138+30652.21276050387i) (-17374.513071527334+30642.417377975376i) (-17368.045304057658+30632.6280570416i) (-17361.58361825926+30622.84479012209i) (-17355.12800600235+30613.067572124804i) (-17348.678459629933+30603.29639747407i) (-17342.23497159371+30593.531260550702i) (-17335.797533675366+30583.772155680897i) (-17329.36613871801+30574.01907691588i) (-17322.940778777564+30564.27201886215i) (-17316.521446232247+30554.530976254347i) (-17310.10813331819+30544.795942716693i) (-17303.70083273596+30535.06691290701i) (-17297.29953639159+30525.343881397723i) (-17290.904237296654+30515.62684248815i) (-17284.51492693946+30505.915790291336i) (-17278.131598756445+30496.21071930814i) (-17271.75424420168+30486.511624077237i) (-17265.38285642321+30476.818498998346i) (-17259.017427254224+30467.131338422627i) (-17252.65794957689+30457.450136448333i) (-17246.304415719314+30447.774888135544i) (-17239.956818134888+30438.105587606195i) (-17233.615149324967+30428.442229342058i) (-17227.279401934047+30418.78480780229i) (-17220.94956824863+30409.133316831594i) (-17214.625641607745+30399.487752661786i) (-17208.307611837612+30389.84810644767i) (-17201.995474118292+30380.214376131236i) (-17195.68922260696+30370.586554097685i) (-17189.388845843965+30360.964637230547i) (-17183.094337091814+30351.34861534687i) (-17176.805692039226+30341.738488467323i) (-17170.522899288728+30332.13424919357i) (-17164.24595408834+30322.53588969595i) (-17157.97485192184+30312.943407463346i) (-17151.70957693632+30303.3567944363i) (-17145.450130182133+30293.77604707932i) (-17139.196498779496+30284.201159434026i) (-17132.948679448964+30274.632125781427i) (-17126.706661718374+30265.068941150374i) (-17120.47044023915+30255.511599189744i) (-17114.240006561347+30245.96009548077i) (-17108.01535425727+30236.41442379901i) (-17101.79647538401+30226.87457956653i) (-17095.5833629265+30217.340556859173i) (-17089.376009958316+30207.812350246695i) (-17083.174409056817+30198.289954662843i) (-17076.978553122877+30188.773364241475i) (-17070.78843462327+30179.262574072432i) (-17064.604046696688+30169.75757806298i) (-17058.4253819582+30160.258371627133i) (-17052.252433476795+30150.764948708085i) (-17046.085193725838+30141.27730452685i) (-17039.92365549959+30131.795433061663i) (-17033.767812002534+30122.319329449558i) (-17027.617655369297+30112.84898893773i) (-17021.473180050933+30103.384405357167i) (-17015.33437706397+30093.925573400193i) (-17009.20124128899+30084.472488071875i) (-17003.07376405912+30075.025144246432i) (-16996.951939436905+30065.583535395595i) (-16990.835758719248+30056.147657720387i) (-16984.72521732998+30046.717505052555i) (-16978.620305764776+30037.29307195672i) (-16972.521018348194+30027.874353505063i) (-16966.42734729187+30018.461344811938i) (-16960.339286259845+30009.054039963237i) (-16954.256827922392+29999.652434418727i) (-16948.179965545052+29990.25652231615i) (-16942.10869217319+29980.86629875747i) (-16936.04300088261+29971.481758255628i) (-16929.98288465421+29962.102895607008i) (-16923.928336513134+29952.72970544111i) (-16917.879349505343+29943.36218223483i) (-16911.83591729202+29934.000320998948i) (-16905.7980305899+29924.644116446587i) (-16899.765685633447+29915.293564215703i) (-16893.73887320401+29905.948658185313i) (-16887.71758708127+29896.609393673505i) (-16881.701820540206+29887.275765455503i) (-16875.691567424583+29877.947768729482i) (-16869.68682010389+29868.625398249358i) (-16863.6875726677+29859.30864860311i) (-16857.693817690848+29849.997514528215i) (-16851.705549234463+29840.69199059257i) (-16845.72275974139+29831.392071728744i) (-16839.74544261735+29822.09775218333i) (-16833.77359082078+29812.809027623152i) (-16827.80719765509+29803.525891572222i) (-16821.84625600492+29794.248340219423i) (-16815.890758926846+29784.9763676772i) (-16809.94069974099+29775.70996977873i) (-16803.996071494574+29766.449140663753i) (-16798.05686792876+29757.193876529687i) (-16792.123082379847+29747.944171392923i) (-16786.19470825369+29738.70002069069i) (-16780.271738956097+29729.461418875828i) (-16774.354168006637+29720.228361100944i) (-16768.441988636383+29711.000842045414i) (-16762.535194414937+29701.77885662091i) (-16756.633778194348+29692.562399415943i) (-16750.737733507845+29683.351465961212i) (-16744.847054109443+29674.14605049292i) (-16738.961732533462+29664.94614851495i) (-16733.081762658774+29655.751754735647i) (-16727.20713750284+29646.562864519205i) (-16721.337851043976+29637.379472518336i) (-16715.473896478063+29628.20157430964i) (-16709.615267375448+29619.02916417004i) (-16703.76195736006+29609.862237649904i) (-16697.913959383015+29600.70078908246i) (-16692.071267777763+29591.544814235633i) (-16686.233875022597+29582.394307180635i) (-16680.401775514318+29573.249263638347i) (-16674.57496194153+29564.109677915018i) (-16668.753427657524+29554.975546186375i) (-16662.937167596694+29545.846862782266i) (-16657.1261741767+29536.72362222685i) (-16651.320440268144+29527.60582087706i) (-16645.51996103508+29518.49345255898i) (-16639.724729204143+29509.386513567115i) (-16633.934738461878+29500.284997897223i) (-16628.1499825111+29491.188901150188i) (-16622.370455096112+29482.098217809693i) (-16616.596149336874+29473.012943541395i) (-16610.827059090538+29463.93307306569i) (-16605.063177860666+29454.85860174778i) (-16599.304499347523+29445.789524564563i) (-16593.55101716504+29436.72583679854i) (-16587.802725044887+29427.667533400454i) (-16582.05961668129+29418.61460970123i) (-16576.32168576858+29409.567060515765i) (-16570.58892585888+29400.524881116966i) (-16564.861330955602+29391.488066651615i) (-16559.138894530784+29382.456612242036i) (-16553.421610303292+29373.430512945415i) (-16547.709472020782+29364.409763760137i) (-16542.00247335136+29355.394360110804i) (-16536.30060799037+29346.384297133096i) (-16530.603869785657+29337.379569875295i) (-16524.912252338447+29328.38017386495i) (-16519.22574958121+29319.386103547804i) (-16513.54435526171+29310.397355249886i) (-16507.86806326113+29301.41392326685i) (-16502.19686735291+29292.435803002023i) (-16496.53076126673+29283.46298958904i) (-16490.869739085865+29274.495478567667i) (-16485.213794378258+29265.533264527745i) (-16479.5629209442+29256.576343372944i) (-16473.917112594565+29247.62470957367i) (-16468.27636351638+29238.678359051075i) (-16462.64066699262+29229.737286663694i) (-16457.010017218156+29220.801488248122i) (-16451.384408261954+29211.87095806776i) (-16445.76383380465+29202.94569234678i) (-16440.14828788871+29194.02568570147i) (-16434.53776439508+29185.110933917185i) (-16428.93225717615+29176.20143137007i) (-16423.331760234043+29167.297174421416i) (-16417.736267656823+29158.39815736477i) (-16412.145773111188+29149.50437634713i) (-16406.56027045686+29140.615825886434i) (-16400.979753961157+29131.732501754683i) (-16395.404217344858+29122.854399500487i) (-16389.833654883514+29113.98151399686i) (-16384.268060154478+29105.113840193484i) (-16378.707428115804+29096.25137445647i) (-16373.151751429701+29087.39411164949i) (-16367.60102482395+29078.54204744446i) (-16362.05524449595+29069.69517496563i) (-16356.5143993934+29060.853492559036i) (-16350.978487381824+29052.01699389192i) (-16345.447502024093+29043.185674612956i) (-16339.92143680039+29034.359531037364i) (-16334.400286049882+29025.538556646698i) (-16328.884043146742+29016.722748712637i) (-16323.372703525496+29007.912101022877i) (-16317.866260299648+28999.106610832278i) (-16312.364708173114+28990.30627147683i) (-16306.868040965546+28981.511079759734i) (-16301.376252551177+28972.721029949553i) (-16295.889337819212+28963.936118693302i) (-16290.407289896368+28955.15634038367i) (-16284.930103752475+28946.38169121399i) (-16279.457772985596+28937.61216596139i) (-16273.990292753024+28928.84776034181i) (-16268.527655948932+28920.08846993254i) (-16263.069857830349+28911.33428961747i) (-16257.616891493688+28902.585215694824i) (-16252.168752482277+28893.841242566294i) (-16246.72543410765+28885.10236696704i) (-16241.28693095543+28876.368583019168i) (-16235.853237086118+28867.63988764305i) (-16230.424346217786+28858.916273996547i) (-16225.000255206887+28850.19773995967i) (-16219.580954036428+28841.484279740915i) (-16214.166439407807+28832.77588895032i) (-16208.756707275865+28824.072564132188i) (-16203.351748354738+28815.37429976329i) (-16197.951559290246+28806.68109083247i) (-16192.55613396171+28797.992933847345i) (-16187.165466599981+28789.30982386879i) (-16181.77955125698+28780.631756798648i) (-16176.398382410407+28771.958727554716i) (-16171.021954740663+28763.29073201617i) (-16165.650262250278+28754.627765722897i) (-16160.283299320155+28745.969824279913i) (-16154.921060267874+28737.316902818377i) (-16149.563539580697+28728.668997102985i) (-16144.21073167508+28720.026102922628i) (-16138.862630826774+28711.388215721803i) (-16133.519231475273+28702.755330723336i) (-16128.180528018984+28694.12744418138i) (-16122.846515485522+28685.504551029597i) (-16117.517187322183+28676.886647184776i) (-16112.192538395862+28668.273727956373i) (-16106.87256313425+28659.665789089857i) (-16101.55725607757+28651.06282629583i) (-16096.24661158791+28642.464835026156i) (-16090.9406240848+28633.87181078367i) (-16085.639288190438+28625.283749101152i) (-16080.342598533061+28616.700645910205i) (-16075.050549032787+28608.12249676474i) (-16069.76313435967+28599.54929725961i) (-16064.480349686728+28590.981043208092i) (-16059.202188591587+28582.41772986084i) (-16053.928646459346+28573.859352872158i) (-16048.659717365765+28565.30590803722i) (-16043.395395947005+28556.757390986895i) (-16038.13567675345+28548.213797227298i) (-16032.88055429847+28539.675122486475i) (-16027.630023218688+28531.14136274038i) (-16022.384078045281+28522.612513553722i) (-16017.142713355996+28514.088570378823i) (-16011.90592352278+28505.569529351586i) (-16006.673703211174+28497.055385593794i) (-16001.446045750567+28488.546135337827i) (-15996.222953825541+28480.041772391472i) (-15991.004408465218+28471.5422950105i) (-15985.79041281778+28463.047697500566i) (-15980.580960469233+28454.55797599137i) (-15975.376045587485+28446.073125949522i) (-15970.175662950729+28437.593143711845i) (-15964.979807234533+28429.118024655305i) (-15959.788472942972+28420.64776421452i) (-15954.601654616456+28412.182358630514i) (-15949.41934708304+28403.721803135104i) (-15944.241544956305+28395.266093746694i) (-15939.068243000704+28386.81522591735i) (-15933.899436059155+28378.36919578325i) (-15928.735118689156+28369.927998794716i) (-15923.575286137435+28361.491631158733i) (-15918.419932313762+28353.0600880176i) (-15913.269052854768+28344.633365630703i) (-15908.122641448175+28336.211459454447i) (-15902.980693647765+28327.794365767197i) (-15897.843203910288+28319.382079746814i) (-15892.710167090601+28310.974597373875i) (-15887.581577952053+28302.571914661305i) (-15882.457431385905+28294.174027216664i) (-15877.33772203785+28285.780930931272i) (-15872.222444807714+28277.39262151977i) (-15867.111594609198+28269.00909507144i) (-15862.005166003148+28260.63034700704i) (-15856.903153825187+28252.256373528755i) (-15851.805553188497+28243.88717018377i) (-15846.71235885907+28235.522732825237i) (-15841.623565570506+28227.163057376307i) (-15836.539168257748+28218.808139545403i) (-15831.459161623727+28210.457975450663i) (-15826.383540755098+28202.11256064878i) (-15821.312300567624+28193.771891262862i) (-15816.245435419733+28185.43596319518i) (-15811.182941086725+28177.104772243023i) (-15806.124811575812+28168.778313957373i) (-15801.07104293875+28160.45658442191i) (-15796.021628783328+28152.139579631592i) (-15790.976565093853+28143.82729526088i) (-15785.935845809068+28135.51972734707i) (-15780.899466878644+28127.21687262932i) (-15775.867422746614+28118.918725135933i) (-15770.8397084149+28110.625281897035i) (-15765.816318867921+28102.336538865515i) (-15760.797248914532+28094.052491861326i) (-15755.782493590421+28085.77313665703i) (-15750.772048047631+28077.4984694277i) (-15745.765907434405+28069.22848595127i) (-15740.764066499987+28060.96318202473i) (-15735.766520042202+28052.7025538871i) (-15730.773263743016+28044.44659705369i) (-15725.784291733455+28036.195308135128i) (-15720.799600793584+28027.948682123424i) (-15715.819182800362+28019.70671494647i) (-15710.84303551595+28011.469404377644i) (-15705.871152989528+28003.236744534664i) (-15700.903530571726+27995.00873217023i) (-15695.940163161813+27986.78536304712i) (-15690.981045376291+27978.566632955848i) (-15686.026173095908+27970.352539455085i) (-15681.075542131637+27962.143075790693i) (-15676.129145409777+27953.938239926734i) (-15671.186979766037+27945.738026932344i) (-15666.249039426719+27937.54243348207i) (-15661.315319907651+27929.351454879084i) (-15656.385816130609+27921.16508793505i) (-15651.460523397636+27912.983327943093i) (-15646.539436856237+27904.80617175677i) (-15641.62255146915+27896.633614334485i) (-15636.709862789543+27888.465652562212i) (-15631.801365283702+27880.302281969605i) (-15626.897054738003+27872.14349891276i) (-15621.996925804691+27863.989299392375i) (-15617.100974403316+27855.839679302153i) (-15612.209195008572+27847.694635029202i) (-15607.321583521949+27839.554162033226i) (-15602.438134385266+27831.418257025634i) (-15597.558843482591+27823.286915320892i) (-15592.683705274272+27815.16013381095i) (-15587.812715739343+27807.03790772625i) (-15582.945869361189+27798.92023390092i) (-15578.083161840974+27790.807108369216i) (-15573.224588719873+27782.69852685441i) (-15568.370144672605+27774.594485557638i) (-15563.51982533604+27766.494980508767i) (-15558.6736254964+27758.400007843673i) (-15553.831541166157+27750.309563967276i) (-15548.993566926962+27742.223644826947i) (-15544.159698607078+27734.142246044794i) (-15539.329931191958+27726.065364579183i) (-15534.504260108148+27717.992995479075i) (-15529.682680393553+27709.925135819747i) (-15524.865187252144+27701.861781358966i) (-15520.051776507455+27693.802928675872i) (-15515.242443189329+27685.7485735949i) (-15510.437183192622+27677.698712318495i) (-15505.635991255935+27669.65334064039i) (-15500.838863126693+27661.61245491803i) (-15496.045793624038+27653.57605105613i) (-15491.256778323375+27645.544125368764i) (-15486.471812552358+27637.516674615763i) (-15481.690891702498+27629.493694476187i) (-15476.914011475033+27621.4751813106i) (-15472.141167066075+27613.46113077497i) (-15467.372353854716+27605.451539586044i) (-15462.607566798677+27597.446403154434i) (-15457.846800894276+27589.445719238112i) (-15453.090053364958+27581.449483576158i) (-15448.337318826896+27573.45769145712i) (-15443.588592846674+27565.47034009239i) (-15438.84387092298+27557.487424130133i) (-15434.10314810684+27549.50894047444i) (-15429.366418996693+27541.534884800392i) (-15424.633679354629+27533.565254675792i) (-15419.904924256265+27525.600046171432i) (-15415.18015066762+27517.639256612387i) (-15410.459353607246+27509.682880567838i) (-15405.742530212887+27501.730915084197i) (-15401.029673908462+27493.78335487579i) (-15396.320780570844+27485.84019652743i) (-15391.615845741639+27477.901435952605i) (-15386.91486321359+27469.967070331128i) (-15382.217829293397+27462.03709671211i) (-15377.524740331733+27454.11151133181i) (-15372.835592467833+27446.190310670212i) (-15368.150381347321+27438.273490022453i) (-15363.469102387839+27430.36104531653i) (-15358.79175044985+27422.45297224448i) (-15354.118320953781+27414.54926769051i) (-15349.448808658104+27406.649928273677i) (-15344.783209898866+27398.75495056946i) (-15340.12152008035+27390.86433119456i) (-15335.463735665706+27382.978066180447i) (-15330.809851716862+27375.096151641843i) (-15326.159864153837+27367.218583305483i) (-15321.513767885677+27359.345358266677i) (-15316.87155916441+27351.476472123162i) (-15312.233232675932+27343.611921932003i) (-15307.598784808028+27335.751703962364i) (-15302.96821124219+27327.895814267424i) (-15298.3415075444+27320.044249372273i) (-15293.718669288872+27312.197004813243i) (-15289.099691452664+27304.354077667045i) (-15284.4845701319+27296.515463953536i) (-15279.873301053633+27288.68116096608i) (-15275.265879777045+27280.851164368923i) (-15270.662302265431+27273.02547114977i) (-15266.062564161944+27265.20407608754i) (-15261.466661669689+27257.386977322472i) (-15256.874589194886+27249.574169315674i) (-15252.28634258734+27241.76564939963i) (-15247.70191803664+27233.96141534768i) (-15243.12131130453+27226.161461686672i) (-15238.544517891201+27218.36578578724i) (-15233.971534033933+27210.574383281546i) (-15229.402354743139+27202.787251260135i) (-15224.836975902046+27195.004385067175i) (-15220.27539312893+27187.225782653062i) (-15215.717602480967+27179.45143940096i) (-15211.163599436257+27171.681352801643i) (-15206.61338072972+27163.915517448353i) (-15202.066940784021+27156.153931236262i) (-15197.524275946813+27148.396589360294i) (-15192.985382178744+27140.643489286012i) (-15188.45025413873+27132.894627085778i) (-15183.91888878915+27125.149999592286i) (-15179.391281177337+27117.409603179833i) (-15174.867428296528+27109.673433888805i) (-15170.347324941104+27101.941488498614i) (-15165.830967397567+27094.21376253334i) (-15161.318350792455+27086.490253359872i) (-15156.80947078585+27078.770956908822i) (-15152.304324127781+27071.055870934768i) (-15147.80290591444+27063.344991078913i) (-15143.305213176598+27055.638314290223i) (-15138.811240697152+27047.935835789787i) (-15134.320988622174+27040.237551694463i) (-15129.834439498967+27032.543456822936i) (-15125.351604805537+27024.85355864082i) (-15120.872474631624+27017.167837303736i) (-15116.39704098818+27009.48630063211i) (-15111.925303515882+27001.808940944713i) (-15107.457257682638+26994.135757210886i) (-15102.992899600402+26986.46674388891i) (-15098.532225372534+26978.801898278318i) (-15094.075229899408+26971.141215937932i) (-15089.621909902073+26963.484693981758i) (-15085.172260169827+26955.83232895398i) (-15080.726277855105+26948.18411772172i) (-15076.283957862755+26940.540056331698i) (-15071.845296743257+26932.900141802325i) (-15067.410290556982+26925.264370463185i) (-15062.978934963774+26917.63273866256i) (-15058.551226056254+26910.00524305601i) (-15054.127159392861+26902.381879937846i) (-15049.706731379909+26894.76264631768i) (-15045.28993756419+26887.14753850008i) (-15040.876774430391+26879.53655328724i) (-15036.467237731591+26871.929686974356i) (-15032.06132312801+26864.32693603893i) (-15027.659026897782+26856.728297276575i) (-15023.260344963794+26849.133767163847i) (-15018.865273276318+26841.543342349745i) (-15014.473807838815+26833.957019603637i) (-15010.08594481261+26826.37479517594i) (-15005.701680185619+26818.796666061167i) (-15001.321010038098+26811.222628249314i) (-14996.943930092008+26803.65267877357i) (-14992.570436570939+26796.086814009283i) (-14988.200525528657+26788.525030829318i) (-14983.834192773984+26780.967325415855i) (-14979.471434523959+26773.413695127212i) (-14975.112246912833+26765.864135780517i) (-14970.756625832604+26758.318644691804i) (-14966.404567862442+26750.777217597537i) (-14962.056067850725+26743.2398519172i) (-14957.711123086397+26735.706544203345i) (-14953.369729007452+26728.177290902713i) (-14949.031882268671+26720.65208870516i) (-14944.697578543817+26713.13093412218i) (-14940.366813807957+26705.613823875i) (-14936.039584407614+26698.10075455996i) (-14931.71588622571+26690.591722888374i) (-14927.395715708208+26683.08672553568i) (-14923.079068539802+26675.58575941243i) (-14918.765941249101+26668.088820631132i) (-14914.45632970838+26660.59590630555i) (-14910.150230073035+26653.107013113487i) (-14905.847638699179+26645.622137471444i) (-14901.54855144742+26638.141276143902i) (-14897.252964643014+26630.66442595067i) (-14892.960874497032+26623.19158344033i) (-14888.672277091278+26615.722745196283i) (-14884.387168374158+26608.257908304062i) (-14880.105544608621+26600.797068641514i) (-14875.827402284354+26593.340224235984i) (-14871.552737174155+26585.887370600085i) (-14867.281545735636+26578.43850499692i) (-14863.013824083126+26570.993623910297i) (-14858.749568328054+26563.552724223337i) (-14854.488774808498+26556.115802809138i) (-14850.231439529864+26548.682855854597i) (-14845.977559159928+26541.25388077853i) (-14841.727129212664+26533.828873344i) (-14837.480146420769+26526.407831427023i) (-14833.236606706269+26518.990750954443i) (-14828.996506863074+26511.577629194508i) (-14824.759842095089+26504.16846246191i) (-14820.526610103556+26496.76324790818i) (-14816.296805736743+26489.36198192234i) (-14812.070426181865+26481.964661136484i) (-14807.847467095662+26474.57128303867i) (-14803.62792527422+26467.18184344223i) (-14799.411796506392+26459.796340080473i) (-14795.199077301346+26452.414768768962i) (-14790.989763909693+26445.037127026168i) (-14786.783852713472+26437.663411473837i) (-14782.581340090386+26430.29361823384i) (-14778.382221580188+26422.92774478841i) (-14774.186494549718+26415.56578786057i) (-14769.994154298896+26408.207744308027i) (-14765.805198035487+26400.85361059113i) (-14761.619621545673+26393.503383732772i) (-14757.437421263734+26386.157060407124i) (-14753.258593701576+26378.814637574265i) (-14749.08313483414+26371.47611184491i) (-14744.91104147089+26364.141480096754i) (-14740.742309350326+26356.81073932659i) (-14736.576935444282+26349.48388594098i) (-14732.414915211806+26342.160917119916i) (-14728.25624606244+26334.841829835314i) (-14724.100923756661+26327.526620607438i) (-14719.948944838763+26320.21528611808i) (-14715.800305630459+26312.90782369778i) (-14711.655002394386+26305.604229558565i) (-14707.513031810744+26298.304501321127i) (-14703.37438981701+26291.0086350071i) (-14699.239073379922+26283.716628296912i) (-14695.107078086376+26276.42847718725i) (-14690.978401655642+26269.14417918225i) (-14686.853038640558+26261.863730728684i) (-14682.730987095245+26254.587129201624i) (-14678.61224264159+26247.314370822773i) (-14674.496802136855+26240.04545304294i) (-14670.384661495213+26232.780372258814i) (-14666.275817234433+26225.519125563747i) (-14662.1702661917+26218.261709944276i) (-14658.06800448649+26211.00812223877i) (-14653.969028663523+26203.75835927519i) (-14649.873335166814+26196.51241762078i) (-14645.780920430994+26189.27029472887i) (-14641.691780862515+26182.031987254944i) (-14637.60591306432+26174.7974919056i) (-14633.52331316235+26167.566805910123i) (-14629.443978210555+26160.339925874847i) (-14625.367903773153+26153.116849374626i) (-14621.295087711542+26145.897572388734i) (-14617.225525131047+26138.682092576408i) (-14613.159213762825+26131.470406042303i) (-14609.096148736953+26124.262510602115i) (-14605.036327630987+26117.058402542298i) (-14600.979746316558+26109.85807932051i) (-14596.926401988921+26102.66153753582i) (-14592.876290557844+26095.468774266337i) (-14588.829408886297+26088.279786153646i) (-14584.785753265021+26081.0945704436i) (-14580.745320332418+26073.91312386091i) (-14576.708106570888+26066.73544356483i) (-14572.674108498853+26059.56152656499i) (-14568.643322826274+26052.391369491983i) (-14564.615746040272+26045.22496955053i) (-14560.5913745147+26038.06232374561i) (-14556.57020501147+26030.903428748898i) (-14552.552234045723+26023.748281992946i) (-14548.537458202827+26016.59688000314i) (-14544.525873904637+26009.449220090544i) (-14540.517478055855+26002.30529883527i) (-14536.512266873458+25995.165113766343i) (-14532.510237189543+25988.02866117262i) (-14528.511385454367+25980.89593877546i) (-14524.515708400337+25973.766942934624i) (-14520.523202306436+25966.641671227742i) (-14516.533864569914+25959.52011981707i) (-14512.54769028486+25952.40228673954i) (-14508.564677504135+25945.288168952073i) (-14504.584823076413+25938.1777623241i) (-14500.608121825966+25931.071064462816i) (-14496.634572078514+25923.968072928117i) (-14492.664169554419+25916.86878397854i) (-14488.696911479632+25909.773195206442i) (-14484.732793958343+25902.681303231075i) (-14480.771814132468+25895.59310539072i) (-14476.813968247305+25888.50859829445i) (-14472.859253191375+25881.427779453883i) (-14468.907665644087+25874.350645521026i) (-14464.959202045762+25867.2771937684i) (-14461.013859331488+25860.207421001214i) (-14457.071633871028+25853.141324787357i) (-14453.13252292326+25846.07890127931i) (-14449.196521686723+25839.02014857505i) (-14445.263629078043+25831.965063464482i) (-14441.333840363717+25824.913642223764i) (-14437.40715267884+25817.86588223951i) (-14433.483562221454+25810.8217815053i) (-14429.563065802724+25803.781335361316i) (-14425.64566072801+25796.7445433967i) (-14421.731343043557+25789.711399298925i) (-14417.820110119914+25782.681905481157i) (-14413.911957923916+25775.656051117192i) (-14410.006883492366+25768.633837538582i) (-14406.104884289394+25761.61526653771i) (-14402.2059561385+25754.60032775753i) (-14398.31009619612+25747.589022649103i) (-14394.4173007426+25740.58134540864i) (-14390.527567103301+25733.57729600836i) (-14386.640891588784+25726.57686913851i) (-14382.757271081366+25719.580063591515i) (-14378.876702489706+25712.586875127134i) (-14374.999182524445+25705.597302425915i) (-14371.124707603607+25698.61134111221i) (-14367.25327533299+25691.628989290282i) (-14363.384881552147+25684.650243463147i) (-14359.519523907868+25677.67510112236i) (-14355.657198605248+25670.70355916411i) (-14351.797902632708+25663.73561480042i) (-14347.94163259859+25656.771265078616i) (-14344.08838544686+25649.81050723504i) (-14340.238157893236+25642.8533385731i) (-14336.390946765721+25635.899755882703i) (-14332.546749031588+25628.949756737416i) (-14328.705561256469+25622.003337947826i) (-14324.86738089913+25615.060496963757i) (-14321.03220370407+25608.12123053606i) (-14317.20002770451+25601.185536306395i) (-14313.370848897412+25594.253410953435i) (-14309.54466464539+25587.324851734866i) (-14305.721471198778+25580.39985585337i) (-14301.901265972163+25573.47842045931i) (-14298.084045138428+25566.56054274041i) (-14294.269806008713+25559.64622009043i) (-14290.45854522046+25552.735449372063i) (-14286.650259964264+25545.8282285744i) (-14282.844946725772+25538.924553204197i) (-14279.042603419846+25532.02442346557i) (-14275.243226385413+25525.127834456725i) (-14271.446811248195+25518.234781417566i) (-14267.653356800396+25511.345264819603i) (-14263.862858460696+25504.459279883627i) (-14260.075314040998+25497.576824771044i) (-14256.290719812243+25490.697896054815i) (-14252.5090723494+25483.822491839193i) (-14248.730369507353+25476.950608755098i) (-14244.954607454874+25470.08224443025i) (-14241.181783515884+25463.217395849195i) (-14237.411894751313+25456.35606063029i) (-14233.644938237168+25449.498235530897i) (-14229.880910866948+25442.643917931076i) (-14226.119809788084+25435.793104363125i) (-14222.361631354326+25428.945792601524i) (-14218.606372924343+25422.101978977393i) (-14214.854030601582+25415.261661458764i) (-14211.10460156677+25408.424836555394i) (-14207.358082292027+25401.591502822906i) (-14203.614469651813+25394.761656602914i) (-14199.87376092041+25387.935296646247i) (-14196.135952655623+25381.1124189825i) (-14192.401043570557+25374.29302252573i) (-14188.669028333208+25367.477103516158i) (-14184.939906602904+25360.664660509683i) (-14181.213675579595+25353.855688230902i) (-14177.490331247207+25347.05018578825i) (-14173.76987060218+25340.24814870688i) (-14170.052291100445+25333.449574413928i) (-14166.337589111423+25326.654460243044i) (-14162.625761199415+25319.86280306579i) (-14158.91680447267+25313.07460053436i) (-14155.210715154888+25306.289849867873i) (-14151.507490927499+25299.50854878554i) (-14147.807128007606+25292.73069532483i) (-14144.109624265631+25285.95628533571i) (-14140.414976188065+25279.185318408698i) (-14136.72318160322+25272.417790323645i) (-14133.03423757274+25265.653699039056i) (-14129.348141251863+25258.893041111092i) (-14125.66488977179+25252.135814538517i) (-14121.98447985508+25245.382015314342i) (-14118.30690879999+25238.6316416548i) (-14114.63217293363+25231.884689905684i) (-14110.960269719082+25225.14115837848i) (-14107.291195548692+25218.40104402827i) (-14103.624948045715+25211.664344448323i) (-14099.961523959813+25204.9310571412i) (-14096.300920845391+25198.201179137333i) (-14092.643135208047+25191.47470869308i) (-14088.988165381026+25184.751642009367i) (-14085.336007624723+25178.031976715236i) (-14081.686658975865+25171.315710092545i) (-14078.04011714081+25164.60283948947i) (-14074.396378175588+25157.893361984825i) (-14070.7554401581+25151.187274936507i) (-14067.117298897465+25144.484575872044i) (-14063.481952704675+25137.78526209714i) (-14059.84939723387+25131.08933150611i) (-14056.219631092503+25124.396780901807i) (-14052.592650874169+25117.70760832091i) (-14048.968453711503+25111.021810400533i) (-14045.34703687408+25104.339385283332i) (-14041.728397579085+25097.660329165134i) (-14038.112533013631+25090.984640528986i) (-14034.499439850162+25084.312315545205i) (-14030.889115801318+25077.643352654333i) (-14027.281556956703+25070.97774809843i) (-14023.67676162672+25064.31550040166i) (-14020.074725501807+25057.65660628738i) (-14016.47544717952+25051.00106390826i) (-14012.878922693464+25044.3488701061i) (-14009.28515046132+25037.700022732904i) (-14005.69412662874+25031.054518788565i) (-14002.105849482306+25024.412355944267i) (-13998.520315002908+25017.77353034364i) (-13994.937520517666+25011.138041810336i) (-13991.357464521272+25004.505884968883i) (-13987.780142205196+24997.877060958293i) (-13984.205555206205+24991.25156139514i) (-13980.633692374216+24984.629388127647i) (-13977.064558093422+24978.01053716825i) (-13973.498145485506+24971.395007392697i) (-13969.934454746151+24964.78279471157i) (-13966.373480933053+24958.173898098037i) (-13962.815222932888+24951.56831298617i) (-13959.259677151282+24944.9660389247i) (-13955.706841131869+24938.36707087104i) (-13952.15671231785+24931.77140851373i) (-13948.609286730925+24925.17904707017i) (-13945.064562753301+24918.589985548962i) (-13941.522536237522+24912.004220607665i) (-13937.983205942845+24905.421750019665i) (-13934.446567215966+24898.842571962134i) (-13930.912619192224+24892.266682792215i) (-13927.381357840528+24885.69408186678i) (-13923.85278141074+24879.12476412105i) (-13920.326887229952+24872.558729866272i) (-13916.803672086287+24865.995973249534i) (-13913.283134147798+24859.436494601578i) (-13909.765268864652+24852.880288243276i) (-13906.25007571682+24846.327354417666i) (-13902.737548639128+24839.777688741808i) (-13899.22768886117+24833.231289506744i) (-13895.720488846695+24826.688154942767i) (-13892.21595071499+24820.148281155816i) (-13888.714067637275+24813.611668471152i) (-13885.214840500055+24807.07831014993i) (-13881.718264586882+24800.548209775152i) (-13878.224338529859+24794.02135730212i) (-13874.733060306231+24787.49775780954i) (-13871.244424283432+24780.97740030133i) (-13867.758433338948+24774.46028998782i) (-13864.275075401441+24767.94641719014i) (-13860.794360387514+24761.435784061316i) (-13857.316267419603+24754.928386778534i) (-13853.84081823147+24748.424215846648i) (-13850.367957552538+24741.92328672365i) (-13846.89777519687+24735.425611436647i) (-13843.430194298342+24728.93111346211i) (-13839.965227033685+24722.439868182017i) (-13836.502876455132+24715.951833094176i) (-13833.043143241637+24709.467027072104i) (-13829.586018088205+24702.985432429236i) (-13826.131506868594+24696.507056098333i) (-13822.679598034167+24690.031889430917i) (-13819.23029744786+24683.559932429205i) (-13815.783594402434+24677.091182337153i) (-13812.339492996774+24670.625634821386i) (-13808.897984632811+24664.163290413806i) (-13805.459070595032+24657.704143263418i) (-13802.022745853292+24651.24819495406i) (-13798.589008786897+24644.79543909854i) (-13795.15785699428+24638.34587738568i) (-13791.72928671931+24631.89950384857i) (-13788.303297558126+24625.456318890065i) (-13784.879884513715+24619.016317963684i) (-13781.459047675575+24612.579499756645i) (-13778.040781527521+24606.14586135968i) (-13774.625086391814+24599.715399803834i) (-13771.211956847943+24593.288113880168i) (-13767.801392544683+24586.863999258843i) (-13764.39338911514+24580.44305598035i) (-13760.987944953247+24574.025278942874i) (-13757.585057201943+24567.61066863775i) (-13754.184722657626+24561.199219654663i) (-13750.786940244438+24554.79093264643i) (-13747.391705457812+24548.385802748948i) (-13743.999018013961+24541.983829610566i) (-13740.60887367685+24535.58500850301i) (-13737.22127045221+24529.18933866516i) (-13733.836205306618+24522.796817649432i) (-13730.45367702442+24516.407441695694i) (-13727.073681166963+24510.021210029292i) (-13723.696216393591+24503.638118718263i) (-13720.3212797634+24497.25816705406i) (-13716.948868328796+24490.881350838325i) (-13713.578980464064+24484.507669649774i) (-13710.211612548557+24478.137119524657i) (-13706.846763449243+24471.769699141096i) (-13703.484428967957+24465.4054054956i) (-13700.124608467107+24459.044236230147i) (-13696.767297603026+24452.686189407228i) (-13693.412495454377+24446.331261749314i) (-13690.06019796936+24439.979451905114i) (-13686.710403724293+24433.63075647477i) (-13683.363109630332+24427.285174319077i) (-13680.01831327351+24420.942701674812i) (-13676.676012213125+24414.603337828972i) (-13673.336203773542+24408.267078852456i) (-13669.998886101155+24401.933923569304i) (-13666.66405564037+24395.603868890103i) (-13663.331711218683+24389.276912720874i) (-13660.00184910456+24382.953052872734i) (-13656.674467645997+24376.632286513915i) (-13653.349563730138+24370.314611828016i) (-13650.027135360095+24364.00002583969i) (-13646.707179725096+24357.688527004437i) (-13643.3896944273+24351.380112115523i) (-13640.074677155542+24345.074779821334i) (-13636.762124909419+24338.772526768284i) (-13633.452036158043+24332.473351692242i) (-13630.144407293723+24326.177251421577i) (-13626.839237189259+24319.88422399651i) (-13623.536521912007+24313.59426711925i) (-13620.236260870637+24307.307378157864i) (-13616.938449457568+24301.02355480474i) (-13613.643086400674+24294.74279504447i) (-13610.350169521418+24288.46509694201i) (-13607.059695666325+24282.190456721968i) (-13603.771662651943+24275.918873886818i) (-13600.486068089338+24269.650344767033i) (-13597.202909751537+24263.384867856665i) (-13593.922184449239+24257.12244027957i) (-13590.64389083699+24250.86306041435i) (-13587.36802540223+24244.606725398742i) (-13584.094586790934+24238.353433101944i) (-13580.823571645742+24232.10318162591i) (-13577.554978628556+24225.855967565938i) (-13574.288804252603+24219.611789746i) (-13571.025046293758+24213.370645444655i) (-13567.763702837503+24207.132532214382i) (-13564.504770857082+24200.897447870975i) (-13561.24824847019+24194.66539063125i) (-13557.99413303508+24188.43635788234i) (-13554.742422477244+24182.21034674615i) (-13551.493113550401+24175.987356274334i) (-13548.246205287747+24169.76738284809i) (-13545.001693737404+24163.55042529122i) (-13541.759577852095+24157.33647988946i) (-13538.519854348979+24151.12554617879i) (-13535.282521180683+24144.91762036935i) (-13532.04757574985+24138.712701404i) (-13528.815016100012+24132.510785913415i) (-13525.584839500838+24126.31187287541i) (-13522.357043913058+24120.115958906943i) (-13519.131626652867+24113.923042400493i) (-13515.908585354318+24107.733120657314i) (-13512.687918083047+24101.546192027963i) (-13509.469622057099+24095.36225372826i) (-13506.253695088102+24089.181304017082i) (-13503.040134664068+24083.003340086703i) (-13499.828939240095+24076.828359854084i) (-13496.620105136695+24070.656361470006i) (-13493.413630893898+24064.487342437835i) (-13490.209513386806+24058.321300033866i) (-13487.007752553704+24052.158233329064i) (-13483.80834304991+24045.998138436033i) (-13480.611282905975+24039.841013669287i) (-13477.41657299508+24033.68685879818i) (-13474.224206886473+24027.535668898152i) (-13471.034185495359+24021.387442877538i) (-13467.846504262201+24015.242178463497i) (-13464.661162565186+24009.099873297608i) (-13461.478156639769+24002.9605256028i) (-13458.297485204206+23996.82413226583i) (-13455.119145525801+23990.69069209837i) (-13451.943135235273+23984.56020185526i) (-13448.76945198152+23978.432660975497i) (-13445.59809411578+23972.308065467827i) (-13442.429058609137+23966.186414113494i) (-13439.262343534687+23960.067704320758i) (-13436.097946497863+23953.951934262404i) (-13432.935865081676+23947.839101420934i) (-13429.77609730227+23941.729203719187i) (-13426.618640680077+23935.6222391857i) (-13423.463492994673+23929.518205141372i) (-13420.31065207358+23923.417099982235i) (-13417.16011529908+23917.318921066053i) (-13414.01188096225+23911.223666411024i) (-13410.8659460479+23905.13133380117i) (-13407.722309248926+23899.04192131429i) (-13404.58096716497+23892.955426664208i) (-13401.441918652195+23886.871847253817i) (-13398.30516055174+23880.791181468452i) (-13395.170691435942+23874.71342635683i) (-13392.038508338472+23868.63858034608i) (-13388.908609517872+23862.566641492765i) (-13385.780992439115+23856.497607573925i) (-13382.65565495415+23850.431476168484i) (-13379.53259462388+23844.368245326106i) (-13376.411809770769+23838.307912334425i) (-13373.293298027029+23832.250475635934i) (-13370.177056295324+23826.19593307899i) (-13367.063083323363+23820.14428220025i) (-13363.951376326328+23814.09552103769i) (-13360.841933666496+23808.049647408643i) (-13357.734752630617+23802.00665931939i) (-13354.62983113702+23795.966554517538i) (-13351.527167122906+23789.92933084009i) (-13348.426758139361+23783.894985903025i) (-13345.328601953886+23777.863518077393i) (-13342.232696689643+23771.834924989016i) (-13339.139040045953+23765.809204375255i) (-13336.047629354092+23759.786354455453i) (-13332.958463261519+23753.766372727405i) (-13329.871538729778+23747.749257521733i) (-13326.786854318078+23741.73500608471i) (-13323.704407078818+23735.72361711086i) (-13320.624196034001+23729.715087384167i) (-13317.54621676865+23723.70941546642i) (-13314.470469312895+23717.706600240697i) (-13311.396951137913+23711.706637826297i) (-13308.325659134445+23705.709526888226i) (-13305.256591766421+23699.715265404822i) (-13302.189746630625+23693.723851048544i) (-13299.125121701927+23687.735282022335i) (-13296.062714685107+23681.749555915154i) (-13293.002523582167+23675.76667091201i) (-13289.944546055074+23669.786624677883i) (-13286.888780279187+23663.80941528689i) (-13283.835223574042+23657.835040467253i) (-13280.783874260882+23651.863498495142i) (-13277.734729927253+23645.894786895777i) (-13274.687788676321+23639.928904098277i) (-13271.643048470538+23633.96584701116i) (-13268.600506243545+23628.005614470756i) (-13265.56016094815+23622.04820421779i) (-13262.522009856153+23616.093613967398i) (-13259.486051196984+23610.14184191692i) (-13256.452282504742+23604.19288564388i) (-13253.420701756419+23598.2467434167i) (-13250.391307006092+23592.30341314128i) (-13247.364095990755+23586.362892432244i) (-13244.339066511646+23580.42517958689i) (-13241.316216510106+23574.490272312625i) (-13238.295543935545+23568.558168696152i) (-13235.277046720319+23562.628866677573i) (-13232.260722662022+23556.70236405213i) (-13229.246569723182+23550.77865887395i) (-13226.234585713828+23544.857749040624i) (-13223.224768625676+23538.939632442627i) (-13220.217115743686+23533.0243070613i) (-13217.211626147946+23527.111771737822i) (-13214.208297160814+23521.202022632595i) (-13211.207126499821+23515.295059341515i) (-13208.208112407605+23509.390878278773i) (-13205.211251946954+23503.489479215626i) (-13202.216544614286+23497.590858906413i) (-13199.223986991801+23491.69501543775i) (-13196.233577319947+23485.801946982436i) (-13193.24531385902+23479.911651757444i) (-13190.25919400613+23474.024127390505i) (-13187.275216519382+23468.13937182031i) (-13184.293378712904+23462.257383007567i) (-13181.313678250393+23456.37815941528i) (-13178.336113739359+23450.501698287044i) (-13175.36068279078+23444.627998230106i) (-13172.387383477468+23438.757056932456i) (-13169.416213461558+23432.888872251715i) (-13166.447170917501+23427.023442722482i) (-13163.480253921865+23421.160765630066i) (-13160.515460253071+23415.300839511958i) (-13157.552787681667+23409.44366198238i) (-13154.592234526855+23403.589231238904i) (-13151.633798402243+23397.737545418513i) (-13148.677477743466+23391.88860215216i) (-13145.723269984988+23386.042399746657i) (-13142.771173283685+23380.198936221466i) (-13139.821185939923+23374.35820932699i) (-13136.87330537389+23368.520217153942i) (-13133.927530073805+23362.684957859685i) (-13130.983857466696+23356.852429404982i) (-13128.042286118603+23351.02262967731i) (-13125.102813492584+23345.19555691755i) (-13122.165438024782+23339.37120883493i) (-13119.230157384105+23333.54958370287i) (-13116.296969576197+23327.73067941704i) (-13113.365872797081+23321.914494485674i) (-13110.436864974254+23316.1010258959i) (-13107.509944073256+23310.290272720224i) (-13104.585108063347+23304.482232158876i) (-13101.662354907327+23298.67690292995i) (-13098.741682728276+23292.874282503075i) (-13095.823089465945+23287.07436919253i) (-13092.90657276384+23281.277161015918i) (-13089.99213149786+23275.482656414562i) (-13087.079762892477+23269.690852540236i) (-13084.169465423194+23263.901748280656i) (-13081.261236728353+23258.115341158624i) (-13078.355075187214+23252.33162950947i) (-13075.450978563116+23246.550611115254i) (-13072.548945104034+23240.772284498187i) (-13069.64897326475+23234.99664701341i) (-13066.751059592154+23229.223696788962i) (-13063.855203642286+23223.453432759336i) (-13060.961402517556+23217.685852237377i) (-13058.069654710634+23211.920953425488i) (-13055.179958145305+23206.158734388773i) (-13052.292311157145+23200.399193397803i) (-13049.406711242349+23194.64232821211i) (-13046.523156951007+23188.888136888945i) (-13043.641645982612+23183.1366174731i) (-13040.762176512166+23177.387768673383i) (-13037.884746399039+23171.6415876339i) (-13035.00935412434+23165.898073006676i) (-13032.13599741053+23160.157222906713i) (-13029.264674465518+23154.419035247774i) (-13026.395383264673+23148.68350790013i) (-13023.52812206712+23142.950639185794i) (-13020.662888676205+23137.22042719964i) (-13017.799681191762+23131.492869753136i) (-13014.938497808373+23125.767965360676i) (-13012.079336506717+23120.045712165476i) (-13009.222195393042+23114.326107676898i) (-13006.367072721416+23108.609150481716i) (-13003.513966466748+23102.89483842049i) (-13000.66287471924+23097.183169779277i) (-12997.813795403426+23091.47414257897i) (-12994.966726568977+23085.76775454707i) (-12992.121666596964+23080.06400415597i) (-12989.278614157509+23074.362891337085i) (-12986.437565607099+23068.664408853914i) (-12983.598520746868+23062.96856039742i) (-12980.76147638608+23057.27534208467i) (-12977.926431449236+23051.58475138244i) (-12975.09338383313+23045.896787239813i) (-12972.262331807047+23040.211447325506i) (-12969.433273238234+23034.528730260452i) (-12966.606206246253+23028.848633419348i) (-12963.781129079354+23023.171155634125i) (-12960.958040005102+23017.496294316894i) (-12958.136936674651+23011.824048281484i) (-12955.31781744833+23006.15441516646i) (-12952.500680398432+23000.48739350905i) (-12949.68552376657+22994.82298120809i) (-12946.87234582483+22989.16117636166i) (-12944.061144452684+22983.501977335385i) (-12941.251917806527+22977.84538171488i) (-12938.444663968192+22972.191388268126i) (-12935.639381226209+22966.53999470353i) (-12932.83606765881+22960.8911994447i) (-12930.034721362827+22955.245000429513i) (-12927.235340526828+22949.601395847796i) (-12924.437923235877+22943.960383889113i) (-12921.64246773475+22938.321962698843i) (-12918.848972046006+22932.686130478898i) (-12916.057434392282+22927.0528853734i) (-12913.267852933524+22921.422225606508i) (-12910.480225733565+22915.79414901909i) (-12907.694551623137+22910.168654066223i) (-12904.910827477355+22904.545738617235i) (-12902.129052501034+22898.925401085053i) (-12899.349224410564+22893.30763956075i) (-12896.57134162632+22887.69245217493i) (-12893.795401851705+22882.07983731388i) (-12891.021403884522+22876.46979274935i) (-12888.249345411037+22870.86231693469i) (-12885.479224968243+22865.257407882098i) (-12882.711040370114+22859.655064259234i) (-12879.944790289588+22854.055283054186i) (-12877.180471931802+22848.45806380423i) (-12874.41808485521+22842.86340410652i) (-12871.657626723569+22837.27130191747i) (-12868.899094236729+22831.68175482059i) (-12866.142487757712+22826.094764342553i) (-12863.387805726908+22820.510323455645i) (-12860.635043477989+22814.928434059228i) (-12857.884201669265+22809.34909299145i) (-12855.135277502879+22803.77229927946i) (-12852.388269708463+22798.19805020987i) (-12849.643176591906+22792.62634451492i) (-12846.899995250065+22787.05718000668i) (-12844.158725233752+22781.490555506898i) (-12841.419364023965+22775.9264683277i) (-12838.681910061543+22770.36491736771i) (-12835.946361395847+22764.805900512478i) (-12833.212716307477+22759.24941616821i) (-12830.48097289867+22753.69546223482i) (-12827.751129748769+22748.144037070655i) (-12825.023184577756+22742.59513912464i) (-12822.297135960278+22737.04876641155i) (-12819.572981983383+22731.50491721538i) (-12816.850721110462+22725.963589608782i) (-12814.130351421976+22720.424782173293i) (-12811.411871354514+22714.88849252877i) (-12808.695278655809+22709.354719191608i) (-12805.980572022581+22703.823460210304i) (-12803.26774934846+22698.29471405736i) (-12800.55680918147+22692.768479036156i) (-12797.84774954748+22687.244752947918i) (-12795.140568620165+22681.72353432994i) (-12792.435264867256+22676.20482129379i) (-12789.73183645993+22670.688612336544i) (-12787.030281458086+22665.174905449065i) (-12784.330598354081+22659.663699095054i) (-12781.63278545039+22654.154991059437i) (-12778.936841207129+22648.648780035095i) (-12776.242763291228+22643.14506401313i) (-12773.550550656466+22637.643841141962i) (-12770.860200758016+22632.1451097435i) (-12768.171712429747+22626.648868033128i) (-12765.485083553358+22621.155114363624i) (-12762.800313071044+22615.66384686013i) (-12760.11739726521+22610.1750642127i) (-12757.436338011863+22604.688764975617i) (-12754.757130729933+22599.204945315185i) (-12752.079774543705+22593.723605880707i) (-12749.404267344575+22588.24474353375i) (-12746.730608140188+22582.76835731807i) (-12744.05879455336+22577.294444895073i) (-12741.388825742522+22571.823004912294i) (-12738.72069878097+22566.354035481967i) (-12736.054413101901+22560.887534635098i) (-12733.38996585008+22555.42350103894i) (-12730.727356425305+22549.961932465572i) (-12728.066582218102+22544.502828202887i) (-12725.407642303922+22539.046185305742i) (-12722.750534343562+22533.592003211008i) (-12720.095257349425+22528.140278715822i) (-12717.441809315296+22522.69101173841i) (-12714.790188132823+22517.244198804594i) (-12712.140392482073+22511.799840073258i) (-12709.492420483377+22506.35793169034i) (-12706.846270784823+22500.9184739504i) (-12704.201941097674+22495.481463792803i) (-12701.559430425037+22490.046900937843i) (-12698.918736146283+22484.614781571672i) (-12696.279857896858+22479.18510649781i) (-12693.64279269633+22473.757871575963i) (-12691.007539789298+22468.333078681302i) (-12688.37409984365+22462.910720810873i) (-12685.74246463796+22457.490798148774i) (-12683.1126377018+22452.073312807934i) (-12680.484616445689+22446.65825847697i) (-12677.858398655437+22441.245636406336i) (-12675.233982980473+22435.83544255052i) (-12672.611367643947+22430.42767718662i) (-12669.990551054925+22425.02233675067i) (-12667.371531485744+22419.619421444768i) (-12664.754306976081+22414.21892768303i) (-12662.138876275534+22408.820855703027i) (-12659.525237619346+22403.425201985403i) (-12656.913389420388+22398.031966533687i) (-12654.303329431585+22392.64114637812i) (-12651.695057614947+22387.252740933825i) (-12649.088570228116+22381.866746807984i) (-12646.483867172803+22376.4831644102i) (-12643.880946042309+22371.101990662617i) (-12641.279805778424+22365.72322436867i) (-12638.680443980531+22360.3468636442i) (-12636.082859960356+22354.972906956587i) (-12633.487051219436+22349.601352560305i) (-12630.893016767142+22344.232198842947i) (-12628.300754217347+22338.86544393814i) (-12625.710262709894+22333.501086377626i) (-12623.121539990796+22328.139124442994i) (-12620.534585068035+22322.77955670109i) (-12617.949395538686+22317.42238115618i) (-12615.36597074465+22312.067596318528i) (-12612.784308143728+22306.715200297593i) (-12610.204407054662+22301.365191812954i) (-12607.626264636518+22296.01756908794i) (-12605.049880689712+22290.672330120222i) (-12602.475252208658+22285.32947359875i) (-12599.90237919506+22279.988998135315i) (-12597.33125829043+22274.650901330526i) (-12594.76188979739+22269.315181930335i) (-12592.194269740412+22263.981838267682i) (-12589.628400021473+22258.65086865896i) (-12587.06427353825+22253.322269212942i) (-12584.50189235692+22247.99604529199i) (-12581.941257084507+22242.672188140845i) (-12579.382362034663+22237.350698484726i) (-12576.825207769929+22232.03157471645i) (-12574.269791474286+22226.71481509206i) (-12571.716112530612+22221.400418043333i) (-12569.164168541041+22216.088382209695i) (-12566.613958705082+22210.778705668803i) (-12564.065480928566+22205.47138689096i) (-12561.518734324525+22200.166424015013i) (-12558.973716299952+22194.8638153079i) (-12556.430425732382+22189.563559477014i) (-12553.888860728937+22184.26565459712i) (-12551.349020159705+22178.970100089282i) (-12548.810902609122+22173.67689302923i) (-12546.274506058571+22168.386032789316i) (-12543.739829658916+22163.097516518785i) (-12541.206871396862+22157.811343956608i) (-12538.675629585663+22152.527510445536i) (-12536.146100951588+22147.246020086804i) (-12533.61828769076+22141.96686703552i) (-12531.092184985388+22136.69004929584i) (-12528.567793014787+22131.41556758489i) (-12526.045109346334+22126.143419136628i) (-12523.524133265008+22120.87360268202i) (-12521.004862975638+22115.60611611901i) (-12518.487296497216+22110.340957947406i) (-12515.97143272634+22105.078126584736i) (-12513.457269175924+22099.817620603444i) (-12510.944805466246+22094.559438710694i) (-12508.434039366246+22089.303578599858i) (-12505.924969850912+22084.05003930361i) (-12503.417594809245+22078.79881878312i) (-12500.911913217027+22073.549915678337i) (-12498.40792305359+22068.303328369468i) (-12495.905623283215+22063.0590550178i) (-12493.405011911138+22057.817094525526i) (-12490.906087772459+22052.577444654897i) (-12488.408848950898+22047.3401046864i) (-12485.91329440234+22042.105071917955i) (-12483.41942237173+22036.872345862605i) (-12480.927230836503+22031.641923985495i) (-12478.436719550771+22026.413805663095i) (-12475.947885552312+22021.18798826709i) (-12473.460727798223+22015.964470953615i) (-12470.975245447882+22010.743252110784i) (-12468.491436110322+22005.524330195905i) (-12466.00929891591+22000.30770324875i) (-12463.528831977752+21995.0933698154i) (-12461.050034064898+21989.881328416643i) (-12458.57290338193+21984.671577327856i) (-12456.09743866625+21979.464115147122i) (-12453.623638027664+21974.25894009775i) (-12451.151500371489+21969.056050745974i) (-12448.68102364847+21963.85544566118i) (-12446.212207001452+21958.65712309957i) (-12443.745048211276+21953.46108153718i) (-12441.279546565218+21948.26731945679i) (-12438.815699895142+21943.075835494186i) (-12436.353507270434+21937.886627896667i) (-12433.892966860707+21932.69969527977i) (-12431.434077437392+21927.515035834822i) (-12428.976837473972+21922.332648215008i) (-12426.521245093618+21917.15253058385i) (-12424.067299558017+21911.974681910033i) (-12421.61499880999+21906.799099457778i) (-12419.164341486105+21901.6257828259i) (-12416.715326040508+21896.454729918994i) (-12414.267951032558+21891.285939897498i) (-12411.822214707423+21886.119410591633i) (-12409.378116214722+21880.955140247162i) (-12406.935653419825+21875.793127874414i) (-12404.494825603857+21870.633371700795i) (-12402.05563072989+21865.475870037124i) (-12399.61806691733+21860.320621690982i) (-12397.182133552576+21855.16762548811i) (-12394.74782883537+21850.01687906174i) (-12392.315151635601+21844.868381297092i) (-12389.88410048451+21839.72213069644i) (-12387.454673752145+21834.57812531634i) (-12385.026869675585+21829.436363555018i) (-12382.600687055214+21824.29684398868i) (-12380.17612381619+21819.159565502225i) (-12377.753179080632+21814.02452639264i) (-12375.331851161727+21808.891725510788i) (-12372.91213910931+21803.761160915627i) (-12370.494041318507+21798.632831291532i) (-12368.077556256492+21793.506734853705i) (-12365.662682506158+21788.382870100373i) (-12363.249418463529+21783.26123544683i) (-12360.837762659032+21778.1418295826i) (-12358.42771372708+21773.02465093331i) (-12356.019270096569+21767.909698238225i) (-12353.612430730193+21762.796969544437i) (-12351.207193794584+21757.68646416963i) (-12348.803559538708+21752.57817899168i) (-12346.401521837039+21747.472112771193i) (-12344.001084353138+21742.368267810307i) (-12341.602243793295+21737.266637161792i) (-12339.204998933628+21732.167222755812i) (-12336.809347709423+21727.0700211336i) (-12334.41528963569+21721.975032086975i) (-12332.022821966986+21716.882253234686i) (-12329.631944608322+21711.791683611573i) (-12327.242654706148+21706.703321816778i) (-12324.854952243233+21701.61716602964i) (-12322.468834618187+21696.533215545132i) (-12320.084301765277+21691.451467923303i) (-12317.70135142414+21686.37192253065i) (-12315.31998220228+21681.294576785804i) (-12312.940193392016+21676.21943064085i) (-12310.56198267297+21671.14648060994i) (-12308.18534948686+21666.07572689224i) (-12305.81029124689+21661.007167275333i) (-12303.43680803289+21655.940800146793i) (-12301.064896611932+21650.876624518656i) (-12298.694557290075+21645.814638314347i) (-12296.32578686458+21640.754841148406i) (-12293.958585959332+21635.69723054949i) (-12291.5929516642+21630.641806073283i) (-12289.228883800795+21625.588564795198i) (-12286.86638040915+21620.53750733735i) (-12284.505440220815+21615.488629249878i) (-12282.14606219739+21610.441931780853i) (-12279.788243649125+21605.397411151625i) (-12277.431984949551+21600.355067622593i) (-12275.077282228027+21595.314898697885i) (-12272.724137015284+21590.27690318542i) (-12270.372544356043+21585.241080658256i) (-12268.022506611711+21580.207428029455i) (-12265.674019385915+21575.175946617914i) (-12263.327083602762+21570.14663101814i) (-12260.981697194326+21565.11948537733i) (-12258.637858440907+21560.094501053052i) (-12256.29556899979+21555.071684621937i) (-12253.954820888011+21550.051025224806i) (-12251.61562865183+21545.03253160778i) (-12249.277960918089+21540.016174525226i) (-12246.941832158584+21535.00201079642i) (-12244.607262925843+21529.989983383348i) (-12242.274219740306+21524.98011467458i) (-12239.94271769149+21519.972394581728i) (-12237.612748063782+21514.966830457186i) (-12235.284313225702+21509.9634130929i) (-12232.957410754807+21504.96214826608i) (-12230.632038978605+21499.96302869019i) (-12228.308198531586+21494.966057479905i) (-12225.985885628077+21489.97122977534i) (-12223.66510200603+21484.97854626699i) (-12221.345843115349+21479.988004177983i) (-12219.028110576914+21474.999602127224i) (-12216.711900245768+21470.013339247856i) (-12214.397213181699+21465.029212803696i) (-12212.084045794301+21460.047223482114i) (-12209.77239807304+21455.067367036703i) (-12207.462268037561+21450.089645151776i) (-12205.1536544773+21445.114054320475i) (-12202.846556550801+21440.140594366327i) (-12200.5409719819+21435.16926285888i) (-12198.23690092428+21430.200059419134i) (-12195.934340456512+21425.23298185774i) (-12193.633290937909+21420.26802893806i) (-12191.333749489622+21415.305199238006i) (-12189.035715814598+21410.34449091824i) (-12186.739188015015+21405.385903519164i) (-12184.444165151643+21400.4294340872i) (-12182.150645140537+21395.475082968784i) (-12179.8586272637+21390.52284709682i) (-12177.568110154738+21385.57272688984i) (-12175.279092084267+21380.62471939162i) (-12172.991572511211+21375.67882424407i) (-12170.705549377537+21370.735039275194i) (-12168.42102219623+21365.793363584i) (-12166.13798864968+21360.853795622483i) (-12163.856448366383+21355.91633360277i) (-12161.576399412292+21350.980976749015i) (-12159.297840879983+21346.04772294208i) (-12157.02077096254+21341.116571579038i) (-12154.74518873127+21336.187519972977i) (-12152.471092719996+21331.260568572005i) (-12150.198481508512+21326.33571461941i) (-12147.927354267937+21321.412957288092i) (-12145.657708925857+21316.492294985583i) (-12143.389545236454+21311.57372635496i) (-12141.122860911217+21306.657250165437i) (-12138.857655417072+21301.74286454441i) (-12136.593926816327+21296.83056886652i) (-12134.331674418841+21291.92036060662i) (-12132.070896322057+21287.01223964164i) (-12129.81159155809+21282.106203284886i) (-12127.553758824535+21277.202251582756i) (-12125.297396632144+21272.300381990506i) (-12123.042503900222+21267.4005943353i) (-12120.789079468426+21262.502885894744i) (-12118.537122222813+21257.607256267678i) (-12116.286630231592+21252.71370356864i) (-12114.037602837485+21247.822226343218i) (-12111.790038283501+21242.932823496005i) (-12109.54393578296+21238.045493308753i) (-12107.299293247783+21233.16023473342i) (-12105.056110206544+21228.27704619085i) (-12102.814384744557+21223.395926830595i) (-12100.574115998548+21218.516874794826i) (-12098.335302883836+21213.639888696518i) (-12096.09794384449+21208.76496763896i) (-12093.86203767364+21203.892109103606i) (-12091.627582381196+21199.021313474514i) (-12089.394578300595+21194.152577966703i) (-12087.16302281624+21189.28590208661i) (-12084.932915486092+21184.421283615993i) (-12082.704254501377+21179.558721963243i) (-12080.477038842526+21174.698215081327i) (-12078.251267100375+21169.83976222435i) (-12076.026938023344+21164.983361536048i) (-12073.804050324965+21160.12901225517i) (-12071.582602852512+21155.276712498096i) (-12069.362594523813+21150.4264613445i) (-12067.144023720835+21145.57825717161i) (-12064.92688973882+21140.7320987832i) (-12062.711190775466+21135.887984541074i) (-12060.496926045667+21131.045913279595i) (-12058.284093749478+21126.205883741168i) (-12056.072693240938+21121.367894154424i) (-12053.862722723661+21116.53194384753i) (-12051.654181368915+21111.698030628024i) (-12049.447067502862+21106.866154216437i) (-12047.241380325802+21102.03631236203i) (-12045.037118440763+21097.20850424533i) (-12042.834280306117+21092.38272822652i) (-12040.632865340995+21087.558983449533i) (-12038.432871800054+21082.73726794788i) (-12036.234298587076+21077.917580748144i) (-12034.037144509122+21073.09992058397i) (-12031.841408603083+21068.28428562737i) (-12029.647089135377+21063.470675249246i) (-12027.454184939656+21058.659087410837i) (-12025.262695313697+21053.849521281194i) (-12023.072618275797+21049.041975366585i) (-12020.883953177537+21044.236448344334i) (-12018.69669850878+21039.432938907892i) (-12016.510853212525+21034.631445709383i) (-12014.32641584799+21029.831967460923i) (-12012.143385649097+21025.034502945724i) (-12009.961760872466+21020.239050650176i) (-12007.78154060504+21015.445609369104i) (-12005.602723653396+21010.654177600307i) (-12003.425308700473+21005.864754344744i) (-12001.249294896781+21001.077338069677i) (-11999.074679901887+20996.291926933074i) (-11996.90146402434+20991.508520437972i) (-11994.729644449311+20986.727117343245i) (-11992.55922123943+20981.947715993774i) (-11990.390192925042+20977.17031507644i) (-11988.222558375941+20972.394913381773i) (-11986.056316087426+20967.621509327175i) (-11983.891464895474+20962.850101596603i) (-11981.728003724664+20958.080689432372i) (-11979.565931531915+20953.313270456398i) (-11977.405245833+20948.547844537046i) (-11975.245947277996+20943.784410340213i) (-11973.088033951111+20939.022965839307i) (-11970.93150445314+20934.263510010507i) (-11968.77635793802+20929.50604173522i) (-11966.622592801505+20924.750559318978i) (-11964.470208246901+20919.997061629034i) (-11962.31920262559+20915.245547655377i) (-11960.169575330252+20910.496015769415i) (-11958.021324637923+20905.748464936947i) (-11955.874449751393+20901.002893679055i) (-11953.728949283253+20896.259300858605i) (-11951.584822186243+20891.517684879233i) (-11949.44206726102+20886.778044812017i) (-11947.300683173973+20882.04037918755i) (-11945.160669118008+20877.304686448224i) (-11943.022022768168+20872.570965753406i) (-11940.884744817396+20867.839216391323i) (-11938.748832522724+20863.109435418475i) (-11936.614285863137+20858.381622894718i) (-11934.481102550437+20853.65577693548i) (-11932.349282309573+20848.9318965016i) (-11930.21882349034+20844.209980458792i) (-11928.089725106383+20839.49002711472i) (-11925.961985786447+20834.77203547815i) (-11923.835604785034+20830.05600404049i) (-11921.71058052073+20825.34193213721i) (-11919.586911641742+20820.629817709374i) (-11917.464597883609+20815.919659294414i) (-11915.343637005233+20811.211457410875i) (-11913.224028585515+20806.505208827235i) (-11911.105771504706+20801.800912915307i) (-11908.988864174666+20797.09856879233i) (-11906.873305534813+20792.398174690425i) (-11904.759094625344+20787.6997294355i) (-11902.646230206945+20783.003231930823i) (-11900.534711109642+20778.30868082372i) (-11898.424536184313+20773.61607493234i) (-11896.315704001328+20768.925412711324i) (-11894.208213998167+20764.23669337202i) (-11892.102064416225+20759.549915276137i) (-11889.99725492915+20754.865077746817i) (-11887.89378357372+20750.182178235722i) (-11885.791649598963+20745.501216845136i) (-11883.690851678086+20740.822191570987i) (-11881.591388896268+20736.14510151256i) (-11879.49325987227+20731.469945329693i) (-11877.396463518144+20726.79672163323i) (-11875.300999151892+20722.125429280743i) (-11873.206864745076+20717.456067033145i) (-11871.114059936514+20712.788633701348i) (-11869.022583397003+20708.123127726194i) (-11866.932433962997+20703.45954806643i) (-11864.843610308397+20698.79789369167i) (-11862.756112059724+20694.138163680298i) (-11860.669936022474+20689.480354857995i) (-11858.585083927046+20684.824468114202i) (-11856.501552707103+20680.17050207522i) (-11854.41934187523+20675.518454067464i) (-11852.338449941723+20670.868324153824i) (-11850.25887669704+20666.220110920927i) (-11848.180619775167+20661.57381225379i) (-11846.103679128257+20656.92942775861i) (-11844.028052773889+20652.286955833253i) (-11841.953740297857+20647.646395628402i) (-11839.880740152497+20643.007745592007i) (-11837.809051538126+20638.371004514076i) (-11835.738673018217+20633.736171159435i) (-11833.669603710086+20629.103244247264i) (-11831.601842279362+20624.47222282172i) (-11829.535387796368+20619.843105382548i) (-11827.470239066843+20615.21589072253i) (-11825.406395114216+20610.59057793332i) (-11823.343854772764+20605.96716546276i) (-11821.282616869034+20601.345652173062i) (-11819.22268038247+20596.726036750602i) (-11817.164044085896+20592.10831812695i) (-11815.106706922725+20587.49249513002i) (-11813.050667933441+20582.878566325802i) (-11810.995925929514+20578.266530674282i) (-11808.942479832429+20573.65638686955i) (-11806.890328348858+20569.048133665943i) (-11804.839470684394+20564.441769858146i) (-11802.789905452502+20559.837294366003i) (-11800.741631773675+20555.234705817944i) (-11798.69464844412+20550.634003210595i) (-11796.648954498047+20546.035185125882i) (-11794.604548683168+20541.43825049643i) (-11792.561430176393+20536.84319786552i) (-11790.519597451908+20532.250026436344i) (-11788.479049856278+20527.658734545905i) (-11786.439786209652+20523.069321379717i) (-11784.40180508284+20518.481785406635i) (-11782.365105940185+20513.896125684092i) (-11780.329687105488+20509.31234096246i) (-11778.295547998881+20504.730429937925i) (-11776.26268727315+20500.150391386804i) (-11774.231103783943+20495.572224249285i) (-11772.200796949957+20490.995927684293i) (-11770.17176539602+20486.42149934056i) (-11768.14400767039+20481.848939194864i) (-11766.117523211646+20477.278245396617i) (-11764.092310700005+20472.70941713085i) (-11762.06836904576+20468.142452887474i) (-11760.045697354062+20463.577351702676i) (-11758.024294399787+20459.01411231086i) (-11756.004159182787+20454.45273346202i) (-11753.985290513338+20449.893214116066i) (-11751.967687672188+20445.33555286153i) (-11749.951349115852+20440.77974873625i) (-11747.936273922478+20436.225800512315i) (-11745.922461292297+20431.673706944413i) (-11743.909909909618+20427.123467200025i) (-11741.898619309162+20422.575079388345i) (-11739.888587350722+20418.028542782733i) (-11737.879814018579+20413.4838559041i) (-11735.87229724539+20408.941017979443i) (-11733.866037014883+20404.40002766469i) (-11731.861031560533+20399.860883687594i) (-11729.85727992003+20395.32358487992i) (-11727.854781410422+20390.7881302097i) (-11725.853534373342+20386.254518565467i) (-11723.8535385685+20381.722748464083i) (-11721.854791990045+20377.19281923941i) (-11719.857295290734+20372.664728800966i) (-11717.861044838995+20368.138476411557i) (-11715.866041501187+20363.614061612185i) (-11713.872283655732+20359.091482505595i) (-11711.879770362297+20354.57073813506i) (-11709.888500588491+20350.051827230756i) (-11707.898473238296+20345.534748770915i) (-11705.909687325922+20341.019501203264i) (-11703.922141428031+20336.50608394316i) (-11701.93583523512+20331.994495366496i) (-11699.950767030456+20327.48473469859i) (-11697.966936398858+20322.976800394605i) (-11695.984341574971+20318.47069152936i) (-11694.002982105001+20313.96640678301i) (-11692.02285673979+20309.463945249106i) (-11690.043964448614+20304.96330557729i) (-11688.066304221597+20300.464486560173i) (-11686.089875207846+20295.96748724765i) (-11684.114675967568+20291.472306330717i) (-11682.140705782425+20286.978942671692i) (-11680.167963497159+20282.487395240238i) (-11678.196448159273+20277.99766280103i) (-11676.226158912417+20273.50974430825i) (-11674.257094375773+20269.023638296i) (-11672.28925388697+20264.53934389117i) (-11670.322636065232+20260.056859754317i) (-11668.357240155807+20255.57618511411i) (-11666.3930649533+20251.097318374344i) (-11664.430109584398+20246.620258619463i) (-11662.468373064676+20242.145004699938i) (-11660.507854188596+20237.67155561046i) (-11658.54855202784+20233.199909791132i) (-11656.590465605757+20228.730066602922i) (-11654.633593960396+20224.262024461124i) (-11652.677935994445+20219.79578289117i) (-11650.723490749744+20215.33133974755i) (-11648.770257353739+20210.868694860994i) (-11646.818234653627+20206.407845969083i) (-11644.867421280062+20201.948793373762i) (-11642.917816545778+20197.491534647765i) (-11640.969419168345+20193.036069953603i) (-11639.022229831658+20188.5823974628i) (-11637.076244977134+20184.13051494659i) (-11635.131464901242+20179.68042331691i) (-11633.187888673863+20175.232119887747i) (-11631.245515054783+20170.785604601762i) (-11629.30434304941+20166.34087538482i) (-11627.364371673923+20161.897932111126i) (-11625.425599945152+20157.456772429683i) (-11623.488026908664+20153.01739652019i) (-11621.551651488782+20148.5798024183i) (-11619.616473096625+20144.143989367643i) (-11617.682489843715+20139.709955890074i) (-11615.749701593679+20135.277701226834i) (-11613.81810685037+20130.84722377995i) (-11611.887705357134+20126.418523742606i) (-11609.958495159646+20121.991597535787i) (-11608.03047578027+20117.56644655233i) (-11606.103645947374+20113.143068599373i) (-11604.178004901925+20108.721462399833i) (-11602.253551856968+20104.301626995333i) (-11600.330285629192+20099.883561385344i) (-11598.408205226326+20095.467264523013i) (-11596.487309460215+20091.052735142264i) (-11594.567597630621+20086.639972113117i) (-11592.649068701521+20082.228974331258i) (-11590.731721801378+20077.819741027954i) (-11588.815555648767+20073.41227047889i) (-11586.900569305119+20069.00656187536i) (-11584.98676220508+20064.60261438931i) (-11583.074133010723+20060.200426599557i) (-11581.162680877525+20055.799997570066i) (-11579.252404707015+20051.401325928273i) (-11577.343303752827+20047.004410798683i) (-11575.435376788886+20042.60925107859i) (-11573.528623081198+20038.21584557819i) (-11571.62304108252+20033.824193252283i) (-11569.718630835032+20029.434293162027i) (-11567.815390526006+20025.046143941785i) (-11565.913319972977+20020.659744663448i) (-11564.012417321208+20016.27509392882i) (-11562.11268233558+20011.892190986284i) (-11560.214113269012+20007.51103450877i) (-11558.316709917392+20003.131623828853i) (-11556.420470789728+19998.753957420013i) (-11554.525395493883+19994.37803450701i) (-11552.63148279011+19990.003853502567i) (-11550.738731370282+19985.63141375438i) (-11548.847140765807+19981.260714111508i) (-11546.956709812048+19976.89175336498i) (-11545.06743770573+19972.5245305946i) (-11543.179323194257+19968.159044711632i) (-11541.292365692585+19963.795294280615i) (-11539.40656394581+19959.43327870107i) (-11537.5219171303+19955.07299625813i) (-11535.638424539819+19950.714446922648i) (-11533.756084262124+19946.357628143305i) (-11531.874896427376+19942.002540366324i) (-11529.99486027857+19937.649182208082i) (-11528.115973765633+19933.297551321342i) (-11526.23823675815+19928.947647786183i) (-11524.361648044913+19924.599470176207i) (-11522.486206519372+19920.253017511914i) (-11520.611911302229+19915.908288541672i) (-11518.738761712553+19911.565282732605i) (-11516.866756605978+19907.223998347945i) (-11514.995895230775+19902.884434748048i) (-11513.126176471425+19898.54659089639i) (-11511.257599634242+19894.210465199758i) (-11509.390163310884+19889.87605672486i) (-11507.523866910045+19885.54336521919i) (-11505.658709473028+19881.21238852282i) (-11503.794690025177+19876.883126236055i) (-11501.931807542609+19872.55557700397i) (-11500.070061356111+19868.229739834216i) (-11498.209450282953+19863.905614035917i) (-11496.349973441454+19859.583197847645i) (-11494.491629986687+19855.262490684494i) (-11492.634419096279+19850.94349123374i) (-11490.778339428693+19846.626198859827i) (-11488.923390579574+19842.310612172885i) (-11487.069571174052+19837.99672990737i) (-11485.216880990403+19833.68455129209i) (-11483.365318110802+19829.374075191183i) (-11481.514881703508+19825.06530075378i) (-11479.66557221481+19820.758226741764i) (-11477.817387168387+19816.452852116163i) (-11475.970326633163+19812.149175772658i) (-11474.12438894394+19807.847196815474i) (-11472.279573888365+19803.546913750986i) (-11470.435879478351+19799.24832611811i) (-11468.593306292787+19794.951432604277i) (-11466.75185238779+19790.656232378256i) (-11464.911517023724+19786.362723966886i) (-11463.072299609845+19782.070906698827i) (-11461.234198969612+19777.780779319874i) (-11459.397214229644+19773.49234095539i) (-11457.561344310616+19769.205590164067i) (-11455.72658871885+19764.9205261596i) (-11453.892946275826+19760.63714816526i) (-11452.060416153357+19756.355454652865i) (-11450.22899717335+19752.075445040748i) (-11448.39868875053+19747.797117671755i) (-11446.56949011796+19743.520472378823i) (-11444.741399642335+19739.245507484222i) (-11442.91441724186+19734.972222292417i) (-11441.08854130047+19730.7006152456i) (-11439.263772433418+19726.430685887546i) (-11437.440106962951+19722.162433840196i) (-11435.61754773802+19717.89585560628i) (-11433.796090754158+19713.63095169328i) (-11431.975735027328+19709.367722594558i) (-11430.156482116661+19705.10616440818i) (-11428.338329595745+19700.84627846169i) (-11426.521276406627+19696.588062290928i) (-11424.70532220237+19692.331515317434i) (-11422.890465805673+19688.076636481546i) (-11421.076706736516+19683.823424942188i) (-11419.26404328423+19679.571879583018i) (-11417.452475418128+19675.32199918497i) (-11415.642001671025+19671.07378302061i) (-11413.832621776974+19666.82723010405i) (-11412.024334429294+19662.582339092463i) (-11410.217138623397+19658.33910887352i) (-11408.411033755307+19654.09753861245i) (-11406.606018851542+19649.857627187623i) (-11404.80209299563+19645.619373542293i) (-11402.999254341274+19641.38277786477i) (-11401.197504637174+19637.147836935223i) (-11399.396840436058+19632.914551255406i) (-11397.597261600476+19628.68291961387i) (-11395.798767338803+19624.4529405407i) (-11394.001357134703+19620.224613419516i) (-11392.205029621033+19615.99793734458i) (-11390.409784271149+19611.7729111008i) (-11388.615620043423+19607.549533570513i) (-11386.822535984506+19603.327803757278i) (-11385.030531673125+19599.107720858676i) (-11383.23960571286+19594.889283746274i) (-11381.449757351163+19590.672491337064i) (-11379.660985790151+19586.45734263712i) (-11377.873290041272+19582.243836741673i) (-11376.086669524377+19578.031972613117i) (-11374.301123034838+19573.821749182203i) (-11372.516650054182+19569.613165434923i) (-11370.733249413286+19565.406220465873i) (-11368.95092036284+19561.200913331137i) (-11367.169662015851+19556.99724290875i) (-11365.389473511248+19552.79520818995i) (-11363.61035409549+19548.594808156024i) (-11361.832302677962+19544.396041810738i) (-11360.055318666873+19540.19890824242i) (-11358.279401027887+19536.003406403634i) (-11356.504548991012+19531.809535181772i) (-11354.730761675179+19527.617293919193i) (-11352.958038387831+19523.426681335375i) (-11351.186377849599+19519.23769646114i) (-11349.415779473089+19515.050338325338i) (-11347.646242366509+19510.86460601484i) (-11345.877765672669+19506.68049818977i) (-11344.110348439619+19502.498014434073i) (-11342.343990162623+19498.317153363932i) (-11340.578689838028+19494.137914088944i) (-11338.814446193452+19489.960295658697i) (-11337.051259084274+19485.784297387327i) (-11335.28912731462+19481.60991740541i) (-11333.528049558925+19477.437155581883i) (-11331.768025665173+19473.266010436022i) (-11330.00905461688+19469.096481246215i) (-11328.25113553683+19464.92856686318i) (-11326.494267686892+19460.762266294907i) (-11324.738450149693+19456.59757871004i) (-11322.98368212811+19452.43450314108i) (-11321.229962602945+19448.273038728512i) (-11319.477290590577+19444.113184252703i) (-11317.725665493075+19439.954938925144i) (-11315.975086248796+19435.798301311515i) (-11314.225551049763+19431.643267848463i) (-11312.477062807026+19427.489847265904i) (-11310.729616732708+19423.338027466314i) (-11308.98321345403+19419.1878118151i) (-11307.23785229534+19415.039199624312i) (-11305.493532520304+19410.892189655216i) (-11303.750252591079+19406.74678053624i) (-11302.00801220266+19402.602972111068i) (-11300.266810285288+19398.460762941224i) (-11298.526645920701+19394.32015201292i) (-11296.787518247675+19390.18113839018i) (-11295.049427009246+19386.043721229915i) (-11293.312370766776+19381.90789919842i) (-11291.576349121082+19377.773671619365i) (-11289.841360933118+19373.641037448244i) (-11288.107405457598+19369.50999581112i) (-11286.374482513496+19365.380545912965i) (-11284.642590110438+19361.252685993255i) (-11282.911728331133+19357.126416219224i) (-11281.181895607802+19353.001734691985i) (-11279.453091940995+19348.878640907602i) (-11277.725315601765+19344.757133713643i) (-11275.998566794591+19340.637212263835i) (-11274.272843669729+19336.51887583432i) (-11272.548146396333+19332.402123079228i) (-11270.824473251114+19328.28695301054i) (-11269.10182412769+19324.17336511689i) (-11267.38019791+19320.061358385i) (-11265.659593697595+19315.950931104442i) (-11263.940010752713+19311.842083256954i) (-11262.22144829869+19307.734812945317i) (-11260.503905854466+19303.62912047209i) (-11258.787381673268+19299.52500375323i) (-11257.071876132102+19295.42246236995i) (-11255.357387285741+19291.321494989388i) (-11253.64391582871+19287.222101040243i) (-11251.931458822859+19283.1242799001i) (-11250.220017202126+19279.028029302335i) (-11248.509589201953+19274.93335003152i) (-11246.800175200699+19270.840238831977i) (-11245.091773548425+19266.74869918718i) (-11243.384380701718+19262.65872246313i) (-11241.678000638956+19258.570317227128i) (-11239.972633672449+19254.483477760776i) (-11238.268271175226+19250.398199512485i) (-11236.564920565665+19246.314486674386i) (-11234.862575396866+19242.23233712502i) (-11233.16123818308+19238.15174907582i) (-11231.460905954813+19234.072722450815i) (-11229.76157956195+19229.99525509512i) (-11228.063257337346+19225.9193476858i) (-11226.365938892659+19221.844998013163i) (-11224.669623098785+19217.772206207643i) (-11222.97430911506+19213.70097016846i) (-11221.279996674377+19209.631289698988i) (-11219.586684517553+19205.563163844476i) (-11217.894371943232+19201.49659159783i) (-11216.20305809647+19197.431572046393i) (-11214.512742437008+19193.36810363116i) (-11212.823424453181+19189.306186289796i) (-11211.13510268955+19185.245818883974i) (-11209.447776851051+19181.18700002517i) (-11207.76144468903+19177.12972879496i) (-11206.076107942194+19173.074005497496i) (-11204.391763923648+19169.019828015495i) (-11202.708412551994+19164.967195972727i) (-11201.026052620833+19160.916107310575i) (-11199.344684408014+19156.866561787898i) (-11197.664306958144+19152.818559337305i) (-11195.984917796+19148.772099006845i) (-11194.306516386048+19144.727177574186i) (-11192.629104542584+19140.683797539015i) (-11190.952677927311+19136.64195495146i) (-11189.277239765564+19132.601649502718i) (-11187.602786803596+19128.56288238876i) (-11185.929317228869+19124.525650830277i) (-11184.256832257808+19120.489954100194i) (-11182.585330167502+19116.455791183354i) (-11180.914811042832+19112.423161873296i) (-11179.2452730166+19108.392064834476i) (-11177.576716409418+19104.36249893875i) (-11175.90913973752+19100.334463482817i) (-11174.242542706586+19096.30795744455i) (-11172.576923771263+19092.2829802041i) (-11170.912282414869+19088.25953015336i) (-11169.248618228916+19084.237607261322i) (-11167.585930348238+19080.21721008155i) (-11165.924218032495+19076.19833822499i) (-11164.263480206275+19072.18098989557i) (-11162.603716709795+19068.165164779395i) (-11160.944926008495+19064.150861958547i) (-11159.287107914148+19060.13808053436i) (-11157.630260929585+19056.126819507026i) (-11155.974385429337+19052.1170780022i) (-11154.31948014398+19048.10885504619i) (-11152.66554430489+19044.10214963329i) (-11151.012576568795+19040.0969608253i) (-11149.360577173997+19036.09328758563i) (-11147.709544151134+19032.091130011253i) (-11146.059477602408+19028.090486010104i) (-11144.4103765905+19024.091355828336i) (-11142.76224046249+19020.093737512514i) (-11141.115068904994+19016.09763060168i) (-11139.468860266643+19012.10303408414i) (-11137.823614158096+19008.109947008546i) (-11136.179329556306+19004.1183686611i) (-11134.5360063533+19000.12829819374i) (-11132.89364344113+18996.13973474552i) (-11131.252240435602+18992.15267716031i) (-11129.61179598848+18988.167123181487i) (-11127.972307917396+18984.183074697965i) (-11126.333778970991+18980.200529585032i) (-11124.696204827898+18976.219486468395i) (-11123.059587430012+18972.239945910507i) (-11121.423924861894+18968.26190599513i) (-11119.789217927533+18964.28536602547i) (-11118.155464616979+18960.310324068894i) (-11116.522664344571+18956.336778918987i) (-11114.890814773007+18952.364730659043i) (-11113.259916192936+18948.394178209826i) (-11111.629967261517+18944.425122009387i) (-11110.000968230877+18940.45756112159i) (-11108.372918791425+18936.491494304075i) (-11106.74581885692+18932.52692022532i) (-11105.119667351584+18928.56383728848i) (-11103.494462317843+18924.60224378885i) (-11101.870203033568+18920.64213984438i) (-11100.246888138583+18916.683524920547i) (-11098.624517236487+18912.72639871714i) (-11097.003090264814+18908.770760618663i) (-11095.382606681937+18904.816609192465i) (-11093.763066380277+18900.86394404458i) (-11092.144467980295+18896.91276262816i) (-11090.526810968193+18892.963064961965i) (-11088.910093540513+18889.014849383322i) (-11087.29431573911+18885.068116330272i) (-11085.67947590756+18881.122863820365i) (-11084.065574130262+18877.17909274264i) (-11082.45261034075+18873.236800900595i) (-11080.84058308319+18869.29598728696i) (-11079.22949148728+18865.356651298018i) (-11077.61933481108+18861.418791793083i) (-11076.010112482745+18857.48240853761i) (-11074.401823628235+18853.547500466462i) (-11072.794468117681+18849.61406698025i) (-11071.188044731387+18845.682106449436i) (-11069.582553768596+18841.751618403705i) (-11067.97799279535+18837.822601283973i) (-11066.374362046445+18833.895054987526i) (-11064.771659770424+18829.968978392826i) (-11063.169886607366+18826.044371045813i) (-11061.569040920667+18822.121232159825i) (-11059.96912292391+18818.199560301426i) (-11058.370131289066+18814.279354833234i) (-11056.772065409239+18810.360614440546i) (-11055.174924389357+18806.443338949925i) (-11053.578707467364+18802.527527098122i) (-11051.983414163882+18798.61317856661i) (-11050.389043649062+18794.70029194722i) (-11048.795595878655+18790.788866473824i) (-11047.20306928075+18786.878901252137i) (-11045.611463491474+18782.970395260716i) (-11044.020776705278+18779.063347677184i) (-11042.431009955115+18775.157758568497i) (-11040.842161396358+18771.253626157944i) (-11039.254230962088+18767.35094962462i) (-11037.667217991271+18763.449728879314i) (-11036.081121466234+18759.549961621782i) (-11034.495940617082+18755.651647995004i) (-11032.911674231167+18751.754786544836i) (-11031.328322395617+18747.85937735886i) (-11029.745883595333+18743.96541922476i) (-11028.164358678725+18740.07291127522i) (-11026.583745423359+18736.181852629954i) (-11025.004044671072+18732.29224157562i) (-11023.425253498248+18728.404078411506i) (-11021.84737277099+18724.5173604151i) (-11020.27040072644+18720.632090267514i) (-11018.69433596557+18716.7482635509i) (-11017.119181524802+18712.86588690745i) (-11015.54493831727+18708.984944027674i) (-11013.971591748073+18705.10544870786i) (-11012.399159008073+18701.2273961469i) (-11010.827628965942+18697.350782470367i) (-11009.25700480429+18693.47560836281i) (-11007.687282657442+18689.601873240084i) (-11006.118464111492+18685.729576139245i) (-11004.550547210261+18681.858717061197i) (-11002.983532569464+18677.989294432402i) (-11001.417418902081+18674.12130792227i) (-10999.852205847623+18670.254755619448i) (-10998.287892349406+18666.38963765563i) (-10996.724477627475+18662.52595236086i) (-10995.161961001138+18658.663699572586i) (-10993.600341923779+18654.802878120227i) (-10992.039619599218+18650.94348760153i) (-10990.479793538603+18647.085526766707i) (-10988.920862795587+18643.228995054516i) (-10987.36282699238+18639.3738912264i) (-10985.805685133757+18635.520214935965i) (-10984.249436781425+18631.66796492451i) (-10982.694080890265+18627.817141020227i) (-10981.139617043962+18623.96774110085i) (-10979.586045451195+18620.119766155956i) (-10978.03336377599+18616.273213271033i) (-10976.481570897191+18612.428082814884i) (-10974.930669364214+18608.58437481166i) (-10973.380655141325+18604.74208665543i) (-10971.831529022716+18600.90121833836i) (-10970.283290082814+18597.06176943687i) (-10968.735938046395+18593.22373833778i) (-10967.189471604644+18589.38712505362i) (-10965.643890476917+18585.55192777802i) (-10964.099193886377+18581.7181465753i) (-10962.555381112988+18577.885779912187i) (-10961.012451650335+18574.05482751853i) (-10959.470404132506+18570.225287992325i) (-10957.929239114743+18566.397161281355i) (-10956.388954442882+18562.570445959682i) (-10954.849551196796+18558.74514157383i) (-10953.31102694935+18554.92124653511i) (-10951.773381940304+18551.09876116612i) (-10950.236615346841+18547.277684009758i) (-10948.700726554816+18543.458014422722i) (-10947.16571501299+18539.63975142037i) (-10945.631579806226+18535.822894207726i) (-10944.098320413032+18532.007442051134i) (-10942.565936073175+18528.19339402285i) (-10941.034426209328+18524.3807493862i) (-10939.503789930139+18520.56950734163i) (-10937.974026741735+18516.759666880556i) (-10936.445135946467+18512.951227567555i) (-10934.917116878663+18509.144188289054i) (-10933.389968839585+18505.338548571595i) (-10931.863691145336+18501.534307115784i) (-10930.338283627929+18497.731463658092i) (-10928.813744865598+18493.930016780003i) (-10927.290074248484+18490.129966520235i) (-10925.767271728284+18486.331310922684i) (-10924.245336529915+18482.534049876416i) (-10922.724267351165+18478.738182597986i) (-10921.204064367179+18474.943708195307i) (-10919.684726135105+18471.15062580703i) (-10918.166252206649+18467.358934356133i) (-10916.648642483568+18463.568633912782i) (-10915.131895718925+18459.779722598858i) (-10913.616011292517+18455.992200421697i) (-10912.100988721115+18452.206065881845i) (-10910.586827027006+18448.421318996556i) (-10909.073526535954+18444.63795868234i) (-10907.561085539994+18440.85598344369i) (-10906.049503853805+18437.075393256335i) (-10904.538780589533+18433.29618680559i) (-10903.028915434406+18429.518363724426i) (-10901.519906936588+18425.741922913036i) (-10900.01175544745+18421.966864052472i) (-10898.504459717937+18418.19318571358i) (-10896.998019372142+18414.420887478576i) (-10895.492433544707+18410.64996869959i) (-10893.987701898102+18406.88042808066i) (-10892.483823550874+18403.112265381023i) (-10890.980797839116+18399.345479126794i) (-10889.478624306888+18395.580069069267i) (-10887.977301993236+18391.816034293148i) (-10886.47683028183+18388.053373799798i) (-10884.977208958146+18384.292087014328i) (-10883.478436720252+18380.53217326443i) (-10881.980513690869+18376.77363132841i) (-10880.483438482766+18373.01646105385i) (-10878.987211048523+18369.26066090444i) (-10877.491830206542+18365.50623084287i) (-10875.99729590339+18361.75316936068i) (-10874.503607153933+18358.00147630071i) (-10873.010763331476+18354.251150288175i) (-10871.51876382633+18350.50219094321i) (-10870.027607864855+18346.754597194456i) (-10868.537295166461+18343.008368665884i) (-10867.04782450945+18339.263504314287i) (-10865.55919593234+18335.520003282058i) (-10864.071408260013+18331.777864770786i) (-10862.584461122398+18328.037088460314i) (-10861.098353879992+18324.29767294997i) (-10859.613085910929+18320.559617904397i) (-10858.12865635526+18316.822922229072i) (-10856.645065031935+18313.08758530434i) (-10855.16231091844+18309.35360629027i) (-10853.68039344051+18305.620984486883i) (-10852.199311891865+18301.88971844171i) (-10850.719065833036+18298.15980906025i) (-10849.23965432443+18294.431253716626i) (-10847.761077404593+18290.70405267021i) (-10846.283333486248+18286.978205150128i) (-10844.806422859903+18283.25370977884i) (-10843.330344530617+18279.530566415568i) (-10841.855097766325+18275.80877385727i) (-10840.380682114257+18272.08833156281i) (-10838.907096695253+18268.36923827356i) (-10837.434341254837+18264.651493805093i) (-10835.96241455239+18260.93509699101i) (-10834.491316503132+18257.220047578143i) (-10833.021046041777+18253.50634431818i) (-10831.551603282378+18249.793986762746i) (-10830.08298690492+18246.082974094923i) (-10828.61519660188+18242.37330493221i) (-10827.14823138739+18238.664980169113i) (-10825.682092872157+18234.95799661074i) (-10824.216776058664+18231.25235424957i) (-10822.752283682024+18227.54805404586i) (-10821.28861414344+18223.845093415435i) (-10819.825767090955+18220.14347235655i) (-10818.363741447163+18216.4431899177i) (-10816.902536969112+18212.744245102615i) (-10815.44215278709+18209.046637821455i) (-10813.982588482466+18205.350366278697i) (-10812.52384351064+18201.655431121813i) (-10811.065916689022+18197.96182971458i) (-10809.608808212313+18194.269562887173i) (-10808.152516886654+18190.578630115488i) (-10806.697042615942+18186.889028609858i) (-10805.24238438376+18183.20075966445i) (-10803.78854163883+18179.51382119381i) (-10802.335513620603+18175.828213373683i) (-10800.883300048496+18172.14393464284i) (-10799.431900058878+18168.46098495735i) (-10797.981312952157+18164.779362830217i) (-10796.531538781144+18161.09906864943i) (-10795.08257610584+18157.420100276104i) (-10793.634424817748+18153.742458005112i) (-10792.187084097015+18150.06614001913i) (-10790.740552939167+18146.391147136277i) (-10789.294832120486+18142.717477365506i) (-10787.84991957742+18139.04512996682i) (-10786.40581546627+18135.374104580995i) (-10784.962518731536+18131.704400423816i) (-10783.520029001+18128.03601668375i) (-10782.07834569279+18124.36895268641i) (-10780.637468073353+18120.70320737219i) (-10779.197395730404+18117.038780566007i) (-10777.75812784085+18113.37567107454i) (-10776.3196639884+18109.713878349794i) (-10774.882003699022+18106.053401411707i) (-10773.44514602876+18102.394239770183i) (-10772.009090633856+18098.73639244503i) (-10770.573836659132+18095.07985882419i) (-10769.13938389999+18091.424637983982i) (-10767.705731178605+18087.77072967623i) (-10766.272878503069+18084.118132436164i) (-10764.840824810452+18080.466846294436i) (-10763.409569765001+18076.816869775015i) (-10761.979112633313+18073.16820277633i) (-10760.549452910884+18069.520844123457i) (-10759.12059023507+18065.87479335525i) (-10757.692523558311+18062.23004938889i) (-10756.265252703619+18058.586611740808i) (-10754.83877681247+18054.944479622543i) (-10753.413095287971+18051.303651619222i) (-10751.988206958436+18047.664128682387i) (-10750.564112840966+18044.02590873882i) (-10749.14081067982+18040.38899115583i) (-10747.718300879105+18036.753375322623i) (-10746.296582681285+18033.119060777757i) (-10744.87565499641+18029.486046754762i) (-10743.455517881897+18025.854331861352i) (-10742.036170415284+18022.223916304858i) (-10740.617611733196+18018.594798488783i) (-10739.199842444232+18014.966978613782i) (-10737.782860227417+18011.340454604706i) (-10736.366665621808+18007.715227095512i) (-10734.951257867806+18004.091294653626i) (-10733.536636364297+18000.46865672984i) (-10732.122799845412+17996.84731244248i) (-10730.70974904935+17993.22726120147i) (-10729.297482127502+17989.608502508665i) (-10727.885999753202+17985.991035321167i) (-10726.475299946518+17982.374858744355i) (-10725.065383275323+17978.759972259177i) (-10723.656248593772+17975.146375355573i) (-10722.247895543944+17971.534066707416i) (-10720.8403229752+17967.92304627078i) (-10719.433531188582+17964.313312787428i) (-10718.027518963856+17960.70486591907i) (-10716.622286018595+17957.097704687556i) (-10715.217831530106+17953.4918287519i) (-10713.81415526211+17949.887236759016i) (-10712.411256243342+17946.283928533074i) (-10711.009134464237+17942.681903055654i) (-10709.607788608573+17939.081160002905i) (-10708.207218858786+17935.48169802576i) (-10706.807423921699+17931.883516988448i) (-10705.408404148275+17928.286615426758i) (-10704.010157930712+17924.690993502638i) (-10702.61268532788+17921.09664972814i) (-10701.215985265228+17917.503584079477i) (-10699.820057801498+17913.911794982632i) (-10698.424902080531+17910.321282910114i) (-10697.030517350942+17906.732046142897i) (-10695.6369029231+17903.144084705145i) (-10694.244058942277+17899.55739660067i) (-10692.85198444052+17895.971982062896i) (-10691.460677721909+17892.387841724478i) (-10690.070141221333+17888.804972228027i) (-10688.68037149624+17885.223374429577i) (-10687.29136867224+17881.643047337988i) (-10685.90313261262+17878.06398956736i) (-10684.515662740127+17874.48620145925i) (-10683.128958269837+17870.909681577803i) (-10681.743018709021+17867.334430026654i) (-10680.357843272317+17863.760445037275i) (-10678.973432030887+17860.187726825454i) (-10677.589783647298+17856.61627377471i) (-10676.206898128354+17853.0460861296i) (-10674.824774413833+17849.477162192117i) (-10673.443412433264+17845.909502387636i) (-10672.062811387223+17842.343104728134i) (-10670.682970824559+17838.777969831724i) (-10669.30388996804+17835.214095658506i) (-10667.925568483857+17831.65148287449i) (-10666.54800542802+17828.09012951357i) (-10665.171200959532+17824.530035777236i) (-10663.79515366544+17820.971200448395i) (-10662.419863704661+17817.413623136676i) (-10661.045329878216+17813.857302897864i) (-10659.671552589076+17810.302239608405i) (-10658.29853032099+17806.74843092964i) (-10656.92626309412+17803.195878400766i) (-10655.554749590163+17799.6445795806i) (-10654.18399011908+17796.094534805074i) (-10652.813983997592+17792.54574277831i) (-10651.44473019211+17788.998203229567i) (-10650.07622824107+17785.45191491866i) (-10648.708478281798+17781.906877769103i) (-10647.341478860075+17778.363090572675i) (-10645.975230166925+17774.820553074092i) (-10644.609730971468+17771.279264135133i) (-10643.244981572958+17767.739223382734i) (-10641.880980295735+17764.200429930403i) (-10640.51772780503+17760.662883164987i) (-10639.155222321599+17757.126582323777i) (-10637.793464527367+17753.59152664626i) (-10636.432452548766+17750.05771603656i) (-10635.072187588055+17746.525148629706i) (-10633.71266690774+17742.993824723733i) (-10632.353891856394+17739.463743725908i) (-10630.995860752737+17735.93490420486i) (-10629.638574108983+17732.407305803496i) (-10628.282029920367+17728.88094805124i) (-10626.926229182434+17725.355829604174i) (-10625.571169964132+17721.831950583815i) (-10624.21685285556+17718.30930954617i) (-10622.863276622895+17714.78790683815i) (-10621.510441323495+17711.26773997885i) (-10620.15834530885+17707.748810614103i) (-10618.806989171824+17704.231115897604i) (-10617.456371512055+17700.714656998214i) (-10616.106492731822+17697.19943156222i) (-10614.75735135571+17693.685440620895i) (-10613.408947893979+17690.172681448978i) (-10612.061280813436+17686.66115559087i) (-10610.714350219509+17683.150859708072i) (-10609.368154752716+17679.64179602827i) (-10608.02269488442+17676.133961356685i) (-10606.677969203762+17672.627357197598i) (-10605.333977917478+17669.121980792082i) (-10603.99071989287+17665.61783349234i) (-10602.64819515041+17662.114912577475i) (-10601.306402635302+17658.613219500403i) (-10599.96534219433+17655.112750947006i) (-10598.625012879738+17651.613509351748i) (-10597.285414804675+17648.115491094795i) (-10595.946546867533+17644.61869828876i) (-10594.608408823766+17641.12312719845i) (-10593.27099998806+17637.628780090563i) (-10591.934319581473+17634.135653330843i) (-10590.598367780543+17630.64374943559i) (-10589.263142911594+17627.153064674058i) (-10587.92864580114+17623.663601685563i) (-10586.594874401788+17620.17535622295i) (-10585.261830401974+17616.688331368907i) (-10583.929510944672+17613.202522402342i) (-10582.597917846604+17609.717932651933i) (-10581.26704777961+17606.234556607207i) (-10579.936902802066+17602.752399059762i) (-10578.607479146147+17599.271454455i) (-10577.278780827299+17595.791726618758i) (-10575.950802424708+17592.31321083193i) (-10574.62354888307+17588.83591065927i) (-10573.297012964997+17585.359820349924i) (-10571.97120265174+17581.884944517766i) (-10570.646107070952+17578.411276463332i) (-10569.32173726778+17574.938822215827i) (-10567.998078058221+17571.46757379811i) (-10566.675148671515+17567.99753909799i) (-10565.35291383034+17564.52870398786i) (-10564.03142099522+17561.06111774322i) (-10562.710664986036+17557.594684951568i) (-10561.390584143152+17554.129474047317i) (-10560.071240663161+17550.665473848887i) (-10558.752601192493+17547.20267762167i) (-10557.434685860497+17543.74108664813i) (-10556.117478226726+17540.280699645955i) (-10554.800990714568+17536.82151572916i) (-10553.485211695832+17533.363534756245i) (-10552.170150082402+17529.906754967888i) (-10550.855797210159+17526.4511770549i) (-10549.542159659273+17522.996799050663i) (-10548.229230237539+17519.543621748548i) (-10546.917014730963+17516.091642599902i) (-10545.605507113149+17512.640863219985i) (-10544.294711599916+17509.191280543488i) (-10542.984623434219+17505.742896086093i) (-10541.67524593711+17502.295707280784i) (-10540.366574976506+17498.84971535376i) (-10539.058613603607+17495.404918089243i) (-10537.751358042227+17491.961316316552i) (-10536.444810610486+17488.518907494294i) (-10535.138968283052+17485.077692909013i) (-10533.833833119024+17481.637669926222i) (-10532.529401918822+17478.19883998452i) (-10531.22567660531+17474.761200234476i) (-10529.922654559268+17471.324752260836i) (-10528.620337380658+17467.88949334243i) (-10527.318722692484+17464.45542498518i) (-10526.017810939189+17461.02254388792i) (-10524.717601126027+17457.590852369376i) (-10523.418093556178+17454.160346696433i) (-10522.119286826328+17450.731029427807i) (-10520.821180747+17447.3028966275i) (-10519.523775267136+17443.875950567857i) (-10518.227069214943+17440.450188218383i) (-10516.931062387908+17437.025611336812i) (-10515.635754094972+17433.602217056734i) (-10514.341144360827+17430.18000556854i) (-10513.047231931989+17426.758977098783i) (-10511.7540162494+17423.339130008975i) (-10510.461498710472+17419.92046237668i) (-10509.16967599621+17416.502977268592i) (-10507.878549366824+17413.086669977347i) (-10506.588118451957+17409.671542547563i) (-10505.298381648101+17406.257592877722i) (-10504.009339232705+17402.844821841994i) (-10502.7209899585+17399.433226890782i) (-10501.4333344282+17396.022808868944i) (-10500.146371049252+17392.613566614265i) (-10498.860100559068+17389.205499457104i) (-10497.574520945236+17385.79860630379i) (-10496.289633287775+17382.392887288137i) (-10495.0054358989+17378.98834149242i) (-10493.721928856543+17375.584968383595i) (-10492.43911103572+17372.182767078142i) (-10491.156982831186+17368.781737047713i) (-10489.875542956011+17365.381877669748i) (-10488.594791570908+17361.983188192367i) (-10487.314727502726+17358.585667755164i) (-10486.035351049408+17355.18931626843i) (-10484.756661311138+17351.794132577776i) (-10483.478658157765+17348.400116974404i) (-10482.201340434069+17345.007267774094i) (-10480.924708127046+17341.615585339725i) (-10479.648759978776+17338.22506822777i) (-10478.37349645383+17334.83571639827i) (-10477.098915369806+17331.447529024415i) (-10475.825022760971+17328.06049822377i) (-10474.551805392432+17324.674640584046i) (-10473.279273598419+17321.28994142717i) (-10472.007423376137+17317.90640350175i) (-10470.736255192533+17314.52402661187i) (-10469.465767607979+17311.142810543755i) (-10468.195960977064+17307.762754253148i) (-10466.926833451307+17304.383857478242i) (-10465.658385754186+17301.0061191694i) (-10464.390616431787+17297.629538982183i) (-10463.123525618972+17294.25411562857i) (-10461.85711233122+17290.87984936945i) (-10460.5913768043+17287.506738580156i) (-10459.326318101468+17284.134783649806i) (-10458.06193616725+17280.76398308415i) (-10456.798230033688+17277.394337110192i) (-10455.535199529953+17274.02584438854i) (-10454.272843857296+17270.658504809173i) (-10453.011162958306+17267.292317549345i) (-10451.750155666075+17263.927281733464i) (-10450.489822248379+17260.563396876438i) (-10449.230161529122+17257.20066223453i) (-10447.971173862683+17253.83907755561i) (-10446.712857783707+17250.4786421619i) (-10445.455213773395+17247.119355042225i) (-10444.198240480235+17243.761216345003i) (-10442.941938204109+17240.404224607508i) (-10441.68630582071+17237.048379979155i) (-10440.431343157983+17233.693680916775i) (-10439.177049908456+17230.34012771782i) (-10437.92342537834+17226.987718910474i) (-10436.670469610073+17223.636454900414i) (-10435.418181080073+17220.286333445696i) (-10434.166560332826+17216.937355848964i) (-10432.915606142713+17213.589519815818i) (-10431.665318912477+17210.242826112288i) (-10430.415696599255+17206.89727301327i) (-10429.166740568238+17203.55286045304i) (-10427.918448719503+17200.20958746044i) (-10426.670822381326+17196.86745385863i) (-10425.423858651342+17193.52646014042i) (-10424.177560100376+17190.18660152435i) (-10422.931922585441+17186.847881560334i) (-10421.686948628272+17183.51030132303i) (-10420.442636738962+17180.173853584478i) (-10419.198987412916+17176.83854331924i) (-10417.955998185722+17173.504366993933i) (-10416.713670439873+17170.171325613792i) (-10415.472001983759+17166.839417244984i) (-10414.230994358939+17163.508642232013i) (-10412.990645158174+17160.178999751828i) (-10411.75095536721+17156.850489194407i) (-10410.511923471486+17153.523109843278i) (-10409.27354960298+17150.196860889046i) (-10408.035833085625+17146.871742543062i) (-10406.798773884628+17143.547753313094i) (-10405.562370771226+17140.224893162966i) (-10404.326624039233+17136.903160665i) (-10403.091532873612+17133.582556177684i) (-10401.857096756627+17130.263078266493i) (-10400.623314923054+17126.944727236936i) (-10399.390187646906+17123.627501580635i) (-10398.1577138136+17120.311401357336i) (-10396.925893486867+17116.996425530568i) (-10395.694725507494+17113.682573888414i) (-10394.4642101376+17110.369845235553i) (-10393.234346506822+17107.058239644022i) (-10392.005134523588+17103.74775606086i) (-10390.776573287738+17100.4383942087i) (-10389.548662495752+17097.130152831116i) (-10388.321401819077+17093.82303227982i) (-10387.09479061764+17090.517030942116i) (-10385.868828520994+17087.21214927424i) (-10384.64351479635+17083.90838558323i) (-10383.418849533195+17080.60574032134i) (-10382.19483169697+17077.30421198347i) (-10380.97146161359+17074.003800826165i) (-10379.748737567603+17070.704505314767i) (-10378.526660842057+17067.406325915646i) (-10377.305228929168+17064.109260901147i) (-10376.084444386834+17060.813311331567i) (-10374.864303466908+17057.518472061223i) (-10373.644805053334+17054.224748990495i) (-10372.425953496342+17050.932138409793i) (-10371.207744141924+17047.640638904748i) (-10369.990178832164+17044.35025121839i) (-10368.773255342308+17041.060973698855i) (-10367.55697488469+17037.772807012916i) (-10366.341335511517+17034.48574961963i) (-10365.126338136975+17031.199801465496i) (-10363.91198098559+17027.914961318016i) (-10362.698265131967+17024.63122901696i) (-10361.485188587967+17021.348603802253i) (-10360.27275226126+17018.06708523404i) (-10359.060954169818+17014.786672514085i) (-10357.849795581671+17011.507365129874i) (-10356.639274384324+17008.2291627556i) (-10355.42939153723+17004.952064342877i) (-10354.220145091975+17001.67606966623i) (-10353.011536542006+16998.40117785092i) (-10351.80356319515+16995.12738878702i) (-10350.596226362326+16991.854700872373i) (-10349.38952488736+16988.583115076777i) (-10348.183458692707+16985.312629348005i) (-10346.978026775083+16982.043244396107i) (-10345.773229103766+16978.774958423863i) (-10344.569065193078+16975.507771542987i) (-10343.36553460549+16972.241682840893i) (-10342.16263656522+16968.976692000706i) (-10340.960370475055+16965.712797794156i) (-10339.758737754433+16962.450001169706i) (-10338.55773548756+16959.188299680438i) (-10337.35736421555+16955.927693804166i) (-10336.157623698673+16952.668182790767i) (-10334.95851312247+16949.40976583986i) (-10333.760032522523+16946.152442489423i) (-10332.562180989173+16942.89621240275i) (-10331.364958336046+16939.641074654694i) (-10330.168363922216+16936.387028931076i) (-10328.972397552294+16933.134074215384i) (-10327.77705878572+16929.882210503376i) (-10326.582346905725+16926.63143668032i) (-10325.388261599062+16923.381752770987i) (-10324.194802472604+16920.133157426768i) (-10323.001969261248+16916.8856505715i) (-10321.809760960721+16913.63923165107i) (-10320.61817810126+16910.393900316798i) (-10319.427218996469+16907.149654778877i) (-10318.236884503325+16903.906495880656i) (-10317.047172937098+16900.66442221391i) (-10315.85808478286+16897.423433941924i) (-10314.66961914962+16894.183529591264i) (-10313.481775997234+16890.94470914805i) (-10312.294554358574+16887.7069717825i) (-10311.107954375597+16884.470317266714i) (-10309.921974722864+16881.234744647114i) (-10308.736616333175+16878.000253315404i) (-10307.551877483867+16874.76684328773i) (-10306.367758473501+16871.534513217186i) (-10305.184258583402+16868.303263069036i) (-10304.001377433633+16865.073091975675i) (-10302.819114536953+16861.843999398545i) (-10301.637469724843+16858.615985000622i) (-10300.456442116822+16855.38904793006i) (-10299.276031666897+16852.16318795081i) (-10298.096237614052+16848.938403961103i) (-10296.917060185637+16845.714696040097i) (-10295.738498042349+16842.492063214897i) (-10294.560551448805+16839.270504884735i) (-10293.383219631953+16836.050020438797i) (-10292.206502375251+16832.830609563087i) (-10291.030398856446+16829.61227198712i) (-10289.85490941397+16826.39500583041i) (-10288.680032805081+16823.178812072885i) (-10287.505768727913+16819.963689406854i) (-10286.332117444843+16816.74963708805i) (-10285.159077622204+16813.536654695075i) (-10283.98664892376+16810.324742931363i) (-10282.814831596455+16807.113898631636i) (-10281.64362553347+16803.904123380875i) (-10280.473029134424+16800.69541598562i) (-10279.30304264566+16797.487775925325i) (-10278.133665172125+16794.28120136085i) (-10276.964896271504+16791.07569400687i) (-10275.796736448809+16787.87125193805i) (-10274.629184491045+16784.667874616527i) (-10273.462240361052+16781.46556199329i) (-10272.295903044655+16778.264313307616i) (-10271.130172758476+16775.064127417398i) (-10269.965048703925+16771.865004528037i) (-10268.800530760333+16768.666943556775i) (-10267.636618167515+16765.469944502736i) (-10266.473310794694+16762.274006104584i) (-10265.310608105585+16759.079128467318i) (-10264.148509765942+16755.88531048444i) (-10262.987014990129+16752.692552063523i) (-10261.826123871919+16749.50085200521i) (-10260.665835140906+16746.31021049021i) (-10259.506149683719+16743.120626997326i) (-10258.347066150945+16739.932100235208i) (-10257.188584566327+16736.744630084126i) (-10256.030704159712+16733.55821570082i) (-10254.873424718251+16730.372856896567i) (-10253.716745585707+16727.18855300663i) (-10252.560666553643+16724.005303350124i) (-10251.405187349294+16720.82310759395i) (-10250.250307240778+16717.641964897834i) (-10249.09602607859+16714.461875040524i) (-10247.942343139996+16711.282837165916i) (-10246.789258158067+16708.104850785512i) (-10245.63677075426+16704.92791512807i) (-10244.484881037108+16701.752030286516i) (-10243.333587342251+16698.577195874506i) (-10242.182890407834+16695.40341003142i) (-10241.032789272951+16692.230673176316i) (-10239.883283717327+16689.058984447736i) (-10238.734373366244+16685.88834349766i) (-10237.58605755074+16682.71874954286i) (-10236.438336048775+16679.55020232959i) (-10235.29120838768+16676.38270118206i) (-10234.14467430468+16673.216245220356i) (-10232.998732667562+16670.0508345715i) (-10231.853384416288+16666.886467932578i) (-10230.708627968968+16663.723145846176i) (-10229.564463706443+16660.560866464348i) (-10228.420890690599+16657.39962921481i) (-10227.27790853384+16654.239435386255i) (-10226.135517035102+16651.080282408482i) (-10224.993715821009+16647.922170901602i) (-10223.852504302935+16644.765099596807i) (-10222.711882105894+16641.609068478298i) (-10221.571848908225+16638.454076609574i) (-10220.432404068015+16635.300123967758i) (-10219.293547564646+16632.147209529416i) (-10218.155278725379+16628.99533315018i) (-10217.017597269332+16625.844493644567i) (-10215.880502964188+16622.69469142533i) (-10214.74399494585+16619.54592495055i) (-10213.608073099254+16616.39819416695i) (-10212.472737166667+16613.25149830315i) (-10211.33798616244+16610.10583746313i) (-10210.203820229755+16606.961210162317i) (-10209.070238615033+16603.817616906195i) (-10207.937241642883+16600.675056178552i) (-10206.804827861197+16597.533527947428i) (-10205.672997655733+16594.393031443837i) (-10204.54175010142+16591.253566436942i) (-10203.41108529134+16588.115132121457i) (-10202.281002356323+16584.977728231104i) (-10201.151501301836+16581.841353786516i) (-10200.022581492163+16578.706008631852i) (-10198.89424258217+16575.571691986588i) (-10197.766484085914+16572.438403586395i) (-10196.639305721033+16569.306142547048i) (-10195.512707058115+16566.174908680445i) (-10194.386687735016+16563.04470122746i) (-10193.261247296256+16559.915519787843i) (-10192.136385333277+16556.787363606658i) (-10191.01210154696+16553.66023236921i) (-10189.888395254202+16550.53412546488i) (-10188.765266456736+16547.409042428128i) (-10187.642714584319+16544.284982572673i) (-10186.52073914811+16541.16194551224i) (-10185.399340053898+16538.039930420844i) (-10184.278515986745+16534.91893745727i) (-10183.158268440795+16531.79896553571i) (-10182.0385953188+16528.680013191417i) (-10180.919495997887+16525.562081980614i) (-10179.800971564773+16522.445170019033i) (-10178.68302051346+16519.32927726515i) (-10177.565643173277+16516.21440281539i) (-10176.44883859142+16513.100546337315i) (-10175.332606694843+16509.987707250366i) (-10174.216947156518+16506.875885144706i) (-10173.10185925906+16503.765079064637i) (-10171.987342665287+16500.65528904528i) (-10170.873397109946+16497.546514234433i) (-10169.760022237595+16494.438754071147i) (-10168.647217267322+16491.33200836702i) (-10167.53498240885+16488.22627649657i) (-10166.423317158828+16485.121557439445i) (-10165.31222066634+16482.01785125704i) (-10164.201693049075+16478.915157145795i) (-10163.091733394729+16475.813474665145i) (-10161.982342043553+16472.712803274393i) (-10160.873517785403+16469.613142471768i) (-10159.765261038603+16466.514491563197i) (-10158.657570702047+16463.416850293546i) (-10157.550446908761+16460.320217876433i) (-10156.443888907748+16457.224593988663i) (-10155.337896605466+16454.12997796639i) (-10154.232469399562+16451.036369403064i) (-10153.127606956292+16447.94376763141i) (-10152.023308868262+16444.852172587412i) (-10150.919575077496+16441.761583018524i) (-10149.816404607242+16438.67199883553i) (-10148.713797557682+16435.583419439376i) (-10147.611753255813+16432.495844299334i) (-10146.510271551098+16429.409272977817i) (-10145.409351941324+16426.323704855604i) (-10144.308993818639+16423.239139470792i) (-10143.209197243646+16420.155576333545i) (-10142.109961476379+16417.07301488984i) (-10141.011286511834+16413.99145455299i) (-10139.913171749113+16410.910894721317i) (-10138.815616312913+16407.831335084185i) (-10137.718620834667+16404.752775234454i) (-10136.622183993304+16401.675214272676i) (-10135.526306251835+16398.59865199343i) (-10134.430986312404+16395.523087607613i) (-10133.33622472614+16392.44852076556i) (-10132.242020198297+16389.374951099242i) (-10131.148373015689+16386.302377838863i) (-10130.055282676325+16383.23080066746i) (-10128.962748597633+16380.160218868608i) (-10127.870770528289+16377.090632173698i) (-10126.779348335484+16374.022039812116i) (-10125.688481124263+16370.954441284557i) (-10124.598168931423+16367.887836193282i) (-10123.508411132912+16364.822224112424i) (-10122.419207413714+16361.75760430404i) (-10121.330557411873+16358.693976402523i) (-10120.242460855183+16355.631339811414i) (-10119.154917139142+16352.569694248145i) (-10118.067926222857+16349.509038870501i) (-10116.98148731787+16346.449373489797i) (-10115.89560034309+16343.390697373881i) (-10114.810264886626+16340.333010191354i) (-10113.725480653484+16337.276311319994i) (-10112.641247329031+16334.220600215784i) (-10111.557564104669+16331.165876228551i) (-10110.474431070143+16328.112138909612i) (-10109.391847440802+16325.059387865957i) (-10108.309813186523+16322.007622797137i) (-10107.228327606448+16318.956842711417i) (-10106.147390654942+16315.907047525703i) (-10105.067001763078+16312.858236638365i) (-10103.987160717525+16309.810409404585i) (-10102.907866838215+16306.763565251023i) (-10101.829120146704+16303.717704157702i) (-10100.75092016751+16300.672825029811i) (-10099.673266385353+16297.62892785764i) (-10098.596158504437+16294.5860115941i) (-10097.519596369266+16291.544076175125i) (-10096.44357933717+16288.503120086614i) (-10095.368106890546+16285.463145129408i) (-10094.293178687996+16282.424148345937i) (-10093.218794766592+16279.386130951958i) (-10092.144954682526+16276.349091113043i) (-10091.07165766304+16273.31302916227i) (-10089.998903518832+16270.277944787267i) (-10088.926692475186+16267.243836603928i) (-10087.855023365322+16264.21070468459i) (-10086.783896127075+16261.178548504493i) (-10085.713310325382+16258.147367375443i) (-10084.643265727127+16255.11716093639i) (-10083.573762081638+16252.087928618166i) (-10082.504798427282+16249.059670011766i) (-10081.436375014599+16246.032384356286i) (-10080.368491020517+16243.0060715656i) (-10079.30114654057+16239.980730780371i) (-10078.234340610756+16236.9563622656i) (-10077.168073969364+16233.93296454844i) (-10076.102344998913+16230.910537237603i) (-10075.037154257938+16227.889080406623i) (-10073.972500679458+16224.868593201003i) (-10072.908384308954+16221.849075159698i) (-10071.844804755287+16218.8305256335i) (-10070.78176163957+16215.812944258258i) (-10069.719254391955+16212.796331145679i) (-10068.657282768952+16209.78068467222i) (-10067.595846514072+16206.766005156356i) (-10066.53494564955+16203.752291160992i) (-10065.474579438918+16200.73954476912i) (-10064.414745703023+16197.727760756714i) (-10063.355447831713+16194.71694303484i) (-10062.296683051969+16191.707091648263i) (-10061.238450627709+16188.698200202583i) (-10060.1807527112+16185.690274064578i) (-10059.123585601574+16182.683309912034i) (-10058.066951197696+16179.677308495588i) (-10057.010847832786+16176.672268365819i) (-10055.955276639588+16173.668189841599i) (-10054.90023573047+16170.665072451937i) (-10053.845726026033+16167.662915058401i) (-10052.791746394967+16164.661717773663i) (-10051.738297279702+16161.661479377635i) (-10050.685377141588+16158.662199628348i) (-10049.632986413879+16155.663878778058i) (-10048.581124385904+16152.666515298903i) (-10047.529791169516+16149.670109443607i) (-10046.478985997697+16146.674660195196i) (-10045.428708609128+16143.680167519422i) (-10044.378958416462+16140.686630397639i) (-10043.32973541011+16137.694048998359i) (-10042.2810389848+16134.702422510685i) (-10041.232869192754+16131.711750841627i) (-10040.185225321833+16128.722032932581i) (-10039.13810773569+16125.73326855945i) (-10038.091515217438+16122.745456880872i) (-10037.045447846418+16119.758597522545i) (-10035.999904518649+16116.772689929388i) (-10034.954886021833+16113.787733905585i) (-10033.910390220366+16110.80372891249i) (-10032.866418639564+16107.820675994211i) (-10031.822971172882+16104.838571800445i) (-10030.780044717136+16101.857416210954i) (-10029.73764286861+16098.877212392716i) (-10028.69576238767+16095.897955177992i) (-10027.654404100533+16092.919646856211i) (-10026.613566599552+16089.942285418194i) (-10025.573250646376+16086.965871718108i) (-10024.533454885192+16083.990404535987i) (-10023.494180703517+16081.015883831016i) (-10022.455424993132+16078.042307984597i) (-10021.417189785336+16075.069678969741i) (-10020.379474560452+16072.09799369132i) (-10019.342277691061+16069.127252570317i) (-10018.30559962158+16066.157455592664i) (-10017.2694398832+16063.188601824171i) (-10016.233798330279+16060.220691119353i) (-10015.198674253525+16057.253722701073i) (-10014.16406770744+16054.287696154865i) (-10013.129977845852+16051.322610959614i) (-10012.09640517327+16048.358466675563i) (-10011.063347997357+16045.395262690545i) (-10010.030807322857+16042.43299878564i) (-10008.998781708739+16039.471674462595i) (-10007.967271822426+16036.511288988539i) (-10006.936276330624+16033.551842439445i) (-10005.905795570628+16030.59333339463i) (-10004.875828923796+16027.635762755624i) (-10003.846376486443+16024.67912860692i) (-10002.81743735072+16021.7234317195i) (-10001.789011410665+16018.768670461617i) (-10000.761098610648+16015.81484534239i) (-9999.733697928412+16012.86195480456i) (-9998.70680961332+16009.909999574817i) (-9997.680432940619+16006.958978286879i) (-9996.654567918991+16004.008891074733i) (-9995.629213871141+16001.05973706046i) (-9994.604370649673+15998.111515888231i) (-9993.580037878299+15995.164227241323i) (-9992.556215281018+15992.217870506054i) (-9991.532902403302+15989.272445165958i) (-9990.510098946459+15986.327950879635i) (-9989.487804733884+15983.384386905662i) (-9988.466019261501+15980.441753215386i) (-9987.444742083873+15977.500048835076i) (-9986.423973049063+15974.559273796578i) (-9985.403711600211+15971.61942710475i) (-9984.383957684564+15968.68050888523i) (-9983.364710806723+15965.742518180792i) (-9982.345970665778+15962.805455046346i) (-9981.327736946114+15959.869318101868i) (-9980.310009539418+15956.934107847574i) (-9979.292787046466+15953.999823228818i) (-9978.276071168759+15951.066464579399i) (-9977.25985940094+15948.13402951556i) (-9976.24415274149+15945.20252015819i) (-9975.22895023517+15942.271934173452i) (-9974.21425248426+15939.342271639234i) (-9973.200057610089+15936.41353200565i) (-9972.186366558599+15933.485714763448i) (-9971.173177975112+15930.55881972182i) (-9970.160492179672+15927.632846484195i) (-9969.148308475942+15924.707794831458i) (-9968.136627105261+15921.783663792237i) (-9967.125447994486+15918.860453500298i) (-9966.11477018553+15915.938162290018i) (-9965.104593713399+15913.016790537247i) (-9964.094917448445+15910.096337114235i) (-9963.08574192597+15907.176802178383i) (-9962.077065607584+15904.258185346023i) (-9961.068889508177+15901.34048615148i) (-9960.061212819402+15898.423704049048i) (-9959.054035173875+15895.507838282245i) (-9958.047356407777+15892.59288904113i) (-9957.041175927236+15889.67885479054i) (-9956.035493771275+15886.7657361017i) (-9955.03030893216+15883.85353175548i) (-9954.025622101799+15880.9422420314i) (-9953.021431630064+15878.031865606885i) (-9952.017738640468+15875.122402821573i) (-9951.014541443268+15872.213852975769i) (-9950.011840783223+15869.306214870761i) (-9949.009635199722+15866.39948948678i) (-9948.007925645277+15863.493675264095i) (-9947.006710838794+15860.588772574234i) (-9946.005991033158+15857.684779927968i) (-9945.005766009011+15854.781698096016i) (-9944.006034936805+15851.879525159788i) (-9943.006798058039+15848.97826184922i) (-9942.008054050399+15846.07790672456i) (-9941.009803812522+15843.178460130806i) (-9940.012045513256+15840.279921433734i) (-9939.014780267205+15837.382289972855i) (-9938.018006696904+15834.485565772158i) (-9937.021725542578+15831.589747885857i) (-9936.025935686921+15828.694836342856i) (-9935.030637023105+15825.800829941909i) (-9934.03582950141+15822.907729394046i) (-9933.041512199132+15820.015532688583i) (-9932.047686093856+15817.124240822708i) (-9931.054348930864+15814.233852142363i) (-9930.06150246447+15811.344366933352i) (-9929.069143654988+15808.455784071128i) (-9928.077275154556+15805.568103954043i) (-9927.085893675325+15802.681326136852i) (-9926.095001877711+15799.795448970646i) (-9925.104597132722+15796.910474493874i) (-9924.114680612412+15794.02639906847i) (-9923.12525147285+15791.143225814689i) (-9922.136309349651+15788.26095017624i) (-9921.147854825671+15785.379575715677i) (-9920.159885564766+15782.499097841792i) (-9919.172404315228+15779.619519735203i) (-9918.185406245091+15776.740838032125i) (-9917.198896299575+15773.86305406219i) (-9916.212867533013+15770.986167271018i) (-9915.22732689794+15768.110175591128i) (-9914.242266188383+15765.235083610172i) (-9913.257692670992+15762.360881910878i) (-9912.273596930941+15759.48759056095i) (-9911.290007990654+15756.615178787082i) (-9910.306874083208+15753.743657348838i) (-9909.32423566752+15750.873042373745i) (-9908.342075342916+15748.003315973558i) (-9907.360402455844+15745.134484080827i) (-9906.379208267692+15742.266544451235i) (-9905.398498367484+15739.399495505415i) (-9904.418267930423+15736.533340153652i) (-9903.438520383035+15733.668073089957i) (-9902.459251871393+15730.803698778825i) (-9901.480464090011+15727.940212605858i) (-9900.502156037786+15725.077618352185i) (-9899.524327170484+15722.21591202978i) (-9898.546978439095+15719.355096200112i) (-9897.57010785527+15716.495168064224i) (-9896.593717231224+15713.636128865492i) (-9895.61780415957+15710.77797688778i) (-9894.642370372216+15707.920712330428i) (-9893.667413538014+15705.064334453305i) (-9892.692935036841+15702.208842627388i) (-9891.718933184793+15699.354237095908i) (-9890.745408517949+15696.500516431757i) (-9889.772360278426+15693.647681237293i) (-9888.799788250693+15690.795730227379i) (-9887.82769238021+15687.944663759328i) (-9886.856071577402+15685.094480552772i) (-9885.88492676463+15682.2451813816i) (-9884.914256517537+15679.396764615434i) (-9883.94406162868+15676.549230285902i) (-9882.974340634324+15673.702578088802i) (-9882.005094322227+15670.856807039545i) (-9881.036321314257+15668.011917356303i) (-9880.068022053962+15665.167907903071i) (-9879.100195897043+15662.324779146122i) (-9878.132842571289+15659.482529725683i) (-9877.165961803134+15656.641160043193i) (-9876.19955332832+15653.800668971595i) (-9875.233616929629+15650.961056508575i) (-9874.268152072802+15648.122322037681i) (-9873.303158513112+15645.284465176763i) (-9872.33863654792+15642.447485077473i) (-9871.374583652487+15639.611381268558i) (-9870.411002684425+15636.77615657789i) (-9869.447892079648+15633.94180447163i) (-9868.48525066989+15631.10832925894i) (-9867.523078620547+15628.27572809991i) (-9866.561375784231+15625.444002182783i) (-9865.600141794897+15622.613150119905i) (-9864.639376573592+15619.783172157597i) (-9863.679079082136+15616.954067178047i) (-9862.719250234937+15614.125835189574i) (-9861.75988855147+15611.298475633948i) (-9860.800994901261+15608.471987997465i) (-9859.842567828397+15605.646371806351i) (-9858.884607700036+15602.82162654144i) (-9857.92711411486+15599.997752366804i) (-9856.970086757647+15597.174747599614i) (-9856.013524735214+15594.352613395029i) (-9855.057428346032+15591.53134810326i) (-9854.101797286043+15588.710952150106i) (-9853.146631159856+15585.891424545973i) (-9852.191929742632+15583.072765536015i) (-9851.23769284701+15580.254973494548i) (-9850.283920035803+15577.438048908552i) (-9849.330610596784+15574.62199130308i) (-9848.377765004909+15571.806799676468i) (-9847.42538208303+15568.992474056788i) (-9846.473462084756+15566.179014130314i) (-9845.522004828024+15563.366419546215i) (-9844.57100948383+15560.554688941582i) (-9843.620476283872+15557.74382321334i) (-9842.67040465762+15554.933821070466i) (-9841.72079441446+15552.124682397854i) (-9840.77164532435+15549.316406676888i) (-9839.822956613592+15546.508993195635i) (-9838.874728448782+15543.702442374022i) (-9837.926960650238+15540.89675286632i) (-9836.979652590817+15538.09192483861i) (-9836.032804013437+15535.287957371127i) (-9835.0864147614+15532.484850559973i) (-9834.140484254123+15529.68260336445i) (-9833.195012543123+15526.881216184154i) (-9832.249998893+15524.080687841808i) (-9831.305443510004+15521.281018795144i) (-9830.361346076035+15518.482207662524i) (-9829.417705985594+15515.684254338597i) (-9828.474522961254+15512.887158607793i) (-9827.531797005387+15510.090919793009i) (-9826.589527429242+15507.295537805116i) (-9825.647714238185+15504.501011743137i) (-9824.706357047507+15501.707341664178i) (-9823.765455699251+15498.914526563518i) (-9822.825009265278+15496.122566858172i) (-9821.885018198464+15493.331461538006i) (-9820.945481839948+15490.541210123483i) (-9820.006400141598+15487.751812497692i) (-9819.067772554055+15484.963268216086i) (-9818.12959882083+15482.17557671016i) (-9817.191879130283+15479.38873784514i) (-9816.25461228761+15476.602750808088i) (-9815.317798612925+15473.817615220538i) (-9814.381437768507+15471.033330940118i) (-9813.445529429016+15468.249897323489i) (-9812.510073213854+15465.467314244503i) (-9811.575068844064+15462.685580913167i) (-9810.640516110767+15459.90469715515i) (-9809.706414756665+15457.124662485105i) (-9808.77276429347+15454.345476372486i) (-9807.839564598224+15451.567138657498i) (-9806.90681512805+15448.78964852238i) (-9805.974516021399+15446.013006230114i) (-9805.042666931316+15443.237210632504i) (-9804.111267253356+15440.462261765266i) (-9803.180316856047+15437.688158652476i) (-9802.249815232983+15434.914901498785i) (-9801.319762225343+15432.142489724172i) (-9800.390157670263+15429.370923015762i) (-9799.461001051433+15426.60020094634i) (-9798.532292554748+15423.830322848582i) (-9797.60403133128+15421.061288599576i) (-9796.676217962799+15418.293097950347i) (-9795.748851262859+15415.525749323806i) (-9794.821931182007+15412.759243481622i) (-9793.89545732382+15409.993579809168i) (-9792.969429687342+15407.228757584106i) (-9792.043847713048+15404.464776877252i) (-9791.118711371051+15401.701636762853i) (-9790.194020372219+15398.939337224032i) (-9789.26977430825+15396.177877403727i) (-9788.345972932491+15393.417257518904i) (-9787.422615728967+15390.657476491198i) (-9786.499702719304+15387.898534326467i) (-9785.57723337681+15385.140430484571i) (-9784.655207876865+15382.38316480655i) (-9783.733625281051+15379.626736449492i) (-9782.812485934624+15376.87114529928i) (-9781.891789053498+15374.11639081009i) (-9780.971534503366+15371.362472915902i) (-9780.051722647095+15368.609390609838i) (-9779.132351922975+15365.857143646692i) (-9778.213423004116+15363.105732130949i) (-9777.29493524333+15360.355155163707i) (-9776.376888554421+15357.605412459088i) (-9775.459282317239+15354.856503677163i) (-9774.54211662888+15352.108428025338i) (-9773.625391059439+15349.361186088137i) (-9772.709105392229+15346.614776369957i) (-9771.79325908326+15343.869199037159i) (-9770.877852251333+15341.124453414459i) (-9769.962884309194+15338.3805394779i) (-9769.04835516119+15335.63745632113i) (-9768.134264359589+15332.895204128821i) (-9767.220611888893+15330.15378190701i) (-9766.307397231443+15327.413189718009i) (-9765.394620187177+15324.673426708898i) (-9764.48228045259+15321.934492815362i) (-9763.570377650258+15319.196387534468i) (-9762.65891185866+15316.459110433269i) (-9761.74788225677+15313.722661060207i) (-9760.837289106948+15310.98703909744i) (-9759.92713166299+15308.252244269388i) (-9759.01741001279+15305.518275623295i) (-9758.10812314596+15302.785133760688i) (-9757.199272338883+15300.052817767184i) (-9756.290855969939+15297.321326206617i) (-9755.382873425633+15294.590660508946i) (-9754.475325872678+15291.860819179485i) (-9753.568212046062+15289.13180213976i) (-9752.661532021244+15286.403608807406i) (-9751.755285333711+15283.676238958222i) (-9750.849471835776+15280.949692014707i) (-9749.944091230087+15278.22396783972i) (-9749.039143075322+15275.499065663465i) (-9748.134627497218+15272.774985330409i) (-9747.230543702133+15270.05172627871i) (-9746.326891862052+15267.329288482639i) (-9745.423671028348+15264.607671025158i) (-9744.520882061448+15261.886874605203i) (-9743.61852412153+15259.166896870705i) (-9742.716595979284+15256.44773897023i) (-9741.815099038855+15253.729399731274i) (-9740.914031186903+15251.011879901487i) (-9740.013394413218+15248.295178322282i) (-9739.113186469596+15245.579293820083i) (-9738.213408261605+15242.864227225284i) (-9737.314058632788+15240.149977721016i) (-9736.415138235276+15237.436544564558i) (-9735.516645789025+15234.7239278755i) (-9734.618582028936+15232.012126910035i) (-9733.720945813555+15229.301141546337i) (-9732.823737517921+15226.590970924628i) (-9731.926956326455+15223.881615495493i) (-9731.03060256026+15221.173073868089i) (-9730.134675333527+15218.465346478624i) (-9729.239174876342+15215.758432376237i) (-9728.34410068411+15213.052331677762i) (-9727.44945256765+15210.347043238053i) (-9726.55523022673+15207.642567544359i) (-9725.661433214053+15204.93890322499i) (-9724.768061659786+15202.236051057007i) (-9723.875114625798+15199.534009517298i) (-9722.982592762546+15196.832779114453i) (-9722.090494482714+15194.132359038871i) (-9721.198822513648+15191.432749119813i) (-9720.307571826057+15188.733947042632i) (-9719.416745338262+15186.035956787242i) (-9718.52634275223+15183.338773940144i) (-9717.636363277166+15180.642400038481i) (-9716.746806434176+15177.94683369701i) (-9715.857672502736+15175.252075260352i) (-9714.968960441722+15172.558123792951i) (-9714.080670663468+15169.86497923782i) (-9713.192802164733+15167.172640896268i) (-9712.305355323035+15164.481108907625i) (-9711.418329513144+15161.79038253708i) (-9710.531724718254+15159.100461293769i) (-9709.645540452193+15156.411345300638i) (-9708.75977675972+15153.72303372999i) (-9707.874433072462+15151.035526511223i) (-9706.98950952496+15148.348822816146i) (-9706.105005359357+15145.662922485106i) (-9705.220920660497+15142.977825179703i) (-9704.33725502552+15140.293530362815i) (-9703.454008123666+15137.61003771628i) (-9702.57117978183+15134.927346761608i) (-9701.688769524575+15132.245457364352i) (-9700.806777262336+15129.564369083415i) (-9699.925202842656+15126.884081561373i) (-9699.04404565413+15124.204594131776i) (-9698.163306001856+15121.525906990828i) (-9697.282983243724+15118.848019108409i) (-9696.403077299328+15116.170930443224i) (-9695.523587686173+15113.494640241419i) (-9694.644514400017+15110.81914859291i) (-9693.76585663835+15108.144454841935i) (-9692.887615007356+15105.47055854492i) (-9692.009788162708+15102.797459610692i) (-9691.132376737989+15100.125157422131i) (-9690.255380088729+15097.453651756126i) (-9689.378797993839+15094.782942095524i) (-9688.502629972669+15092.113028350446i) (-9687.626876531795+15089.443909798883i) (-9686.751536499121+15086.7755863606i) (-9685.876610696872+15084.108057196607i) (-9685.002097115983+15081.441322004277i) (-9684.127997418638+15078.775381290438i) (-9683.254310549055+15076.110233125528i) (-9682.381035860004+15073.445878197319i) (-9681.508173271035+15070.782315632452i) (-9680.635722401104+15068.119545564055i) (-9679.763683367317+15065.45756761184i) (-9678.892055677543+15062.796381286911i) (-9678.020839551973+15060.135986302997i) (-9677.150034232745+15057.476381764802i) (-9676.279639953116+15054.817567697704i) (-9675.409656150541+15052.159543533147i) (-9674.540082560816+15049.502308763564i) (-9673.670918806307+15046.845863156015i) (-9672.802164472907+15044.190206265772i) (-9671.933819358452+15041.535337776055i) (-9671.065883245958+15038.881257518344i) (-9670.198355772241+15036.227964999493i) (-9669.331236917013+15033.575460250606i) (-9668.464526410919+15030.923742623501i) (-9667.598224340683+15028.272812066427i) (-9666.73233033405+15025.62266776808i) (-9665.86684441264+15022.973309398913i) (-9665.001766138677+15020.324736301916i) (-9664.137095269773+15017.67694804192i) (-9663.272831368042+15015.029943957761i) (-9662.40897401986+15012.383723946252i) (-9661.545522821492+15009.738287347634i) (-9660.682477350929+15007.093634073644i) (-9659.819837480645+15004.449763823657i) (-9658.957602219434+15001.806676347556i) (-9658.095772046217+14999.16437193867i) (-9657.234346561449+14996.522849760579i) (-9656.373325891973+14993.882109952505i) (-9655.512710142075+14991.242151424183i) (-9654.652498275384+14988.602974451656i) (-9653.792691247303+14985.964578031377i) (-9652.933288053599+14983.326962083149i) (-9652.074289019525+14980.69012574746i) (-9651.215692975786+14978.054069336236i) (-9650.357500199001+14975.418791188173i) (-9649.49970989371+14972.78429186607i) (-9648.642322173122+14970.150570349999i) (-9647.785336457619+14967.517627094196i) (-9646.928752737529+14964.885462076412i) (-9646.072570395927+14962.254073846445i) (-9645.216789737711+14959.623462698162i) (-9644.361410404048+14956.99362808168i) (-9643.5064322929+14954.364569877162i) (-9642.651855098778+14951.736287671709i) (-9641.797678564226+14949.108780665989i) (-9640.943902096184+14946.482048972448i) (-9640.090525544769+14943.856091242542i) (-9639.237548819894+14941.230908267467i) (-9638.384971380725+14938.606498688332i) (-9637.532793328915+14935.982863614314i) (-9636.681014518126+14933.3600008468i) (-9635.82963383846+14930.737911332903i) (-9634.97865191559+14928.116594309195i) (-9634.128068357568+14925.496049687052i) (-9633.277882705073+14922.876276657014i) (-9632.428094919182+14920.257275259046i) (-9631.578704614236+14917.639044384006i) (-9630.729711962918+14915.02158489863i) (-9629.881116006818+14912.40489488803i) (-9629.032917034636+14909.788975152736i) (-9628.185114397422+14907.173824361236i) (-9627.337708244302+14904.55944376835i) (-9626.490696997334+14901.945831157147i) (-9625.644082589024+14899.332987591071i) (-9624.797863633772+14896.720912556852i) (-9623.952039513748+14894.109604574815i) (-9623.106611412924+14891.499063982179i) (-9622.261577262047+14888.889290564359i) (-9621.416938165125+14886.28028381956i) (-9620.572692910471+14883.672043245206i) (-9619.72884226188+14881.064568617545i) (-9618.885385014013+14878.457859482718i) (-9618.042321491415+14875.851915564472i) (-9617.199650975337+14873.246736230183i) (-9616.357373654151+14870.642321750154i) (-9615.515489347406+14868.038671365768i) (-9614.673997516837+14865.435784715297i) (-9613.83289794248+14862.833661556544i) (-9612.99219062952+14860.232301349357i) (-9612.151875165595+14857.63170385743i) (-9611.311951255935+14855.031868683016i) (-9610.472418778765+14852.432795503206i) (-9609.63327756189+14849.834483654155i) (-9608.794527075337+14847.236933161672i) (-9607.956167423454+14844.640143559851i) (-9607.118197985255+14842.044114488319i) (-9606.280618711642+14839.448845426132i) (-9605.44342927592+14836.854336355365i) (-9604.60662960753+14834.260586491155i) (-9603.770219391368+14831.667595912244i) (-9602.93419849958+14829.075363847192i) (-9602.098566180299+14826.483890323523i) (-9601.26332292936+14823.893174814211i) (-9600.428467976113+14821.303216855445i) (-9599.594001220876+14818.714016031388i) (-9598.75992247532+14816.125572527184i) (-9597.92623141291+14813.53788523046i) (-9597.092927999802+14810.950954483837i) (-9596.260011792576+14808.364779137606i) (-9595.427482419422+14805.77935969436i) (-9594.595340012824+14803.194695322272i) (-9593.763584185132+14800.610785774576i) (-9592.932214433577+14798.027630539891i) (-9592.101231128821+14795.445229510646i) (-9591.270633305454+14792.863582268361i) (-9590.44042132255+14790.282688310914i) (-9589.61059464475+14787.702546950335i) (-9588.7811527356+14785.123158707504i) (-9587.952095998951+14782.544523090102i) (-9587.123423849393+14779.966638671918i) (-9586.2951361838+14777.389506522566i) (-9585.467232500767+14774.813125019922i) (-9584.63971247671+14772.237495152189i) (-9583.812576862663+14769.662615408528i) (-9582.985824211766+14767.08848598809i) (-9582.159455318124+14764.515106110852i) (-9581.333468591016+14761.942475469139i) (-9580.50786482481+14759.37059487839i) (-9579.68264375683+14756.79946236308i) (-9578.857804939737+14754.229078668977i) (-9578.03334806031+14751.659442686698i) (-9577.209273080178+14749.090554689199i) (-9576.38557945237+14746.52241387623i) (-9575.5622673517+14743.955020284207i) (-9574.739336051876+14741.388373244881i) (-9573.91678591306+14738.822472627191i) (-9573.09461623396+14736.257317964359i) (-9572.272827039533+14733.692908743013i) (-9571.451417817218+14731.129245037853i) (-9570.630388653242+14728.566326080514i) (-9569.80973900315+14726.004151736552i) (-9568.989469004993+14723.442721645384i) (-9568.169577806568+14720.882035271014i) (-9567.350065716068+14718.322093239312i) (-9566.530933130558+14715.76289348053i) (-9565.712178128804+14713.2044366458i) (-9564.893801845767+14710.646722405188i) (-9564.07580314962+14708.089750343828i) (-9563.258182651582+14705.533520167888i) (-9562.440939529235+14702.978031422823i) (-9561.624073864312+14700.423283679713i) (-9560.807585312365+14697.869276860993i) (-9559.991473576383+14695.31601028156i) (-9559.175738672959+14692.763484024988i) (-9558.36037998317+14690.211697048515i) (-9557.545397764803+14687.660649718611i) (-9556.73079111783+14685.11034095449i) (-9555.9165606545+14682.56077132902i) (-9555.102704722109+14680.011939598699i) (-9554.289224890326+14677.463846865827i) (-9553.476120089827+14674.916490689364i) (-9552.663389774556+14672.369872159543i) (-9551.85103415967+14669.823990556106i) (-9551.039052638827+14667.278845572371i) (-9550.227445560045+14664.734436963568i) (-9549.416212137912+14662.190764075616i) (-9548.605352493723+14659.647826861425i) (-9547.794866056209+14657.105624935655i) (-9546.984753105071+14654.564157780776i) (-9546.175012752827+14652.023425308453i) (-9545.365645512738+14649.483426790708i) (-9544.55665085867+14646.944162609838i) (-9543.748027631225+14644.405630854408i) (-9542.939777209553+14641.867833369655i) (-9542.131898385298+14639.330768349702i) (-9541.324390994023+14636.79443622114i) (-9540.517254947716+14634.258835408807i) (-9539.710490946962+14631.723967290814i) (-9538.904096705648+14629.189830138921i) (-9538.098073482666+14626.656423986391i) (-9537.292420985985+14624.123748761185i) (-9536.487138621293+14621.591803982104i) (-9535.682225307062+14619.060589171204i) (-9534.877683117575+14616.530105179294i) (-9534.07351004264+14614.00034906766i) (-9533.269706222902+14611.47132294552i) (-9532.466271344194+14608.943025133864i) (-9531.663205441402+14606.415455970138i) (-9530.86050815105+14603.888614660053i) (-9530.058179332085+14601.362501294392i) (-9529.256218736313+14598.837115218368i) (-9528.454625873122+14596.312456307267i) (-9527.65340101833+14593.788523782414i) (-9526.85254332065+14591.265318027763i) (-9526.052053182759+14588.742838037757i) (-9525.251930019918+14586.221084066137i) (-9524.452173691647+14583.700054989067i) (-9523.652784088317+14581.179751522499i) (-9522.853760708822+14578.660172153752i) (-9522.055103707557+14576.141317948895i) (-9521.256812504735+14573.623186538203i) (-9520.458887233715+14571.10578073431i) (-9519.661326846755+14568.589096037807i) (-9518.864132001745+14566.073134079195i) (-9518.067302526819+14563.55789705872i) (-9517.270837704247+14561.043380998439i) (-9516.474737399049+14558.529587681815i) (-9515.679001563074+14556.016515383431i) (-9514.88362988082+14553.504164924832i) (-9514.08862212788+14550.992535035679i) (-9513.293978125015+14548.481626179517i) (-9512.499697584613+14545.971437227276i) (-9511.705780286364+14543.461968523636i) (-9510.912226076878+14540.953219394605i) (-9510.119034591124+14538.445189713548i) (-9509.326205715794+14535.93787892624i) (-9508.533739306004+14533.431286682066i) (-9507.741635178576+14530.925413028572i) (-9506.949892676988+14528.42025703171i) (-9506.15851209775+14525.91581915315i) (-9505.367492981684+14523.412098251625i) (-9504.57683525677+14520.909094628063i) (-9503.786538339964+14518.406807383892i) (-9502.996602706611+14515.90523669797i) (-9502.207027320721+14513.404381644974i) (-9501.417812568445+14510.90424258702i) (-9500.628957776404+14508.404818713438i) (-9499.840462966982+14505.906110081753i) (-9499.052327898855+14503.408115735898i) (-9498.264552625595+14500.910835917974i) (-9497.477136188341+14498.414270449903i) (-9496.690079115015+14495.91841827425i) (-9495.90338096886+14493.423279657505i) (-9495.11704143944+14490.928853999829i) (-9494.331060497585+14488.435141080192i) (-9493.54543758281+14485.942140420075i) (-9492.760172364533+14483.449851166737i) (-9491.975265657744+14480.95827543864i) (-9491.19071670416+14478.467410004836i) (-9490.406523989577+14475.977255082458i) (-9489.622689085518+14473.48781163804i) (-9488.839210828315+14470.99907800361i) (-9488.056089462589+14468.511054798488i) (-9487.273324470358+14466.023741242567i) (-9486.490915675011+14463.537137345262i) (-9485.708863025491+14461.051242221787i) (-9484.9271662106+14458.566056192556i) (-9484.145825247526+14456.08157825908i) (-9483.364839412669+14453.59780859544i) (-9482.584208750248+14451.11474649463i) (-9481.80393315392+14448.632392136698i) (-9481.024012326006+14446.150744267627i) (-9480.244445339009+14443.669804283141i) (-9479.46523364159+14441.189570245171i) (-9478.686375740193+14438.710042480756i) (-9477.907871723924+14436.231220289903i) (-9477.129721561052+14433.753104058396i) (-9476.351924618819+14431.275692401066i) (-9475.57448129827+14428.798985951657i) (-9474.797390669595+14426.322983724547i) (-9474.020653186068+14423.847685970477i) (-9473.24426781267+14421.373091927626i) (-9472.46823521595+14418.899201311287i) (-9471.692554521505+14416.426014189836i) (-9470.917225903577+14413.95352992744i) (-9470.142248625158+14411.481748526543i) (-9469.367623924241+14409.010669036903i) (-9468.593349838266+14406.540291921845i) (-9467.819426931856+14404.070615838285i) (-9467.045855481756+14401.601641465464i) (-9466.2726340731+14399.133367684903i) (-9465.499763595377+14396.665794637296i) (-9464.727242956145+14394.198922028118i) (-9463.955072721954+14391.732749303395i) (-9463.18325192254+14389.267276580451i) (-9462.411781032959+14386.802502845698i) (-9461.64065948266+14384.338428575515i) (-9460.869887190958+14381.875052660325i) (-9460.099464028615+14379.412375681959i) (-9459.32938944685+14376.950396287082i) (-9458.55966406643+14374.48911509794i) (-9457.790286564814+14372.028530762072i) (-9457.021257748038+14369.568643867722i) (-9456.252576029037+14367.10945341061i) (-9455.484242689508+14364.650959495215i) (-9454.716256202142+14362.193162037125i) (-9453.94861746769+14359.736060158633i) (-9453.181325634321+14357.279654349972i) (-9452.41438075522+14354.82394312517i) (-9451.647782828248+14352.368927882046i) (-9450.881531484274+14349.914606204431i) (-9450.11562648819+14347.460979556166i) (-9449.350067363628+14345.008045704537i) (-9448.58485468632+14342.555806403263i) (-9447.819986572329+14340.104259678492i) (-9447.055465609652+14337.653405747362i) (-9446.291287296255+14335.203244634493i) (-9445.527455881314+14332.753776450016i) (-9444.763968351821+14330.305000156002i) (-9444.000825713938+14327.856914918893i) (-9443.238027303403+14325.409522847785i) (-9442.47557328035+14322.962820342442i) (-9441.71346395881+14320.516810110006i) (-9440.9516978577+14318.071488614762i) (-9440.190276745725+14315.626858356689i) (-9439.429197147798+14313.18291656856i) (-9438.668462575399+14310.739664673742i) (-9437.908068213228+14308.297101885737i) (-9437.14801875794+14305.8552275013i) (-9436.388309213218+14303.414043360448i) (-9435.62894404843+14300.973545647572i) (-9434.869919671419+14298.533739272414i) (-9434.111238341746+14296.094617274188i) (-9433.352899630932+14293.656186723085i) (-9432.594901252523+14291.21843900871i) (-9431.837248223925+14288.781381608303i) (-9431.079931608812+14286.345006168172i) (-9430.32296351151+14283.909318426318i) (-9429.56632545172+14281.474314573421i) (-9428.810043000569+14279.039989598996i) (-9428.054059869824+14276.606353833988i) (-9427.298465295475+14274.173436267589i) (-9426.543198607607+14271.741151916101i) (-9425.788261991805+14269.30957808295i) (-9425.033665611963+14266.87867702827i) (-9424.279410140009+14264.448469656494i) (-9423.525490844073+14262.018940013897i) (-9422.771914898269+14259.590098269555i) (-9422.018674044717+14257.161936816176i) (-9421.265776445023+14254.734458866462i) (-9420.51321387337+14252.307662510193i) (-9419.760992890278+14249.881546532148i) (-9419.009107227766+14247.456113100092i) (-9418.25756092156+14245.031358186478i) (-9417.5063505122+14242.607286082955i) (-9416.755477488226+14240.1838921034i) (-9416.00494150619+14237.761180660502i) (-9415.254741149416+14235.3391471998i) (-9414.504878749762+14232.917795304948i) (-9413.755351718382+14230.497121709821i) (-9413.006162445+14228.077127736104i) (-9412.257308095186+14225.65781214049i) (-9411.5087910242+14223.23917454044i) (-9410.760608579596+14220.821215309417i) (-9410.012762679307+14218.403932643614i) (-9409.265251121724+14215.9873282492i) (-9408.518074683709+14213.571399734643i) (-9407.771233314512+14211.156148944658i) (-9407.024725682695+14208.741573504665i) (-9406.278553140732+14206.327675478271i) (-9405.532713814064+14203.914452515328i) (-9404.787209873057+14201.501906152169i) (-9404.042038961501+14199.090034425652i) (-9403.297202622625+14196.678837642241i) (-9402.552699038642+14194.268315730964i) (-9401.808529587588+14191.85846739142i) (-9401.06469245693+14189.449293354954i) (-9400.321188402333+14187.04079260187i) (-9399.578016876501+14184.632965650833i) (-9398.835177522247+14182.225810988177i) (-9398.092670495682+14179.81933005864i) (-9397.350495541961+14177.413521476125i) (-9396.608652811618+14175.008384251681i) (-9395.867140179062+14172.603920162033i) (-9395.12596128661+14170.200127339038i) (-9394.385112391286+14167.79700580824i) (-9393.64459557704+14165.394554519014i) (-9392.904408982244+14162.992774374066i) (-9392.164553352377+14160.59166371523i) (-9391.425027932022+14158.19122381388i) (-9390.685832572588+14155.791452838917i) (-9389.94696747687+14153.392352158602i) (-9389.208431676754+14150.993920041383i) (-9388.470226252672+14148.596157419537i) (-9387.732349634924+14146.19906305594i) (-9386.9948033378+14143.802637130017i) (-9386.257585513948+14141.406879106109i) (-9385.520697404168+14139.011788406393i) (-9384.784137439134+14136.617365244305i) (-9384.047906703967+14134.22360841277i) (-9383.31200317666+14131.83051858774i) (-9382.57642834442+14129.438094656609i) (-9381.841181057156+14127.046337473668i) (-9381.106261380883+14124.655245525128i) (-9380.371669438739+14122.264819840975i) (-9379.637404610014+14119.875059160011i) (-9378.903467277736+14117.485963279163i) (-9378.169856245466+14115.0975326193i) (-9377.436573696223+14112.709766071046i) (-9376.703616594756+14110.322663064624i) (-9375.970986213904+14107.936223737683i) (-9375.238681993935+14105.550447995316i) (-9374.50670371851+14103.165334617059i) (-9373.775051004393+14100.780884599197i) (-9373.043723737499+14098.397096692363i) (-9372.312721886268+14096.01397156516i) (-9371.582045098243+14093.631508136627i) (-9370.851693686265+14091.249706580727i) (-9370.121666746043+14088.868566514377i) (-9369.391965026063+14086.488087246238i) (-9368.66258758288+14084.108268929707i) (-9367.93353506718+14081.729110543776i) (-9367.204806027808+14079.350612419132i) (-9366.476401140832+14076.97277348132i) (-9365.748319491719+14074.595594488439i) (-9365.020561144387+14072.219074046705i) (-9364.293126123019+14069.843213228789i) (-9363.566013623928+14067.468010805918i) (-9362.839224451536+14065.09346737347i) (-9362.112757477675+14062.719582022988i) (-9361.386613864905+14060.3463547287i) (-9360.660792141729+14057.97378517263i) (-9359.935293670103+14055.601872382627i) (-9359.210116906908+14053.230616847315i) (-9358.485262395028+14050.860017207044i) (-9357.760729364718+14048.490073933652i) (-9357.036517909588+14046.12078602886i) (-9356.312627573496+14043.752153866406i) (-9355.589057936311+14041.384176562542i) (-9354.865809023651+14039.016854554728i) (-9354.142880123896+14036.650186994124i) (-9353.420272072986+14034.284174491546i) (-9352.69798369343+14031.918816006812i) (-9351.976015708742+14029.554111885203i) (-9351.254367168753+14027.19006121398i) (-9350.533038997955+14024.826664133121i) (-9349.812029910174+14022.46392019084i) (-9349.091340507923+14020.10182900944i) (-9348.37096965022+14017.7403897449i) (-9347.650919425038+14015.379603512474i) (-9346.93118674766+14013.019468176972i) (-9346.211771573942+14010.659983722984i) (-9345.492676716969+14008.301152526008i) (-9344.773898192463+14005.942971110013i) (-9344.055439152282+14003.585440685438i) (-9343.337296898648+14001.228560583786i) (-9342.619473201943+13998.87233069185i) (-9341.9019660482+13996.516750807934i) (-9341.184776773092+13994.161819985902i) (-9340.467904296605+13991.807538758492i) (-9339.751348890251+13989.453906162773i) (-9339.035109936904+13987.100922595913i) (-9338.319187553732+13984.748587057798i) (-9337.603581537074+13982.396899786683i) (-9336.888291600906+13980.045860246702i) (-9336.173317668672+13977.695468224281i) (-9335.458659347456+13975.3457235141i) (-9334.744316787928+13972.996625457416i) (-9334.030289515398+13970.648174258182i) (-9333.316577622852+13968.3003691027i) (-9332.603180403374+13965.953210367703i) (-9331.890098195394+13963.606697264027i) (-9331.177330849585+13961.260829600993i) (-9330.464877640023+13958.915606934846i) (-9329.75273907153+13956.571029551606i) (-9329.040914081459+13954.227096633915i) (-9328.329403236237+13951.883807971744i) (-9327.618205896148+13949.541163349675i) (-9326.90732229187+13947.199162402521i) (-9326.196751972819+13944.857804974758i) (-9325.48649544804+13942.517090452684i) (-9324.776551123947+13940.177019275083i) (-9324.066919914801+13937.837590210913i) (-9323.35760120032+13935.498803853094i) (-9322.648594922674+13933.160659226702i) (-9321.939901113408+13930.823156539536i) (-9321.231518894489+13928.48629533643i) (-9320.52344898487+13926.150075374117i) (-9319.815690563697+13923.814496057856i) (-9319.108244115076+13921.47955754049i) (-9318.401108495804+13919.145258980681i) (-9317.694284205922+13916.811600707426i) (-9316.98777080376+13914.478582122527i) (-9316.281568293292+13912.146202894617i) (-9315.57567644841+13909.81446301538i) (-9314.870094760023+13907.483361855973i) (-9314.164823685847+13905.152899249897i) (-9313.459862054186+13902.823075057742i) (-9312.755210972937+13900.493888877354i) (-9312.050869062004+13898.165340695235i) (-9311.34683718305+13895.83742954752i) (-9310.643114223314+13893.510156209046i) (-9309.939701352674+13891.183518908821i) (-9309.236596082988+13888.857518231875i) (-9308.533800110556+13886.532154582595i) (-9307.831313083923+13884.207426716503i) (-9307.12913416996+13881.883334454655i) (-9306.42726373084+13879.559877930158i) (-9305.72570112092+13877.23705626314i) (-9305.024446765045+13874.914869754339i) (-9304.323499742164+13872.593317664194i) (-9303.622860600104+13870.272400084159i) (-9302.922528440562+13867.95211642958i) (-9302.222503734283+13865.632466703448i) (-9301.52278574137+13863.313450588888i) (-9300.823374940848+13860.995067392776i) (-9300.124270276847+13858.677317299785i) (-9299.4254725147+13856.36020002143i) (-9298.726981213385+13854.043714865726i) (-9298.028795168142+13851.727861612242i) (-9297.330915658804+13849.412640801893i) (-9296.633341934037+13847.09805119149i) (-9295.936073599061+13844.784092939346i) (-9295.23911081854+13842.470765406888i) (-9294.542453022124+13840.158068670353i) (-9293.846100450455+13837.846002537599i) (-9293.150052643161+13835.534566154605i) (-9292.454309556499+13833.223759885075i) (-9291.758870671121+13830.913583299414i) (-9291.063736523094+13828.604035723938i) (-9290.368906192904+13826.29511738955i) (-9289.674380006763+13823.986827778088i) (-9288.98015733661+13821.679166590047i) (-9288.28623871698+13819.372133661253i) (-9287.592623167626+13817.065728653306i) (-9286.899311084817+13814.75995101743i) (-9286.206301992137+13812.4548011478i) (-9285.513596049745+13810.150277897908i) (-9284.821192566245+13807.846381817666i) (-9284.129091780922+13805.543111847139i) (-9283.437293304703+13803.240468485239i) (-9282.74579697805+13800.938450563493i) (-9282.054602631568+13798.637059006565i) (-9281.36370996893+13796.336292214162i) (-9280.673119161875+13794.036151673306i) (-9279.982830907442+13791.736634426701i) (-9279.29284141679+13789.4377419389i) (-9278.603154637593+13787.139476041106i) (-9277.913769436824+13784.8418319952i) (-9277.224684343182+13782.544812368276i) (-9276.535900050138+13780.248415976352i) (-9275.847416065046+13777.952643002216i) (-9275.159232336751+13775.657492529046i) (-9274.471348853269+13773.362965271193i) (-9273.78376507692+13771.069060202954i) (-9273.096481229697+13768.7757771444i) (-9272.409496852022+13766.483115848412i) (-9271.722812241705+13764.191076211919i) (-9271.036426279208+13761.899658010789i) (-9270.350340018087+13759.608860491533i) (-9269.66455192446+13757.318683947944i) (-9268.979063089437+13755.029127512607i) (-9268.293872302875+13752.740191655861i) (-9267.608980385026+13750.45187542872i) (-9266.924386551713+13748.164179267456i) (-9266.240090359363+13745.877101952134i) (-9265.55609234261+13743.590644005415i) (-9264.87239181154+13741.30480469353i) (-9264.188989028356+13739.019584253612i) (-9263.505883307764+13736.734981821923i) (-9262.823074853364+13734.450997432774i) (-9262.140563352648+13732.16763106461i) (-9261.458348940061+13729.884881604667i) (-9260.776430853019+13727.602749778576i) (-9260.09480932941+13725.321234511577i) (-9259.413483975852+13723.040336244057i) (-9258.732454898456+13720.760054043492i) (-9258.051721780654+13718.480388240941i) (-9257.371284423307+13716.201337937433i) (-9256.691142770025+13713.922903422308i) (-9256.01129633127+13711.645083991592i) (-9255.331745399686+13709.367879694377i) (-9254.652489271115+13707.091290279188i) (-9253.973528356466+13704.815315062657i) (-9253.294862046063+13702.5399542727i) (-9252.616490228549+13700.265207399209i) (-9251.938413532509+13697.991074124566i) (-9251.260630118159+13695.717553649714i) (-9250.583141266223+13693.44464733254i) (-9249.905945786892+13691.172353187103i) (-9249.229044816624+13688.900672033476i) (-9248.552436820904+13686.629603031695i) (-9247.87612283543+13684.359146015166i) (-9247.200101432678+13682.08930112252i) (-9246.524373649376+13679.820067030452i) (-9245.848938477877+13677.551444795652i) (-9245.173795924507+13675.283433129744i) (-9244.498946132306+13673.016032485702i) (-9243.824388459512+13670.749241470152i) (-9243.150122451858+13668.483062089346i) (-9242.47614995938+13666.217492133008i) (-9241.802468413032+13663.952531086974i) (-9241.129078815462+13661.688180202127i) (-9240.455980520455+13659.42443773261i) (-9239.783174041328+13657.161304817491i) (-9239.110658431156+13654.898779880046i) (-9238.438434155327+13652.636863535447i) (-9237.766500310092+13650.375554834622i) (-9237.094857599355+13648.114854178433i) (-9236.423504790127+13645.854761302882i) (-9235.752442941137+13643.595275130143i) (-9235.081671112628+13641.336396545512i) (-9234.411189495908+13639.07812398888i) (-9233.740997352776+13636.820458433722i) (-9233.071095244062+13634.56339857621i) (-9232.401482445817+13632.306945055958i) (-9231.732159348538+13630.051096896257i) (-9231.063125115179+13627.79585433013i) (-9230.394380133645+13625.541216657984i) (-9229.725923824255+13623.287183971182i) (-9229.05775646543+13621.033755703444i) (-9228.389877297079+13618.780931990914i) (-9227.72228678416+13616.528712109006i) (-9227.0549842771+13614.277096154232i) (-9226.387970133277+13612.026083623805i) (-9225.721243491551+13609.77567430403i) (-9225.054804586489+13607.525868188193i) (-9224.388653437512+13605.276664774763i) (-9223.722789471914+13603.028063924703i) (-9223.057213062813+13600.780065077399i) (-9222.39192327825+13598.532668235446i) (-9221.726920739953+13596.285872963435i) (-9221.062204496999+13594.039679293339i) (-9220.39777520588+13591.794086741547i) (-9219.733632151123+13589.549095041404i) (-9219.069775380705+13587.304704038754i) (-9218.406204573+13585.060913433175i) (-9217.742919702509+13582.817722889991i) (-9217.079920553679+13580.575132039643i) (-9216.417207113234+13578.333141042225i) (-9215.754779018336+13576.091749144221i) (-9215.092636161056+13573.850956565693i) (-9214.43077813202+13571.610762396616i) (-9213.769205646624+13569.371167065385i) (-9213.107917217756+13567.132169824845i) (-9212.44691368337+13564.893770746801i) (-9211.786194425868+13562.655969301148i) (-9211.125759683044+13560.418765388884i) (-9210.465608655986+13558.182158816744i) (-9209.805741926153+13555.946149251467i) (-9209.14615870824+13553.710736286974i) (-9208.486859471079+13551.475919861754i) (-9207.827843401108+13549.241699808366i) (-9207.169110962215+13547.008075297324i) (-9206.510660998068+13544.775046572253i) (-9205.85249453891+13542.542613363536i) (-9205.19461056386+13540.310775322596i) (-9204.537009448253+13538.07953223394i) (-9203.87969063612+13535.84888371316i) (-9203.222654354531+13533.618829591916i) (-9202.565900172158+13531.389369641502i) (-9201.909427907909+13529.160503588195i) (-9201.253237423487+13526.93223097893i) (-9200.597328654927+13524.70455167317i) (-9199.941701309597+13522.47746561811i) (-9199.286355827686+13520.250972921445i) (-9198.631290761436+13518.02507201793i) (-9197.976507871843+13515.799763718893i) (-9197.322004564616+13513.57504726146i) (-9196.667782750723+13511.350922674712i) (-9196.013840817122+13509.127389599464i) (-9195.360180017298+13506.904448524316i) (-9194.706799107933+13504.682097737674i) (-9194.05369808151+13502.460338039218i) (-9193.400877080989+13500.239168708711i) (-9192.74833612168+13498.018589713849i) (-9192.096074538485+13495.798600855553i) (-9191.444092452122+13493.579201550187i) (-9190.792389544933+13491.360391887694i) (-9190.140965789797+13489.142171121326i) (-9189.489821054234+13486.924539934205i) (-9188.83895468645+13484.707497040525i) (-9188.18836740843+13482.491043141325i) (-9187.538058937997+13480.275176860048i) (-9186.88802806453+13478.059898875754i) (-9186.238275923488+13475.845208198289i) (-9185.588801272377+13473.631105576671i) (-9184.93960485224+13471.417589781391i) (-9184.290685862186+13469.204661182628i) (-9183.642044619708+13466.992318984208i) (-9182.993680525022+13464.780563460119i) (-9182.34559373699+13462.569393968577i) (-9181.697783919371+13460.35881055284i) (-9181.050251220291+13458.148812949832i) (-9180.402995141483+13455.939400701003i) (-9179.756015774332+13453.73057323436i) (-9179.10931285277+13451.522331147215i) (-9178.462885971103+13449.314673362518i) (-9177.816735301742+13447.107600320754i) (-9177.170860508913+13444.90111111321i) (-9176.525261622042+13442.695206179522i) (-9175.879938280277+13440.489884564418i) (-9175.234890546611+13438.285146661015i) (-9174.590117854088+13436.080991399731i) (-9173.94562064424+13433.877419676613i) (-9173.3013980556+13431.674430175572i) (-9172.657450838224+13429.47202370007i) (-9172.013778059169+13427.270198643277i) (-9171.370379872305+13425.068955869008i) (-9170.72725606148+13422.868294568685i) (-9170.084406539117+13420.668214745361i) (-9169.441830869666+13418.468715902536i) (-9168.799529285134+13416.269798260118i) (-9168.157501451606+13414.07146111i) (-9167.51574741811+13411.873704474581i) (-9166.874266813493+13409.676527977641i) (-9166.23305958962+13407.479931306572i) (-9165.592125170298+13405.28391388751i) (-9164.951463882273+13403.088475899382i) (-9164.311075501299+13400.893617456935i) (-9163.670959449699+13398.699337500022i) (-9163.031115793758+13396.505636733125i) (-9162.3915454387+13394.312514676378i) (-9161.752247077377+13392.119969918307i) (-9161.113220178722+13389.928003344092i) (-9160.47446590923+13387.736613911797i) (-9159.835982985343+13385.54580250652i) (-9159.197771551482+13383.355568023333i) (-9158.559831603663+13381.165910086502i) (-9157.922162560806+13378.976829847048i) (-9157.284765339464+13376.788325701082i) (-9156.647638879746+13374.60039745043i) (-9156.010783740221+13372.413044939309i) (-9155.374198899179+13370.226268054119i) (-9154.737884461285+13368.040066709114i) (-9154.101840809124+13365.854440569123i) (-9153.466066818753+13363.669388833172i) (-9152.830562872174+13361.484912633972i) (-9152.19532925673+13359.301010534002i) (-9151.560365145679+13357.11768275236i) (-9150.925670927363+13354.934928545359i) (-9150.291245976932+13352.752748155375i) (-9149.65709039237+13350.571141312255i) (-9149.023203872664+13348.390107599067i) (-9148.389586536643+13346.209646867961i) (-9147.75623805986+13344.029758741894i) (-9147.123158212922+13341.850443151543i) (-9146.490346753748+13339.671699699573i) (-9145.857803862891+13337.493528131117i) (-9145.225529088291+13335.315928322385i) (-9144.593522635576+13333.138900274302i) (-9143.96178380306+13330.962443290155i) (-9143.330313321685+13328.786557329739i) (-9142.699110186295+13326.611241922947i) (-9142.068174851218+13324.43649699216i) (-9141.437506323902+13322.262322573792i) (-9140.807105534417+13320.088717475977i) (-9140.176971187271+13317.915682545674i) (-9139.547104180545+13315.743217124877i) (-9138.917503243229+13313.571321040201i) (-9138.288169752062+13311.399993910061i) (-9137.659101789712+13309.229235692186i) (-9137.030302095754+13307.059046229648i) (-9136.401765999946+13304.8894223729i) (-9135.7734950222+13302.720371039522i) (-9135.145493416403+13300.551885749737i) (-9134.517755556848+13298.383967660797i) (-9133.890284306728+13296.21661705257i) (-9133.263077400889+13294.049833129884i) (-9132.636136568588+13291.883616225017i) (-9132.009460074067+13289.717965881975i) (-9131.383048929572+13287.552882004968i) (-9130.756901998264+13285.388364166309i) (-9130.131020517238+13283.224412363748i) (-9129.50540294209+13281.06102600359i) (-9128.880050103382+13278.898205364147i) (-9128.254961063485+13276.735949433481i) (-9127.630136669048+13274.574258801907i) (-9127.005575701745+13272.413132475343i) (-9126.381278987012+13270.252570689743i) (-9125.75724535225+13268.092572938553i) (-9125.13347562959+13265.933139160908i) (-9124.509968645209+13263.774269210995i) (-9123.886725556946+13261.615962414227i) (-9123.263744281863+13259.458218837382i) (-9122.64102689582+13257.301038694259i) (-9122.01857172251+13255.144421094301i) (-9121.396379566839+13252.988365966437i) (-9120.774449279597+13250.83287329179i) (-9120.152782302597+13248.677942323722i) (-9119.531376556755+13246.523573400138i) (-9118.910233534183+13244.369765511861i) (-9118.289351405583+13242.216519150608i) (-9117.668731801228+13240.063833679735i) (-9117.048373165526+13237.91170934182i) (-9116.42827621568+13235.760145354234i) (-9115.80844016998+13233.609141684348i) (-9115.188865513548+13231.458698049584i) (-9114.569551765166+13229.308814772532i) (-9113.950498903681+13227.159490724529i) (-9113.331706635578+13225.010726257633i) (-9112.713175079112+13222.862520593451i) (-9112.094903584766+13220.714874036292i) (-9111.476892887438+13218.567785972116i) (-9110.859141629026+13216.421256508998i) (-9110.241650482494+13214.275284850737i) (-9109.624419113028+13212.129871558263i) (-9109.007447583477+13209.985015793427i) (-9108.390734907434+13207.840717892002i) (-9107.77428223304+13205.69697665091i) (-9107.158088419925+13203.55379319633i) (-9106.542154265859+13201.411165973994i) (-9105.926478506806+13199.269095883754i) (-9105.311062108565+13197.127581096249i) (-9104.695904083128+13194.986623079156i) (-9104.081004755553+13192.84622008488i) (-9103.466363494912+13190.706373514104i) (-9102.851980538377+13188.567080662675i) (-9102.237855460062+13186.428344566859i) (-9101.623987878698+13184.290162982888i) (-9101.010378555295+13182.152535802496i) (-9100.39702624235+13180.015462975563i) (-9099.783932083532+13177.878944613005i) (-9099.171094658344+13175.742980141142i) (-9098.558515069108+13173.607569519698i) (-9097.946191980052+13171.472712272838i) (-9097.334126606112+13169.338408088812i) (-9096.722317056081+13167.204657055194i) (-9096.110764908792+13165.071458950015i) (-9095.499468812257+13162.93881298342i) (-9094.888429371887+13160.806719451735i) (-9094.277645934402+13158.675177677998i) (-9093.667118298172+13156.544188173391i) (-9093.056846804313+13154.413749775535i) (-9092.44683108221+13152.283863369259i) (-9091.837070861418+13150.154527506307i) (-9091.227566179547+13148.02574321767i) (-9090.61831693813+13145.897508402806i) (-9090.009323071448+13143.769825327892i) (-9089.400583515948+13141.642691303408i) (-9088.79209976708+13139.516108153744i) (-9088.183869683326+13137.390073558243i) (-9087.575896055667+13135.26458993562i) (-9086.96817348272+13133.139654726352i) (-9086.360709390452+13131.0152697757i) (-9085.753499129058+13128.89143129152i) (-9085.146539489357+13126.768142440977i) (-9084.539836414297+13124.64540166692i) (-9083.93338634981+13122.52320971535i) (-9083.327189816513+13120.40156478303i) (-9082.721247081867+13118.280468248962i) (-9082.11555741874+13116.159918434927i) (-9081.51012136949+13114.039916309863i) (-9080.904937736736+13111.920460690813i) (-9080.300007853213+13109.801551984894i) (-9079.695330011686+13107.683189788082i) (-9079.09090556454+13105.565373785304i) (-9078.486732628095+13103.448103714047i) (-9077.88281327113+13101.331379209243i) (-9077.279145078299+13099.215200835888i) (-9076.675729831797+13097.09956730438i) (-9076.072565695835+13094.98447910442i) (-9075.469654156004+13092.869935203575i) (-9074.86699373136+13090.75593659327i) (-9074.264585237259+13088.642481961135i) (-9073.662427291414+13086.529571746152i) (-9073.060521558373+13084.417205284306i) (-9072.458866289448+13082.305382931048i) (-9071.857462705742+13080.194103816297i) (-9071.256309230095+13078.0833679225i) (-9070.655406897939+13075.973174655624i) (-9070.054755076337+13073.86352502925i) (-9069.454354058296+13071.75441701504i) (-9068.854202338487+13069.645852024787i) (-9068.254301640807+13067.537828467519i) (-9067.654650417157+13065.430347369318i) (-9067.055249412619+13063.323407253276i) (-9066.456097483791+13061.217009422446i) (-9065.85719577616+13059.111151730878i) (-9065.258543045677+13057.005836064189i) (-9064.66014013311+13054.901060242273i) (-9064.06198592513+13052.796826007534i) (-9063.464081147062+13050.693131009404i) (-9062.866424805952+13048.589977040941i) (-9062.26901754043+13046.48736144845i) (-9061.671859155831+13044.385286603956i) (-9061.074947374007+13042.28375048784i) (-9060.478286972477+13040.18275461041i) (-9059.881873415296+13038.082296749959i) (-9059.285707281408+13035.98237858679i) (-9058.689789447191+13033.882996566184i) (-9058.0941202089+13031.784154884534i) (-9057.498697982548+13029.685849982832i) (-9056.903523266197+13027.588084468329i) (-9056.308595495753+13025.490854206058i) (-9055.71391625008+13023.394163307747i) (-9055.119482940363+13021.298008146528i) (-9054.525297409069+13019.202391458328i) (-9053.931357356789+13017.10730881483i) (-9053.337666074598+13015.01276514176i) (-9052.744219532076+13012.918756109713i) (-9052.15102070605+13010.825284720311i) (-9051.558066001362+13008.732346735847i) (-9050.965361231396+13006.639946572304i) (-9050.37289933929+13004.54807941947i) (-9049.78068533267+13002.456750577481i) (-9049.18871337839+13000.365952184642i) (-9048.59699309728+12998.275691962248i) (-9048.00551254527+12996.185964099766i) (-9047.414283032473+12994.09677542585i) (-9046.823287244866+12992.008111831943i) (-9046.232563232177+12989.919989611783i) (-9045.642056778297+12987.832390790374i) (-9045.05178919307+12985.745329097037i) (-9044.46179559847+12983.65881223415i) (-9043.872023468626+12981.572819805573i) (-9043.282508471852+12979.487359397459i) (-9042.693230925708+12977.402430985787i) (-9042.104204095729+12975.318036385957i) (-9041.51541394963+12973.234173528681i) (-9040.926872733417+12971.150841403069i) (-9040.338571964725+12969.068040739896i) (-9039.750518445779+12966.985771986505i) (-9039.162704249633+12964.904034900388i) (-9038.575136432935+12962.822827199994i) (-9037.98780985817+12960.742150851787i) (-9037.400728779001+12958.662004638663i) (-9036.813887777693+12956.582389348365i) (-9036.227291649877+12954.503302668687i) (-9035.640936842352+12952.424746470027i) (-9035.054826131945+12950.346719427083i) (-9034.468955792816+12948.269222604811i) (-9033.88332920888+12946.192253383477i) (-9033.297943741756+12944.115813973382i) (-9032.712801591577+12942.03990249523i) (-9032.127899775063+12939.964520674115i) (-9031.543240460265+12937.88966539801i) (-9030.95882230784+12935.815339241846i) (-9030.374646675085+12933.74154009582i) (-9029.79071127069+12931.66826950689i) (-9029.20701746546+12929.59552501724i) (-9028.623564467038+12927.523308223072i) (-9028.040353233897+12925.451617481132i) (-9027.45738200756+12923.380454749557i) (-9026.874651560067+12921.30981721637i) (-9026.292161462257+12919.23970649175i) (-9025.709912565046+12917.170121010991i) (-9025.127903326924+12915.10106230767i) (-9024.546134363274+12913.032528231035i) (-9023.964605072502+12910.964520103753i) (-9023.38331606774+12908.897036262693i) (-9022.80226690289+12906.830078256266i) (-9022.221456926229+12904.763644041339i) (-9021.640886732719+12902.697734865484i) (-9021.06055542031+12900.632349302203i) (-9020.48046386824+12898.567488033746i) (-9019.900610668747+12896.503150962079i) (-9019.320997047325+12894.43933721239i) (-9018.74162214028+12892.376046756759i) (-9018.162486590572+12890.313279685537i) (-9017.583588340993+12888.251034979623i) (-9017.004929629336+12886.189312852224i) (-9016.426508857787+12884.128113628238i) (-9015.84832601873+12882.067436734442i) (-9015.270380752529+12880.00728136556i) (-9014.692675223901+12877.947648248219i) (-9014.115205966726+12875.88853623009i) (-9013.537974536357+12873.829946177293i) (-9012.960980436268+12871.771876557274i) (-9012.38422416511+12869.714328546088i) (-9011.807704802814+12867.65730083065i) (-9011.231423127247+12865.600794534243i) (-9010.655377553947+12863.544807736727i) (-9010.079569981644+12861.489341153185i) (-9009.503998564483+12859.434394154567i) (-9008.928664365405+12857.37996726955i) (-9008.3535656145+12855.326059577026i) (-9007.778703764088+12853.27267082087i) (-9007.204078010853+12851.219801035888i) (-9006.629688698666+12849.167450533314i) (-9006.055534901883+12847.115618244952i) (-9005.481616543324+12845.064304526462i) (-9004.907934506882+12843.013508868258i) (-9004.334488276203+12840.96323135154i) (-9003.761277320311+12838.913471624266i) (-9003.188301739674+12836.864229147955i) (-9002.615561233939+12834.815503663473i) (-9002.043056404511+12832.767295306829i) (-9001.470786014657+12830.719603647703i) (-9000.898750327535+12828.672428684135i) (-9000.326948946058+12826.625769987117i) (-8999.755382474646+12824.579627290856i) (-8999.184049981275+12822.534000991363i) (-8998.612951986583+12820.488890611985i) (-8998.042087759417+12818.444295949223i) (-8997.471457909487+12816.400216514852i) (-8996.901061974659+12814.356652592116i) (-8996.330900122222+12812.31360354743i) (-8995.760972001637+12810.271069479315i) (-8995.191277609933+12808.229049632077i) (-8994.621816652652+12806.187543953412i) (-8994.052589322402+12804.146552111277i) (-8993.483594916437+12802.106074148003i) (-8992.91483358219+12800.066109696258i) (-8992.34630455044+12798.026658484208i) (-8991.778009162945+12795.987720194687i) (-8991.209945316357+12793.949295341758i) (-8990.642114087528+12791.911383549765i) (-8990.07451588212+12789.873984089307i) (-8989.507149452149+12787.837097215259i) (-8988.940015453916+12785.800722236196i) (-8988.37311349823+12783.764859444846i) (-8987.806443419919+12781.729508378901i) (-8987.240005101838+12779.694668699318i) (-8986.673798531447+12777.660340209932i) (-8986.107823581617+12775.62652274999i) (-8985.542079558258+12773.593216323588i) (-8984.976566998765+12771.560420350672i) (-8984.411285387472+12769.528135029615i) (-8983.846235034931+12767.496359890054i) (-8983.281415413763+12765.465095037765i) (-8982.71682644371+12763.434339978905i) (-8982.152468440408+12761.404094600022i) (-8981.58834095833+12759.374358180088i) (-8981.024443874376+12757.345131559914i) (-8980.46077667968+12755.316413355114i) (-8979.897339961833+12753.288204251689i) (-8979.334132872522+12751.260503343754i) (-8978.771156237497+12749.233311256043i) (-8978.208408670587+12747.206627010544i) (-8977.645891493761+12745.180450812823i) (-8977.083603259003+12743.15478195178i) (-8976.521544503245+12741.129621176204i) (-8975.959715069272+12739.104967692805i) (-8975.398114912316+12737.080820930572i) (-8974.836743782484+12735.057181355349i) (-8974.275601552821+12733.03404829326i) (-8973.714687974749+12731.011421877984i) (-8973.154002980813+12728.989301421292i) (-8972.593546765125+12726.96768722419i) (-8972.03331867784+12724.946578997558i) (-8971.473319018132+12722.925976369192i) (-8970.913547300874+12720.90587904138i) (-8970.35400376939+12718.886286823774i) (-8969.794688098598+12716.867199986908i) (-8969.235599903632+12714.848617692753i) (-8968.676739499053+12712.830540192228i) (-8968.118106067293+12710.812967129903i) (-8967.559704402483+12708.795896090065i) (-8967.001524166277+12706.779332122316i) (-8966.443573502418+12704.763270212592i) (-8965.885849204842+12702.747712939998i) (-8965.328352157583+12700.732658237052i) (-8964.771082050991+12698.718106841341i) (-8964.214038691625+12696.704058526479i) (-8963.657221691716+12694.690512796074i) (-8963.10063136743+12692.677469612157i) (-8962.544267252977+12690.664928696604i) (-8961.988129435527+12688.65288992233i) (-8961.432217535039+12686.641353035808i) (-8960.87653159358+12684.630317836796i) (-8960.321071355404+12682.619784294116i) (-8959.765836999468+12680.609751818429i) (-8959.21082824959+12678.600220716331i) (-8958.656044876621+12676.591190187311i) (-8958.101486712487+12674.582660454718i) (-8957.547153750267+12672.574631037494i) (-8956.993045951524+12670.567102023948i) (-8956.439163138642+12668.560073246126i) (-8955.885505052676+12666.553544030365i) (-8955.332071800854+12664.547514556638i) (-8954.77886312698+12662.541984501611i) (-8954.225879075044+12660.536953418821i) (-8953.673118992705+12658.532421645548i) (-8953.12058344622+12656.528388467546i) (-8952.568271947577+12654.524854340827i) (-8952.016184955733+12652.521818889327i) (-8951.464321035837+12650.519280429195i) (-8950.912681236885+12648.517240421723i) (-8950.36126531689+12646.515698666988i) (-8949.81007237414+12644.514653754428i) (-8949.259102687865+12642.5141067797i) (-8948.7083565647+12640.514058510205i) (-8948.157834656602+12638.514504274517i) (-8947.60753361243+12636.515448582446i) (-8947.057457415722+12634.516889582028i) (-8946.507603275933+12632.518826598956i) (-8945.95797218477+12630.521259320649i) (-8945.408563307981+12628.524188321691i) (-8944.859377156965+12626.527612873399i) (-8944.310412538689+12624.531532705065i) (-8943.76167026144+12622.535948898934i) (-8943.213150533658+12620.5408595961i) (-8942.664852698592+12618.54626573064i) (-8942.116776747072+12616.552166120626i) (-8941.568922427794+12614.558561318208i) (-8941.021289667164+12612.56545053762i) (-8940.473878651406+12610.57283422469i) (-8939.92668850744+12608.580711594623i) (-8939.379719918761+12606.589083032995i) (-8938.83297239855+12604.5979477784i) (-8938.286445923695+12602.60730591819i) (-8937.740140346265+12600.617157088021i) (-8937.194055366379+12598.62750138117i) (-8936.648190961647+12596.63833816181i) (-8936.102547894548+12594.649667479234i) (-8935.557124280034+12592.66148921736i) (-8935.011921357354+12590.67380325552i) (-8934.466938511261+12588.686608930382i) (-8933.922175837404+12586.699906546968i) (-8933.377632941483+12584.713695403483i) (-8932.833310013224+12582.72797584135i) (-8932.289206599238+12580.742747274864i) (-8931.745322997833+12578.758009752226i) (-8931.201658745142+12576.77376292793i) (-8930.65821402496+12574.79000646613i) (-8930.114988272862+12572.806740471744i) (-8929.571981893529+12570.823964576524i) (-8929.029194262463+12568.841678625959i) (-8928.486625685277+12566.859882339108i) (-8927.944275780625+12564.878575584828i) (-8927.402144622123+12562.897758220435i) (-8926.860232050029+12560.91743005484i) (-8926.31853786742+12558.937590324476i) (-8925.777061902825+12556.958239756575i) (-8925.235804209178+12554.979377652755i) (-8924.694764333886+12553.001003803583i) (-8924.153942643614+12551.023117986535i) (-8923.613338650826+12549.045720209477i) (-8923.072952507613+12547.068810131932i) (-8922.532783942172+12545.092387800189i) (-8921.992832694128+12543.116452374488i) (-8921.45309891734+12541.141004269146i) (-8920.91358250019+12539.166043095373i) (-8920.374282911253+12537.191568954164i) (-8919.835200574564+12535.21758098408i) (-8919.296334929386+12533.244079463617i) (-8918.757686402525+12531.271064059663i) (-8918.219254247702+12529.298534816833i) (-8917.681038823936+12527.32649136686i) (-8917.143039948092+12525.354933015537i) (-8916.605257380292+12523.383860193735i) (-8916.06769094369+12521.413272503662i) (-8915.530340224237+12519.443169885646i) (-8914.993205781468+12517.4735518665i) (-8914.456287158546+12515.504418639768i) (-8913.919584513911+12513.535769731428i) (-8913.38309725224+12511.567605089522i) (-8912.846825720366+12509.599924058071i) (-8912.310769380772+12507.632726966247i) (-8911.77492844115+12505.666013555234i) (-8911.239302489577+12503.699783524611i) (-8910.70389177053+12501.734036745253i) (-8910.16869593358+12499.768772729325i) (-8909.633715033764+12497.80399160558i) (-8909.098948860867+12495.839693048036i) (-8908.564397092181+12493.875877012462i) (-8908.030060505891+12491.912543485529i) (-8907.495937068466+12489.949690878017i) (-8906.962028624313+12487.987320783406i) (-8906.428334171156+12486.025432444503i) (-8905.894853726113+12484.064025506459i) (-8905.361587365376+12482.103099666627i) (-8904.828534720415+12480.142654917949i) (-8904.295695610066+12478.182691027441i) (-8903.763070211577+12476.22320765124i) (-8903.230658153127+12474.264204858866i) (-8902.698459789002+12472.30568218022i) (-8902.166474129044+12470.347639862503i) (-8901.634701792638+12468.390077287215i) (-8901.103142879256+12466.432994271596i) (-8900.57179644066+12464.476390738291i) (-8900.040662875703+12462.520266649546i) (-8899.509741912627+12460.564621398808i) (-8898.979033640191+12458.609455093387i) (-8898.448537764725+12456.654767585984i) (-8897.918254136888+12454.70055863933i) (-8897.388182726556+12452.746827843945i) (-8896.858323485312+12450.793575311098i) (-8896.328676155383+12448.840800509726i) (-8895.799240785538+12446.888503808523i) (-8895.270017070765+12444.936684272303i) (-8894.741005237585+12442.985342504255i) (-8894.2122047563+12441.034477329798i) (-8893.683615959682+12439.084089693837i) (-8893.155237986159+12437.134177914202i) (-8892.627071005765+12435.184743891732i) (-8892.099116125877+12433.235786075493i) (-8891.571371621776+12431.287303654783i) (-8891.043838039874+12429.339297772396i) (-8890.516515288444+12427.391767401758i) (-8889.989402931587+12425.444713076346i) (-8889.462501360465+12423.498133678713i) (-8888.935810003688+12421.55202981477i) (-8888.409329003613+12419.606400738154i) (-8887.883058499468+12417.661246999236i) (-8887.356997636358+12415.716567557402i) (-8886.831147183011+12413.772362660326i) (-8886.305506285633+12411.82863180314i) (-8885.780075392235+12409.885375545775i) (-8885.254854377014+12407.94259297779i) (-8884.72984212956+12406.000284304693i) (-8884.205039249826+12404.05844841306i) (-8883.680446483217+12402.117086059616i) (-8883.156062462174+12400.176197323028i) (-8882.63188753335+12398.235781115638i) (-8882.107921733124+12396.29583786764i) (-8881.584164795193+12394.356366973247i) (-8881.060616815472+12392.41736884537i) (-8880.537276870793+12390.478842885863i) (-8880.014146346613+12388.5407879499i) (-8879.491222973393+12386.603205754205i) (-8878.968508745269+12384.666094887245i) (-8878.446002721306+12382.729455356779i) (-8877.923704633236+12380.793287120032i) (-8877.401614496881+12378.857590075364i) (-8876.879732175683+12376.922363686099i) (-8876.358057738129+12374.987608011164i) (-8875.836591012501+12373.053322762633i) (-8875.315331736581+12371.119507871761i) (-8874.794280009028+12369.18616302589i) (-8874.27343564505+12367.253287978647i) (-8873.75279837091+12365.320882621463i) (-8873.232368208162+12363.38894707018i) (-8872.712145308866+12361.457480475041i) (-8872.192128528633+12359.526482738012i) (-8871.672318739194+12357.59595529155i) (-8871.152716757944+12355.665895504084i) (-8870.633320074405+12353.73630437808i) (-8870.114130341346+12351.807181939217i) (-8869.59514685121+12349.878527660276i) (-8869.076369690985+12347.950341134114i) (-8868.557798615322+12346.022622763225i) (-8868.039433477314+12344.09537181128i) (-8867.521274275867+12342.168588406366i) (-8867.003320921778+12340.242272063948i) (-8866.4855733265+12338.316422933593i) (-8865.96803107083+12336.391040784547i) (-8865.450694437888+12334.466125100495i) (-8864.933563150962+12332.541676169281i) (-8864.416637238213+12330.61769333398i) (-8863.899916454138+12328.694177211852i) (-8863.3834004192+12326.771125936384i) (-8862.867089449132+12324.84854133433i) (-8862.350983632326+12322.926422539396i) (-8861.83508222864+12321.004768309474i) (-8861.319385670075+12319.083579672522i) (-8860.803893408947+12317.162855849094i) (-8860.288605665548+12315.242597048102i) (-8859.773521916746+12313.322802800129i) (-8859.258642537061+12311.403473042226i) (-8858.743967174318+12309.48460755649i) (-8858.2294959303+12307.566206269907i) (-8857.715228372315+12305.648268834033i) (-8857.201164773238+12303.730795025891i) (-8856.687304695046+12301.81378473486i) (-8856.173648359643+12299.89723780866i) (-8855.660194968903+12297.981154102294i) (-8855.146945254626+12296.065533404602i) (-8854.633899001761+12294.150375288382i) (-8854.121055275822+12292.235679877122i) (-8853.608414898104+12290.32144687507i) (-8853.095977362234+12288.407676157995i) (-8852.583742451223+12286.494367301648i) (-8852.07171047735+12284.581520461981i) (-8851.559880776404+12282.669135409502i) (-8851.048253697922+12280.757211800112i) (-8850.536829177358+12278.845749218966i) (-8850.025607127507+12276.934748212623i) (-8849.514586697744+12275.024207769531i) (-8849.003768024271+12273.114128092458i) (-8848.493152126739+12271.204509142626i) (-8847.982737376828+12269.295350553872i) (-8847.472524880764+12267.386652084719i) (-8846.962513506905+12265.478413884439i) (-8846.45270402747+12263.570635118898i) (-8845.9430956781+12261.66331636398i) (-8845.433688878205+12259.756456932388i) (-8844.924483149685+12257.85005701516i) (-8844.41547844901+12255.944115851085i) (-8843.906674981827+12254.038633897511i) (-8843.398072362388+12252.133610502362i) (-8842.889670567609+12250.229045721011i) (-8842.381469271666+12248.324939287426i) (-8841.873468940172+12246.421291039345i) (-8841.365668501954+12244.518100504778i) (-8840.858068748894+12242.615367984723i) (-8840.350669106092+12240.713093317287i) (-8839.843469616+12238.811275631935i) (-8839.336470329134+12236.909915746848i) (-8838.829670675183+12235.009012685881i) (-8838.323071121757+12233.108566701212i) (-8837.816670795493+12231.208577080472i) (-8837.310471202589+12229.30904429553i) (-8836.80446954009+12227.409968513934i) (-8836.298669177026+12225.511347828711i) (-8835.793067555482+12223.613182623776i) (-8835.28766348871+12221.715475050307i) (-8834.782460182858+12219.818221580534i) (-8834.277455633217+12217.921424696446i) (-8833.772649586694+12216.025082527078i) (-8833.268042684133+12214.129195724036i) (-8832.763634413843+12212.233763286224i) (-8832.259424914497+12210.338786007722i) (-8831.75541346224+12208.444263160429i) (-8831.251600699921+12206.550194495747i) (-8830.747985890954+12204.65658011294i) (-8830.244569568116+12202.763420004985i) (-8829.741351149825+12200.870713758033i) (-8829.23833060943+12198.97846079234i) (-8828.735508231477+12197.086661440875i) (-8828.232883338875+12195.195315244528i) (-8827.730456349756+12193.304422829868i) (-8827.228227073745+12191.413982172444i) (-8826.72619456889+12189.523994765206i) (-8826.224359975145+12187.634460245557i) (-8825.722722437044+12185.745377975783i) (-8825.221282020968+12183.856747726048i) (-8824.720038652897+12181.968569583601i) (-8824.218992190934+12180.080843108557i) (-8823.718142603062+12178.193568499302i) (-8823.217489704872+12176.306745323804i) (-8822.71703323392+12174.420373555055i) (-8822.21677358738+12172.534452896809i) (-8821.716710382143+12170.648983306186i) (-8821.216843367649+12168.763964306723i) (-8820.71717261061+12166.879395877051i) (-8820.21769804273+12164.995277736416i) (-8819.718419374605+12163.111610160191i) (-8819.219336695322+12161.228392141926i) (-8818.720449587734+12159.345624504087i) (-8818.221758361458+12157.463306182493i) (-8817.723262886635+12155.581437809982i) (-8817.224962502463+12153.700018263477i) (-8816.726857537538+12151.819049338394i) (-8816.228949767188+12149.938527452447i) (-8815.731234294679+12148.05845424931i) (-8815.233715228755+12146.178831393318i) (-8814.736390885588+12144.29965595384i) (-8814.239261885119+12142.420929225624i) (-8813.742327362554+12140.542650366886i) (-8813.245587911184+12138.664819651996i) (-8812.749042624446+12136.787436272949i) (-8812.252692021262+12134.91050071552i) (-8811.756535737346+12133.034012499833i) (-8811.260573713711+12131.157971378392i) (-8810.764806046247+12129.282377297226i) (-8810.269232233119+12127.407230279603i) (-8809.773852491602+12125.532529606031i) (-8809.278666715494+12123.658275845544i) (-8808.783674525286+12121.784468155516i) (-8808.288876091083+12119.911106801123i) (-8807.794271416918+12118.038191336796i) (-8807.299860096833+12116.165721641573i) (-8806.805642196903+12114.293697501458i) (-8806.311617512858+12112.422118899649i) (-8805.817785966368+12110.55098555671i) (-8805.324147696168+12108.680297368152i) (-8804.830702269797+12106.81005403147i) (-8804.33744983494+12104.940255469113i) (-8803.844390090355+12103.070901419109i) (-8803.351523029425+12101.201991728232i) (-8802.858848416581+12099.333526237999i) (-8802.36636648445+12097.465504843985i) (-8801.874076679624+12095.597927540992i) (-8801.381979585582+12093.73079363448i) (-8800.890074440926+12091.864103264688i) (-8800.398361562102+12089.997856305617i) (-8799.906840346754+12088.132052479683i) (-8799.415511239444+12086.26669165858i) (-8798.924373766486+12084.401773766636i) (-8798.433427987899+12082.537298375155i) (-8797.94267419805+12080.673265252331i) (-8797.452111227902+12078.809674963184i) (-8796.961740077517+12076.946526526108i) (-8796.471560048692+12075.083819741998i) (-8795.981571480985+12073.22155484108i) (-8795.491773711597+12071.359731787297i) (-8795.002166919103+12069.498349951802i) (-8794.512751352508+12067.637409709156i) (-8794.023526443725+12065.776909866265i) (-8793.534492178343+12063.916851650918i) (-8793.04564841835+12062.057233752817i) (-8792.55699545786+12060.198056283978i) (-8792.068532356889+12058.339319307399i) (-8791.580260094473+12056.481022672935i) (-8791.09217752978+12054.623166074629i) (-8790.604285546326+12052.765749130553i) (-8790.116583302135+12050.908772166189i) (-8789.629071181924+12049.052234410592i) (-8789.14174877646+12047.196136549066i) (-8788.654616118965+12045.340476882902i) (-8788.167673017848+12043.485257083463i) (-8787.680919429273+12041.630475352493i) (-8787.194355526572+12039.77613313275i) (-8786.707980476851+12037.92222875591i) (-8786.221795130194+12036.068762782892i) (-8785.73579835876+12034.215734811962i) (-8785.249991473458+12032.363144989462i) (-8784.764372319376+12030.510993371645i) (-8784.278942972163+12028.65927836929i) (-8783.79370172926+12026.808001898102i) (-8783.30865005386+12024.957160975115i) (-8782.823786637633+12023.106760238219i) (-8782.33910946305+12021.256791600612i) (-8781.854621724931+12019.407264233i) (-8781.370325598353+12017.558174387195i) (-8780.886213272333+12015.709516510824i) (-8780.402292409535+12013.86129685153i) (-8779.918557111725+12012.013513259833i) (-8779.435011034724+12010.166165503713i) (-8778.951651426327+12008.319253611973i) (-8778.468480638423+12006.472776743996i) (-8777.985496798872+12004.626736041446i) (-8777.502700881954+12002.781130037836i) (-8777.020091914364+12000.935959410966i) (-8776.537670342728+11999.091223151343i) (-8776.055436173636+11997.246921943526i) (-8775.57338873899+11995.40305548651i) (-8775.091528955629+11993.559623159603i) (-8774.609855204999+11991.716624879562i) (-8774.128369105452+11989.874060510861i) (-8773.647068889015+11988.031930319965i) (-8773.165955900064+11986.190233784844i) (-8772.685029028056+11984.348970751518i) (-8772.204288855393+11982.508140838232i) (-8771.723735012692+11980.667744215008i) (-8771.243366958592+11978.827780690208i) (-8770.76318561258+11976.98825014242i) (-8770.2831899153+11975.149151902484i) (-8769.803380707039+11973.310486291448i) (-8769.323756755886+11971.472253057973i) (-8768.844318745394+11969.634451828624i) (-8768.36506621763+11967.797082703917i) (-8767.885999395261+11965.960145463021i) (-8767.407118034254+11964.12363990275i) (-8766.92842210773+11962.28756586318i) (-8766.44991162413+11960.451922815193i) (-8765.971585685726+11958.616711106872i) (-8765.493445689435+11956.781930752304i) (-8765.015490161737+11954.947580587545i) (-8764.537719856336+11953.113661269716i) (-8764.060134080595+11951.280172424453i) (-8763.58273323303+11949.447113970004i) (-8763.10551640112+11947.614485447259i) (-8762.628484529576+11945.782287085607i) (-8762.151637924504+11943.950518576015i) (-8761.674973929748+11942.11917872365i) (-8761.198495295897+11940.288269688635i) (-8760.72220041776+11938.4577896741i) (-8760.246089509103+11936.627738569987i) (-8759.770162744398+11934.79811627536i) (-8759.294420076065+11932.968922945454i) (-8758.818861020096+11931.140158279095i) (-8758.34348565061+11929.3118220214i) (-8757.868293755022+11927.48391400806i) (-8757.393285609387+11925.656433770248i) (-8756.918460395327+11923.829381855263i) (-8756.443818763217+11922.002757465052i) (-8755.969360025647+11920.176561013i) (-8755.495084525779+11918.350791590234i) (-8755.020992021147+11916.525450155055i) (-8754.54708259645+11914.700535209471i) (-8754.073355774148+11912.87604787391i) (-8753.599811734412+11911.051986448054i) (-8753.12645042135+11909.22835240166i) (-8752.653271676969+11907.405144598064i) (-8752.180275386585+11905.582363217261i) (-8751.707461425209+11903.760007661918i) (-8751.234829830706+11901.938078130635i) (-8750.762380379058+11900.11657426571i) (-8750.290113093222+11898.29549644282i) (-8749.8180277882+11896.474842897765i) (-8749.346122862446+11894.654615938645i) (-8748.87440203504+11892.834814383381i) (-8748.402861845709+11891.015436828893i) (-8747.931503631076+11889.196484597842i) (-8747.460326454595+11887.37795646219i) (-8746.989331106235+11885.559853234234i) (-8746.518516867156+11883.7421741307i) (-8746.047884089094+11881.92491939495i) (-8745.577432275175+11880.108088368555i) (-8745.107161655986+11878.291681057908i) (-8744.637071871497+11876.475697627646i) (-8744.167162993865+11874.660137525287i) (-8743.69743473885+11872.845001001382i) (-8743.227887261892+11871.030287176753i) (-8742.758520893216+11869.215996977993i) (-8742.28933442892+11867.402128772579i) (-8741.820328290587+11865.588684018549i) (-8741.351502923868+11863.77566121213i) (-8740.882857676279+11861.963061189497i) (-8740.414392502233+11860.150882942364i) (-8739.946107427153+11858.339126779872i) (-8739.47800235434+11856.527792470866i) (-8739.0100768195+11854.716879748512i) (-8738.54233147601+11852.906388943353i) (-8738.07476569436+11851.096318825843i) (-8737.607379719626+11849.286670389667i) (-8737.140172874866+11847.477442069974i) (-8736.673145047313+11845.668635495007i) (-8736.206296984861+11843.860249439176i) (-8735.739627949684+11842.052283989678i) (-8735.273138174929+11840.24473892295i) (-8734.806827378889+11838.437613889302i) (-8734.340695599818+11836.63090920636i) (-8733.874742741787+11834.824624184024i) (-8733.408968695017+11833.018759099075i) (-8732.943373306794+11831.213313236201i) (-8732.477956750172+11829.40828703249i) (-8732.012718299071+11827.603679818785i) (-8731.547658796158+11825.799491610174i) (-8731.08277698415+11823.995722588343i) (-8730.618073554275+11822.192371687071i) (-8730.15354847335+11820.389439913204i) (-8729.689200966319+11818.586926488502i) (-8729.225031733677+11816.784831153162i) (-8728.761040153136+11814.98315397164i) (-8728.297226582603+11813.181894904987i) (-8727.833590684048+11811.381053535655i) (-8727.370132295182+11809.580629769634i) (-8726.906851449328+11807.780623309132i) (-8726.443748190864+11805.981034239472i) (-8725.98082206117+11804.181862227808i) (-8725.518073231735+11802.383107211437i) (-8725.05550137988+11800.584768872077i) (-8724.59310675872+11798.786847326095i) (-8724.130889085794+11796.989342209004i) (-8723.668848114281+11795.192253307732i) (-8723.206983953334+11793.395580892404i) (-8722.745296666428+11791.599324105322i) (-8722.283786048154+11789.803483397092i) (-8721.822451950418+11788.008058106341i) (-8721.361294188857+11786.213048542273i) (-8720.900312699861+11784.418453831619i) (-8720.439507420659+11782.624274929305i) (-8719.978878088968+11780.83051069301i) (-8719.518425311224+11779.037161271048i) (-8719.05814816775+11777.244227059906i) (-8718.598046790257+11775.451706705499i) (-8718.138121862628+11773.659601179617i) (-8717.678371537251+11771.867909906885i) (-8717.218797696372+11770.076632774872i) (-8716.759399334434+11768.285769447612i) (-8716.300176313003+11766.495319877093i) (-8715.841128867669+11764.705283728003i) (-8715.382256561692+11762.915661143645i) (-8714.923559373201+11761.126451572327i) (-8714.465037258109+11759.337655094043i) (-8714.00668969224+11757.54927150874i) (-8713.548517440215+11755.761301455008i) (-8713.090519846817+11753.973743338125i) (-8712.632697087702+11752.186598238095i) (-8712.175049072757+11750.3998652335i) (-8711.717575837987+11748.613544651786i) (-8711.260276848267+11746.827635598293i) (-8710.803152460914+11745.042138603567i) (-8710.34620260589+11743.257052908884i) (-8709.889426424505+11741.472378668579i) (-8709.432824419971+11739.688115905818i) (-8708.976396076207+11737.90426442258i) (-8708.520141890993+11736.120824039102i) (-8708.064061617897+11734.33779479355i) (-8707.60815506647+11732.555176263575i) (-8707.152422153056+11730.772968842655i) (-8706.696863099412+11728.991170774141i) (-8706.24147857821+11727.20978428493i) (-8705.786266701263+11725.428806338394i) (-8705.331227486371+11723.648238222146i) (-8704.876362739375+11721.868080636214i) (-8704.421670104264+11720.08833194545i) (-8703.96715049991+11718.308992555905i) (-8703.512803479629+11716.530062676844i) (-8703.058629188377+11714.751542059956i) (-8702.60462733613+11712.973430858507i) (-8702.150798134768+11711.195728866709i) (-8701.697141904455+11709.4184360024i) (-8701.243658207564+11707.641551864093i) (-8700.79034748895+11705.86507655328i) (-8700.337209453888+11704.089009323648i) (-8699.884244405112+11702.313350154598i) (-8699.43145158617+11700.538098576948i) (-8698.978831590852+11698.763254523676i) (-8698.526383390417+11696.988817005431i) (-8698.07410647422+11695.214787017576i) (-8697.622001784783+11693.441164077947i) (-8697.170068207104+11691.667948016231i) (-8696.718306139137+11689.89513895787i) (-8696.26671532864+11688.12273674841i) (-8695.81529591855+11686.350741584567i) (-8695.364047891117+11684.57915305168i) (-8694.9129713156+11682.807971057633i) (-8694.462066128055+11681.037195317382i) (-8694.011332326074+11679.266825725605i) (-8693.560769712685+11677.496861774218i) (-8693.110378154084+11675.72730350721i) (-8692.660157597638+11673.958150691433i) (-8692.210107676277+11672.18940318276i) (-8691.760228477071+11670.42106071848i) (-8691.310519822367+11668.653123438142i) (-8690.860981463387+11666.885591143619i) (-8690.411613710156+11665.118463797926i) (-8689.962416134844+11663.351741123512i) (-8689.513389185902+11661.58542297788i) (-8689.064532279759+11659.819509312716i) (-8688.615845909533+11658.0539994717i) (-8688.167328952833+11656.288893716652i) (-8687.718982395796+11654.52419221905i) (-8687.270805081498+11652.759893266983i) (-8686.822800226188+11650.995999448456i) (-8686.37496258911+11649.2325075334i) (-8685.927294721205+11647.469419463714i) (-8685.47979639161+11645.706734109386i) (-8685.032467464302+11643.94445226776i) (-8684.585308371614+11642.182572908083i) (-8684.138318310332+11640.421096178328i) (-8683.691497476688+11638.660022137556i) (-8683.244845874051+11636.899350145333i) (-8682.798363361027+11635.139080614063i) (-8682.352050011063+11633.379212618463i) (-8681.90590519078+11631.619746514676i) (-8681.459929204899+11629.86068214901i) (-8681.014121498349+11628.102019254422i) (-8680.568482835311+11626.343758159703i) (-8680.123012467539+11624.585897995521i) (-8679.677710626842+11622.82843922365i) (-8679.232577070958+11621.071380944406i) (-8678.787611690756+11619.314723984298i) (-8678.34281479678+11617.558467419802i) (-8677.898185910708+11615.802611393381i) (-8677.453725229627+11614.047155486736i) (-8677.00943238375+11612.292099748935i) (-8676.56530740896+11610.537443951596i) (-8676.12135007157+11608.783187936824i) (-8675.677560443342+11607.029331701038i) (-8675.233938319327+11605.275874874209i) (-8674.790483692155+11603.522817546705i) (-8674.347196418385+11601.770159555988i) (-8673.90407652727+11600.017900699226i) (-8673.461123861769+11598.266040755754i) (-8673.01833854465+11596.51457969443i) (-8672.575720202654+11594.763517275427i) (-8672.133268969836+11593.012853339416i) (-8671.690984718078+11591.262587557605i) (-8671.248867231054+11589.512720083158i) (-8670.806916453734+11587.763250586022i) (-8670.365132267263+11586.014179037616i) (-8669.923514701863+11584.265504894372i) (-8669.482063575493+11582.517229257573i) (-8669.040779533785+11580.769350367369i) (-8668.599661192024+11579.021868277054i) (-8668.158709235966+11577.27478439568i) (-8667.717923353837+11575.528096734044i) (-8667.277303938305+11573.781805896115i) (-8666.836850260224+11572.03591201221i) (-8666.396562646416+11570.290414631801i) (-8665.956440729426+11568.54531332318i) (-8665.516484658481+11566.80060847221i) (-8665.076694171992+11565.056299699174i) (-8664.637069501416+11563.312386710077i) (-8664.197609952935+11561.568869669883i) (-8663.758316178115+11559.825748109126i) (-8663.31918767036+11558.08302217421i) (-8662.880224530152+11556.340691391038i) (-8662.4414265669+11554.598755941075i) (-8662.00279362963+11552.857215268787i) (-8661.564325751593+11551.1160692362i) (-8661.126022562728+11549.375318617971i) (-8660.68788479839+11547.634962066315i) (-8660.249911153922+11545.894999438087i) (-8659.812102419517+11544.155432012372i) (-8659.374458318523+11542.416258355031i) (-8658.936978838101+11540.677478754606i) (-8658.499663741703+11538.939092879506i) (-8658.062513269582+11537.20110086438i) (-8657.625526818229+11535.463502042538i) (-8657.18870460002+11533.726296685662i) (-8656.752046522148+11531.989484436512i) (-8656.315552451078+11530.253065446876i) (-8655.879222255864+11528.517039127397i) (-8655.443056105414+11526.781405890988i) (-8655.007053664856+11525.046164987183i) (-8654.571214949581+11523.31131682137i) (-8654.135539742132+11521.576860706882i) (-8653.700028190764+11519.842797027834i) (-8653.264680124386+11518.109125368297i) (-8652.829495455544+11516.375845617142i) (-8652.394474117864+11514.642957394164i) (-8651.959616136504+11512.910460845978i) (-8651.524921074288+11511.17835563426i) (-8651.090389257575+11509.446641760265i) (-8650.656020267761+11507.71531870444i) (-8650.221813651455+11505.984387080944i) (-8649.787770873842+11504.253846664153i) (-8649.353890338236+11502.523696063246i) (-8648.920172554486+11500.793936595943i) (-8648.486617239858+11499.06456694514i) (-8648.0532246586+11497.335588250011i) (-8647.619994169881+11495.606999304737i) (-8647.18692631631+11493.878800246272i) (-8646.754020443237+11492.150991102812i) (-8646.321276982471+11490.423571518793i) (-8645.888695332966+11488.696541527781i) (-8645.456275871617+11486.969900728256i) (-8645.024018258775+11485.24364945226i) (-8644.591922486357+11483.517787067392i) (-8644.159988611247+11481.792313752321i) (-8643.728216458021+11480.067229209026i) (-8643.296605853757+11478.34253330568i) (-8642.865156886086+11476.61822575208i) (-8642.43386941416+11474.894306335944i) (-8642.002743320692+11473.170775391089i) (-8641.571778321759+11471.44763232573i) (-8641.140974578371+11469.724877355766i) (-8640.710331980596+11468.00250983323i) (-8640.279850644572+11466.28053017181i) (-8639.849530025309+11464.558937786514i) (-8639.419370568743+11462.837732995704i) (-8638.989371611355+11461.116914446204i) (-8638.55953312492+11459.396484051278i) (-8638.129855944606+11457.676440415144i) (-8637.700339293131+11455.956783071126i) (-8637.270982792414+11454.237512626689i) (-8636.841787089215+11452.518627746369i) (-8636.412751630221+11450.800130354459i) (-8635.98387598461+11449.082018228082i) (-8635.555160990756+11447.364292255015i) (-8635.126605745454+11445.646952288664i) (-8634.698211022413+11443.929998493491i) (-8634.269975439376+11442.213429438778i) (-8633.841900768166+11440.49724592351i) (-8633.413985213887+11438.781448449481i) (-8632.986228888678+11437.066035303542i) (-8632.558633532823+11435.351007285484i) (-8632.13119668739+11433.636364443057i) (-8631.703919821839+11431.922105788393i) (-8631.276802094711+11430.208232048257i) (-8630.849843841943+11428.49474248724i) (-8630.423044604888+11426.781637368975i) (-8629.996404649582+11425.068916146536i) (-8629.56992371351+11423.356579008236i) (-8629.143601831005+11421.644625617242i) (-8628.717438847625+11419.933056015918i) (-8628.291434808583+11418.221869804933i) (-8627.865589429106+11416.511067021605i) (-8627.439902914331+11414.800647530115i) (-8627.01437457794+11413.090611199768i) (-8626.589005279362+11411.380957862439i) (-8626.163794162467+11409.671686841768i) (-8625.738741441031+11407.962798909142i) (-8625.31384688858+11406.254293310136i) (-8624.889110571614+11404.546170252577i) (-8624.464532619382+11402.838429273437i) (-8624.040112765751+11401.131070607837i) (-8623.615850773964+11399.424094052143i) (-8623.191746294857+11397.71749914102i) (-8622.7678001306+11396.011285148747i) (-8622.344011400355+11394.305453410387i) (-8621.920380935946+11392.600003152098i) (-8621.49690790689+11390.89493369451i) (-8621.073592176439+11389.190245934305i) (-8620.650433359457+11387.485938204296i) (-8620.227432402215+11385.782011679046i) (-8619.804588892348+11384.078465881794i) (-8619.381902458179+11382.375300808922i) (-8618.959373006941+11380.67251601004i) (-8618.53700070229+11378.97011138691i) (-8618.114785599968+11377.268086587002i) (-8617.692727100712+11375.566442067753i) (-8617.270825676826+11373.865177458607i) (-8616.849080626169+11372.16429215801i) (-8616.42749305062+11370.463786493396i) (-8616.006061299946+11368.763659981212i) (-8615.58478625106+11367.063912798501i) (-8615.163667590443+11365.364544712524i) (-8614.742705227207+11363.66555585609i) (-8614.321899322778+11361.966945515296i) (-8613.901249529528+11360.268714135309i) (-8613.480755899467+11358.570860823747i) (-8613.060418307494+11356.873386138632i) (-8612.640236746542+11355.176289686047i) (-8612.220211019761+11353.479571376203i) (-8611.800341218122+11351.783230990512i) (-8611.3806271446+11350.087268312878i) (-8610.961068745495+11348.391683483334i) (-8610.541665655852+11346.696475936547i) (-8610.122418373954+11345.00164585409i) (-8609.703326574225+11343.307193277764i) (-8609.28438981936+11341.613117262299i) (-8608.865608424649+11339.919418906993i) (-8608.446982665806+11338.22609707972i) (-8608.02851178575+11336.533152021684i) (-8607.610196105456+11334.840583257963i) (-8607.192035253378+11333.148390830851i) (-8606.77402930854+11331.456574934042i) (-8606.356178282385+11329.765134845482i) (-8605.938481968231+11328.074071037827i) (-8605.520940167771+11326.38338278395i) (-8605.103553329516+11324.69307052252i) (-8604.686320594748+11323.003133377879i) (-8604.269242466236+11321.31357222924i) (-8603.852318656642+11319.624386158075i) (-8603.435549405567+11317.93557517081i) (-8603.018934434745+11316.247139307401i) (-8602.602473400158+11314.559077870861i) (-8602.186166645237+11312.871391497727i) (-8601.770013524183+11311.184079384086i) (-8601.354014658924+11309.497142016766i) (-8600.938169240353+11307.81057880526i) (-8600.522477996095+11306.124389856923i) (-8600.106940186013+11304.438574916781i) (-8599.691556028465+11302.753133813225i) (-8599.276325845905+11301.068066872913i) (-8598.861248945022+11299.383372633329i) (-8598.446325218763+11297.699052425452i) (-8598.031554989026+11296.015105286679i) (-8597.616937863764+11294.331531584192i) (-8597.202474120802+11292.648330779784i) (-8596.788163243662+11290.965502837129i) (-8596.374005541755+11289.28304761435i) (-8595.960000718293+11287.600965296926i) (-8595.546148902791+11285.919254899505i) (-8595.132449540319+11284.237917573637i) (-8594.71890317675+11282.556951966397i) (-8594.305509572037+11280.876358864061i) (-8593.89226851565+11279.196137318222i) (-8593.479180164124+11277.516287489285i) (-8593.06624360166+11275.836809577468i) (-8592.653460093718+11274.157702739505i) (-8592.240828364544+11272.478967847079i) (-8591.828348987787+11270.800603491934i) (-8591.41602187938+11269.12261110056i) (-8591.003846310794+11267.444988773135i) (-8590.591823600706+11265.76773796262i) (-8590.179951646505+11264.090857517525i) (-8589.768232813862+11262.414347672064i) (-8589.356664498033+11260.738208750392i) (-8588.94524907548+11259.062439078309i) (-8588.533984709873+11257.38704082787i) (-8588.122871815394+11255.712010669755i) (-8587.71191061488+11254.037352520589i) (-8587.301100165081+11252.363062012826i) (-8586.890442099535+11250.689142779947i) (-8586.479934155055+11249.01559184528i) (-8586.069577859602+11247.342410786041i) (-8585.659372281902+11245.66959961018i) (-8585.249318761755+11243.997156195835i) (-8584.839415715182+11242.325083043146i) (-8584.429663548195+11240.65337654739i) (-8584.020061601484+11238.982040440718i) (-8583.610610901913+11237.311072713812i) (-8583.201311715977+11235.640472162864i) (-8582.792161045387+11233.970241063023i) (-8582.383162797518+11232.300376936993i) (-8581.974313842777+11230.630882247764i) (-8581.565615935053+11228.961753372563i) (-8581.15706831864+11227.292994233732i) (-8580.748669986391+11225.624600673498i) (-8580.340423130769+11223.956575861515i) (-8579.93232466115+11222.288917724049i) (-8579.524378186257+11220.621626905384i) (-8579.116579717349+11218.954703217536i) (-8578.708932726553+11217.288145777275i) (-8578.301434419787+11215.621956180235i) (-8577.894086429214+11213.956131661964i) (-8577.486887785633+11212.29067513822i) (-8577.079838762656+11210.625583765835i) (-8576.672939957829+11208.960858843386i) (-8576.266188598127+11207.296499975215i) (-8575.859588765516+11205.632507065551i) (-8575.453136857395+11203.96888013677i) (-8575.046835005736+11202.30561839785i) (-8574.640681627816+11200.642722599749i) (-8574.234677609487+11198.98019161064i) (-8573.828822542386+11197.318026296918i) (-8573.423116227812+11195.656225772802i) (-8573.01755918127+11193.994790348626i) (-8572.612150280715+11192.33371963958i) (-8572.206890517704+11190.673013602733i) (-8571.801779205805+11189.012672315708i) (-8571.396816512939+11187.35269528189i) (-8570.99200238473+11185.693082539425i) (-8570.587336418092+11184.033833798396i) (-8570.182819074027+11182.374949139972i) (-8569.778449878038+11180.716428523916i) (-8569.374228589426+11179.05827125702i) (-8568.970155732186+11177.400478004096i) (-8568.566230957022+11175.743047918002i) (-8568.162454163252+11174.085981409795i) (-8567.758824815988+11172.4292778598i) (-8567.35534400938+11170.77293736961i) (-8566.952010448518+11169.11695986054i) (-8566.54882459257+11167.461345356685i) (-8566.145786418105+11165.806093589217i) (-8565.742896120813+11164.151203442301i) (-8565.340153312743+11162.49667700944i) (-8564.93755676845+11160.842512034858i) (-8564.53510923114+11159.188708544101i) (-8564.132807809016+11157.53526884437i) (-8563.730653554783+11155.882189450518i) (-8563.328647334638+11154.229472656974i) (-8562.926787525383+11152.577116914688i) (-8562.525075207108+11150.925122959266i) (-8562.123508984514+11149.27348975803i) (-8561.722090151037+11147.622217758906i) (-8561.32081742886+11145.971307412517i) (-8560.919691660309+11144.320757859412i) (-8560.518712568532+11142.670569256006i) (-8560.117879779264+11141.020741613407i) (-8559.717195620187+11139.371274673678i) (-8559.316655947014+11137.722166484948i) (-8558.916263259342+11136.073419255103i) (-8558.51601585024+11134.42503160695i) (-8558.115915171407+11132.777004702757i) (-8557.71596007639+11131.129337766408i) (-8557.316151432606+11129.482030610003i) (-8556.916488789822+11127.835083095708i) (-8556.516972722015+11126.188494907434i) (-8556.117602089087+11124.542266070775i) (-8555.718377269477+11122.896396082628i) (-8555.319297857819+11121.2508852452i) (-8554.920364239102+11119.605733119526i) (-8554.521576150451+11117.960940381581i) (-8554.122933329549+11116.316506036981i) (-8553.724436197492+11114.672430280862i) (-8553.326084484304+11113.028712789599i) (-8552.92787807206+11111.385353838894i) (-8552.529816565293+11109.742352787962i) (-8552.131900601073+11108.099709947368i) (-8551.73412935712+11106.457424773243i) (-8551.336503632421+11104.81549745614i) (-8550.939022382063+11103.173927910033i) (-8550.541686078981+11101.532715350924i) (-8550.14449511912+11099.891860445323i) (-8549.747448028837+11098.251362187902i) (-8549.35054588934+11096.611221891832i) (-8548.953788027276+11094.971438071967i) (-8548.557175236627+11093.332011335357i) (-8548.16070658203+11091.692941253965i) (-8547.764382631321+11090.05422759066i) (-8547.368202704853+11088.41587061158i) (-8546.972167141923+11086.777869502876i) (-8546.576275839323+11085.14022497576i) (-8546.180528428671+11083.50293617809i) (-8545.7849253009+11081.866003400482i) (-8545.38946585733+11080.229426273125i) (-8544.994150545417+11078.593204662468i) (-8544.59897879239+11076.95733879797i) (-8544.2039506971+11075.321828112363i) (-8543.809066820811+11073.686672994983i) (-8543.414325385591+11072.05187228674i) (-8543.019728134806+11070.417427943545i) (-8542.625274961847+11068.783337729077i) (-8542.23096474419+11067.149602413601i) (-8541.836798117627+11065.516221499995i) (-8541.442774448722+11063.883194980788i) (-8541.0488944796+11062.25052285855i) (-8540.65515711645+11060.618205092718i) (-8540.261563170865+11058.986241007067i) (-8539.86811179829+11057.35463132878i) (-8539.474803760293+11055.723374714726i) (-8539.081638490628+11054.092472556124i) (-8538.688615278774+11052.461923803414i) (-8538.2957359442+11050.831728629411i) (-8537.902998098512+11049.20188643541i) (-8537.510404881152+11047.572397156873i) (-8537.117952142817+11045.94326287391i) (-8536.725642559992+11044.314476975562i) (-8536.333474050482+11042.686047484205i) (-8535.941450197732+11041.057971970149i) (-8535.549566419217+11039.430245979864i) (-8535.157827162977+11037.80287322945i) (-8534.766228345663+11036.175853339613i) (-8534.374772003466+11034.549184753141i) (-8533.983457636261+11032.922868763275i) (-8533.592284886989+11031.296904147588i) (-8533.201254741394+11029.671291677767i) (-8532.810365122288+11028.04603058738i) (-8532.41961800682+11026.421121311942i) (-8532.02901248198+11024.796563462192i) (-8531.638548460814+11023.172356395284i) (-8531.24822611349+11021.548500913617i) (-8530.858044883771+11019.924996061374i) (-8530.468005419625+11018.301842008465i) (-8530.078106472936+11016.679038985207i) (-8529.688349651564+11015.056586223849i) (-8529.298733274074+11013.434484449812i) (-8528.90925856503+11011.812732267077i) (-8528.519924501146+11010.191331176899i) (-8528.130731530408+11008.570279148245i) (-8527.741679439421+11006.949578082693i) (-8527.352767950897+11005.329226022632i) (-8526.963997677749+11003.70922441399i) (-8526.575367471636+11002.089571650156i) (-8526.186878642455+11000.470268905503i) (-8525.798529466669+10998.851315033447i) (-8525.41032171729+10997.232710801396i) (-8525.022253517243+10995.614455186485i) (-8524.634326421678+10993.996548872112i) (-8524.246538864025+10992.378991159272i) (-8523.858892413627+10990.761782318183i) (-8523.471385059021+10989.144921759404i) (-8523.084018967162+10987.528410004317i) (-8522.696791717479+10985.912246212898i) (-8522.309706129876+10984.296431526338i) (-8521.922759796766+10982.680961888473i) (-8521.53595064306+10981.065842383667i) (-8521.149284213614+10979.451071640071i) (-8520.762756136934+10977.836647027661i) (-8520.376368444431+10976.222570819273i) (-8519.99011954462+10974.60884126481i) (-8519.604010927409+10972.995459677948i) (-8519.218040825663+10971.382424837791i) (-8518.832210888886+10969.769737400777i) (-8518.446519624285+10968.157396609264i) (-8518.06096828837+10966.54540272955i) (-8517.675555511458+10964.933755512362i) (-8517.29028229143+10963.322454734736i) (-8516.905147718608+10961.711500355308i) (-8516.520152506362+10960.100892221595i) (-8516.135295881386+10958.490630159584i) (-8515.750578385054+10956.880714373608i) (-8515.36599924899+10955.271144026989i) (-8514.981559220481+10953.661919540438i) (-8514.597257384547+10952.053040584775i) (-8514.213094071609+10950.444507314452i) (-8513.829069102276+10948.83631933772i) (-8513.445182969223+10947.228476891083i) (-8513.061434768515+10945.620979649i) (-8512.677825337727+10944.01382723624i) (-8512.294353638074+10942.407019881684i) (-8511.911020798045+10940.800557211924i) (-8511.52782538845+10939.194439086028i) (-8511.144768448981+10937.588665366595i) (-8510.761849063983+10935.983236416021i) (-8510.37906812241+10934.378151206123i) (-8509.996424312114+10932.773410697102i) (-8509.613918856274+10931.169013775201i) (-8509.231550667082+10929.564961132i) (-8508.84932064917+10927.961251770323i) (-8508.467227772655+10926.357886628692i) (-8508.08527269754+10924.754864330522i) (-8507.703454821269+10923.152186023257i) (-8507.321775106362+10921.549849908137i) (-8506.940230062599+10919.947857553754i) (-8506.558825129898+10918.346210357962i) (-8506.177557324876+10916.744902634047i) (-8505.796425244467+10915.14393919206i) (-8505.41543077497+10913.543317774902i) (-8505.03457280546+10911.943039550324i) (-8504.653851984529+10910.343103405423i) (-8504.273267913175+10908.743509857946i) (-8503.892820875442+10907.144258407743i) (-8503.512510399565+10905.545349089763i) (-8503.132336597293+10903.946781653985i) (-8502.752299910846+10902.348555912107i) (-8502.372399438967+10900.750671955093i) (-8501.992635602895+10899.153129062102i) (-8501.613008046936+10897.555927744736i) (-8501.233516783725+10895.959067479165i) (-8500.854161830146+10894.362548634479i) (-8500.474942758927+10892.766370605723i) (-8500.095860055211+10891.170533689427i) (-8499.716913163575+10889.575037427763i) (-8499.338102686259+10887.979882072377i) (-8498.959427699338+10886.385067202524i) (-8498.580889113953+10884.79059260198i) (-8498.202486039485+10883.196458560698i) (-8497.824219024293+10881.602664360413i) (-8497.446087514854+10880.009210726448i) (-8497.068092116879+10878.416095767036i) (-8496.6902307895+10876.823321545557i) (-8496.312506373357+10875.230887213827i) (-8495.9349169571+10873.638791932057i) (-8495.557462768102+10872.047036130843i) (-8495.18014398088+10870.455619955339i) (-8494.802960480965+10868.864542642072i) (-8494.425912230141+10867.273804645583i) (-8494.048999010487+10865.683405357906i) (-8493.672220919096+10864.093345041318i) (-8493.29557764245+10862.503623352202i) (-8492.919069398504+10860.914240107662i) (-8492.54269596486+10859.325195384692i) (-8492.16645739284+10857.736488997207i) (-8491.790353508808+10856.148120911734i) (-8491.414384066267+10854.560090619765i) (-8491.038549511592+10852.972398698877i) (-8490.662849393088+10851.385044369981i) (-8490.287283871774+10849.798028011535i) (-8489.911852492874+10848.211348991194i) (-8489.536555896895+10846.625007475333i) (-8489.161393202023+10845.03900339557i) (-8488.786365099828+10843.453336208095i) (-8488.411470959478+10841.868006645194i) (-8488.036710733708+10840.283013427903i) (-8487.662084973032+10838.698357558651i) (-8487.287592442593+10837.114038053347i) (-8486.91323432231+10835.5300556549i) (-8486.539009710821+10833.946409457287i) (-8486.164919374605+10832.363099765858i) (-8485.790962287687+10830.780126433609i) (-8485.417139477458+10829.197489075388i) (-8485.04344972694+10827.615187881238i) (-8484.669893950275+10826.033222137521i) (-8484.296471404601+10824.45159267208i) (-8483.923182327202+10822.870298060197i) (-8483.550026457717+10821.28933973409i) (-8483.177003513087+10819.708715898225i) (-8482.804114278915+10818.128428246438i) (-8482.43135710214+10816.548475073643i) (-8482.058734486014+10814.968857893648i) (-8481.686241961215+10813.389575684098i) (-8481.313888497272+10811.810630476062i) (-8480.941663751331+10810.232012556397i) (-8480.569570369662+10808.65373562913i) (-8480.197612424525+10807.075791058507i) (-8479.825786091405+10805.498182523997i) (-8479.45409290884+10803.920906376996i) (-8479.08253248826+10802.343965277749i) (-8478.71110439765+10800.76735724428i) (-8478.339808988048+10799.191083520724i) (-8477.968645600926+10797.615143167322i) (-8477.597614784072+10796.039536586195i) (-8477.22671592925+10794.464263575315i) (-8476.85594949086+10792.889323662039i) (-8476.485314630378+10791.314717311066i) (-8476.114812493197+10789.740444105097i) (-8475.744442255029+10788.166503795597i) (-8475.374203971345+10786.592896347307i) (-8475.004097662593+10785.019621823758i) (-8474.634122991747+10783.446679737115i) (-8474.264280462565+10781.874070292337i) (-8473.894569300017+10780.301793216335i) (-8473.524990042006+10778.72984836433i) (-8473.155542089658+10777.158235680332i) (-8472.786225875108+10775.58695494273i) (-8472.417041066612+10774.01600621999i) (-8472.047987779104+10772.44538917923i) (-8471.679065441376+10770.875104216422i) (-8471.310274690282+10769.305150297118i) (-8470.94161520772+10767.735528489738i) (-8470.573086743207+10766.16623755053i) (-8470.204689481121+10764.597277753479i) (-8469.83642334658+10763.028649319354i) (-8469.468288144113+10761.46035184378i) (-8469.100283664126+10759.892384688123i) (-8468.73241001678+10758.32474893893i) (-8468.364667456213+10756.757443496144i) (-8467.997055368865+10755.190468673336i) (-8467.629573994149+10753.623823999613i) (-8467.262223433017+10752.057509923907i) (-8466.89500318923+10750.491525591238i) (-8466.527913691574+10748.925871672494i) (-8466.160954051278+10747.360546736301i) (-8465.79412454331+10745.795553345066i) (-8465.427426903705+10744.230888737768i) (-8465.060858251392+10742.66655315645i) (-8464.69442016941+10741.102547598575i) (-8464.328112037183+10739.538871045077i) (-8463.961934167099+10737.975523887857i) (-8463.595886125313+10736.412505630582i) (-8463.229968141957+10734.84981644239i) (-8462.864180011837+10733.28745596067i) (-8462.49852136648+10731.72542437528i) (-8462.132992754512+10730.163721362136i) (-8461.767593983124+10728.602346797765i) (-8461.402324631545+10727.04130071437i) (-8461.037184943407+10725.480582686212i) (-8460.672174531397+10723.920192934916i) (-8460.30729388165+10722.360131126716i) (-8459.942542497785+10720.800397254348i) (-8459.577920421314+10719.24099121253i) (-8459.21342757313+10717.681912884156i) (-8458.849064026546+10716.12316193011i) (-8458.484829562198+10714.564738537305i) (-8458.12072422878+10713.006642326904i) (-8457.756747787647+10711.448873531212i) (-8457.392900433091+10709.891431712298i) (-8457.029181975833+10708.334316856268i) (-8456.66559238063+10706.777528861732i) (-8456.30213165354+10705.2210676963i) (-8455.938799671501+10703.664932985232i) (-8455.575595873363+10702.109124665127i) (-8455.212521251498+10700.553643270534i) (-8454.849575112043+10698.998487501594i) (-8454.48675727955+10697.44365817487i) (-8454.124067880251+10695.889154862482i) (-8453.761507036108+10694.334977388562i) (-8453.399074262681+10692.78112555809i) (-8453.036769757906+10691.227599806376i) (-8452.674593485985+10689.674399295209i) (-8452.31254526782+10688.121524470953i) (-8451.950625014226+10686.568974776837i) (-8451.588833097687+10685.01675051136i) (-8451.227168863894+10683.464851449418i) (-8450.865632801846+10681.913277164496i) (-8450.504224399363+10680.362027791143i) (-8450.142944106075+10678.811102886619i) (-8449.78179084471+10677.260502962992i) (-8449.420765738872+10675.710227587178i) (-8449.059868104518+10674.160276208906i) (-8448.699097751934+10672.610649324077i) (-8448.338455152756+10671.061346772676i) (-8447.977939595336+10669.512368383155i) (-8447.617551814861+10667.963713693942i) (-8447.257291290536+10666.415383019345i) (-8446.897157906918+10664.867375936134i) (-8446.537151769246+10663.319692442838i) (-8446.17727281594+10661.772332289584i) (-8445.81752045017+10660.22529557199i) (-8445.457895514453+10658.678582306984i) (-8445.098397268703+10657.13219202953i) (-8444.739026056734+10655.58612482459i) (-8444.379781594771+10654.04038040568i) (-8444.020664030153+10652.49495898054i) (-8443.661672893824+10650.949860106606i) (-8443.30280850303+10649.405083941056i) (-8442.944071052994+10647.860630101975i) (-8442.585459771013+10646.316498787857i) (-8442.226975113066+10644.772689315138i) (-8441.86861675147+10643.229202213597i) (-8441.510384819916+10641.686036561596i) (-8441.152278741665+10640.143193555763i) (-8440.79429953057+10638.600672114322i) (-8440.436446127675+10637.058472193185i) (-8440.078718956218+10635.516593787755i) (-8439.721117899635+10633.975036844771i) (-8439.363642663717+10632.43380134963i) (-8439.006293617167+10630.89288682764i) (-8438.649070273406+10629.352293461405i) (-8438.29197284615+10627.812020889756i) (-8437.935001208481+10626.272069399061i) (-8437.57815519632+10624.732438316494i) (-8437.221434568666+10623.193128160001i) (-8436.864839903834+10621.654138541311i) (-8436.508370622654+10620.115469011875i) (-8436.152026760312+10618.577119922978i) (-8435.795808358102+10617.039091185317i) (-8435.439715259457+10615.501382247578i) (-8435.083747615694+10613.96399344207i) (-8434.727905066233+10612.426924328312i) (-8434.372187868052+10610.890174982893i) (-8434.016595635012+10609.353745180422i) (-8433.66112854402+10607.817634876068i) (-8433.305786427998+10606.281843894398i) (-8432.95056924435+10604.746372117905i) (-8432.595476867307+10603.211219668057i) (-8432.240509425445+10601.676386180938i) (-8431.885666709406+10600.141871524389i) (-8431.53094893926+10598.607675772884i) (-8431.17635544428+10597.073798468671i) (-8430.821886798427+10595.540240336275i) (-8430.467542773631+10594.007000094804i) (-8430.113323092075+10592.474078405176i) (-8429.759227613195+10590.94147485139i) (-8429.405257189526+10589.409189589685i) (-8429.051410220205+10587.87722210643i) (-8428.69768808978+10586.345572563012i) (-8428.34408976938+10584.814240936164i) (-8427.990615928411+10583.283227067004i) (-8427.63726594211+10581.752530746744i) (-8427.284040220768+10580.222151785383i) (-8426.930938340196+10578.692090168648i) (-8426.577960375593+10577.162345678644i) (-8426.225106265327+10575.63291854839i) (-8425.872375982182+10574.103808052207i) (-8425.519769328008+10572.575014697324i) (-8425.167286388165+10571.046537966897i) (-8424.814927134155+10569.518378061312i) (-8424.462691286848+10567.990534553064i) (-8424.11057909361+10566.463007653967i) (-8423.758590179865+10564.935796950505i) (-8423.406724983188+10563.408902656183i) (-8423.05498253938+10561.882324594102i) (-8422.703364607758+10560.35606249751i) (-8422.351868812893+10558.830115160852i) (-8422.00049623819+10557.304484948374i) (-8421.649247197947+10555.779169855316i) (-8421.298120988555+10554.254170484424i) (-8420.947117782925+10552.729486329592i) (-8420.59623758115+10551.205117721838i) (-8420.245480192298+10549.681064146107i) (-8419.894845713168+10548.157325886565i) (-8419.544333836371+10546.633902286661i) (-8419.193944761648+10545.110793887583i) (-8418.843678497175+10543.588000142003i) (-8418.493534738984+10542.065521015815i) (-8418.143513498404+10540.54335643903i) (-8417.793614809458+10539.021506389263i) (-8417.443838742398+10537.499970197234i) (-8417.094184140766+10535.978748654987i) (-8416.744652831518+10534.457841521173i) (-8416.395243401947+10532.937247780756i) (-8416.045956398277+10531.416968215524i) (-8415.696791319115+10529.89700226357i) (-8415.34774852488+10528.377350096805i) (-8414.998827521926+10526.858011330853i) (-8414.650028667214+10525.3389862693i) (-8414.3013517715+10523.820274305608i) (-8413.952796647469+10522.301875660463i) (-8413.604363243425+10520.783790054344i) (-8413.256051716584+10519.266017433054i) (-8412.907861881871+10517.748557765488i) (-8412.559793746332+10516.231410887169i) (-8412.211847092156+10514.714576634447i) (-8411.864021999338+10513.198055019418i) (-8411.516318754537+10511.681845659758i) (-8411.168736297252+10510.16594840337i) (-8410.821275253988+10508.650364145215i) (-8410.473936092283+10507.135091390785i) (-8410.126717750427+10505.620130976627i) (-8409.77962089259+10504.105482059023i) (-8409.432644895665+10502.59114514395i) (-8409.08579021302+10501.07711982793i) (-8408.73905621674+10499.563406136855i) (-8408.39244357922+10498.050003802766i) (-8408.045951391827+10496.53691308029i) (-8407.69958116571+10495.024133441808i) (-8407.353330177619+10493.511663939847i) (-8407.00720015615+10491.999507448802i) (-8406.661192030006+10490.48766082942i) (-8406.315303787422+10488.97612508147i) (-8405.969536101542+10487.464900003288i) (-8405.62388933889+10485.953985571994i) (-8405.278362945837+10484.443381055418i) (-8404.932956658326+10482.933087575322i) (-8404.587670791712+10481.42310399569i) (-8404.242505269414+10479.913430773884i) (-8403.897460015376+10478.404067423116i) (-8403.552535144945+10476.895014156798i) (-8403.207730058431+10475.386270825133i) (-8402.863045501856+10473.87783702731i) (-8402.51848084183+10472.369712636846i) (-8402.174036002825+10470.861898006257i) (-8401.82971119681+10469.354392484041i) (-8401.485506247258+10467.84719655323i) (-8401.141421111592+10466.34030955244i) (-8400.797455715083+10464.833731712835i) (-8400.453610059363+10463.327462732641i) (-8400.109883991101+10461.821502756804i) (-8399.766277460447+10460.315851345717i) (-8399.422790559545+10458.81050870864i) (-8399.079423140058+10457.305474445357i) (-8398.736175456566+10455.800748731846i) (-8398.393046311352+10454.29633106481i) (-8398.050036904564+10452.792221792672i) (-8397.707147511064+10451.288420411556i) (-8397.36437624566+10449.78492703974i) (-8397.021724789272+10448.281741934865i) (-8396.679192287176+10446.778864118465i) (-8396.336778575187+10445.27629397735i) (-8395.994484037472+10443.774031662326i) (-8395.652308459687+10442.272076519572i) (-8395.310251941904+10440.770429017743i) (-8394.968313932863+10439.269088701418i) (-8394.626494813612+10437.768055338543i) (-8394.284794433683+10436.267328697693i) (-8393.943212702652+10434.76690937619i) (-8393.601749988658+10433.266796816086i) (-8393.260405653544+10431.766990225959i) (-8392.919179241979+10430.26749131756i) (-8392.57807154103+10428.768298181523i) (-8392.237082443542+10427.269411358873i) (-8391.896211483581+10425.770830958416i) (-8391.555459141247+10424.272556824657i) (-8391.214824544702+10422.774588860448i) (-8390.874308626433+10421.276926400806i) (-8390.533910711998+10419.779569898248i) (-8390.193630648359+10418.282519190188i) (-8389.853468601917+10416.785773976077i) (-8389.513424436565+10415.28933430794i) (-8389.173498437154+10413.793200036882i) (-8388.833690091602+10412.297371373614i) (-8388.493999848855+10410.801847480589i) (-8388.154426843043+10409.30662904459i) (-8387.81497205075+10407.81171526654i) (-8387.475634857245+10406.317106639144i) (-8387.136415132849+10404.822802495808i) (-8386.79731277682+10403.328803450839i) (-8386.458328765584+10401.835108087535i) (-8386.119461160615+10400.341717457559i) (-8385.780711309522+10398.848631305791i) (-8385.442078600232+10397.355849405994i) (-8385.103563165554+10395.863371536398i) (-8384.765165003675+10394.371197667628i) (-8384.426884104887+10392.879327957258i) (-8384.088720077285+10391.387761679613i) (-8383.750673156395+10389.896499498504i) (-8383.412743337667+10388.405540789092i) (-8383.074930603023+10386.914885426893i) (-8382.73723470535+10385.424533514733i) (-8382.399655766207+10383.934484938321i) (-8382.06219344275+10382.444739233139i) (-8381.724847793663+10380.955296574493i) (-8381.387618867879+10379.466156844277i) (-8381.050506343236+10377.977320211092i) (-8380.713510590995+10376.48878633679i) (-8380.37663113857+10375.000555004874i) (-8380.039868372922+10373.512626194648i) (-8379.703222028409+10372.025000050853i) (-8379.366692034591+10370.537676027428i) (-8379.0302782164+10369.050654301172i) (-8378.69398089057+10367.563934874499i) (-8378.357800015436+10366.077516970321i) (-8378.021734991962+10364.591401255113i) (-8377.685786094715+10363.105587207994i) (-8377.349953134137+10361.620074715553i) (-8377.014236246814+10360.134863673935i) (-8376.678635252327+10358.649954463977i) (-8376.343150038905+10357.165346544212i) (-8376.00778064557+10355.681039958927i) (-8375.67252725123+10354.197034375116i) (-8375.337389473265+10352.713330037674i) (-8375.002367501522+10351.229926527905i) (-8374.667461048046+10349.746823964892i) (-8374.33267009813+10348.264021844141i) (-8373.997994717081+10346.781520571338i) (-8373.66343484245+10345.299319639278i) (-8373.328990227728+10343.817419482246i) (-8372.994661062454+10342.33581911534i) (-8372.660446886533+10340.854519514674i) (-8372.326348188595+10339.373519841345i) (-8371.992364751479+10337.892820548i) (-8371.658496478014+10336.412420819663i) (-8371.32474349854+10334.932321436083i) (-8370.991105715786+10333.452520935702i) (-8370.657583009315+10331.97302103999i) (-8370.32417602969+10330.49381773866i) (-8369.990879914061+10329.014916018867i) (-8369.657702627002+10327.53631522074i) (-8369.324639005668+10326.05801109838i) (-8368.991690288001+10324.580007331931i) (-8368.658856042359+10323.102301640678i) (-8368.326136681448+10321.624895440411i) (-8367.993531440488+10320.14778709316i) (-8367.661040943924+10318.67097860044i) (-8367.328664904+10317.194467778543i) (-8366.99640310757+10315.71825573683i) (-8366.664255604644+10314.242342287791i) (-8366.332222731013+10312.76672711628i) (-8366.000304072739+10311.291409951187i) (-8365.66849998441+10309.816390705395i) (-8365.33680975714+10308.341669332778i) (-8365.005233595826+10306.86724586365i) (-8364.67377142133+10305.39311989732i) (-8364.342423249884+10303.919291849066i) (-8364.011189101366+10302.445761090608i) (-8363.680068976926+10300.972528268536i) (-8363.349062415036+10299.499592104139i) (-8363.01816983351+10298.026953682001i) (-8362.687390884179+10296.554611738718i) (-8362.356725928475+10295.082567543002i) (-8362.026174188173+10293.610819691168i) (-8361.695736483916+10292.139369220447i) (-8361.36541177214+10290.668214768753i) (-8361.035201510924+10289.197357384359i) (-8360.705103756885+10287.72679616963i) (-8360.375120080855+10286.256531711308i) (-8360.045248702962+10284.78656306491i) (-8359.715491852381+10283.316890855614i) (-8359.385847315942+10281.847514720346i) (-8359.056316927288+10280.378434689525i) (-8358.726898371116+10278.909650554715i) (-8358.397594130602+10277.441161684997i) (-8358.068401906105+10275.972969049328i) (-8357.739323940645+10274.505071518364i) (-8357.41035643394+10273.0374698455i) (-8357.081504147212+10271.570165680612i) (-8356.752766963542+10270.103152627584i) (-8356.424136950029+10268.63643490852i) (-8356.095623115147+10267.170016328528i) (-8355.767221086073+10265.703889160995i) (-8355.438932045197+10264.238058261275i) (-8355.1107550005+10262.772521149454i) (-8354.782691305947+10261.307279836588i) (-8354.454738929948+10259.842332499435i) (-8354.126899984549+10258.377679737458i) (-8353.799172448118+10256.9133209357i) (-8353.471558482932+10255.449256888554i) (-8353.14405561258+10253.985487057655i) (-8352.816665712384+10252.522011056215i) (-8352.489387333408+10251.058828970326i) (-8352.162222023115+10249.595940491032i) (-8351.835168168507+10248.133346255367i) (-8351.50822669579+10246.67104522808i) (-8351.181396429587+10245.209037941231i) (-8350.854678843318+10243.74732347636i) (-8350.528072500116+10242.285903286462i) (-8350.201578617352+10240.824775763178i) (-8349.875196039815+10239.36394192058i) (-8349.54892530735+10237.90340042362i) (-8349.222766184788+10236.443151315652i) (-8348.896718814989+10234.983196674675i) (-8348.57078287757+10233.523534061118i) (-8348.244958317384+10232.064163691804i) (-8347.919245637888+10230.605085937179i) (-8347.59364447929+10229.14630102995i) (-8347.268154404035+10227.687807715174i) (-8346.942775379193+10226.229607289128i) (-8346.617507704525+10224.771698456734i) (-8346.292351463988+10223.314081909173i) (-8345.967306352708+10221.856757304673i) (-8345.642372268865+10220.399724681858i) (-8345.317549047742+10218.942983465786i) (-8344.992837253478+10217.486533750163i) (-8344.668236312027+10216.03037596176i) (-8344.343746368335+10214.574509286875i) (-8344.019367023073+10213.11893422551i) (-8343.69509845878+10211.663649795344i) (-8343.370940988652+10210.208656793522i) (-8343.046893969617+10208.753954744412i) (-8342.722957765875+10207.299543816946i) (-8342.399131454298+10205.845423490815i) (-8342.075416473184+10204.391594130471i) (-8341.75181177557+10202.938055297713i) (-8341.428317948936+10201.48480717543i) (-8341.104934113497+10200.031849473866i) (-8340.781660991448+10198.579181660936i) (-8340.458498233947+10197.12680428065i) (-8340.135445831853+10195.674716686815i) (-8339.812503419113+10194.222919417718i) (-8339.489671019366+10192.771411630976i) (-8339.1669490133+10191.320193697116i) (-8338.844336656968+10189.86926541755i) (-8338.521834556723+10188.418626963301i) (-8338.199441899162+10186.968277991968i) (-8337.877159658474+10185.51821851376i) (-8337.554986824654+10184.068448530077i) (-8337.232924355128+10182.618967555634i) (-8336.910971413177+10181.169775934872i) (-8336.589128130163+10179.720873388182i) (-8336.267394753975+10178.272259537662i) (-8335.945771058567+10176.8239344256i) (-8335.624256975441+10175.375898231385i) (-8335.302852173594+10173.92815051711i) (-8334.981556968029+10172.480691413322i) (-8334.66037132674+10171.03352060604i) (-8334.339294865964+10169.58663784996i) (-8334.018327661157+10168.140043921696i) (-8333.697470100502+10166.69373778054i) (-8333.376721288965+10165.247719615258i) (-8333.056082025394+10163.801989309894i) (-8332.735551785092+10162.356547186486i) (-8332.415130619132+10160.911392544964i) (-8332.094818536618+10159.46652568411i) (-8331.774615381122+10158.021946100154i) (-8331.454521270429+10156.577654081764i) (-8331.134535782796+10155.133649250065i) (-8330.81465938808+10153.689932082056i) (-8330.494891614642+10152.246501529322i) (-8330.17523291394+10150.803358496538i) (-8329.855682481202+10149.36050203776i) (-8329.536240980136+10147.917932572562i) (-8329.216908054244+10146.475649962329i) (-8328.897683680694+10145.033653619686i) (-8328.578567923681+10143.591944096574i) (-8328.259560368639+10142.15052065994i) (-8327.940661322327+10140.709384107819i) (-8327.621870435172+10139.268533484592i) (-8327.303188050832+10137.827969221358i) (-8326.984613704088+10136.38769085122i) (-8326.666148041031+10134.947698680315i) (-8326.34779007679+10133.50799222554i) (-8326.02954066149+10132.068571462292i) (-8325.711399018852+10130.629436528765i) (-8325.393365637392+10129.190586839659i) (-8325.07544014597+10127.752022969671i) (-8324.75762247997+10126.31374416215i) (-8324.439912879176+10124.875750816393i) (-8324.12231080514+10123.43804244497i) (-8323.804816894406+10122.000619341845i) (-8323.48743022002+10120.56348118906i) (-8323.170151620281+10119.126627781376i) (-8322.852980320578+10117.69005918194i) (-8322.535917194773+10116.25377521641i) (-8322.218960846098+10114.817776498341i) (-8321.902111749938+10113.38206109737i) (-8321.585372135964+10111.9466310717i) (-8321.268737704744+10110.511485322222i) (-8320.952211282976+10109.076622840974i) (-8320.635792537123+10107.64204514747i) (-8320.319480736025+10106.207751328078i) (-8320.003275961793+10104.773741680148i) (-8319.687178398728+10103.34001557143i) (-8319.371188150613+10101.90657331228i) (-8319.055305126298+10100.473414705273i) (-8318.739528903274+10099.040539576867i) (-8318.423859633895+10097.607947767445i) (-8318.108297327399+10096.17563929822i) (-8317.792841944245+10094.74361393327i) (-8317.477493264656+10093.311872017352i) (-8317.162251333133+10091.880412909672i) (-8316.847116209283+10090.449236841121i) (-8316.532087729713+10089.018343493019i) (-8316.21716594193+10087.587732950404i) (-8315.902350500484+10086.157405216174i) (-8315.58764188503+10084.727359976274i) (-8315.273039620808+10083.297597273038i) (-8314.958544075678+10081.868116759253i) (-8314.644154760854+10080.4389185223i) (-8314.329871633638+10079.010002516847i) (-8314.015695173077+10077.5813682482i) (-8313.70162449388+10076.15301611268i) (-8313.387660256925+10074.724945939808i) (-8313.073801534098+10073.297157606821i) (-8312.760049699691+10071.86965173524i) (-8312.446404472283+10070.442426507167i) (-8312.132864135408+10069.015482560766i) (-8311.819430871863+10067.588820265586i) (-8311.506101336638+10066.162439058104i) (-8311.19288049846+10064.736340577821i) (-8310.87976373702+10063.310520866027i) (-8310.566753376335+10061.884983808477i) (-8310.253847887912+10060.459726876205i) (-8309.94104908031+10059.034751542877i) (-8309.628355373778+10057.610056727764i) (-8309.315767976415+10056.185642187838i) (-8309.003285382383+10054.761508462469i) (-8308.690908924342+10053.337654801535i) (-8308.378637368209+10051.914081761312i) (-8308.066471468272+10050.490788707519i) (-8307.754410737823+10049.067776333588i) (-8307.442455463106+10047.645043562981i) (-8307.130605391285+10046.222591070124i) (-8306.818860708261+10044.800418029095i) (-8306.507220979878+10043.37852521883i) (-8306.195686447118+10041.956911607445i) (-8305.88425704326+10040.535578049396i) (-8305.572932272566+10039.114523638358i) (-8305.261713146718+10037.693749035807i) (-8304.950597964858+10036.273253839563i) (-8304.63958994604+10034.853038012672i) (-8304.32868455045+10033.433099160839i) (-8304.017884179562+10032.013441884697i) (-8303.707189132658+10030.59406253283i) (-8303.396598717134+10029.174962224472i) (-8303.08611296318+10027.756140557065i) (-8302.775731892703+10026.337597494265i) (-8302.465455417205+10024.919333042224i) (-8302.155283340853+10023.501346886755i) (-8301.845215819125+10022.083639074815i) (-8301.53525253648+10020.666209490651i) (-8301.225393742705+10019.24905802164i) (-8300.915639214114+10017.832184880688i) (-8300.605989128228+10016.415589582324i) (-8300.296443096444+10014.999272277453i) (-8299.987001364692+10013.583232641944i) (-8299.677664053068+10012.167470807728i) (-8299.36843046777+10010.751986185958i) (-8299.059300907255+10009.336779725705i) (-8298.750275546303+10007.921850118579i) (-8298.441354306773+10006.507198250596i) (-8298.132536794+10005.092823343868i) (-8297.823823268518+10003.67872556686i) (-8297.515213431489+10002.264904878451i) (-8297.20670755298+10000.851361037061i) (-8296.898305197281+9999.43809411319i) (-8296.590006611525+9998.02510402175i) (-8296.28181173523+9996.612390631208i) (-8295.97372036765+9995.199953652249i) (-8295.665732992647+9993.787793046453i) (-8295.35784839323+9992.375908755184i) (-8295.050067761676+9990.96430110227i) (-8294.742390170853+9989.552969456146i) (-8294.434816368826+9988.141913994787i) (-8294.127345544797+9986.73113475888i) (-8293.819978477975+9985.32063111628i) (-8293.512714375503+9983.910403637678i) (-8293.205553598462+9982.50045123415i) (-8292.898496269609+9981.090775106819i) (-8292.59154152119+9979.681373371663i) (-8292.284690347315+9978.272248236635i) (-8291.977940479926+9976.863396341812i) (-8291.67129393479+9975.454824595348i) (-8291.364753919252+9974.046523762805i) (-8291.05831278138+9972.638498447484i) (-8290.75197606394+9971.230748690261i) (-8290.445741177304+9969.823274032347i) (-8290.139609655329+9968.416074044419i) (-8289.83358077104+9967.009148863635i) (-8289.527654718919+9965.602498411898i) (-8289.221831040484+9964.196122344538i) (-8288.916110163605+9962.790020630066i) (-8288.6104916343+9961.384193178617i) (-8288.30497574743+9959.9786400506i) (-8287.99956220663+9958.573361064718i) (-8287.694250970451+9957.168356114204i) (-8287.389041943308+9955.763624877198i) (-8287.08393562676+9954.359167663992i) (-8286.778931033867+9952.954984378688i) (-8286.47402898777+9951.55107451688i) (-8286.169228750743+9950.147438251039i) (-8285.864530796733+9948.744076002164i) (-8285.559934915882+9947.340986656242i) (-8285.255441312518+9945.938170885369i) (-8284.951049475618+9944.535628109837i) (-8284.64675953528+9943.133358561365i) (-8284.34257143045+9941.731361743983i) (-8284.038485156121+9940.32963826067i) (-8283.734500922203+9938.928187626429i) (-8283.430618311162+9937.527009578389i) (-8283.126837273963+9936.126104204117i) (-8282.823157978408+9934.72547143577i) (-8282.519580421354+9933.325110848995i) (-8282.216104028428+9931.925023129428i) (-8281.912729292937+9930.525207539911i) (-8281.609456171642+9929.12566420915i) (-8281.306284601687+9927.726392809676i) (-8281.003214646651+9926.32739355254i) (-8280.700245637985+9924.928666235559i) (-8280.397378105514+9923.530210678635i) (-8280.094611411223+9922.132027117663i) (-8279.791946527192+9920.734115018946i) (-8279.489382219555+9919.336474632077i) (-8279.186919604988+9917.939105253734i) (-8278.884557664178+9916.542007558637i) (-8278.582296904771+9915.14518135421i) (-8278.280137175632+9913.748626047462i) (-8277.97807812621+9912.35234200324i) (-8277.6761199619+9910.95632895768i) (-8277.374263037767+9909.560586610858i) (-8277.072507033601+9908.165115070691i) (-8276.77085190664+9906.769914550376i) (-8276.469297283566+9905.374984816292i) (-8276.167842890844+9903.980325255516i) (-8275.866489366519+9902.585936102245i) (-8275.565236777746+9901.19181745275i) (-8275.264084738767+9899.797970018248i) (-8274.963032273277+9898.40439244047i) (-8274.662080305732+9897.01108372512i) (-8274.3612297039+9895.618045004941i) (-8274.060479642862+9894.225276448464i) (-8273.75983061767+9892.83277899677i) (-8273.459280256979+9891.440551873728i) (-8273.158827388763+9890.048588951602i) (-8272.858479851471+9888.65690592652i) (-8272.55822984127+9887.265484075146i) (-8272.25808155638+9885.874332551692i) (-8271.958033324461+9884.483451072036i) (-8271.658084514565+9883.092840303438i) (-8271.358233994786+9881.702497520066i) (-8271.058484545985+9880.312423508565i) (-8270.75883549791+9878.92261899152i) (-8270.459286036432+9877.533082183641i) (-8270.159836696319+9876.143815378962i) (-8269.860486339421+9874.754816710842i) (-8269.561236157442+9873.3660867252i) (-8269.26208571923+9871.977625024912i) (-8268.96303532942+9870.589432120409i) (-8268.664084008491+9869.201507353406i) (-8268.365232155174+9867.813850505834i) (-8268.066479678486+9866.426461378407i) (-8267.76782701641+9865.039340631462i) (-8267.469273353683+9863.652488020594i) (-8267.170819203227+9862.265903837355i) (-8266.872464544178+9860.879586778858i) (-8266.574209289724+9859.493537385415i) (-8266.276053185456+9858.107755646324i) (-8265.977996292007+9856.72224141628i) (-8265.680038048471+9855.336994594427i) (-8265.382179359185+9853.952014805534i) (-8265.084419583598+9852.567302470763i) (-8264.786759299477+9851.182857377342i) (-8264.489197782204+9849.798679269597i) (-8264.191734925485+9848.414767655555i) (-8263.894370955302+9847.031123192923i) (-8263.597105740491+9845.647745473025i) (-8263.299939437116+9844.264634801104i) (-8263.0028720767+9842.881790678859i) (-8262.705903537451+9841.499213089492i) (-8262.409033722792+9840.116901501706i) (-8262.112262813193+9838.73485604149i) (-8261.815589891317+9837.353076960791i) (-8261.519015384492+9835.97156413985i) (-8261.222539384611+9834.590317430006i) (-8260.926162135665+9833.209336847742i) (-8260.629883415264+9831.828622067193i) (-8260.333702932068+9830.448172915936i) (-8260.03762064262+9829.06798945105i) (-8259.741636688792+9827.688071429018i) (-8259.445750466408+9826.308419254248i) (-8259.149963071317+9824.929033297667i) (-8258.854274244812+9823.54991223492i) (-8258.558683847083+9822.171056341736i) (-8258.26319152401+9820.792464285356i) (-8257.967796513516+9819.414137458989i) (-8257.672498850145+9818.036075755877i) (-8257.37729844539+9816.658279552947i) (-8257.082196221401+9815.280748918505i) (-8256.787192744041+9813.903483828068i) (-8256.492287891077+9812.5264832467i) (-8256.197481885083+9811.149746487647i) (-8255.902773240407+9809.773272820325i) (-8255.608161893646+9808.39706278946i) (-8255.313646419785+9807.021116419157i) (-8255.019227954584+9805.64543608937i) (-8254.724906880196+9804.270020534725i) (-8254.430684124953+9802.894869630916i) (-8254.136559920527+9801.519983156646i) (-8253.842533885112+9800.14535964148i) (-8253.54860560923+9798.770999280245i) (-8253.254773919447+9797.396901651515i) (-8252.961039016667+9796.02306754558i) (-8252.667400536924+9794.649497193106i) (-8252.373859353853+9793.276190840275i) (-8252.080415565835+9791.90314853621i) (-8251.787069445374+9790.530369187534i) (-8251.493820664562+9789.15785293089i) (-8251.200669011567+9787.785599164294i) (-8250.907614286143+9786.413608477798i) (-8250.614656143987+9785.041880546283i) (-8250.321794798356+9783.670416087803i) (-8250.029030675616+9782.299213682654i) (-8249.736363788603+9780.92827408114i) (-8249.443793442497+9779.557596944418i) (-8249.151319713543+9778.187181890611i) (-8248.85894242379+9776.817029544327i) (-8248.566661813373+9775.447139169999i) (-8248.274477885341+9774.077511537656i) (-8247.982390583315+9772.708146195353i) (-8247.690400216303+9771.339042553785i) (-8247.398506519101+9769.970200600505i) (-8247.106708974023+9768.601620648358i) (-8246.815008067239+9767.233301858214i) (-8246.523403376963+9765.865244937097i) (-8246.231894518576+9764.497449946839i) (-8245.940482489152+9763.12991627491i) (-8245.649166485895+9761.762644152635i) (-8245.357947131124+9760.395633082731i) (-8245.066823441857+9759.028883449411i) (-8244.775796094385+9757.662394578121i) (-8244.484864754648+9756.296167255556i) (-8244.194029543862+9754.930200466977i) (-8243.90329052745+9753.564495178663i) (-8243.612647229196+9752.199049939853i) (-8243.322100308758+9750.83386611542i) (-8243.031649069748+9749.468941957919i) (-8242.741293621526+9748.104278649611i) (-8242.451033595662+9746.739875920483i) (-8242.160869493282+9745.375733402747i) (-8241.870801094256+9744.01185155282i) (-8241.580828622593+9742.648229299473i) (-8241.290951869672+9741.284867892446i) (-8241.001170313191+9739.921765771829i) (-8240.71148477476+9738.55892415356i) (-8240.421894297528+9737.196341993316i) (-8240.132400045883+9735.834019611484i) (-8239.84300048183+9734.471956969834i) (-8239.553696828565+9733.110153413316i) (-8239.264488136452+9731.748609660237i) (-8238.975374177748+9730.387324751688i) (-8238.686356232956+9729.026301448474i) (-8238.397434154065+9727.665534499105i) (-8238.108605717343+9726.305027917602i) (-8237.819873375212+9724.944781171582i) (-8237.531236267021+9723.584792135318i) (-8237.242694062183+9722.225062456322i) (-8236.954246574114+9720.865591161484i) (-8236.665894235159+9719.506379136541i) (-8236.377636428268+9718.14742539859i) (-8236.089474283332+9716.788730672848i) (-8235.801406301121+9715.430294136288i) (-8235.51343397729+9714.072116075888i) (-8235.225555779467+9712.71419603981i) (-8234.937772713429+9711.356534118988i) (-8234.650083878232+9709.999130372811i) (-8234.362489894558+9708.641984762147i) (-8234.0749904208+9707.285097331942i) (-8233.787585700937+9705.92846746703i) (-8233.500275687582+9704.572095470732i) (-8233.213059953005+9703.215980965091i) (-8232.925938659359+9701.860124089762i) (-8232.63891149242+9700.504524711461i) (-8232.351978915269+9699.14918289315i) (-8232.065140701858+9697.79409858476i) (-8231.778396743484+9696.439271333067i) (-8231.491747261945+9695.084701264841i) (-8231.205191792722+9693.730388208478i) (-8230.918730526862+9692.376331984968i) (-8230.632363271454+9691.022532933057i) (-8230.34609010798+9689.668990637569i) (-8230.059910977787+9688.315705337756i) (-8229.773826041439+9686.962676344125i) (-8229.487834949829+9685.609904091525i) (-8229.20193773435+9684.257388029473i) (-8228.916134562416+9682.905128688792i) (-8228.63042476451+9681.553125280714i) (-8228.344809091299+9680.20137875203i) (-8228.059286979249+9678.849888031456i) (-8227.773858869245+9677.49865414527i) (-8227.48852526135+9676.147674908221i) (-8227.203283619403+9674.796951713368i) (-8226.918136495657+9673.446484959357i) (-8226.633082449662+9672.096273635385i) (-8226.348122456362+9670.74631840772i) (-8226.063255521365+9669.396618350198i) (-8225.778482588159+9668.047173894363i) (-8225.493802653013+9666.697984471923i) (-8225.209216173085+9665.349050731535i) (-8224.924722829073+9664.000371912316i) (-8224.640322868872+9662.651948561379i) (-8224.356016002732+9661.303779950103i) (-8224.071802722105+9659.955866820887i) (-8223.787682289492+9658.608207932279i) (-8223.503655393542+9657.260804835194i) (-8223.219720932331+9655.913654859067i) (-8222.935879212671+9654.566759823934i) (-8222.652131638259+9653.220120592316i) (-8222.368476323849+9651.873734871295i) (-8222.08491396181+9650.527604051862i) (-8221.801444790148+9649.181727212777i) (-8221.518068304546+9647.836104381062i) (-8221.234784440563+9646.490735877484i) (-8220.951593279397+9645.145621459535i) (-8220.668495058806+9643.800760972668i) (-8220.385489276086+9642.45615451994i) (-8220.102576551073+9641.111801722502i) (-8219.819755879367+9639.76770285982i) (-8219.537028466473+9638.42385735772i) (-8219.25439296472+9637.080265313201i) (-8218.971850201287+9635.73692670366i) (-8218.689399680807+9634.393841877622i) (-8218.407041753611+9633.051009929593i) (-8218.124776071232+9631.708431518222i) (-8217.842602917108+9630.366105964426i) (-8217.5605220189+9629.02403354773i) (-8217.278533175278+9627.682213922175i) (-8216.996636606971+9626.3406472674i) (-8216.714832129237+9624.999333409993i) (-8216.433119890033+9623.658272343757i) (-8216.151499603997+9622.317463933023i) (-8215.86997133671+9620.976907681801i) (-8215.58853550319+9619.63660470258i) (-8215.307190908174+9618.296553241988i) (-8215.025939176456+9616.956754418812i) (-8214.744778526487+9615.617207788313i) (-8214.46370995723+9614.277913247863i) (-8214.182733261232+9612.938870650742i) (-8213.901848417336+9611.600080151833i) (-8213.621054685878+9610.261541002612i) (-8213.340353615893+9608.923254524341i) (-8213.059744011558+9607.585219843171i) (-8212.77922531211+9606.247435999545i) (-8212.498798697336+9604.909904191036i) (-8212.218463465686+9603.572623465036i) (-8211.9382199533+9602.235594498616i) (-8211.65806764781+9600.898816287332i) (-8211.378006716497+9599.562289845377i) (-8211.098037131549+9598.226014163098i) (-8210.818159180672+9596.88998987764i) (-8210.538372256222+9595.554216378745i) (-8210.258676908643+9594.218693862276i) (-8209.979072316453+9592.883422022025i) (-8209.699559441227+9591.548400799802i) (-8209.420137208086+9590.213630528448i) (-8209.14080668187+9588.87911049611i) (-8208.861566421507+9587.544841092718i) (-8208.582417814825+9586.210822010267i) (-8208.303360065927+9584.877053404933i) (-8208.024393212725+9583.543534896664i) (-8207.745517583646+9582.210266158798i) (-8207.466732106588+9580.877247948103i) (-8207.188037767868+9579.54447933082i) (-8206.909434074167+9578.211961106916i) (-8206.630921699052+9576.879692813916i) (-8206.352499743834+9575.547673540103i) (-8206.074168131521+9574.215904364759i) (-8205.795927719573+9572.88438462919i) (-8205.517777595403+9571.553114470978i) (-8205.239718211733+9570.222093721113i) (-8204.961749033595+9568.891322143736i) (-8204.683870157585+9567.560799954796i) (-8204.406082143449+9566.230526243704i) (-8204.128384401163+9564.900503648332i) (-8203.850777796426+9563.570727835315i) (-8203.57326066625+9562.241201839332i) (-8203.295833969978+9560.91192456709i) (-8203.018497131541+9559.582895951173i) (-8202.741251222444+9558.254116137045i) (-8202.464095061643+9556.925584869674i) (-8202.187029430575+9555.597302043647i) (-8201.91005352886+9554.269267664742i) (-8201.633167741858+9552.941481695474i) (-8201.356371890914+9551.613943964767i) (-8201.079666214051+9550.28665445055i) (-8200.803050438493+9548.95961304112i) (-8200.526524618188+9547.63281962718i) (-8200.250088458764+9546.306274096885i) (-8199.973742415925+9544.979976358001i) (-8199.697485902794+9543.653926613668i) (-8199.421319331643+9542.328124356769i) (-8199.145242390794+9541.00256990289i) (-8198.869255272974+9539.677262703946i) (-8198.593357665986+9538.352203165665i) (-8198.31754966567+9537.027390664589i) (-8198.04183103378+9535.702825933553i) (-8197.766202143437+9534.378508030086i) (-8197.49066251031+9533.054437820298i) (-8197.215213093681+9531.730613763011i) (-8196.939851510431+9530.407036956756i) (-8196.664580439867+9529.08370843335i) (-8196.389399205904+9527.760625110124i) (-8196.114306379957+9526.437788965484i) (-8195.839303261822+9525.11519933221i) (-8195.56438918668+9523.792856511129i) (-8195.28956424834+9522.470759864686i) (-8195.01482846405+9521.148909797252i) (-8194.740181867392+9519.827305849554i) (-8194.465624410568+9518.505948451279i) (-8194.191155687098+9517.18483714635i) (-8193.916776305343+9515.863972059264i) (-8193.642485584618+9514.543352460609i) (-8193.368284270255+9513.222978964339i) (-8193.094171436349+9511.902851971947i) (-8192.820147615028+9510.582969157833i) (-8192.546212110983+9509.263332965409i) (-8192.27236569644+9507.94394330138i) (-8191.99860804893+9506.624797794542i) (-8191.724939120189+9505.305898368228i) (-8191.451358882299+9503.98724417491i) (-8191.177867118636+9502.668835302129i) (-8190.904464234851+9501.35067165174i) (-8190.631149684861+9500.032752866395i) (-8190.3579236872765+9498.715079274727i) (-8190.084786060803+9497.397650519631i) (-8189.8117368538815+9496.080466908967i) (-8189.5387761469365+9494.763527903448i) (-8189.2659037818075+9493.446833603455i) (-8188.993119880554+9492.130383877444i) (-8188.720423946899+9490.814178711185i) (-8188.447816350461+9489.498218182443i) (-8188.175297030785+9488.182501985439i) (-8187.902865790455+9486.867029951227i) (-8187.63052262151+9485.551802510701i) (-8187.358267793265+9484.236818881353i) (-8187.0861008754455+9482.922079607422i) (-8186.814022119846+9481.607583991394i) (-8186.542031075355+9480.293332564093i) (-8186.270128154712+9478.97932472767i) (-8185.99831317331+9477.6655610465i) (-8185.726585770264+9476.35204067065i) (-8185.454946520776+9475.03876403837i) (-8185.183394751619+9473.72573087295i) (-8184.911931013083+9472.412941316066i) (-8184.640554957467+9471.10039500469i) (-8184.369266500369+9469.788092080114i) (-8184.098065721983+9468.47603249961i) (-8183.8269530680745+9467.164215764531i) (-8183.5559271283955+9465.852641968777i) (-8183.284989276583+9464.541311113539i) (-8183.014138516892+9463.230223325263i) (-8182.743375453834+9461.919378224367i) (-8182.472699697837+9460.60877607837i) (-8182.202111558181+9459.298416650534i) (-8181.931610527678+9457.988299297042i) (-8181.661196543244+9456.678425043043i) (-8181.390870518264+9455.36879306276i) (-8181.120631313938+9454.059403475112i) (-8180.850479666638+9452.750256001898i) (-8180.580414862775+9451.441350646768i) (-8180.310437534828+9450.132687269284i) (-8180.040547058743+9448.824266096603i) (-8179.770743582058+9447.516086562478i) (-8179.501026914528+9446.208149188136i) (-8179.231397393894+9444.900453423135i) (-8178.961854915482+9443.592999653276i) (-8178.692398873839+9442.285787641758i) (-8178.423030357081+9440.978817006646i) (-8178.153748648945+9439.672087916006i) (-8177.884553794726+9438.365600164925i) (-8177.615445553025+9437.059353518447i) (-8177.346424255046+9435.753348003116i) (-8177.077489387935+9434.447583793488i) (-8176.808641131796+9433.142060210303i) (-8176.5398793230215+9431.836778054958i) (-8176.271203841158+9430.531736514786i) (-8176.002614931411+9429.226936214676i) (-8175.734112249329+9427.922376686507i) (-8175.465696346075+9426.618058254391i) (-8175.197366639459+9425.313980735998i) (-8174.929123925188+9424.010143707892i) (-8174.660967627794+9422.706547516105i) (-8174.392898531352+9421.403191042931i) (-8174.124915064468+9420.100074978702i) (-8173.8570183682305+9418.797198973294i) (-8173.589207893802+9417.494562672448i) (-8173.321483707985+9416.192166420693i) (-8173.053845431701+9414.890009673294i) (-8172.786292811231+9413.58809288107i) (-8172.518826187748+9412.286415578455i) (-8172.25144508865+9410.984978613076i) (-8171.984150297432+9409.683781279873i) (-8171.716941004808+9408.382823905464i) (-8171.449818088289+9407.082105992416i) (-8171.182780746143+9405.781627737435i) (-8170.915829766613+9404.481388859233i) (-8170.648964614948+9403.181389451545i) (-8170.382185252165+9401.881628921225i) (-8170.11549182043+9400.582107499667i) (-8169.848883844088+9399.282824930055i) (-8169.582361781368+9397.9837815149i) (-8169.315924842029+9396.684976865665i) (-8169.049573912992+9395.3864109377i) (-8168.783308185669+9394.088083955336i) (-8168.517128338399+9392.78999557635i) (-8168.251033514447+9391.492146123139i) (-8167.985024381454+9390.194534909608i) (-8167.719100800973+9388.89716253027i) (-8167.453262643627+9387.600027793032i) (-8167.18750977526+9386.303132271016i) (-8166.921842354854+9385.006474318361i) (-8166.656260260112+9383.710054459298i) (-8166.390763112228+9382.413872575467i) (-8166.1253515020135+9381.11792881318i) (-8165.860024457355+9379.822223112133i) (-8165.594783033767+9378.52675490233i) (-8165.329626386915+9377.23152482076i) (-8165.064555329374+9375.936531944924i) (-8164.799568626773+9374.641777196855i) (-8164.534667282845+9373.347259740054i) (-8164.269851130059+9372.05297980049i) (-8164.005119661879+9370.758936965663i) (-8163.740473426125+9369.465131599412i) (-8163.475911505554+9368.171563340875i) (-8163.211434666672+9366.878232116429i) (-8162.947042346151+9365.585137906353i) (-8162.6827351899165+9364.292280925212i) (-8162.41851205026+9362.999661152397i) (-8162.154374251457+9361.707277635425i) (-8161.890320670815+9360.415131430382i) (-8161.626352076846+9359.123221388552i) (-8161.362468028329+9357.831548574817i) (-8161.098668169374+9356.54011148902i) (-8160.834953154874+9355.248911440307i) (-8160.571322290651+9353.957947228559i) (-8160.307776653731+9352.66721772242i) (-8160.044313825776+9351.376728046373i) (-8159.780936762841+9350.086472706224i) (-8159.517643038085+9348.796453357587i) (-8159.254434593638+9347.506669867053i) (-8158.991309367437+9346.21712274468i) (-8158.728268861283+9344.927811136105i) (-8158.465312495728+9343.638735640485i) (-8158.202440450413+9342.349895305852i) (-8157.939652913755+9341.06129111892i) (-8157.676948461892+9339.772921980766i) (-8157.414328948264+9338.48478840836i) (-8157.151792645313+9337.196890119933i) (-8156.889341368047+9335.909227295377i) (-8156.626972715522+9334.621800019922i) (-8156.3646886263+9333.334607052951i) (-8156.102488129585+9332.047650132696i) (-8155.840372006082+9330.760927149819i) (-8155.578339288379+9329.474440675129i) (-8155.316390027732+9328.188187524873i) (-8155.0545251821695+9326.902170205487i) (-8154.792743337162+9325.616386291134i) (-8154.5310463882215+9324.330838510134i) (-8154.269431122606+9323.045524330184i) (-8154.007901187653+9321.760444793577i) (-8153.746453417915+9320.475599357836i) (-8153.485090750586+9319.19098838103i) (-8153.2238097712+9317.906612984592i) (-8152.962613393963+9316.622469578533i) (-8152.70149975051+9315.33856199635i) (-8152.4404703888595+9314.05488646953i) (-8152.179524345633+9312.77144797644i) (-8151.918659878644+9311.488240488716i) (-8151.657880984051+9310.20526842074i) (-8151.397183184079+9308.922528261617i) (-8151.136572506777+9307.64002372139i) (-8150.876039087775+9306.357752963482i) (-8150.615593945991+9305.0757127326i) (-8150.355227264582+9303.79390915676i) (-8150.094951461917+9302.512333129009i) (-8149.834751864921+9301.231005357105i) (-8149.574634753557+9299.94988217161i) (-8149.314594721953+9298.669013616174i) (-8149.054651774202+9297.38839199239i) (-8148.794780501281+9296.107975533865i) (-8148.535004049529+9294.827804807535i) (-8148.275300424652+9293.54786449593i) (-8148.015685078677+9292.268157767572i) (-8147.7561467676405+9290.988682916442i) (-8147.496696910786+9289.709438888287i) (-8147.23732644717+9288.430430944214i) (-8146.978040031416+9287.151652653578i) (-8146.718834631793+9285.873109387914i) (-8146.459712745304+9284.594794802657i) (-8146.200674380145+9283.31671564729i) (-8145.941717008047+9282.03886687161i) (-8145.682843212665+9280.761251597018i) (-8145.424050132013+9279.483866590748i) (-8145.165342030871+9278.206714253934i) (-8144.906714043827+9276.929794242154i) (-8144.648169853132+9275.653105453757i) (-8144.389706370597+9274.376648934707i) (-8144.131326729514+9273.100422674335i) (-8143.873028638631+9271.824429857772i) (-8143.614812787741+9270.548667098086i) (-8143.356679041355+9269.27313687231i) (-8143.09862739311+9267.997836699746i) (-8142.840658271836+9266.722768839052i) (-8142.5827705437305+9265.447931800682i) (-8142.324966337761+9264.17332613948i) (-8142.067241817367+9262.898950669824i) (-8141.809601389688+9261.624806290256i) (-8141.55204135561+9260.35089356055i) (-8141.294564084498+9259.077211323987i) (-8141.037168101475+9257.803759949122i) (-8140.779854134747+9256.530538386323i) (-8140.522622438276+9255.25754857351i) (-8140.265472034858+9253.984788718957i) (-8140.008403374412+9252.712259673968i) (-8139.751416153116+9251.439960183909i) (-8139.494511476462+9250.167891571537i) (-8139.237687561613+9248.896053233715i) (-8138.980945817202+9247.624444862267i) (-8138.724284892364+9246.353066659269i) (-8138.467706248694+9245.081917912587i) (-8138.211208635219+9243.810999952659i) (-8137.954792579879+9242.540311196899i) (-8137.698457754337+9241.269853028698i) (-8137.442204453176+9239.999623539295i) (-8137.186033000029+9238.729624667289i) (-8136.929942282819+9237.459854634079i) (-8136.673933449776+9236.190314601301i) (-8136.418005014961+9234.921003291875i) (-8136.1621585928415+9233.651921716692i) (-8135.906392731345+9232.38306938919i) (-8135.650708637165+9231.114446180414i) (-8135.395104787578+9229.846052306722i) (-8135.13958284014+9228.577886855226i) (-8134.884141516296+9227.309951173978i) (-8134.628781249834+9226.042243708245i) (-8134.373502000275+9224.77476578694i) (-8134.118303421858+9223.50751597782i) (-8133.863186449391+9222.240495338167i) (-8133.608149804682+9220.973702929221i) (-8133.353194375438+9219.707139333015i) (-8133.098319217142+9218.440803965877i) (-8132.843525384175+9217.174696889662i) (-8132.588811958149+9215.908818488502i) (-8132.334179412552+9214.643167984475i) (-8132.0796271288855+9213.377746229758i) (-8131.82515639437+9212.112552066355i) (-8131.570765755828+9210.84758524522i) (-8131.316454585977+9209.58284766235i) (-8131.0622260070195+9208.31833800405i) (-8130.808076469504+9207.054055139106i) (-8130.554008293032+9205.790000646106i) (-8130.300019987574+9204.526173686603i) (-8130.0461129818095+9203.262574204808i) (-8129.79228493843+9201.999202339135i) (-8129.538538543137+9200.736057416369i) (-8129.284871590005+9199.473140652784i) (-8129.031285258929+9198.210450322655i) (-8128.777779028138+9196.94798851067i) (-8128.524353076738+9195.685752654488i) (-8128.27100754684+9194.42374440185i) (-8128.0177421007575+9193.161962992983i) (-8127.76455665122+9191.90040877274i) (-8127.51145106154+9190.639080917303i) (-8127.258426095012+9189.377979993998i) (-8127.005480406118+9188.117105908677i) (-8126.75261514638+9186.856458790116i) (-8126.499829712389+9185.59603787343i) (-8126.247124137211+9184.335843225552i) (-8125.994498694663+9183.075875560957i) (-8125.741952765804+9181.816134029978i) (-8125.489486906525+9180.556618988314i) (-8125.237100693879+9179.297329729274i) (-8124.984794671339+9178.038266905929i) (-8124.732567919451+9176.779429824437i) (-8124.480420780182+9175.520819097104i) (-8124.228353535235+9174.262434241668i) (-8123.976365813909+9173.004274853673i) (-8123.724457620652+9171.74634176071i) (-8123.47262900406+9170.488634146059i) (-8123.220879911267+9169.231152405857i) (-8122.969210194282+9167.973895773393i) (-8122.717620370916+9166.716865257331i) (-8122.466109617048+9165.460059622927i) (-8122.2146785756495+9164.20347988019i) (-8121.963326317957+9162.947124681246i) (-8121.712054304254+9161.690995112727i) (-8121.460860589021+9160.435090411494i) (-8121.209746759583+9159.179411186957i) (-8120.958711796788+9157.923956640225i) (-8120.707756308894+9156.668726944014i) (-8120.456879742598+9155.413722341767i) (-8120.2060824241125+9154.158942392289i) (-8119.955364074109+9152.90438749193i) (-8119.704724706381+9151.650056705674i) (-8119.454164880654+9150.395950737453i) (-8119.203683702875+9149.14206919722i) (-8118.953281655897+9147.8884122753i) (-8118.70295794372+9146.634979207069i) (-8118.452713712662+9145.381771002416i) (-8118.202548205687+9144.128786913803i) (-8117.952461779613+9142.876026652273i) (-8117.702453864923+9141.623490938524i) (-8117.452524750928+9140.371178535632i) (-8117.202674553118+9139.119090569826i) (-8116.952902784299+9137.867226172713i) (-8116.703209972828+9136.615586037551i) (-8116.453595467433+9135.364169003356i) (-8116.204060149073+9134.1129759216i) (-8115.954602965937+9132.862006330211i) (-8115.705224547054+9131.611260331767i) (-8115.4559240193785+9130.360737564533i) (-8115.206702681829+9129.110437918629i) (-8114.957559437164+9127.860362216707i) (-8114.708494913109+9126.61050968594i) (-8114.45950818734+9125.360880161079i) (-8114.21060095064+9124.111473309107i) (-8113.961770920056+9122.862289798548i) (-8113.713019641183+9121.613328726096i) (-8113.464346419321+9120.364591173618i) (-8113.215751356089+9119.11607610311i) (-8112.967234930535+9117.86778405472i) (-8112.718795990258+9116.61971446285i) (-8112.470435968977+9115.371867202517i) (-8112.2221532349195+9114.124242915015i) (-8111.973949283727+9112.876840605682i) (-8111.725823044685+9111.629661164827i) (-8111.477774755308+9110.382703524869i) (-8111.2298046487695+9109.13596852613i) (-8110.981912088994+9107.889455315615i) (-8110.73409804949+9106.643164419118i) (-8110.486361110949+9105.397095550601i) (-8110.238702819002+9104.151248354927i) (-8109.99112150799+9102.905623455288i) (-8109.743618797535+9101.660219682431i) (-8109.4961931015605+9100.415038599684i) (-8109.248845597622+9099.170078205905i) (-8109.001575389066+9097.925340478965i) (-8108.7543829840615+9096.680822919097i) (-8108.507268635749+9095.436528574073i) (-8108.260231711065+9094.192454164151i) (-8108.0132716637945+9092.94860090236i) (-8107.766389831421+9091.704970129711i) (-8107.519585226737+9090.461559825682i) (-8107.272858173377+9089.218370495528i) (-8107.026208442054+9087.975402480766i) (-8106.77963614525+9086.732655192183i) (-8106.533141195159+9085.490129104957i) (-8106.2867233946945+9084.247823523965i) (-8106.040383401831+9083.005738917263i) (-8105.794120107232+9081.7638751058i) (-8105.547934527808+9080.522231530425i) (-8105.301825690043+9079.280808747446i) (-8105.0557943532485+9078.039606287934i) (-8104.8098399804+9076.798624706713i) (-8104.5639626430875+9075.55786321529i) (-8104.318163197702+9074.317321705636i) (-8104.072439656637+9073.077000580126i) (-8103.826794134644+9071.836899438389i) (-8103.58122457549+9070.597018849287i) (-8103.335732654495+9069.357357151963i) (-8103.0903175189815+9068.11791687872i) (-8102.8449789464985+9066.878695003958i) (-8102.59971812314+9065.639694403631i) (-8102.354532857371+9064.40091208372i) (-8102.109425889026+9063.162350311208i) (-8101.864393734094+9061.92400788808i) (-8101.619440169545+9060.685884551523i) (-8101.374562075023+9059.44798210874i) (-8101.129761620139+9058.21029655691i) (-8100.885037388613+9056.972832776872i) (-8100.640389603923+9055.735586258634i) (-8100.395819166799+9054.498560302778i) (-8100.151323023393+9053.26175212457i) (-8099.906906119836+9052.025164071503i) (-8099.662563472498+9050.788795010834i) (-8099.418299504857+9049.552644481444i) (-8099.17411056344+9048.3167124791i) (-8098.9299976024995+9047.080999200203i) (-8098.68596237267+9045.8455058754i) (-8098.442001903566+9044.61022921684i) (-8098.198119449945+9043.375172403667i) (-8097.954311245111+9042.140333460678i) (-8097.710581234014+9040.90571330372i) (-8097.466925905951+9039.671312068724i) (-8097.223348121798+9038.43712738554i) (-8096.979845558601+9037.20316286145i) (-8096.736419486418+9035.96941457202i) (-8096.493069437056+9034.735886182836i) (-8096.249794957353+9033.502574001472i) (-8096.006597532368+9032.269480876283i) (-8095.763474686685+9031.03660541893i) (-8095.520429062108+9029.803947431783i) (-8095.277458343167+9028.57150760974i) (-8095.034564470861+9027.339284566982i) (-8094.791745960713+9026.107280408582i) (-8094.549002685065+9024.875493110103i) (-8094.306337099589+9023.643923222231i) (-8094.063744996996+9022.412570327493i) (-8093.821230161521+9021.181435039001i) (-8093.578790294845+9019.95051712661i) (-8093.336426699318+9018.719816192763i) (-8093.094138128337+9017.489332778609i) (-8092.851925434739+9016.259065724385i) (-8092.6097883366+9015.02901632505i) (-8092.367726776996+9013.79918319989i) (-8092.1257408349575+9012.569567358662i) (-8091.883830202156+9011.340167928398i) (-8091.641995084689+9010.110985449093i) (-8091.400235410311+9008.882019431727i) (-8091.158551102352+9007.65327020529i) (-8090.916942456039+9006.424737324098i) (-8090.675408778686+9005.1964208871i) (-8090.433950507578+9003.968320555447i) (-8090.192567645283+9002.740436865512i) (-8089.951260095657+9001.51276892332i) (-8089.710027297515+9000.285317843363i) (-8089.468870005027+8999.0580820498i) (-8089.227788126973+8997.831062818881i) (-8088.986781113634+8996.604259279602i) (-8088.74584907241+8995.377671747628i) (-8088.504991917985+8994.151299669233i) (-8088.264210262456+8992.925143345725i) (-8088.0235032049595+8991.69920429309i) (-8087.782871791716+8990.473478812688i) (-8087.542315107961+8989.247969247037i) (-8087.301832862946+8988.022675785094i) (-8087.06142561036+8986.797596769207i) (-8086.821093227713+8985.572734094785i) (-8086.580835369035+8984.348086158963i) (-8086.340652942939+8983.123654241848i) (-8086.100544849225+8981.899436827034i) (-8085.8605126796365+8980.675434610588i) (-8085.620553819507+8979.451646685326i) (-8085.380670565573+8978.228073918508i) (-8085.1408607216645+8977.004715894427i) (-8084.901126114271+8975.781572888962i) (-8084.661465280091+8974.558645122532i) (-8084.4218797354415+8973.335931862097i) (-8084.182368734294+8972.113433850507i) (-8083.94293299388+8970.891149604635i) (-8083.70357088679+8969.669079695159i) (-8083.464283762329+8968.447224253796i) (-8083.225070423805+8967.225582840758i) (-8082.985931766801+8966.004155893224i) (-8082.746867048787+8964.782943150782i) (-8082.507876947684+8963.561944787365i) (-8082.268960850015+8962.341160464199i) (-8082.030119463043+8961.120589893153i) (-8081.791352143995+8959.900233485823i) (-8081.552658968892+8958.68009039843i) (-8081.314039601476+8957.460161498273i) (-8081.075494755349+8956.240446191347i) (-8080.837023722484+8955.020944750086i) (-8080.598627094087+8953.801656673022i) (-8080.360304360569+8952.582582172552i) (-8080.122055775202+8951.36372120251i) (-8079.88388072462+8950.14507346385i) (-8079.645780139333+8948.926639178724i) (-8079.407752844309+8947.708418313623i) (-8079.169799982703+8946.490410158554i) (-8078.9319206061045+8945.272616004315i) (-8078.694115606247+8944.055033920748i) (-8078.456384013033+8942.837665562656i) (-8078.2187263161995+8941.62050933189i) (-8077.981142179081+8940.403566663063i) (-8077.743631806686+8939.186836207618i) (-8077.506195319207+8937.970319086944i) (-8077.268832193005+8936.754014298851i) (-8077.031542834045+8935.53792210923i) (-8076.794327030829+8934.3220422891i) (-8076.557184830286+8933.106375108513i) (-8076.32011610608+8931.89092030466i) (-8076.0831206503335+8930.675677913678i) (-8075.846199012169+8929.460647412337i) (-8075.609350816748+8928.245829636493i) (-8075.37257586513+8927.031223538557i) (-8075.135874333903+8925.816829959298i) (-8074.899245925114+8924.602647736641i) (-8074.662691369718+8923.388678012627i) (-8074.4262096804205+8922.174919780511i) (-8074.189801371951+8920.961373717819i) (-8073.953466082428+8919.748038988517i) (-8073.71720442764+8918.534916050314i) (-8073.4810158797845+8917.322004936479i) (-8073.244900137932+8916.109305143984i) (-8073.008857648219+8914.896816780005i) (-8072.772888228447+8913.684539879716i) (-8072.536992285808+8912.472474118273i) (-8072.30116898007+8911.260620414618i) (-8072.065418381928+8910.04897668667i) (-8071.8297414539475+8908.83754494525i) (-8071.594136245692+8907.62632312824i) (-8071.358606153593+8906.415314742984i) (-8071.123145347425+8905.20451584388i) (-8070.887762038575+8903.993927524061i) (-8070.652449688316+8902.783548774089i) (-8070.417207727177+8901.57338359594i) (-8070.182040427269+8900.363426382764i) (-8069.946946325286+8899.1536820254i) (-8069.711923747669+8897.94414683295i) (-8069.4769755351535+8896.73482307638i) (-8069.242098078155+8895.52570918514i) (-8069.007294431145+8894.316805294477i) (-8068.772563377929+8893.108112636237i) (-8068.537904337676+8891.899629705185i) (-8068.30331773696+8890.691356537942i) (-8068.068804142581+8889.48329347617i) (-8067.83436277307+8888.275440777763i) (-8067.5999939013245+8887.067798440137i) (-8067.365696917786+8885.86036523707i) (-8067.131473231903+8884.653142039115i) (-8066.89732139065+8883.446128825351i) (-8066.663242366933+8882.239325369352i) (-8066.42923451098+8881.032731263189i) (-8066.195300142205+8879.826346594913i) (-8065.961437422524+8878.62017182076i) (-8065.7276471283185+8877.414205924992i) (-8065.493928223104+8876.208450369159i) (-8065.2602824525775+8875.002902955868i) (-8065.026708308877+8873.797565774705i) (-8064.793206837176+8872.592437060004i) (-8064.559776586375+8871.387518191885i) (-8064.326419099849+8870.182807373909i) (-8064.093132926805+8868.978306480309i) (-8063.859919579633+8867.774013683578i) (-8063.626777315268+8866.569930664988i) (-8063.39370771765+8865.366055265335i) (-8063.160709402638+8864.162389614608i) (-8062.927783520544+8862.958931636273i) (-8062.694928973317+8861.755683469793i) (-8062.462146503343+8860.552642731562i) (-8062.229435432081+8859.349811489952i) (-8061.996796425881+8858.147187223127i) (-8061.764229633297+8856.944772290513i) (-8061.5317323256795+8855.742564998765i) (-8061.299309702315+8854.54056710919i) (-8061.06695734277+8853.338776639435i) (-8060.834676014913+8852.13719482543i) (-8060.60246679259+8850.935819193017i) (-8060.37032962426+8849.734653271333i) (-8060.138263542885+8848.533694171838i) (-8059.906268616397+8847.332944322246i) (-8059.674345176234+8846.13239996364i) (-8059.442494041674+8844.932065649544i) (-8059.2107134914495+8843.731937159451i) (-8058.979004515595+8842.532018261392i) (-8058.747366276736+8841.332303939489i) (-8058.515801018419+8840.13279972506i) (-8058.2843054366585+8838.93350093321i) (-8058.052881988868+8837.734411881047i) (-8057.821528270217+8836.535526453425i) (-8057.590248777347+8835.336851661126i) (-8057.359037382796+8834.13838155132i) (-8057.127899439642+8832.94012152981i) (-8056.896829032712+8831.742063763686i) (-8056.665835594503+8830.544217161942i) (-8056.434907611818+8829.346574785925i) (-8056.204055572263+8828.14914459537i) (-8055.973263862268+8826.95191127103i) (-8055.742569287376+8825.754895776243i) (-8055.511920812706+8824.55807315552i) (-8055.281335317191+8823.361459268188i) (-8055.050848418875+8822.165067721911i) (-8054.820410990127+8820.968871683253i) (-8054.5900567069475+8819.772882754238i) (-8054.359766711784+8818.577098675454i) (-8054.129553732871+8817.381523723623i) (-8053.899404268242+8816.186153809911i) (-8053.669330732116+8814.990989258331i) (-8053.43932482449+8813.796030702364i) (-8053.2093929737475+8812.601278911316i) (-8052.979527674728+8811.406733265017i) (-8052.749736008269+8810.21239219581i) (-8052.520013020863+8809.018257343923i) (-8052.290362644296+8807.824328594848i) (-8052.060780676931+8806.630605720411i) (-8051.831270901412+8805.43708716556i) (-8051.601829822641+8804.243775087743i) (-8051.372461385454+8803.050667916024i) (-8051.143161217178+8801.85776708601i) (-8050.913932692653+8800.66507041315i) (-8050.68477360239+8799.47257963265i) (-8050.455686209735+8798.280293629743i) (-8050.226667556349+8797.088213618146i) (-8049.997720211245+8795.896337591856i) (-8049.768842334279+8794.704667275015i) (-8049.540035794567+8793.513201507858i) (-8049.3112981896975+8792.321941287377i) (-8049.0826313756315+8791.1308850554i) (-8048.8540343667655+8789.940034332889i) (-8048.625508348772+8788.749387334547i) (-8048.397051415168+8787.558946286244i) (-8048.168664943066+8786.368708578677i) (-8047.940348481729+8785.178675943087i) (-8047.712102197669+8783.988847183204i) (-8047.483925603503+8782.799223742i) (-8047.255818795843+8781.609803696241i) (-8047.027782034125+8780.420588365076i) (-8046.799815240829+8779.231576964467i) (-8046.571918604131+8778.042770298362i) (-8046.344090989416+8776.854166524405i) (-8046.1163335527+8775.665767889677i) (-8045.8886460283375+8774.47757229534i) (-8045.661028261812+8773.2895816395i) (-8045.4334798323125+8772.101793784002i) (-8045.206001499224+8770.914210281131i) (-8044.978592690483+8769.726829777886i) (-8044.751253510558+8768.539653720969i) (-8044.523983728102+8767.352680359796i) (-8044.296783787402+8766.16591116432i) (-8044.069653315418+8764.979344832125i) (-8043.8425923061895+8763.792982534782i) (-8043.615600673105+8762.606822835009i) (-8043.388678493565+8761.420866926457i) (-8043.1618259525685+8760.235113867027i) (-8042.935042918814+8759.049564594781i) (-8042.708328802677+8757.864217231549i) (-8042.481684530071+8756.6790739659i) (-8042.255108661286+8755.494132157708i) (-8042.028603697472+8754.309396139099i) (-8041.80216737963+8753.124859183461i) (-8041.575799310519+8751.94052710586i) (-8041.349501044362+8750.75639705226i) (-8041.123272333323+8749.572470512961i) (-8040.897112129595+8748.388745698288i) (-8040.671021880514+8747.205223767309i) (-8040.445000215632+8746.021903854573i) (-8040.219048068448+8744.838786636941i) (-8039.993164437996+8743.655871362735i) (-8039.767349816888+8742.47315838479i) (-8039.541604414786+8741.290647837013i) (-8039.315927948762+8740.108339386177i) (-8039.090320410698+8738.926233002634i) (-8038.864781692779+8737.744328308272i) (-8038.639311743031+8736.562625588344i) (-8038.413910977833+8735.381125199583i) (-8038.188578567029+8734.199826256248i) (-8037.963315424084+8733.018729340482i) (-8037.738120669103+8731.837833888452i) (-8037.512995344891+8730.657140132304i) (-8037.287938045049+8729.476647934345i) (-8037.062950063293+8728.296356913088i) (-8036.838029922694+8727.11626767187i) (-8036.613179293971+8725.936379507868i) (-8036.388396564511+8724.756692990413i) (-8036.16368275204+8723.577207308132i) (-8035.939037237413+8722.397923147375i) (-8035.714460497436+8721.218839954658i) (-8035.489952046802+8720.039958222402i) (-8035.265512205851+8718.86127709349i) (-8035.04114082545+8717.68279727486i) (-8034.8168380520265+8716.504518059839i) (-8034.592603592977+8715.32643990223i) (-8034.368437537763+8714.148562120801i) (-8034.144339813571+8712.970885162136i) (-8033.920310396379+8711.793408674564i) (-8033.696349281894+8710.616132964871i) (-8033.472456232588+8709.439057497711i) (-8033.248631466307+8708.262182618495i) (-8033.024874971497+8707.08550806297i) (-8032.801186471665+8705.90903400194i) (-8032.5775661488005+8704.732759956667i) (-8032.354014057053+8703.55668638377i) (-8032.130530170334+8702.380812672098i) (-8031.907113769887+8701.205139228061i) (-8031.683766282949+8700.029665962906i) (-8031.4604860427235+8698.854392651594i) (-8031.237274330341+8697.67931870039i) (-8031.0141304314075+8696.504445067789i) (-8030.7910540506455+8695.329771093839i) (-8030.568046103706+8694.155297206153i) (-8030.345105890726+8692.981022167376i) (-8030.1222336882565+8691.80694757688i) (-8029.899428936723+8690.633071801243i) (-8029.676692434479+8689.45939587034i) (-8029.4540231993005+8688.285918953543i) (-8029.231422192645+8687.112641853764i) (-8029.008888372654+8685.939563669352i) (-8028.786422701577+8684.766684799124i) (-8028.564024463957+8683.594005138788i) (-8028.3416938820765+8682.421524597063i) (-8028.1194310848405+8681.249243375602i) (-8027.897235932303+8680.07716039916i) (-8027.675108088339+8678.905276855501i) (-8027.453047900237+8677.733591980392i) (-8027.231054940383+8676.562106189562i) (-8027.009129867911+8675.390818888827i) (-8026.787272167819+8674.219730359466i) (-8026.565481788494+8673.048840555693i) (-8026.343758724911+8671.878149163178i) (-8026.1221030726+8670.707656203143i) (-8025.9005149177365+8669.537361722996i) (-8025.678993858575+8668.367265872821i) (-8025.457539971385+8667.197368073566i) (-8025.236153387103+8666.027668708371i) (-8025.014833430639+8664.858167498507i) (-8024.7935853428335+8663.688862780613i) (-8024.572398456057+8662.519758273625i) (-8024.351280727283+8661.350851265803i) (-8024.130230017551+8660.182141892135i) (-8023.9092469681655+8659.01363047496i) (-8023.688330293128+8657.8453171831i) (-8023.467481234622+8656.677200992372i) (-8023.24669890511+8655.509283084779i) (-8023.025983898493+8654.341562159461i) (-8022.805335703809+8653.174039892743i) (-8022.584754123904+8652.006713773539i) (-8022.364240102215+8650.839586387316i) (-8022.143791868778+8649.672654540715i) (-8021.923410590574+8648.505924060157i) (-8021.703098634666+8647.339387823864i) (-8021.482851356756+8646.17304869576i) (-8021.262671541258+8645.006907280327i) (-8021.042558025381+8643.8409626728i) (-8020.822511306362+8642.675215954196i) (-8020.6025313722+8641.50966501324i) (-8020.382618308295+8640.344312031928i) (-8020.162771671356+8639.179154843096i) (-8019.942991803602+8638.014195662601i) (-8019.723277991902+8636.849432255185i) (-8019.503631722941+8635.684866107462i) (-8019.28405100293+8634.520496134082i) (-8019.064538046978+8633.35632319739i) (-8018.845090100009+8632.192346597614i) (-8018.62571005865+8631.028566020834i) (-8018.406395227684+8629.86498236209i) (-8018.187148054569+8628.701594249182i) (-8017.967966226586+8627.53840415735i) (-8017.748851237741+8626.375407954494i) (-8017.529802382756+8625.212609988846i) (-8017.310819969796+8624.050005790912i) (-8017.09190480278+8622.88760067769i) (-8016.8730533335965+8621.72538901437i) (-8016.654271074933+8620.563374684607i) (-8016.4355518437+8619.401554534594i) (-8016.216905072878+8618.239931792385i) (-8015.99831398763+8617.078509103732i) (-8015.779803939618+8615.917272056668i) (-8015.5613501948765+8614.756229093702i) (-8015.342956497941+8613.5953965298i) (-8015.124637431638+8612.434745659963i) (-8014.906384092394+8611.274299300709i) (-8014.6881947115035+8610.11404334378i) (-8014.470072561972+8608.953985835025i) (-8014.252014548193+8607.794120419181i) (-8014.034025487579+8606.634452120059i) (-8013.816099682141+8605.474978539201i) (-8013.598241589897+8604.31570008821i) (-8013.38044740915+8603.156616593702i) (-8013.162720921474+8601.997727275175i) (-8012.945059178021+8600.839034067882i) (-8012.727463585818+8599.680534724293i) (-8012.509933078631+8598.522231310006i) (-8012.292469301781+8597.364120877603i) (-8012.075070994474+8596.20620677026i) (-8011.8577378727405+8595.048486178997i) (-8011.64047074054+8593.890960834877i) (-8011.423268669844+8592.733629483806i) (-8011.206133137382+8591.576492532608i) (-8010.989062519655+8590.419550410745i) (-8010.772057849741+8589.262802005258i) (-8010.555118189333+8588.106248471213i) (-8010.338244402201+8586.949888225206i) (-8010.121436185682+8585.793722955847i) (-8009.904693036711+8584.637751150462i) (-8009.688015599231+8583.48197401807i) (-8009.471402957051+8582.326390064874i) (-8009.2548567322865+8581.171000523273i) (-8009.038374914283+8580.015804542953i) (-8008.821959058383+8578.86080264418i) (-8008.605607630785+8577.705994186872i) (-8008.389322437053+8576.551379233188i) (-8008.173101937654+8575.396958273857i) (-8007.9569469710605+8574.242730464055i) (-8007.740856637498+8573.08869662389i) (-8007.524831829575+8571.934855317537i) (-8007.308872368483+8570.781208282053i) (-8007.092977608348+8569.627754092246i) (-8006.877148252533+8568.474493497444i) (-8006.66138363365+8567.321425463153i) (-8006.445684335257+8566.168550971968i) (-8006.2300499273815+8565.01586939941i) (-8006.014480521633+8563.863381113913i) (-8005.798975770511+8562.71108543315i) (-8005.583536381536+8561.558982525772i) (-8005.368161785567+8560.407072907172i) (-8005.152851736075+8559.255355782974i) (-8004.937606741567+8558.103831842305i) (-8004.722426567343+8556.952499876901i) (-8004.507311634281+8555.801361064014i) (-8004.292261031127+8554.650414462321i) (-8004.077275279185+8553.499660511843i) (-8003.862354113837+8552.349098741037i) (-8003.647498070162+8551.198729402433i) (-8003.432706513248+8550.048552621694i) (-8003.217979654735+8548.898567516231i) (-8003.0033169315175+8547.748775235803i) (-8002.788719473697+8546.599174322357i) (-8002.574186311574+8545.449766397158i) (-8002.359717775838+8544.300549723725i) (-8002.145313404616+8543.15152532249i) (-8001.930973560475+8542.002692575357i) (-8001.716698602426+8540.85405199124i) (-8001.502487741996+8539.70560326588i) (-8001.288341448312+8538.557346164598i) (-8001.07426004011+8537.409281288768i) (-8000.860242282535+8536.261406478325i) (-8000.64628922114+8535.113724289597i) (-8000.432400354294+8533.96623332143i) (-8000.218575763875+8532.81893401724i) (-8000.004815529383+8531.67182584001i) (-7999.791119562198+8530.524909208976i) (-7999.577487633513+8529.378183703091i) (-7999.363920144865+8528.231649395591i) (-7999.150416634951+8527.08530619786i) (-7998.936977551932+8525.939154094338i) (-7998.723602239471+8524.793193166643i) (-7998.510291279263+8523.647423016899i) (-7998.297044184608+8522.501844035705i) (-7998.08386133917+8521.356455614306i) (-7997.870742488163+8520.21125821902i) (-7997.65768754109+8519.066251263877i) (-7997.444696662305+8517.921435462154i) (-7997.2317695119345+8516.776809751045i) (-7997.018906676652+8515.632375042871i) (-7996.806107358663+8514.488130608053i) (-7996.593372118516+8513.34407680423i) (-7996.380700668918+8512.200213306009i) (-7996.168093257674+8511.056540043182i) (-7995.955549626145+8509.913057199437i) (-7995.743069574198+8508.769764282097i) (-7995.53065327597+8507.626661744853i) (-7995.3183007518855+8506.483749201909i) (-7995.106011836795+8505.341026871174i) (-7994.893786782728+8504.198494326256i) (-7994.681625219379+8503.056152012872i) (-7994.469527218376+8501.913999247728i) (-7994.257492930869+8500.772036443866i) (-7994.04552226073+8499.63026338537i) (-7993.833615094391+8498.48868024514i) (-7993.621771412482+8497.347286584876i) (-7993.409991346418+8496.206082316374i) (-7993.198274704574+8495.065067864129i) (-7992.9866215208895+8493.924242792003i) (-7992.775031673888+8492.783607180922i) (-7992.563505144085+8491.643160757123i) (-7992.352042397384+8490.502903759769i) (-7992.140642506334+8489.362836360906i) (-7991.929306805049+8488.222957854454i) (-7991.718033478386+8487.083267880213i) (-7991.5068237666255+8485.943767641184i) (-7991.2956773963915+8484.804456457787i) (-7991.0845940242+8483.665334003677i) (-7990.873573777965+8482.526400628118i) (-7990.66261702956+8481.38765588676i) (-7990.45172364995+8480.249100162482i) (-7990.240893083344+8479.110733240512i) (-7990.030125583911+8477.97255513919i) (-7989.8194217607015+8476.834564594465i) (-7989.608779882918+8475.696763449621i) (-7989.3982014812755+8474.559150755862i) (-7989.187686430851+8473.421726348193i) (-7988.977234097711+8472.28449068568i) (-7988.766844817397+8471.147443174068i) (-7988.556518460376+8470.010584056636i) (-7988.346255044704+8468.873912894684i) (-7988.136054655184+8467.7374300839i) (-7987.925916893542+8466.601135272842i) (-7987.71584214974+8465.465028426685i) (-7987.505829895061+8464.32910976704i) (-7987.295880940723+8463.193379020653i) (-7987.085994203126+8462.057836288475i) (-7986.876171085574+8460.922481090505i) (-7986.666409452354+8459.787313265224i) (-7986.456711071503+8458.652334323067i) (-7986.2470756135635+8457.517542328129i) (-7986.037502678635+8456.3829381334i) (-7985.827992448591+8455.248521212612i) (-7985.61854470014+8454.114291883165i) (-7985.409159512134+8452.980249947936i) (-7985.199836778216+8451.846395392095i) (-7984.99057666122+8450.712728275481i) (-7984.781378960457+8449.579248288912i) (-7984.572243894462+8448.44595573903i) (-7984.363171041511+8447.31285016605i) (-7984.15416089145+8446.179931757342i) (-7983.94521309611+8445.04720040668i) (-7983.736327788103+8443.914655749548i) (-7983.527504462392+8442.782298465132i) (-7983.3187437768975+8441.650127662906i) (-7983.110045285759+8440.518143868107i) (-7982.901409075512+8439.386346711053i) (-7982.692835130698+8438.254736493545i) (-7982.484323362549+8437.12331262641i) (-7982.275873943763+8435.992075551498i) (-7982.067486584889+8434.861024994694i) (-7981.859161642328+8433.730160869178i) (-7981.650898273597+8432.599483122764i) (-7981.442697650153+8431.468991563102i) (-7981.234558618121+8430.338686894458i) (-7981.026482022259+8429.208568457363i) (-7980.818467686616+8428.078635240468i) (-7980.610514751814+8426.94888903849i) (-7980.402624240185+8425.819328672496i) (-7980.194795545154+8424.689954376892i) (-7979.987028706972+8423.560765851826i) (-7979.779323863549+8422.431763798446i) (-7979.571681326336+8421.30294697859i) (-7979.36410003045+8420.174316229379i) (-7979.156581008297+8419.045871116832i) (-7978.949123612929+8417.917611915867i) (-7978.741727996588+8416.789537773682i) (-7978.534393990662+8415.661650084796i) (-7978.327122177041+8414.533947482338i) (-7978.119911588657+8413.406430245439i) (-7977.912763313477+8412.279098443176i) (-7977.705676437844+8411.151952591488i) (-7977.498651298829+8410.024991161215i) (-7977.291687376575+8408.89821566431i) (-7977.084785664083+8407.77162504456i) (-7976.877945208284+8406.64521966064i) (-7976.671166575206+8405.518999204192i) (-7976.464449163742+8404.392963879603i) (-7976.257793433588+8403.267113458518i) (-7976.051199019701+8402.141448049437i) (-7975.84466627293+8401.015967528776i) (-7975.638194897621+8399.890671813715i) (-7975.431785039767+8398.76556079122i) (-7975.225436462492+8397.640634598829i) (-7975.0191494193605+8396.515892901767i) (-7974.812923617891+8395.39133583855i) (-7974.606759240213+8394.266963359729i) (-7974.400656068719+8393.142775324732i) (-7974.194614286722+8392.018771660501i) (-7973.98863380249+8390.894952269933i) (-7973.782714464261+8389.771317181758i) (-7973.576856324654+8388.647866374798i) (-7973.371059224991+8387.524599785706i) (-7973.165323433258+8386.401517433394i) (-7972.959648760655+8385.278619164292i) (-7972.754035180634+8384.155905054387i) (-7972.548482665323+8383.033374594259i) (-7972.3429914107655+8381.911028332586i) (-7972.137560974843+8380.788865783856i) (-7971.932191820003+8379.666887046074i) (-7971.72688328382+8378.545092236236i) (-7971.521636071078+8377.423481151365i) (-7971.316449739008+8376.302053392772i) (-7971.111324259128+8375.180809515692i) (-7970.906259703041+8374.059749228083i) (-7970.701256227219+8372.938872128052i) (-7970.49631325199+8371.818178605241i) (-7970.291431400759+8370.697668461988i) (-7970.086610170438+8369.577341721666i) (-7969.881849952456+8368.457198273038i) (-7969.677150473442+8367.337237754742i) (-7969.4725115175215+8366.217460656942i) (-7969.267933467942+8365.09786656889i) (-7969.063416097436+8363.978455467968i) (-7968.858959203382+8362.859227274403i) (-7968.654563213695+8361.740182297475i) (-7968.450227690149+8360.621320007162i) (-7968.245952868436+8359.502640636587i) (-7968.041738540947+8358.384143961714i) (-7967.8375848575415+8357.265830084703i) (-7967.633491565389+8356.147698872031i) (-7967.4294587839195+8355.029750259713i) (-7967.225486695101+8353.91198422305i) (-7967.021574909877+8352.79440057199i) (-7966.817723808581+8351.676999534913i) (-7966.61393268489+8350.559780709104i) (-7966.410202436224+8349.442744394462i) (-7966.206532288408+8348.325890293738i) (-7966.00292260967+8347.209218241416i) (-7965.799372984313+8346.092728744923i) (-7965.595883997658+8344.976420923354i) (-7965.392455028379+8343.860295620734i) (-7965.189086536993+8342.744351801295i) (-7964.985778158611+8341.628590576209i) (-7964.7825299936185+8340.513010382332i) (-7964.579341969755+8339.397613078787i) (-7964.376213902324+8338.282396502429i) (-7964.17314587748+8337.167363548091i) (-7963.97013997918+8336.052510405294i) (-7963.767191566116+8334.937838582022i) (-7963.564304013922+8333.823349636994i) (-7963.36147659207+8332.709041585324i) (-7963.158709294398+8331.594915559715i) (-7962.956001869867+8330.480970597151i) (-7962.753354749364+8329.367207303218i) (-7962.550767337364+8328.253624889327i) (-7962.348240011618+8327.140223867118i) (-7962.145772579343+8326.02700404506i) (-7961.943364890526+8324.913965191532i) (-7961.741017181412+8323.801107407813i) (-7961.538729250629+8322.688431113838i) (-7961.336501012489+8321.575935432658i) (-7961.134332606375+8320.463620825882i) (-7960.9322240830425+8319.351487010274i) (-7960.730175161637+8318.239534157092i) (-7960.528186331795+8317.127762041167i) (-7960.326256902226+8316.016170775825i) (-7960.124387131021+8314.904759887111i) (-7959.922577162322+8313.793529609475i) (-7959.720826844684+8312.682479985171i) (-7959.519136204937+8311.571610961571i) (-7959.317504880164+8310.460922305303i) (-7959.115933249736+8309.350413865934i) (-7958.914421233046+8308.240085948735i) (-7958.712968608545+8307.129938362157i) (-7958.511575480536+8306.01997099525i) (-7958.3102419003235+8304.910183778948i) (-7958.108967882647+8303.800576694166i) (-7957.907753271501+8302.69114966815i) (-7957.706598108014+8301.581902571652i) (-7957.5055021898015+8300.472835470999i) (-7957.304465834989+8299.36394828507i) (-7957.103488500996+8298.255241066621i) (-7956.902570613087+8297.146713545651i) (-7956.701711820776+8296.038365744696i) (-7956.500913342555+8294.930197365564i) (-7956.3001716461695+8293.82220945643i) (-7956.0994916381205+8292.714400781184i) (-7955.898870970248+8291.606771653547i) (-7955.698307206648+8290.499321472118i) (-7955.49780486874+8289.392051022354i) (-7955.2973603612745+8288.284960334484i) (-7955.096975610591+8287.178048541258i) (-7954.896649358809+8286.071316254893i) (-7954.696382510199+8284.964762825584i) (-7954.49617474816+8283.858389563298i) (-7954.296026418539+8282.752194016353i) (-7954.0959358823+8281.64617839377i) (-7953.895905433046+8280.540341721282i) (-7953.695933596373+8279.434683937576i) (-7953.496020768821+8278.32920487009i) (-7953.29616676462+8277.223904699546i) (-7953.096371307704+8276.118783272774i) (-7952.896635435767+8275.013841299544i) (-7952.6969581456+8273.909076835229i) (-7952.497339497527+8272.804491850851i) (-7952.297779698939+8271.700084880486i) (-7952.098278700809+8270.595856939366i) (-7951.898836459599+8269.491807219805i) (-7951.699452873045+8268.38793598899i) (-7951.50012808405+8267.284243040562i) (-7951.3008620244755+8266.180728640897i) (-7951.101654634064+8265.0773923144i) (-7950.902505753995+8263.974234331332i) (-7950.703415655193+8262.871254606005i) (-7950.504384048655+8261.768452542188i) (-7950.305411200553+8260.66582865094i) (-7950.10649672781+8259.563383094544i) (-7949.907640739677+8258.461115150403i) (-7949.708843406656+8257.35902541258i) (-7949.510104385582+8256.257113193351i) (-7949.311424004843+8255.155378980808i) (-7949.112801937264+8254.053822323986i) (-7948.91423851903+8252.952443583668i) (-7948.715732951168+8251.851242306024i) (-7948.517286370703+8250.750218725694i) (-7948.318897825648+8249.649372728109i) (-7948.120567886825+8248.548704242517i) (-7947.922295999478+8247.448212878842i) (-7947.724082790292+8246.347899110286i) (-7947.525927131506+8245.247762060817i) (-7947.327830073418+8244.147803398244i) (-7947.129791462689+8243.048021221919i) (-7946.9318108181105+8241.948416457337i) (-7946.733888455968+8240.84898854664i) (-7946.536024198215+8239.749737931597i) (-7946.338218129768+8238.650664261188i) (-7946.140470093476+8237.551767670626i) (-7945.942780270963+8236.453047724612i) (-7945.745148632489+8235.354504782634i) (-7945.547574875493+8234.256138456658i) (-7945.350059259949+8233.157948973087i) (-7945.152601334451+8232.059935968173i) (-7944.955201975345+8230.962099846856i) (-7944.757859883655+8229.864439588173i) (-7944.560575483736+8228.766956939104i) (-7944.363349580279+8227.669650305033i) (-7944.166181432613+8226.572520263238i) (-7943.969071205802+8225.475566528346i) (-7943.772018848876+8224.378789245373i) (-7943.575024333997+8223.282188001347i) (-7943.37808759894+8222.185763133919i) (-7943.181208643566+8221.08951441725i) (-7942.984387469749+8219.993441775314i) (-7942.787623845228+8218.8975450516i) (-7942.590918147393+8217.801824595084i) (-7942.394270298291+8216.70627989777i) (-7942.197679685187+8215.610910952119i) (-7942.001146854378+8214.515718439627i) (-7941.80467201192+8213.420701334242i) (-7941.608254425032+8212.325859964782i) (-7941.411894540926+8211.231194450744i) (-7941.215592079661+8210.136704442037i) (-7941.01934735985+8209.04239008886i) (-7940.823160061397+8207.948251334241i) (-7940.6270302256125+8206.854288069353i) (-7940.430957963464+8205.760500061198i) (-7940.234943010288+8204.66688768299i) (-7940.038985699104+8203.573450655807i) (-7939.84308585658+8202.48018872525i) (-7939.647243144256+8201.387102187242i) (-7939.4514579066945+8200.294190461049i) (-7939.25572973762+8199.201454296865i) (-7939.060059352533+8198.108893011839i) (-7938.864445926968+8197.01650695736i) (-7938.668889961333+8195.924295640594i) (-7938.473391256703+8194.832259669498i) (-7938.277949902089+8193.740397859565i) (-7938.08256545144+8192.648711423335i) (-7937.887238427555+8191.557199482168i) (-7937.691968485088+8190.465862515645i) (-7937.496755720542+8189.374700063636i) (-7937.301600057672+8188.283712157736i) (-7937.10650152998+8187.192898893701i) (-7936.911460148737+8186.102260226864i) (-7936.716475705234+8185.011796001236i) (-7936.521548292391+8183.9215060190545i) (-7936.326678147866+8182.831390560631i) (-7936.131864807674+8181.741449367293i) (-7935.937108549175+8180.651682456543i) (-7935.74240903759+8179.562089644829i) (-7935.547766811965+8178.472670928554i) (-7935.353181145642+8177.383426452192i) (-7935.15865268858+8176.294355867707i) (-7934.964180542616+8175.20545959146i) (-7934.769765631505+8174.116736080325i) (-7934.575405944906+8173.028189490334i) (-7934.381107994818+8171.9398148386335i) (-7934.186861808435+8170.85161198841i) (-7933.992674153334+8169.763585355406i) (-7933.798542628023+8168.6757318140835i) (-7933.604468509027+8167.588052206895i) (-7933.410450690679+8166.500546260225i) (-7933.216489873179+8165.413213419735i) (-7933.02258561927+8164.326054720187i) (-7932.828738311826+8163.239068738653i) (-7932.634947503562+8162.152256490709i) (-7932.441213097074+8161.065617223685i) (-7932.247535578123+8159.979151520487i) (-7932.053914181138+8158.89285862154i) (-7931.860349503523+8157.806739326715i) (-7931.666841062295+8156.720792903902i) (-7931.4733894192905+8155.635019745503i) (-7931.279994013126+8154.549419635483i) (-7931.0866550554965+8153.46399236592i) (-7930.893372220993+8152.3787383734625i) (-7930.700146573272+8151.293657082746i) (-7930.506976696064+8150.208748728409i) (-7930.313863384392+8149.124013030086i) (-7930.120806601898+8148.0394502434765i) (-7929.927806015202+8146.955059720942i) (-7929.734861724565+8145.870842119626i) (-7929.541973583664+8144.786797071897i) (-7929.349141701952+8143.70292434086i) (-7929.156366219223+8142.6192242775005i) (-7928.963646775055+8141.535696955322i) (-7928.7709834056695+8140.452341460089i) (-7928.578376823937+8139.369158511308i) (-7928.385825849342+8138.286147938728i) (-7928.193331144926+8137.203309294579i) (-7928.0008925133625+8136.120643035389i) (-7927.808509908743+8135.038148844582i) (-7927.616183625604+8133.955826860174i) (-7927.423912968152+8132.873676586497i) (-7927.231698687625+8131.791698424302i) (-7927.039540232157+8130.709892140783i) (-7926.847437855101+8129.628258008461i) (-7926.655391177999+8128.546795409104i) (-7926.463400763468+8127.465504585416i) (-7926.271466069766+8126.384385822831i) (-7926.079587684298+8125.303438422878i) (-7925.8877646533165+8124.222662699406i) (-7925.695997713319+8123.142058322373i) (-7925.504286564093+8122.061625620855i) (-7925.312631254134+8120.981364184618i) (-7925.121031589846+8119.901274612626i) (-7924.929487715608+8118.821356136705i) (-7924.737999803811+8117.741608829048i) (-7924.546567227995+8116.662033222596i) (-7924.3551905672775+8115.582628643404i) (-7924.163869616769+8114.503395045672i) (-7923.97260470794+8113.424332966403i) (-7923.7813947348905+8112.3454414864655i) (-7923.590240996524+8111.266721198078i) (-7923.399142669455+8110.188172132947i) (-7923.2080997574385+8109.1097934448635i) (-7923.017112606574+8108.031585897788i) (-7922.8261806455475+8106.953548930675i) (-7922.635304516686+8105.875683150346i) (-7922.4444833749485+8104.797987925256i) (-7922.253718349222+8103.720463468514i) (-7922.063008182476+8102.643109728825i) (-7921.872354387017+8101.565926276766i) (-7921.68175505254+8100.488914397655i) (-7921.491213730839+8099.4120708750515i) (-7921.30072284246+8098.33539769101i) (-7921.11029051461+8097.258898155711i) (-7920.919913467326+8096.182566275124i) (-7920.729591669586+8095.106405626185i) (-7920.539324761279+8094.030414379465i) (-7920.3491132513755+8092.954593526597i) (-7920.158956913521+8091.878942925568i) (-7919.968855925025+8090.803462364723i) (-7919.778809665442+8089.728151915803i) (-7919.5888189886+8088.653011246848i) (-7919.398883267339+8087.578040802375i) (-7919.209002902493+8086.503240083809i) (-7919.019177547747+8085.428609257862i) (-7918.829407391233+8084.3541481867205i) (-7918.639692131137+8083.279856940972i) (-7918.450032468959+8082.205734822619i) (-7918.260427525805+8081.131783030042i) (-7918.070877394422+8080.058000375109i) (-7917.881382568349+8078.984387226895i) (-7917.691942351278+8077.910943591964i) (-7917.502557421227+8076.8376692969005i) (-7917.313226861363+8075.764564771747i) (-7917.123951738404+8074.691629142832i) (-7916.934731286801+8073.618863415241i) (-7916.745566256205+8072.546266406656i) (-7916.556455744085+8071.473838532153i) (-7916.367399925917+8070.401580046255i) (-7916.17839907994+8069.329490565969i) (-7915.989452877855+8068.2575700432135i) (-7915.800561798441+8067.185818429717i) (-7915.611725177245+8066.1142357173385i) (-7915.422943469429+8065.042821863832i) (-7915.2342161071565+8063.971576879669i) (-7915.045543627885+8062.900500502992i) (-7914.856925672002+8061.829593335872i) (-7914.668362480105+8060.758854650857i) (-7914.479853989662+8059.688285120983i) (-7914.291399999397+8058.617883584943i) (-7914.103001063936+8057.5476509330165i) (-7913.914656190636+8056.477586155997i) (-7913.72636772439+8055.40769052011i) (-7913.538130711275+8054.337960430117i) (-7913.349948218669+8053.268403691398i) (-7913.1618233199215+8052.199012117486i) (-7912.9737511432595+8051.129789736137i) (-7912.785733832069+8050.060734780826i) (-7912.597770173255+8048.9918483877955i) (-7912.409861128112+8047.923129405261i) (-7912.2220066794725+8046.854579068038i) (-7912.034206557039+8045.786196739293i) (-7911.8464608287+8044.717982734708i) (-7911.658769088509+8043.649936210388i) (-7911.471132213989+8042.582057348692i) (-7911.283549439472+8041.514346639166i) (-7911.096021081707+8040.446803972694i) (-7910.908545991607+8039.379429065158i) (-7910.721125430286+8038.312220840143i) (-7910.533759795516+8037.245180322224i) (-7910.346449246577+8036.178307369332i) (-7910.159192050725+8035.111603858728i) (-7909.971986832841+8034.0450680466465i) (-7909.784842021936+8032.978693460871i) (-7909.597742456435+8031.912492497823i) (-7909.410701134993+8030.846456109395i) (-7909.22371505123+8029.780587807242i) (-7909.03678289582+8028.714887596075i) (-7908.849903665352+8027.64935442508i) (-7908.66307826341+8026.583987456407i) (-7908.476307169505+8025.518787394987i) (-7908.28959043418+8024.453754466689i) (-7908.102927171242+8023.388888957961i) (-7907.916317993707+8022.324190482652i) (-7907.729762554996+8021.25965841947i) (-7907.5432615308755+8020.195293276658i) (-7907.3568141653295+8019.131094851351i) (-7907.17042032388+8018.067063712243i) (-7906.984080294082+8017.003199177609i) (-7906.79779419183+8015.93950104442i) (-7906.611562160615+8014.8759694069095i) (-7906.42538402831+8013.812604314773i) (-7906.239259492124+8012.749405643226i) (-7906.053188338221+8011.686373313906i) (-7905.867170883992+8010.623507438007i) (-7905.681207320016+8009.5608079426875i) (-7905.495297332749+8008.498274957936i) (-7905.309441104883+8007.435908265548i) (-7905.123638121113+8006.3737075763i) (-7904.937889209667+8005.311672917851i) (-7904.7521937595675+8004.249804416389i) (-7904.566551810984+8003.188102081263i) (-7904.380963414907+8002.126566147971i) (-7904.195428674214+8001.065195603513i) (-7904.009947662187+8000.003991063821i) (-7903.824519938144+7998.94295222461i) (-7903.639145531314+7997.882079229559i) (-7903.453824057789+7996.821371651511i) (-7903.268555922634+7995.760830744992i) (-7903.083342155296+7994.700455206749i) (-7902.898181444991+7993.640245440349i) (-7902.713074264707+7992.580201245119i) (-7902.528020244852+7991.520322021524i) (-7902.343019684841+7990.460608401809i) (-7902.1580722198205+7989.401060120425i) (-7901.973177972564+7988.341677647631i) (-7901.788336954909+7987.282460475043i) (-7901.603549535546+7986.223408555829i) (-7901.41881545411+7985.164521638491i) (-7901.234134468539+7984.105799725548i) (-7901.049506420675+7983.047243164399i) (-7900.864931026361+7981.988850965097i) (-7900.680408161538+7980.930625512184i) (-7900.4959400492335+7979.872565111447i) (-7900.3115249590255+7978.814669627751i) (-7900.127164254468+7977.756938220719i) (-7899.942855628508+7976.699370902119i) (-7899.758599857335+7975.6419675549505i) (-7899.57439594554+7974.584729459514i) (-7899.39024432025+7973.527656382433i) (-7899.2061455154235+7972.470749684408i) (-7899.022100744658+7971.414008060357i) (-7898.838109991166+7970.357431206182i) (-7898.654173300827+7969.3010178814375i) (-7898.470289475795+7968.244768164568i) (-7898.28645771202+7967.188681744522i) (-7898.102678007187+7966.132759619004i) (-7897.91895004368+7965.077002285731i) (-7897.735275000696+7964.021410340081i) (-7897.551652974055+7962.965983453356i) (-7897.368084731241+7961.910720826629i) (-7897.184569858792+7960.85562198214i) (-7897.001107938689+7959.800686531636i) (-7896.817698409131+7958.745914544249i) (-7896.634340849909+7957.691306481625i) (-7896.451035968251+7956.636862896628i) (-7896.267783563031+7955.582583271863i) (-7896.084584163898+7954.528467787778i) (-7895.9014375122715+7953.474516427166i) (-7895.718343667037+7952.420728094026i) (-7895.535302185352+7951.367103614124i) (-7895.3523131210995+7950.313642682035i) (-7895.169376650529+7949.260345728761i) (-7894.986492789078+7948.207212462405i) (-7894.803661761022+7947.154242763392i) (-7894.620883212227+7946.1014362431515i) (-7894.438157416066+7945.048792801353i) (-7894.255483666507+7943.996312978892i) (-7894.072862144873+7942.9439964175945i) (-7893.890292824321+7941.891843217409i) (-7893.707776205533+7940.839853464556i) (-7893.525311961124+7939.788026993605i) (-7893.342900422611+7938.736363589326i) (-7893.160540933399+7937.684863219623i) (-7892.978233954591+7936.633525750547i) (-7892.795979086599+7935.582351409711i) (-7892.6137764955765+7934.53134001574i) (-7892.4316263262235+7933.480491871276i) (-7892.249528246112+7932.429806357146i) (-7892.067482797362+7931.379283482013i) (-7891.8854892979525+7930.328923363514i) (-7891.703548143297+7929.278725846808i) (-7891.521658721556+7928.2286916195135i) (-7891.339821913093+7927.178819152699i) (-7891.1580365945965+7926.129110202828i) (-7890.976304008312+7925.079563509235i) (-7890.794623835378+7924.030179360204i) (-7890.612995054442+7922.980957118502i) (-7890.431418943201+7921.9318975290025i) (-7890.249894167535+7920.883000194096i) (-7890.068421984858+7919.834265246951i) (-7889.887001247593+7918.785692761481i) (-7889.705632949593+7917.737282189554i) (-7889.52431627377+7916.68903411317i) (-7889.343051737428+7915.640947733779i) (-7889.161838879584+7914.5930238328665i) (-7888.980678088951+7913.545261882298i) (-7888.799569327787+7912.497662110765i) (-7888.618512572888+7911.4502243223205i) (-7888.4375079003485+7910.402947540853i) (-7888.256554291264+7909.35583295465i) (-7888.075653028101+7908.3088812526585i) (-7887.894803418221+7907.262089143993i) (-7887.714005158731+7906.215460151798i) (-7887.533258849418+7905.16899315028i) (-7887.3525645439195+7904.122687364665i) (-7887.171922237422+7903.076543144479i) (-7886.991331784239+7902.030559876947i) (-7886.810791691857+7900.9847382072785i) (-7886.630304622078+7899.939078579612i) (-7886.449868214107+7898.893579458259i) (-7886.269483917606+7897.848242456435i) (-7886.089150705359+7896.803066347777i) (-7885.908869856453+7895.7580517601145i) (-7885.728640105454+7894.713198183479i) (-7885.548462387349+7893.668505625268i) (-7885.368335517565+7892.623974296095i) (-7885.1882605344435+7891.5796037606615i) (-7885.008236887462+7890.535394501983i) (-7884.828264781854+7889.491346126283i) (-7884.6483441310165+7888.447458743989i) (-7884.468474781942+7887.403732004446i) (-7884.288657112169+7886.360165935146i) (-7884.108890733981+7885.316761078829i) (-7883.929175217301+7884.2735169221705i) (-7883.749511630247+7883.230434200681i) (-7883.569899581746+7882.187509645414i) (-7883.390337928098+7881.14474783138i) (-7883.210828591509+7880.102146037593i) (-7883.031370593727+7879.0597048618565i) (-7882.851962908238+7878.017424239367i) (-7882.672606807364+7876.975303260297i) (-7882.493302103075+7875.933343094462i) (-7882.314048821471+7874.891543154673i) (-7882.134846568102+7873.84990376568i) (-7881.955695359884+7872.808424225574i) (-7881.776595347559+7871.767104961006i) (-7881.597546580287+7870.725945629776i) (-7881.418548403702+7869.6849467352395i) (-7881.2396016939465+7868.644107922122i) (-7881.060705900963+7867.603428919259i) (-7880.881861778735+7866.562909950771i) (-7880.703068262558+7865.522550595697i) (-7880.5243257799775+7864.482351298413i) (-7880.345634113722+7863.442311713351i) (-7880.166993622055+7862.402431896056i) (-7879.988404098944+7861.3627119723515i) (-7879.809865478016+7860.323151551404i) (-7879.631377778726+7859.283750796981i) (-7879.452941021286+7858.24450942712i) (-7879.2745551567905+7857.205427684354i) (-7879.0962199615105+7856.166505485795i) (-7878.917935791739+7855.127742758721i) (-7878.739702398188+7854.089139433307i) (-7878.56151992157+7853.0506954212415i) (-7878.383388191884+7852.012410702001i) (-7878.205307090602+7850.974285269757i) (-7878.027277142053+7849.936319169079i) (-7877.849297459864+7848.898511499523i) (-7877.671368441519+7847.8608639231115i) (-7877.493490790859+7846.823375099556i) (-7877.315663523899+7845.786045206205i) (-7877.137886897836+7844.74887417251i) (-7876.960160802869+7843.711862009264i) (-7876.782485424391+7842.675008619132i) (-7876.6048602564715+7841.638314314541i) (-7876.427286037491+7840.6017794890395i) (-7876.249762788535+7839.565402338843i) (-7876.072289388872+7838.529184363926i) (-7875.894867092038+7837.493124854915i) (-7875.717494633409+7836.457224200205i) (-7875.540173264082+7835.421481957765i) (-7875.362901952455+7834.3858982906i) (-7875.185681466136+7833.350473071405i) (-7875.008511231219+7832.315206459903i) (-7874.83139158781+7831.280098094038i) (-7874.654322131793+7830.245148067543i) (-7874.477303145051+7829.210356355038i) (-7874.300334606514+7828.175722719322i) (-7874.123416327569+7827.141247681379i) (-7873.946548250344+7826.106930415361i) (-7873.76973071126+7825.072771537514i) (-7873.592963395413+7824.038770700727i) (-7873.416246486416+7823.00492774065i) (-7873.239579643934+7821.971242807724i) (-7873.062963164306+7820.937715771732i) (-7872.886396692076+7819.904346815082i) (-7872.7098806097965+7818.871135585196i) (-7872.533414668574+7817.838082192628i) (-7872.356998973599+7816.805186449168i) (-7872.180633443196+7815.7724485598255i) (-7872.004317961733+7814.739868066362i) (-7871.828052527771+7813.7074453873165i) (-7871.651837229134+7812.6751802535055i) (-7871.475672002645+7811.643072793726i) (-7871.299556926135+7810.611122804956i) (-7871.123491758366+7809.57933001897i) (-7870.947476746075+7808.547694649811i) (-7870.77151166936+7807.516216748018i) (-7870.595596411514+7806.484896206839i) (-7870.419731437468+7805.453732885368i) (-7870.243916083026+7804.422726489935i) (-7870.068150923145+7803.3918777448125i) (-7869.892435586466+7802.361185899091i) (-7869.716770128938+7801.330651050612i) (-7869.541154359271+7800.300273273192i) (-7869.365588749599+7799.270052478746i) (-7869.190072776989+7798.2399890052675i) (-7869.014606890898+7797.210082161654i) (-7868.839190439607+7796.180331969004i) (-7868.663823770994+7795.150738907895i) (-7868.488507741252+7794.121302395799i) (-7868.313240482256+7793.092022339933i) (-7868.138023382208+7792.062899367121i) (-7867.9628554953315+7791.03393297022i) (-7867.787737949975+7790.005122912763i) (-7867.61266962703+7788.9764699523885i) (-7867.43765133617+7787.947973164694i) (-7867.262682359803+7786.919632789047i) (-7867.087763197438+7785.891448621914i) (-7866.912893449055+7784.863421020111i) (-7866.73807340373+7783.835549680475i) (-7866.563303109808+7782.807835112025i) (-7866.388581837443+7781.780276145718i) (-7866.213910568096+7780.752873363266i) (-7866.039288996303+7779.725626841201i) (-7865.864716344643+7778.698537123201i) (-7865.69019342845+7777.67160239082i) (-7865.5157200592885+7776.644823856886i) (-7865.341295867136+7775.6182018836325i) (-7865.166921273622+7774.591735378841i) (-7864.992596040916+7773.565424984476i) (-7864.818320259837+7772.539270129616i) (-7864.6440937842735+7771.513271182716i) (-7864.469916682082+7770.487428210214i) (-7864.295788830675+7769.461740742633i) (-7864.121710531666+7768.436209354482i) (-7863.947681598624+7767.410832483986i) (-7863.773701355779+7766.385611927622i) (-7863.599770870589+7765.360547023439i) (-7863.425889476761+7764.335637361366i) (-7863.252057350274+7763.310883263529i) (-7863.078274563312+7762.286284355196i) (-7862.904540954912+7761.261841109313i) (-7862.730856415667+7760.237552902808i) (-7862.557221124462+7759.21341979629i) (-7862.383634734514+7758.189441878856i) (-7862.210097766941+7757.1656193825365i) (-7862.036609617362+7756.1419519311685i) (-7861.8631705183825+7755.1184395229175i) (-7861.6897805535455+7754.0950823373905i) (-7861.516440047936+7753.071879753648i) (-7861.343148014412+7752.048832401368i) (-7861.169905155193+7751.025939811274i) (-7860.996711213176+7750.003202229271i) (-7860.823566296613+7748.980619365201i) (-7860.650470453874+7747.958191444763i) (-7860.477423584621+7746.93591825148i) (-7860.304425556871+7745.913799483836i) (-7860.13147637351+7744.891835535824i) (-7859.958576231749+7743.870026033609i) (-7859.785724888442+7742.848371205251i) (-7859.61292236414+7741.826870905474i) (-7859.440168645591+7740.805524985002i) (-7859.267463837135+7739.784333595428i) (-7859.094807828739+7738.763296447518i) (-7858.922200635718+7737.742413573366i) (-7858.749641974727+7736.721685154649i) (-7858.577132308057+7735.701110810554i) (-7858.404671201949+7734.680690841502i) (-7858.232259051773+7733.660424864618i) (-7858.059895295866+7732.640313078802i) (-7857.887580355291+7731.620355430212i) (-7857.715313987059+7730.60055169141i) (-7857.54309640087+7729.580901804253i) (-7857.370927080127+7728.56140635115i) (-7857.198807349814+7727.542064653322i) (-7857.026735288986+7726.522875619463i) (-7856.854711580537+7725.5038419710545i) (-7856.682737192545+7724.484961453045i) (-7856.510810823124+7723.466234898757i) (-7856.338933460273+7722.447661631888i) (-7856.1671041158515+7721.429241842602i) (-7855.995323194289+7720.410976645738i) (-7855.823591250483+7719.392864100146i) (-7855.651907505276+7718.374905035479i) (-7855.480271895271+7717.35709970565i) (-7855.3086855217825+7716.339447927644i) (-7855.137146774531+7715.321948928408i) (-7854.965656310368+7714.304603925125i) (-7854.794214463872+7713.287411950226i) (-7854.6228211959215+7712.270373113458i) (-7854.451475988847+7711.253487710244i) (-7854.2801791996735+7710.236755305617i) (-7854.108930741095+7709.2201758975825i) (-7853.93773050526+7708.203749697726i) (-7853.766578478135+7707.187476471407i) (-7853.595474650929+7706.171356330293i) (-7853.424419155553+7705.1553891548665i) (-7853.253411858898+7704.139574515921i) (-7853.082452715971+7703.123913051022i) (-7852.91154163656+7702.10840422533i) (-7852.740678765906+7701.0930482730155i) (-7852.569864006+7700.0778449354775i) (-7852.3990975534025+7699.06279450235i) (-7852.228379039741+7698.047896554771i) (-7852.057708822371+7697.033151290987i) (-7851.887086448575+7696.018558202373i) (-7851.716512329114+7695.004117890135i) (-7851.5459858496+7693.98982974728i) (-7851.375507591272+7692.975694451141i) (-7851.2050772658495+7691.9617111800635i) (-7851.034695062233+7690.947880374376i) (-7850.864360647418+7689.934201828773i) (-7850.694074186533+7688.920675608733i) (-7850.523835498127+7687.907301679157i) (-7850.353644914787+7686.894079863984i) (-7850.183502068219+7685.881010173327i) (-7850.01340727559+7684.868092675833i) (-7849.843361114286+7683.8553272096i) (-7849.673361588993+7682.842712901765i) (-7849.50340995132+7681.830251803002i) (-7849.333506901227+7680.817941742031i) (-7849.163651157768+7679.805784004629i) (-7848.993843472533+7678.7937776286135i) (-7848.824083254723+7677.781923270373i) (-7848.654371001741+7676.770220409069i) (-7848.4847061622695+7675.758669485507i) (-7848.31508915812+7674.747269984902i) (-7848.145519698886+7673.736022292587i) (-7847.975998240091+7672.724926127828i) (-7847.806524144858+7671.713981160731i) (-7847.637097434961+7670.703188362355i) (-7847.467718972941+7669.6925464884725i) (-7847.2983878336545+7668.6820561906225i) (-7847.129104321193+7667.671717010466i) (-7846.959868292297+7666.661529299658i) (-7846.7906796143325+7665.651492837462i) (-7846.621539124106+7664.641607561958i) (-7846.452445461082+7663.631873220468i) (-7846.283399597162+7662.6222903244i) (-7846.114401142647+7661.612858450501i) (-7845.945450106385+7660.603577498688i) (-7845.7765464504055+7659.594447648273i) (-7845.607690512913+7658.585468909962i) (-7845.4388817696645+7657.576640890019i) (-7845.270120731558+7656.567963821564i) (-7845.1014066679945+7655.55943725895i) (-7844.932740051828+7654.551061882895i) (-7844.764120957945+7653.542837016872i) (-7844.595548946192+7652.534762987717i) (-7844.427024331299+7651.526839500102i) (-7844.258547016071+7650.519066827371i) (-7844.090116978303+7649.511444547398i) (-7843.9217342699085+7648.5039729820655i) (-7843.753398662752+7647.496651741024i) (-7843.585110500602+7646.489480966086i) (-7843.416869317789+7645.482460660129i) (-7843.248675517316+7644.475590821013i) (-7843.08052902066+7643.468870972123i) (-7842.912429099659+7642.462301338048i) (-7842.744376652631+7641.455882541592i) (-7842.576371728344+7640.449613213658i) (-7842.408413017754+7639.4434942554535i) (-7842.240501835666+7638.4375256386265i) (-7842.072637549949+7637.431707123504i) (-7841.904820623311+7636.42603869891i) (-7841.737050659587+7635.420520290335i) (-7841.5693277461+7634.41515172089i) (-7841.401651980132+7633.4099330312465i) (-7841.234023179296+7632.4048643716305i) (-7841.066441197677+7631.3999453078995i) (-7840.898906467856+7630.395175805236i) (-7840.731418864642+7629.390556114413i) (-7840.563977817364+7628.386085770832i) (-7840.396583756839+7627.3817653346305i) (-7840.229236165+7626.377594320685i) (-7840.061935529725+7625.373573052238i) (-7839.894681651764+7624.369701159232i) (-7839.727474896806+7623.365979176375i) (-7839.560314658077+7622.362406185813i) (-7839.393201494544+7621.358982956926i) (-7839.226134902718+7620.355708952945i) (-7839.059115185884+7619.3525843979805i) (-7838.892142218958+7618.349608992747i) (-7838.725216091403+7617.346782845558i) (-7838.5583365781495+7616.344105931335i) (-7838.391504082879+7615.341578076782i) (-7838.224718043319+7614.339199049206i) (-7838.057978499928+7613.336969305674i) (-7837.891285775017+7612.334888423453i) (-7837.7246395699385+7611.3329568260215i) (-7837.558040119771+7610.331174023084i) (-7837.391487154993+7609.329540239631i) (-7837.224980885759+7608.32805503343i) (-7837.0585211471425+7607.3267187646015i) (-7836.892107866575+7606.325531128392i) (-7836.72574130927+7605.324492315137i) (-7836.559420853675+7604.323602181406i) (-7836.393147349401+7603.322860906558i) (-7836.226919950489+7602.322268112428i) (-7836.06073988138+7601.321824211231i) (-7835.894605803863+7600.3215278882535i) (-7835.728517971761+7599.321380384865i) (-7835.56247641704+7598.321381289784i) (-7835.396481492087+7597.32153060844i) (-7835.230532372215+7596.321828576311i) (-7835.0646302558325+7595.322274680454i) (-7834.898774160371+7594.322869445711i) (-7834.732965163772+7593.323612056643i) (-7834.567202005793+7592.324503070623i) (-7834.4014855271635+7591.325541648933i) (-7834.235814716225+7590.326728672291i) (-7834.070191254483+7589.328062855743i) (-7833.904611016575+7588.329545313889i) (-7833.7390796659365+7587.331178589354i) (-7833.573595071591+7586.332956366269i) (-7833.408155208038+7585.33488322359i) (-7833.242762230793+7584.336957625295i) (-7833.07741486239+7583.339180228197i) (-7832.912113917645+7582.3415502477055i) (-7832.746858952149+7581.344068389744i) (-7832.581650308103+7580.346733975351i) (-7832.416487695382+7579.349547449682i) (-7832.251371262869+7578.352508228436i) (-7832.086300865005+7577.35561669232i) (-7831.921276565584+7576.3588725527125i) (-7831.756298320004+7575.362275958228i) (-7831.591366190481+7574.365826817196i) (-7831.426479902472+7573.36952515272i) (-7831.261639613015+7572.373370587845i) (-7831.09684535343+7571.377363502248i) (-7830.932097009671+7570.381503478267i) (-7830.76739441637+7569.385790733088i) (-7830.602737928411+7568.390225358683i) (-7830.438127294018+7567.394807021115i) (-7830.273562706677+7566.399535839216i) (-7830.10904386399+7565.404411789033i) (-7829.944570994994+7564.409434605894i) (-7829.780143839976+7563.41460453527i) (-7829.615762664221+7562.419921084058i) (-7829.451427062467+7561.425384819171i) (-7829.287137391038+7560.430995212505i) (-7829.122893444035+7559.436752635134i) (-7828.958695301528+7558.442656628494i) (-7828.794542994874+7557.448707485827i) (-7828.630436279052+7556.454905027438i) (-7828.466375309963+7555.461249202371i) (-7828.302359943437+7554.467740008996i) (-7828.138390569258+7553.474377384343i) (-7827.97446652351+7552.481161074489i) (-7827.810588261413+7551.488091463581i) (-7827.646755653857+7550.495168251894i) (-7827.482968713243+7549.502391288833i) (-7827.319227202788+7548.509760932295i) (-7827.155531439218+7547.517276779208i) (-7826.991881217939+7546.524938813801i) (-7826.82827637451+7545.532747118748i) (-7826.664717235635+7544.540701789044i) (-7826.501203293663+7543.548802529765i) (-7826.337735298475+7542.557049418091i) (-7826.174312508424+7541.5654422432635i) (-7826.010935891342+7540.57398125283i) (-7825.847603463216+7539.582665940976i) (-7825.684317401487+7538.59149686949i) (-7825.521076501535+7537.6004736550385i) (-7825.357881018344+7536.609596218591i) (-7825.19473080099+7535.618864817963i) (-7825.031625946993+7534.628279062769i) (-7824.868566579198+7533.637839024602i) (-7824.705552425719+7532.647544878797i) (-7824.542583843256+7531.657396169502i) (-7824.379660442171+7530.6673934302335i) (-7824.2167825358+7529.6775357872475i) (-7824.053949787501+7528.687824111574i) (-7823.891162271655+7527.698257367057i) (-7823.72842003171+7526.708836633143i) (-7823.565722611503+7525.719560597909i) (-7823.403070958619+7524.730430544241i) (-7823.240463214862+7523.741445092152i) (-7823.077902115665+7522.75260635528i) (-7822.915383701993+7521.763911953952i) (-7822.75291545215+7520.775366162605i) (-7822.590489996619+7519.786957679604i) (-7822.428106517113+7518.798700615114i) (-7822.265771127907+7517.810586677614i) (-7822.103479876917+7516.822619207588i) (-7821.941234300814+7515.834795449793i) (-7821.779033816789+7514.8471174886545i) (-7821.616878380924+7513.859583700127i) (-7821.454768045849+7512.872195181155i) (-7821.292702445885+7511.8849511361195i) (-7821.130682118343+7510.897851978958i) (-7820.968706308566+7509.910897569418i) (-7820.806775643442+7508.924087911365i) (-7820.6448895093135+7507.937423081401i) (-7820.483048626761+7506.950902822587i) (-7820.321252662843+7505.964527335017i) (-7820.159501660105+7504.978296388243i) (-7819.997795499483+7503.992209978413i) (-7819.836134045261+7503.006267904661i) (-7819.674517934888+7502.0204706725335i) (-7819.51294612036+7501.034817363755i) (-7819.3514196012375+7500.0493086682145i) (-7819.189937215673+7499.063944094014i) (-7819.028500083043+7498.078723800747i) (-7818.867107440759+7497.0936479546845i) (-7818.705759776665+7496.108716170793i) (-7818.544456447505+7495.123928901885i) (-7818.3831983473065+7494.139285462396i) (-7818.2219847864835+7493.154786462852i) (-7818.060815784528+7492.170431168736i) (-7817.8996917530185+7491.186220368964i) (-7817.738612386311+7490.202152612465i) (-7817.577577592389+7489.2182294753065i) (-7817.4165872448175+7488.234449693659i) (-7817.255641578012+7487.250814118958i) (-7817.094740469937+7486.267322090527i) (-7816.933884031751+7485.283973776678i) (-7816.773071699858+7484.300769401201i) (-7816.61230422757+7483.317708774607i) (-7816.451580949759+7482.334791912109i) (-7816.290902437806+7481.3520185767275i) (-7816.130268413412+7480.369389424088i) (-7815.96967958988+7479.386902791964i) (-7815.809134103538+7478.404560159061i) (-7815.648633934289+7477.422360800902i) (-7815.488177848831+7476.4403050250485i) (-7815.327766343036+7475.458392306498i) (-7815.167399115814+7474.476623174747i) (-7815.007076183621+7473.494997041619i) (-7814.846797757755+7472.513514436936i) (-7814.6865636021375+7471.532174744394i) (-7814.526373811253+7470.550978550495i) (-7814.3662281121815+7469.569925307124i) (-7814.2061271310085+7468.589015166305i) (-7814.046070135778+7467.608248167188i) (-7813.886057665027+7466.62762414732i) (-7813.72608921689+7465.64714307257i) (-7813.566165313932+7464.666804955091i) (-7813.406285389176+7463.6866096331i) (-7813.246449949757+7462.706557324722i) (-7813.086658222291+7461.726647388703i) (-7812.926911013452+7460.7468806271545i) (-7812.767207919042+7459.767256548023i) (-7812.607549036762+7458.787775194511i) (-7812.44793423106+7457.808436406889i) (-7812.288363569656+7456.829240310038i) (-7812.128836856941+7455.850186685565i) (-7811.96935438274+7454.8712755844945i) (-7811.809915986263+7453.892507024801i) (-7811.650521687341+7452.9138809830565i) (-7811.491171322844+7451.935397251026i) (-7811.331865140714+7450.957055779077i) (-7811.172602707738+7449.978856852338i) (-7811.01338451182+7449.000800113994i) (-7810.85421010571+7448.022885935644i) (-7810.695079720988+7447.045113658671i) (-7810.535993461599+7446.067483754042i) (-7810.376951100841+7445.089995744396i) (-7810.217952751632+7444.11265012371i) (-7810.058997688972+7443.135446152449i) (-7809.900087469001+7442.15838395737i) (-7809.741220605789+7441.181465089289i) (-7809.582396869639+7440.204686634651i) (-7809.423618489751+7439.228050673922i) (-7809.264882712144+7438.251557108192i) (-7809.1061911578+7437.275204558396i) (-7808.947543494137+7436.298994397343i) (-7808.788939509362+7435.322925601946i) (-7808.630379487777+7434.346998949935i) (-7808.471863015899+7433.371213556355i) (-7808.313390775721+7432.3955698194695i) (-7808.154961734187+7431.420067707115i) (-7807.996576828736+7430.444707031568i) (-7807.838235144043+7429.469487762121i) (-7807.679937340204+7428.494409948574i) (-7807.52168291928+7427.5194736416615i) (-7807.363472288559+7426.544678815059i) (-7807.205305141979+7425.5700253239365i) (-7807.04718180726+7424.595513094716i) (-7806.889101895458+7423.6211422555225i) (-7806.7310656446525+7422.646912656646i) (-7806.573072810514+7421.672824236083i) (-7806.415123609779+7420.698877019626i) (-7806.257218104075+7419.725070985088i) (-7806.099356182746+7418.751406136539i) (-7805.941537631415+7417.777882175717i) (-7805.7837627637555+7416.8044988767815i) (-7805.626031344258+7415.831256934687i) (-7805.468343147927+7414.858155843771i) (-7805.310698680024+7413.885195017135i) (-7805.153097038887+7412.912375978634i) (-7804.995539400949+7411.939697397652i) (-7804.838025100005+7410.967159453823i) (-7804.680553943747+7409.994762235036i) (-7804.523126391076+7409.022505787945i) (-7804.365741836847+7408.050389996797i) (-7804.208401056993+7407.078414790821i) (-7804.051103293443+7406.106580238331i) (-7803.893848993997+7405.134886091601i) (-7803.736638019846+7404.163332635999i) (-7803.579470303126+7403.191919230102i) (-7803.422345770762+7402.220646575762i) (-7803.265264391048+7401.2495140629635i) (-7803.108226308027+7400.278522113379i) (-7802.951231456309+7399.3076703223205i) (-7802.794279920491+7398.336958904723i) (-7802.637371408034+7397.366387681304i) (-7802.480506254446+7396.3959567147585i) (-7802.323684018958+7395.425665650134i) (-7802.1669052385805+7394.455514849283i) (-7802.010169232787+7393.485504046411i) (-7801.853476405728+7392.515633533973i) (-7801.696826839867+7391.545902694079i) (-7801.540220414921+7390.576311788252i) (-7801.383656972462+7389.60686096418i) (-7801.227136458791+7388.637549889247i) (-7801.070659050129+7387.668378665484i) (-7800.914224581812+7386.69934725886i) (-7800.757833271982+7385.730455640461i) (-7800.6014848043515+7384.761703751364i) (-7800.445179551406+7383.793091487244i) (-7800.288916939271+7382.8246188585945i) (-7800.132697455086+7381.856285790887i) (-7799.976520890225+7380.888092547435i) (-7799.820387127462+7379.920038469628i) (-7799.66429651058+7378.952124080385i) (-7799.508248536607+7377.984348915435i) (-7799.352243614181+7377.016713415951i) (-7799.196281265214+7376.049217104087i) (-7799.040361984898+7375.08186025942i) (-7798.88448545723+7374.114642639496i) (-7798.728651577874+7373.147564248468i) (-7798.572860842175+7372.180625592936i) (-7798.417112935536+7371.213825429987i) (-7798.261407526679+7370.24716465334i) (-7798.105745070078+7369.2806424386645i) (-7797.950124601053+7368.314260017526i) (-7797.79454761841+7367.348016621067i) (-7797.639013163002+7366.381911790513i) (-7797.483521392095+7365.415946237456i) (-7797.328072416084+7364.45011943993i) (-7797.172665587958+7363.484431760859i) (-7797.017302645344+7362.51888293425i) (-7796.861981334272+7361.5534716694765i) (-7796.706702288824+7360.5882004783425i) (-7796.551466534921+7359.623067685663i) (-7796.396273068512+7358.658073686743i) (-7796.241122367136+7357.693218182316i) (-7796.086014155226+7356.728501361247i) (-7795.930948508016+7355.763923027812i) (-7795.77592533492+7354.799483270407i) (-7795.620944652003+7353.835181881142i) (-7795.466006495142+7352.871019040014i) (-7795.311110822126+7351.9069945640495i) (-7795.156257573764+7350.943108560788i) (-7795.00144692482+7349.979360730426i) (-7794.846678548108+7349.015751374307i) (-7794.691952975889+7348.0522798219245i) (-7794.537268855153+7347.088946951862i) (-7794.382627883515+7346.125752482894i) (-7794.228029101454+7345.162695714388i) (-7794.07347307193+7344.199777407728i) (-7793.918958905033+7343.236996782942i) (-7793.764487483468+7342.274354328474i) (-7793.610057895474+7341.311849772445i) (-7793.455670916704+7340.3494833414015i) (-7793.3013260954485+7339.387254824192i) (-7793.14702366236+7338.425164198093i) (-7792.9927632109275+7337.463211468521i) (-7792.838545313264+7336.50139622004i) (-7792.684369497839+7335.539719542708i) (-7792.530236831549+7334.5781795960875i) (-7792.376144696573+7333.61677725275i) (-7792.222095822146+7332.655513492076i) (-7792.068088644247+7331.69438677783i) (-7791.914124067704+7330.733397708155i) (-7791.760201204338+7329.772546274i) (-7791.606320722464+7328.811832172761i) (-7791.4524821544+7327.851255750768i) (-7791.298685837246+7326.8908165762305i) (-7791.144931668068+7325.9305151015415i) (-7790.991219607186+7324.970350386143i) (-7790.837549363176+7324.01032353116i) (-7790.683921254572+7323.050433215596i) (-7790.5303348421485+7322.090681367972i) (-7790.376791350614+7321.131065819609i) (-7790.2232890068335+7320.171587568919i) (-7790.069829072285+7319.212246345675i) (-7789.916410860587+7318.253042449493i) (-7789.763034694793+7317.293975513033i) (-7789.6097001923645+7316.335045561775i) (-7789.45640817657+7315.376252763818i) (-7789.303157697327+7314.417596618061i) (-7789.14994919322+7313.459077561361i) (-7788.996782487922+7312.500695386664i) (-7788.843657849197+7311.542449850889i) (-7788.690574826075+7310.584341075854i) (-7788.537533999391+7309.626369465251i) (-7788.384534679565+7308.668534198513i) (-7788.2315773097325+7307.710835570686i) (-7788.07866166351+7306.75327353194i) (-7787.925787938548+7305.795848249164i) (-7787.772955546024+7304.8385591492815i) (-7787.620165239351+7303.881407122475i) (-7787.467416598895+7302.924391521036i) (-7787.314709562093+7301.967512277431i) (-7787.162044538574+7301.010769286732i) (-7787.009420934566+7300.054162766993i) (-7786.856839188435+7299.097692559943i) (-7786.704298918474+7298.141358646988i) (-7786.551800485121+7297.185161015575i) (-7786.399343511281+7296.229099503827i) (-7786.246928274914+7295.273174175609i) (-7786.094554609288+7294.317385230509i) (-7785.942222652756+7293.361732170911i) (-7785.789931746417+7292.4062151848975i) (-7785.637682901775+7291.45083447395i) (-7785.485475435722+7290.495589617011i) (-7785.333309633996+7289.540480722395i) (-7785.181185256135+7288.585507754797i) (-7785.029102561149+7287.63067055497i) (-7784.877061317848+7286.675969363602i) (-7784.725061339543+7285.721404011946i) (-7784.573102878793+7284.766974346862i) (-7784.421185811705+7283.812679994772i) (-7784.269310126181+7282.8585219418255i) (-7784.117476193971+7281.904499557205i) (-7783.965683702027+7280.950612253896i) (-7783.81393233681+7279.9968614018935i) (-7783.662221998457+7279.043245147905i) (-7783.51055353381+7278.089764973494i) (-7783.358926214544+7277.136419945178i) (-7783.207340582225+7276.183210734811i) (-7783.055795498993+7275.230136869818i) (-7782.90429257045+7274.277198093071i) (-7782.75283050963+7273.324394845307i) (-7782.601409799182+7272.371726725452i) (-7782.450030235739+7271.419194059122i) (-7782.298691985599+7270.466796220437i) (-7782.147394759571+7269.514533884762i) (-7781.996138989812+7268.562406952791i) (-7781.844924465613+7267.610414674953i) (-7781.69375100595+7266.658557779208i) (-7781.542618801113+7265.706835569346i) (-7781.391527968198+7264.75524883359i) (-7781.240477609615+7263.80379649466i) (-7781.089469416149+7262.852479356968i) (-7780.938501080794+7261.901297323652i) (-7780.787574186576+7260.950249807925i) (-7780.636689334085+7259.999336860945i) (-7780.485844824718+7259.048559381915i) (-7780.335041190839+7258.097916215668i) (-7780.184279259893+7257.147407647076i) (-7780.03355781998+7256.197034248918i) (-7779.882877623953+7255.246794756554i) (-7779.732238246102+7254.29669057475i) (-7779.581639855255+7253.346720375509i) (-7779.431082720626+7252.39688493823i) (-7779.280566361921+7251.447183975806i) (-7779.130090994124+7250.497617501046i) (-7778.97965645625+7249.548185394582i) (-7778.8292628876325+7248.598887510098i) (-7778.678910367906+7247.649724214012i) (-7778.528598623031+7246.700695009428i) (-7778.378327812008+7245.751800179873i) (-7778.22809767725+7244.803039383114i) (-7778.077908427273+7243.854412813954i) (-7777.9277601406875+7242.905920648977i) (-7777.777652605164+7241.957562405964i) (-7777.6275859148445+7241.009338393868i) (-7777.4775599396+7240.061248120939i) (-7777.327575021619+7239.113292067419i) (-7777.177630421698+7238.165469887392i) (-7777.027726762594+7237.217781918778i) (-7776.877863849779+7236.27022750762i) (-7776.728041829765+7235.322806988665i) (-7776.578260429372+7234.375520478569i) (-7776.4285196473875+7233.428367604785i) (-7776.278819495943+7232.481348330673i) (-7776.1291602108995+7231.534462805425i) (-7775.979541495927+7230.587711311851i) (-7775.829963152566+7229.641093162296i) (-7775.680425813496+7228.694608658611i) (-7775.530928803469+7227.748257787295i) (-7775.381472589589+7226.802040241543i) (-7775.232056909171+7225.855956406992i) (-7775.082681689536+7224.910005869149i) (-7774.933347100465+7223.9641887863745i) (-7774.7840530042595+7223.018505013578i) (-7774.634799490832+7222.0729549018015i) (-7774.485586589624+7221.127537761716i) (-7774.336413783089+7220.182253834039i) (-7774.187281695374+7219.237103441377i) (-7774.0381902643185+7218.292086142452i) (-7773.8891390706+7217.347202078316i) (-7773.740128434383+7216.402451070057i) (-7773.591158131292+7215.457833049185i) (-7773.442228492441+7214.513348124955i) (-7773.293339065242+7213.56899633909i) (-7773.144489793904+7212.624777410417i) (-7772.995681008592+7211.680691372019i) (-7772.846912856041+7210.7367383333085i) (-7772.6981849581525+7209.792918347526i) (-7772.549497178462+7208.849231270784i) (-7772.400850098651+7207.905676730576i) (-7772.2522429129385+7206.962254276409i) (-7772.1036764822275+7206.018965434316i) (-7771.95514934328+7205.075808958801i) (-7771.806663357286+7204.132785449326i) (-7771.658217550436+7203.18989471264i) (-7771.509811547257+7202.247136103054i) (-7771.36144629489+7201.304510067928i) (-7771.2131209649415+7200.362016483933i) (-7771.064836021067+7199.419655673054i) (-7770.916590969445+7198.477426920754i) (-7770.768386258487+7197.535330988914i) (-7770.620221420743+7196.5933670852255i) (-7770.4720970315275+7195.651535874639i) (-7770.324012543598+7194.709836688728i) (-7770.175968532063+7193.768269758391i) (-7770.0279642874575+7192.826835113052i) (-7769.880000156994+7191.885532526448i) (-7769.732075850333+7190.944362287178i) (-7769.584192530339+7190.003324462059i) (-7769.436348061006+7189.062418059678i) (-7769.288544706525+7188.121644061316i) (-7769.140780371082+7187.181001879222i) (-7768.993056914576+7186.240491816191i) (-7768.8453725542895+7185.300113528622i) (-7768.69772915765+7184.359867256568i) (-7768.550124598409+7183.4197529717685i) (-7768.402561300122+7182.479770357361i) (-7768.2550364509625+7181.539919496813i) (-7768.107553124223+7180.600200334095i) (-7767.96010703867+7179.66061261005i) (-7767.812703088155+7178.721159484215i) (-7767.665340939256+7177.781834337273i) (-7767.51801500152+7176.842640996374i) (-7767.370730717162+7175.903580808029i) (-7767.223485148677+7174.964650962876i) (-7767.07628044696+7174.025853632849i) (-7766.929114612463+7173.0871869250195i) (-7766.781989542572+7172.14865253733i) (-7766.634903225787+7171.210248723181i) (-7766.487857789333+7170.271976937847i) (-7766.340851027018+7169.333835851053i) (-7766.193885063686+7168.395826830856i) (-7766.046957981918+7167.457948455124i) (-7765.900071190407+7166.520201334375i) (-7765.753223523862+7165.582585500063i) (-7765.606416046252+7164.645100811145i) (-7765.459647794606+7163.707747459107i) (-7765.312919718324+7162.770524870433i) (-7765.166230830824+7161.833433530783i) (-7765.019582044169+7160.896472925693i) (-7764.872972272571+7159.9596437067885i) (-7764.726402624413+7159.022945105154i) (-7764.579872172523+7158.086377666321i) (-7764.433381784367+7157.149940684457i) (-7764.286930662116+7156.213635040584i) (-7764.140519160875+7155.277459572061i) (-7763.994147061024+7154.3414152834i) (-7763.847814478593+7153.405501556408i) (-7763.701521981104+7152.469718909702i) (-7763.555267615141+7151.534066777845i) (-7763.409054459258+7150.598544003692i) (-7763.2628782517595+7149.6631534167955i) (-7763.116744480262+7148.727893608327i) (-7762.970648899482+7147.792763039506i) (-7762.824592800066+7146.857763296659i) (-7762.678575900581+7145.922894115725i) (-7762.532598351384+7144.98815509186i) (-7762.3866605775265+7144.053546816779i) (-7762.240761549482+7143.119068908234i) (-7762.0949026035+7142.184720943859i) (-7761.949082339563+7141.2505035522045i) (-7761.803301913367+7140.316416063003i) (-7761.657560537257+7139.382459355208i) (-7761.511858610779+7138.448632126273i) (-7761.366196014237+7137.514935749873i) (-7761.2205727345945+7136.581368715503i) (-7761.074988943497+7135.647932222004i) (-7760.929443943553+7134.714625215553i) (-7760.783938501308+7133.781448363051i) (-7760.638471776045+7132.848401374586i) (-7760.4930447102415+7131.915484301578i) (-7760.347656411649+7130.982697418429i) (-7760.202307365935+7130.05004017525i) (-7760.056997502581+7129.117512875693i) (-7759.911726903775+7128.185115363311i) (-7759.766495582135+7127.252847838211i) (-7759.621302991948+7126.3207098417715i) (-7759.476150025837+7125.388701654196i) (-7759.331036121542+7124.456822942518i) (-7759.185961730787+7123.52507378157i) (-7759.040925848203+7122.593454468531i) (-7758.895929460183+7121.661963909937i) (-7758.750971921257+7120.730603088358i) (-7758.6060532213505+7119.799371680551i) (-7758.461173656455+7118.868269896145i) (-7758.3163329053705+7117.937297180294i) (-7758.171531364228+7117.0064541429165i) (-7758.026768526972+7116.0757400386565i) (-7757.882044926619+7115.145155910464i) (-7757.737359982626+7114.214700563987i) (-7757.592714334876+7113.284374578725i) (-7757.44810741725+7112.354177665892i) (-7757.303539937482+7111.424110125614i) (-7757.15901078098+7110.49417132815i) (-7757.014520785387+7109.564361702619i) (-7756.870069530392+7108.634681119993i) (-7756.725657273962+7107.705129390794i) (-7756.581283530228+7106.775706867056i) (-7756.436948871363+7105.84641320264i) (-7756.292653143696+7104.917248372783i) (-7756.148396053705+7103.988212607259i) (-7756.004177927434+7103.059305084879i) (-7755.8599980227+7102.130527318116i) (-7755.715857530154+7101.201877588643i) (-7755.571755666626+7100.273356760401i) (-7755.427692649803+7099.344964539942i) (-7755.283668275119+7098.416701547346i) (-7755.13968242766+7097.488566169207i) (-7754.995735632423+7096.560559998996i) (-7754.851827171067+7095.6326819290925i) (-7754.707957810978+7094.704932966768i) (-7754.564126349472+7093.777312162275i) (-7754.420334349361+7092.849819703748i) (-7754.276580212083+7091.9224559521235i) (-7754.132865743391+7090.9952205599375i) (-7753.989188950415+7090.068113565452i) (-7753.8455514294665+7089.141134452833i) (-7753.701951999232+7088.214283864299i) (-7753.558391794486+7087.287561246251i) (-7753.414869416539+7086.360967407586i) (-7753.271385970265+7085.434501292204i) (-7753.1279409966155+7084.508163517276i) (-7752.9845347388255+7083.581953417477i) (-7752.841167045451+7082.655872014495i) (-7752.69783736674+7081.7299181786075i) (-7752.554546522346+7080.8040923566905i) (-7752.4112938149265+7079.878394428638i) (-7752.268080460635+7078.952824501207i) (-7752.1249044984+7078.027383002663i) (-7751.981766553281+7077.102068254648i) (-7751.838669251961+7076.1768822524855i) (-7751.695608225095+7075.251824084247i) (-7751.552586465542+7074.326892880779i) (-7751.4096028894955+7073.402089937954i) (-7751.266658006542+7072.4774144514095i) (-7751.123750798421+7071.552866837568i) (-7750.980882751522+7070.628446635122i) (-7750.838052318493+7069.70415434999i) (-7750.695260892742+7068.779989044635i) (-7750.552507161804+7067.8559518049615i) (-7750.409792163979+7066.932041295568i) (-7750.267115237255+7066.008259386576i) (-7750.124476582415+7065.084603325461i) (-7749.981875951821+7064.161076017949i) (-7749.839313805582+7063.237674986208i) (-7749.696790082295+7062.314402449468i) (-7749.554303938619+7061.391256154799i) (-7749.411856666538+7060.4682377365125i) (-7749.269446886486+7059.545345912331i) (-7749.127076291649+7058.622581911287i) (-7748.98474267408+7057.699944824164i) (-7748.84244833655+7056.777434637522i) (-7748.700191197286+7055.855051386768i) (-7748.55797302171+7054.9327954220225i) (-7748.415792391309+7054.010666641054i) (-7748.273649899223+7053.088664410679i) (-7748.131545589768+7052.166789213535i) (-7747.98947908864+7051.2450405877535i) (-7747.847451589815+7050.323419326862i) (-7747.705460534895+7049.40192534165i) (-7747.563508689477+7048.480556637648i) (-7747.421594139605+7047.5593162704745i) (-7747.27971895787+7046.638200731936i) (-7747.1378803606785+7045.7172154285545i) (-7746.996079506735+7044.796351802403i) (-7746.854318012081+7043.875619601502i) (-7746.712592790388+7042.955007139394i) (-7746.570910454656+7042.034531695906i) (-7746.429248836579+7041.114166965138i) (-7746.287638709726+7040.1939557522755i) (-7746.1460846377695+7039.273853350755i) (-7746.004538647334+7038.353871674604i) (-7745.863047953997+7037.434021526734i) (-7745.721585739101+7036.514299662167i) (-7745.58016677261+7035.594703109978i) (-7745.438780576361+7034.675233675053i) (-7745.29743733907+7033.755888534033i) (-7745.156129005081+7032.836671980007i) (-7745.014859568574+7031.9175797876715i) (-7744.8736273034765+7030.9986154841945i) (-7744.732432881389+7030.079775462885i) (-7744.5912769013+7029.161062707111i) (-7744.450157937377+7028.242475514481i) (-7744.3090772131545+7027.32401455917i) (-7744.168033485066+7026.405679560658i) (-7744.027028185505+7025.487470024458i) (-7743.886060304333+7024.5693873147975i) (-7743.745130113355+7023.651429716125i) (-7743.604237783054+7022.733598646917i) (-7743.463382704964+7021.815892549691i) (-7743.322566011652+7020.8983127968395i) (-7743.181785966777+7019.980858634176i) (-7743.041044521851+7019.063530213595i) (-7742.900339708826+7018.146327559117i) (-7742.759673777538+7017.229250130069i) (-7742.619044059853+7016.3122986802855i) (-7742.478452994733+7015.395472512613i) (-7742.337898651247+7014.478772339912i) (-7742.197382488672+7013.5621969474i) (-7742.056903286659+7012.645747984286i) (-7741.916462093508+7011.729423492878i) (-7741.776058196478+7010.813225181407i) (-7741.635691856228+7009.897151573262i) (-7741.495362985366+7008.981203975112i) (-7741.355071319768+7008.065380998234i) (-7741.214817747403+7007.14968363651i) (-7741.074601272994+7006.234111605238i) (-7740.934422387057+7005.318664859154i) (-7740.794280184503+7004.403343124112i) (-7740.654176075677+7003.488146029424i) (-7740.514110677072+7002.573074139418i) (-7740.374078677701+7001.658126818949i) (-7740.234087824932+7000.743306505365i) (-7740.0941332671755+6999.828610332131i) (-7739.95421528159+6998.914038862318i) (-7739.814335097607+6997.999591852362i) (-7739.674492806087+6997.085269989749i) (-7739.534687459739+6996.171073376594i) (-7739.394919390572+6995.2570014008925i) (-7739.2551882356665+6994.343054302342i) (-7739.115494766892+6993.429231469526i) (-7738.975838365265+6992.51553412743i) (-7738.836219486974+6991.60196114978i) (-7738.696637547952+6990.68851291635i) (-7738.5570927740155+6989.775188825483i) (-7738.41758574328+6988.861989713792i) (-7738.2781154191625+6987.948915169703i) (-7738.138682634675+6987.035965247291i) (-7737.999286388317+6986.1231394365495i) (-7737.85992802798+6985.21043814387i) (-7737.720606209615+6984.297861468652i) (-7737.58132164128+6983.385409735064i) (-7737.44207455918+6982.473081399246i) (-7737.302864141314+6981.560877373788i) (-7737.16369103278+6980.648798544417i) (-7737.024555076573+6979.736843477765i) (-7736.885455950625+6978.825012512568i) (-7736.746393843752+6977.9133060103595i) (-7736.607369452173+6977.001723730093i) (-7736.468381345328+6976.090265341646i) (-7736.329430667795+6975.178930966896i) (-7736.190516789522+6974.26772070709i) (-7736.0516398135105+6973.356634821165i) (-7735.912800312+6972.44567240429i) (-7735.77399734152+6971.534834065335i) (-7735.635231270409+6970.62412006858i) (-7735.496502141082+6969.713529552049i) (-7735.3578102257525+6968.80306327543i) (-7735.219155064403+6967.892720594214i) (-7735.0805370572425+6966.9825019190675i) (-7734.941955674576+6966.07240656669i) (-7734.8034113802505+6965.162435208443i) (-7734.664903797089+6964.252587471508i) (-7734.526433234972+6963.34286343976i) (-7734.387999354936+6962.433263107764i) (-7734.249602310522+6961.523786009805i) (-7734.111242080016+6960.614432835712i) (-7733.972918635676+6959.705202990173i) (-7733.834631913597+6958.796096891708i) (-7733.696381872031+6957.887114020248i) (-7733.5581689554165+6956.978254941105i) (-7733.4199925933435+6956.069518971136i) (-7733.281853114336+6955.160906647034i) (-7733.143750202393+6954.252417506487i) (-7733.005684216538+6953.344051553654i) (-7732.867654999823+6952.4358090379765i) (-7732.729662284967+6951.527689524175i) (-7732.591706211202+6950.619693406908i) (-7732.453786983657+6949.7118203608625i) (-7732.315904357823+6948.804070483273i) (-7732.178058329349+6947.896443699692i) (-7732.040248955302+6946.988940074443i) (-7731.9024761358+6946.081559300652i) (-7731.764740206007+6945.17430170312i) (-7731.627040623999+6944.267167087848i) (-7731.489377727005+6943.3601553562985i) (-7731.351751378565+6942.453266430567i) (-7731.214161660144+6941.546500457478i) (-7731.076608652021+6940.639857241556i) (-7730.939091579334+6939.733336592328i) (-7730.8016113722415+6938.826939250433i) (-7730.664167485264+6937.920664370656i) (-7730.526760523793+6937.014512463147i) (-7730.389389731329+6936.108483126698i) (-7730.252055681825+6935.202576252311i) (-7730.114757856316+6934.296792288109i) (-7729.977496696885+6933.391130403158i) (-7729.840271747882+6932.485591503375i) (-7729.703083266152+6931.5801749153425i) (-7729.565931237666+6930.67488103758i) (-7729.428815822765+6929.769709489297i) (-7729.291736791028+6928.864660486903i) (-7729.154693900034+6927.95973349342i) (-7729.017687617102+6927.054929021136i) (-7728.880717384743+6926.150246664413i) (-7728.743783668758+6925.245686726181i) (-7728.606886086901+6924.3412491630415i) (-7728.470025002057+6923.436933843186i) (-7728.333200127454+6922.532740767657i) (-7728.196411710198+6921.628669750972i) (-7728.059659588468+6920.7247209549905i) (-7727.922943598382+6919.820893975409i) (-7727.78626384917+6918.917189252945i) (-7727.649620435357+6918.013606376759i) (-7727.513013289188+6917.110145685119i) (-7727.376442436512+6916.2068069070265i) (-7727.239907460555+6915.303589898502i) (-7727.103408813752+6914.400495165419i) (-7726.966946650772+6913.497521987296i) (-7726.830520339927+6912.594670655717i) (-7726.694130254268+6911.691941224329i) (-7726.557776255239+6910.7893334436285i) (-7726.421458483675+6909.886847422407i) (-7726.285176992413+6908.984483062229i) (-7726.148931251005+6908.082240376922i) (-7726.012721695413+6907.180119708897i) (-7725.876548330481+6906.2781202259785i) (-7725.7404111746555+6905.376242593298i) (-7725.6043100218385+6904.47448640961i) (-7725.468244909374+6903.572851837592i) (-7725.33221575663+6902.671338430476i) (-7725.196222978249+6901.769946573384i) (-7725.060265977842+6900.868676250506i) (-7724.924345053756+6899.967527087606i) (-7724.788460080336+6899.066499364573i) (-7724.652611086335+6898.165592762958i) (-7724.516797962045+6897.264807690063i) (-7724.381020814347+6896.364143572319i) (-7724.245279538072+6895.463600967246i) (-7724.109573926156+6894.563179199988i) (-7723.973905116355+6893.662879001587i) (-7723.83827135606+6892.762699585838i) (-7723.702673618877+6891.862641520185i) (-7723.567112026691+6890.96270443687i) (-7723.4315860426705+6890.062888880107i) (-7723.296096510078+6889.163193729976i) (-7723.160642293625+6888.26361960737i) (-7723.0252243209+6887.364166277951i) (-7722.889841805863+6886.464833992102i) (-7722.754495330016+6885.5656224298145i) (-7722.619184473052+6884.666531819424i) (-7722.4839095012385+6883.767561943612i) (-7722.348670115905+6882.868713073911i) (-7722.213466810357+6881.9699847586635i) (-7722.078298777984+6881.071377206244i) (-7721.943167123299+6880.172889975067i) (-7721.808070550219+6879.274523961044i) (-7721.6730100463865+6878.3762785238105i) (-7721.537985919382+6877.478153011128i) (-7721.4029965932405+6876.580148807344i) (-7721.268043369484+6875.682264008882i) (-7721.13312515399+6874.784500801296i) (-7720.998243429374+6873.88685750097i) (-7720.86339692575+6872.989334901493i) (-7720.728585940436+6872.091932347497i) (-7720.593810795169+6871.1946505381i) (-7720.459071401168+6870.297488595196i) (-7720.324367202255+6869.400447312431i) (-7720.189698942184+6868.503526228333i) (-7720.055066187926+6867.606725324192i) (-7719.920469079365+6866.710044519113i) (-7719.785907415318+6865.813483881683i) (-7719.6513809136995+6864.917043295961i) (-7719.516890387183+6864.020723050699i) (-7719.382435223663+6863.124522503002i) (-7719.248015717314+6862.228442306035i) (-7719.113631610984+6861.332481868668i) (-7718.979283142954+6860.4366416276i) (-7718.844970077073+6859.540921203805i) (-7718.710692474165+6858.645320935021i) (-7718.576450155832+6857.749840312795i) (-7718.442243256912+6856.854479602335i) (-7718.308070752748+6855.959238929952i) (-7718.1739375407205+6855.064117396208i) (-7718.039835929665+6854.169115695225i) (-7717.905770308347+6853.274233984491i) (-7717.771740313724+6852.379471517494i) (-7717.637745978134+6851.48482900382i) (-7717.503786706092+6850.590306219056i) (-7717.369863045044+6849.69590293912i) (-7717.235974602119+6848.801619500352i) (-7717.102121571045+6847.907455434453i) (-7716.968303713816+6847.013410987292i) (-7716.834521125222+6846.119485847533i) (-7716.70077405916+6845.225680197825i) (-7716.5670620852+6844.33199379764i) (-7716.433385528535+6843.438426716998i) (-7716.299744206094+6842.544978888541i) (-7716.166138137767+6841.651650591152i) (-7716.032567275229+6840.7584413971235i) (-7715.899031447549+6839.865351430571i) (-7715.765530890509+6838.972380686323i) (-7715.632065492967+6838.079529136606i) (-7715.498635273287+6837.186796844006i) (-7715.365240271518+6836.294183401126i) (-7715.231880366211+6835.401689194566i) (-7715.098555664004+6834.509313995736i) (-7714.965266144592+6833.6170580496555i) (-7714.832011488323+6832.724920785586i) (-7714.698792278746+6831.832902781003i) (-7714.565608097335+6830.941003519503i) (-7714.432458901532+6830.049223009821i) (-7714.299344795392+6829.157561287604i) (-7714.166265783097+6828.266018617237i) (-7714.033221434109+6827.374594910664i) (-7713.900212795416+6826.483289521354i) (-7713.76723863117+6825.592103064011i) (-7713.634299734357+6824.701035952112i) (-7713.501395926715+6823.810086639361i) (-7713.368527257863+6822.919255931189i) (-7713.235693108784+6822.0285443521925i) (-7713.102894017144+6821.1379507776655i) (-7712.970129888455+6820.247476396092i) (-7712.837401326309+6819.3571199632925i) (-7712.704706327292+6818.466882216954i) (-7712.57204725442+6817.576763487726i) (-7712.4394233118455+6816.686762663065i) (-7712.306833853791+6815.796880202151i) (-7712.174279512272+6814.907115997107i) (-7712.041759755582+6814.017470224956i) (-7711.909275015876+6813.127942785118i) (-7711.776824963262+6812.238533623017i) (-7711.644409985182+6811.349242700038i) (-7711.512029740492+6810.460069861999i) (-7711.379684213338+6809.571015349673i) (-7711.247373669331+6808.682078861693i) (-7711.115097827488+6807.793260552894i) (-7710.982856880922+6806.904560238601i) (-7710.850650568931+6806.015978083824i) (-7710.718479100109+6805.127513747563i) (-7710.586342399836+6804.239167606301i) (-7710.454240332798+6803.350939140738i) (-7710.322173053139+6802.462828808871i) (-7710.19014049748+6801.574836292769i) (-7710.0581426027775+6800.686961636349i) (-7709.926179359856+6799.799204765348i) (-7709.794250880677+6798.911565898954i) (-7709.662357017248+6798.024044521427i) (-7709.53049787788+6797.136641186011i) (-7709.398673271541+6796.249355112423i) (-7709.266883342199+6795.362187282407i) (-7709.135128001934+6794.475136534999i) (-7709.003407370271+6793.588204314239i) (-7708.871722195868+6792.701388599229i) (-7708.740070082502+6791.814690336189i) (-7708.60845325336+6790.928110365657i) (-7708.476870747953+6790.041647448365i) (-7708.3453231172325+6789.155302545524i) (-7708.213810001442+6788.269074316982i) (-7708.082331333402+6787.382963910006i) (-7707.950887165227+6786.496970767418i) (-7707.81947754102+6785.61109488908i) (-7707.688102449798+6784.725336255222i) (-7707.556761781644+6783.839695062578i) (-7707.425455513423+6782.954170913913i) (-7707.294183879802+6782.0687644080435i) (-7707.162946621051+6781.183474457954i) (-7707.031743601192+6780.298301961917i) (-7706.900575326114+6779.413246611961i) (-7706.7694413197+6778.528308421535i) (-7706.638341835089+6777.6434871360925i) (-7706.507276843415+6776.758782628821i) (-7706.376245592038+6775.874195402415i) (-7706.245249551015+6774.989725498894i) (-7706.1142873693125+6774.10537166174i) (-7705.983359746882+6773.221135348896i) (-7705.85246615405+6772.337015566279i) (-7705.72160734393+6771.453012931159i) (-7705.590782205744+6770.56912679604i) (-7705.459991978996+6769.685358202671i) (-7705.3292362446555+6768.80170552179i) (-7705.198514243709+6767.918169697725i) (-7705.067826674763+6767.034750691403i) (-7704.937173367107+6766.151448212777i) (-7704.8065543735975+6765.26826252245i) (-7704.675969615249+6764.385193214674i) (-7704.5454189831125+6763.502240611355i) (-7704.4149025666575+6762.619404463152i) (-7704.284420506762+6761.736684848149i) (-7704.153972417766+6760.854081744453i) (-7704.023558748016+6759.971594942972i) (-7703.893178743161+6759.089224624895i) (-7703.762833888822+6758.206971468945i) (-7703.632522757344+6757.324833106173i) (-7703.502245120288+6756.442811600282i) (-7703.372002449158+6755.5609070349565i) (-7703.241793375569+6754.679118197409i) (-7703.111618637074+6753.7974455668855i) (-7702.981477931384+6752.915889385703i) (-7702.8513712135245+6752.034449116446i) (-7702.721298726337+6751.153125280311i) (-7702.591260115792+6750.271916932103i) (-7702.4612560573505+6749.390825613818i) (-7702.33128526294+6748.509849205622i) (-7702.201348139235+6747.628989071353i) (-7702.0714464467255+6746.748245695106i) (-7701.941577907793+6745.867617776565i) (-7701.811743672504+6744.987105879466i) (-7701.681943256235+6744.106709739332i) (-7701.552176978079+6743.226429331489i) (-7701.422444418504+6742.346264927885i) (-7701.292745964132+6741.466216326803i) (-7701.163081432472+6740.58628344283i) (-7701.033450706604+6739.706466276386i) (-7700.903854054295+6738.826764832426i) (-7700.774291061714+6737.947179065073i) (-7700.644762197208+6737.067708874586i) (-7700.515266976467+6736.188354394988i) (-7700.385805853722+6735.309115345073i) (-7700.256378520914+6734.429992217313i) (-7700.12698509789+6733.550984083046i) (-7699.997625327504+6732.6720918184465i) (-7699.868299501252+6731.793314845862i) (-7699.739007524481+6730.914653447502i) (-7699.60974910472+6730.036107237982i) (-7699.480524888023+6729.15767652466i) (-7699.351334045532+6728.27936122899i) (-7699.222177420184+6727.401161120749i) (-7699.093054250081+6726.523076366306i) (-7698.96396481015+6725.64510662346i) (-7698.834909210602+6724.767252805611i) (-7698.705887206004+6723.889513220966i) (-7698.576899232423+6723.0118896080385i) (-7698.447944489235+6722.134380376483i) (-7698.319024136277+6721.2569868743585i) (-7698.19013643085+6720.379707848995i) (-7698.061283380082+6719.5025444082i) (-7697.932463206098+6718.625495578398i) (-7697.803677351884+6717.748562082392i) (-7697.67492530003+6716.871743930329i) (-7697.546205956521+6715.995039564999i) (-7697.417521062733+6715.118450820977i) (-7697.288869144588+6714.241976481039i) (-7697.160251766711+6713.365617460696i) (-7697.031666687494+6712.489373188101i) (-7696.903116789273+6711.613243199862i) (-7696.774598598347+6710.737228122343i) (-7696.646114970348+6709.86132767382i) (-7696.51766470396+6708.985542170676i) (-7696.389248027465+6708.109871134619i) (-7696.260864655025+6707.234314955513i) (-7696.132514869282+6706.358873065845i) (-7696.004198756952+6705.483545838792i) (-7695.875915999374+6704.6083333566385i) (-7695.747666727413+6703.733235173866i) (-7695.619450870758+6702.858251675925i) (-7695.491268662954+6701.983382158127i) (-7695.363119949518+6701.108627332958i) (-7695.235004291715+6700.233986856409i) (-7695.106922529655+6699.359460723616i) (-7694.978873678004+6698.4850488937045i) (-7694.850859036151+6697.610751193501i) (-7694.722876325201+6696.736567425323i) (-7694.594927684361+6695.86249961667i) (-7694.467013316367+6694.988544316493i) (-7694.339131184205+6694.114703563083i) (-7694.211283069417+6693.240976744727i) (-7694.083467895086+6692.367364462246i) (-7693.95568621315+6691.493865985625i) (-7693.8279377714525+6690.62048167504i) (-7693.700222585998+6689.747211098381i) (-7693.572540856705+6688.874054933116i) (-7693.444891973352+6688.001012523788i) (-7693.317276819461+6687.128084277883i) (-7693.189694662842+6686.255269289473i) (-7693.062146335591+6685.382568560495i) (-7692.934630599125+6684.509982166789i) (-7692.8071485266955+6683.637508355408i) (-7692.679699126001+6682.765149068716i) (-7692.552282902774+6681.892904264136i) (-7692.424900141305+6681.020771957055i) (-7692.297550623183+6680.148754082716i) (-7692.17023421082+6679.276849268714i) (-7692.042951006295+6678.4050585452205i) (-7691.915700945966+6677.533381101398i) (-7691.788484115782+6676.6618176199545i) (-7691.66130017842+6675.790367480221i) (-7691.534149491501+6674.919030968006i) (-7691.407031742828+6674.0478077488715i) (-7691.279947337239+6673.176697954321i) (-7691.15289587284+6672.305701466522i) (-7691.025877832235+6671.4348183247575i) (-7690.898892607435+6670.564048665758i) (-7690.771940490018+6669.693392683113i) (-7690.645021230638+6668.822850086318i) (-7690.518134875023+6667.9524205845355i) (-7690.391280860475+6667.0821047290665i) (-7690.264461567523+6666.211902146997i) (-7690.137674163358+6665.341810130566i) (-7690.010919699527+6664.471833673481i) (-7689.884199328499+6663.601968898186i) (-7689.757513428476+6662.7322190163295i) (-7689.630852702841+6661.862582016628i) (-7689.504232783058+6660.993056498974i) (-7689.377644382251+6660.123645392068i) (-7689.2510879915435+6659.254347142442i) (-7689.124564305847+6658.385161819604i) (-7688.998073231756+6657.516089141191i) (-7688.871615055785+6656.647129082064i) (-7688.745189853748+6655.7782820188695i) (-7688.618797972064+6654.909547534678i) (-7688.49243881375+6654.0409261503455i) (-7688.366112643625+6653.172417473314i) (-7688.239819313372+6652.30402184996i) (-7688.1135586887585+6651.435738707816i) (-7687.987330776627+6650.56756861597i) (-7687.861135609008+6649.699510807562i) (-7687.734973359965+6648.83156560642i) (-7687.60884380833+6647.96373293458i) (-7687.482747283414+6647.096013281739i) (-7687.35668319365+6646.228405449838i) (-7687.230652090343+6645.360910559441i) (-7687.104653550555+6644.493528183662i) (-7686.978687904916+6643.626258141295i) (-7686.852754859095+6642.759100684465i) (-7686.726854434626+6641.892055316726i) (-7686.6009867773055+6641.025122348855i) (-7686.475151963281+6640.158301596678i) (-7686.349349880904+6639.291593568881i) (-7686.223580224831+6638.424997598231i) (-7686.097843454432+6637.55851386233i) (-7685.972139291682+6636.69214233184i) (-7685.84646748887+6635.825882998497i) (-7685.72082843821+6634.95973576816i) (-7685.595221922677+6634.093700762477i) (-7685.469648099155+6633.227777808211i) (-7685.344106910405+6632.361967020287i) (-7685.218598729834+6631.496268267824i) (-7685.09312244821+6630.630681299061i) (-7684.96767907495+6629.765206561241i) (-7684.8422679210435+6628.899843507196i) (-7684.716889753174+6628.034592494077i) (-7684.591543586116+6627.169453484552i) (-7684.466230514627+6626.3044261265195i) (-7684.340949561433+6625.439510695879i) (-7684.215701572895+6624.574706910756i) (-7684.090485479024+6623.710015088632i) (-7683.965302090326+6622.845435062803i) (-7683.840150992781+6621.980966792426i) (-7683.715032634535+6621.116610162595i) (-7683.589946685267+6620.252365243634i) (-7683.464893350772+6619.388231861191i) (-7683.339872268311+6618.524209893565i) (-7683.214883372123+6617.660299505736i) (-7683.089927397787+6616.796500858908i) (-7682.965003188166+6615.932813632042i) (-7682.840111768668+6615.069237891949i) (-7682.715252306974+6614.205773637622i) (-7682.590425593141+6613.3424207245325i) (-7682.465631253041+6612.479179449085i) (-7682.3408690517535+6611.616049304547i) (-7682.216139317506+6610.753030415385i) (-7682.091441836249+6609.8901228756395i) (-7681.966776618597+6609.0273268914025i) (-7681.84214370224+6608.1646420205825i) (-7681.717542980332+6607.302068376318i) (-7681.592974613026+6606.439605950464i) (-7681.468438900013+6605.577254663476i) (-7681.343935093061+6604.715014523878i) (-7681.219463424299+6603.852885450048i) (-7681.095024420421+6602.990867538759i) (-7680.970617377114+6602.128960028141i) (-7680.846242307796+6601.2671645011405i) (-7680.7218995926105+6600.405479544961i) (-7680.597589219263+6599.543905421491i) (-7680.473310848945+6598.68244228769i) (-7680.3490650110225+6597.821090226236i) (-7680.224850839481+6596.959849024122i) (-7680.1006691468665+6596.098718426312i) (-7679.976519388232+6595.237698897862i) (-7679.852402060723+6594.376789912277i) (-7679.7283165515855+6593.5159921326i) (-7679.604263128791+6592.655304642921i) (-7679.480242016436+6591.794728045236i) (-7679.356252985464+6590.934262042398i) (-7679.232296268226+6590.073906731176i) (-7679.108370716252+6589.213661925198i) (-7678.984478131879+6588.353528009032i) (-7678.860616942327+6587.493504359887i) (-7678.736788717495+6586.6335914617885i) (-7678.612991570492+6585.773789035202i) (-7678.48922690392+6584.914096778538i) (-7678.365494055749+6584.054515220914i) (-7678.2417934938+6583.195043858503i) (-7678.118124885867+6582.335683396445i) (-7677.9944879063105+6581.476432733421i) (-7677.870883184426+6580.617292709106i) (-7677.747310215958+6579.758262658562i) (-7677.62376958025+6578.899343306779i) (-7677.500260040276+6578.040534076717i) (-7677.376783232294+6577.181834845492i) (-7677.2533378656235+6576.323245976741i) (-7677.129925147103+6575.4647670955i) (-7677.006543536047+6574.606398928169i) (-7676.883194091343+6573.7481400083225i) (-7676.759876513114+6572.889991888441i) (-7676.636590688448+6572.031953084346i) (-7676.5133374910665+6571.174025057329i) (-7676.390114470591+6570.316206309381i) (-7676.266924740193+6569.458498086287i) (-7676.143766049385+6568.600899363402i) (-7676.020640226515+6567.7434110222575i) (-7675.897544888561+6566.886032387446i) (-7675.774481883137+6566.028763062457i) (-7675.651450472137+6565.1716042294665i) (-7675.528451765048+6564.314554407741i) (-7675.405483691544+6563.457615654965i) (-7675.282547696509+6562.60078535811i) (-7675.159643857847+6561.744065610042i) (-7675.036771277433+6560.887454441749i) (-7674.91393120351+6560.030954418458i) (-7674.791121209565+6559.174563034277i) (-7674.668344403739+6558.318281180347i) (-7674.545597931415+6557.462109237655i) (-7674.422885286395+6556.606046526578i) (-7674.3002020867225+6555.750094607336i) (-7674.177551932459+6554.894249951063i) (-7674.05493270556+6554.038516731234i) (-7673.932345986979+6553.18289045068i) (-7673.809790459018+6552.327377186335i) (-7673.6872652340335+6551.471970080879i) (-7673.564773726607+6550.616674261732i) (-7673.442311829433+6549.761485553848i) (-7673.3198853711+6548.906408691396i) (-7673.197484503694+6548.051440603693i) (-7673.075120749031+6547.196579556797i) (-7672.95278341305+6546.341830210962i) (-7672.830486330276+6545.487185164259i) (-7672.708212381483+6544.632663716216i) (-7672.585973237964+6543.778222460033i) (-7672.4637563375645+6542.923909555744i) (-7672.341582904675+6542.069722721148i) (-7672.219433682097+6541.215616203422i) (-7672.097326324779+6540.361632606123i) (-7671.975240790303+6539.5077542517265i) (-7671.853192442586+6538.653986486936i) (-7671.731169538256+6537.800326201035i) (-7671.609184240433+6536.946773531609i) (-7671.487226474816+6536.0933328915235i) (-7671.365302227921+6535.239998526489i) (-7671.243407321211+6534.386775280192i) (-7671.121545078741+6533.533657343639i) (-7670.999714805535+6532.680651641716i) (-7670.877914709084+6531.827752372929i) (-7670.756146864189+6530.974963646486i) (-7670.63440881948+6530.122281568049i) (-7670.512704613694+6529.269709272932i) (-7670.3910295018295+6528.4172455321095i) (-7670.26938748175+6527.564890295365i) (-7670.147774929455+6526.712643873358i) (-7670.026195520912+6525.860504888926i) (-7669.904646485427+6525.008475817947i) (-7669.783128957149+6524.15655396323i) (-7669.661642411213+6523.304741574986i) (-7669.540187220286+6522.4530364016i) (-7669.418763492696+6521.601440437365i) (-7669.2973704879105+6520.749952952799i) (-7669.17601026139+6519.898574008265i) (-7669.054679066325+6519.047302273445i) (-7668.933381202179+6518.196139245876i) (-7668.812112888757+6517.345084889456i) (-7668.690876958686+6516.49413820349i) (-7668.569671061544+6515.643300367299i) (-7668.448497476828+6514.7925696773245i) (-7668.3273545998945+6513.941948143562i) (-7668.206242854145+6513.091433815246i) (-7668.085162366441+6512.241028277168i) (-7667.9641126095685+6511.39073029084i) (-7667.843094771998+6510.5405408737415i) (-7667.72210700462+6509.69045901147i) (-7667.60115131946+6508.840484978192i) (-7667.480226755064+6507.990620008101i) (-7667.359333061458+6507.140860213986i) (-7667.238470252499+6506.291210923454i) (-7667.117638456262+6505.441668616389i) (-7666.996837465415+6504.592234393571i) (-7666.876067890931+6503.742907038422i) (-7666.75532983042+6502.893688453681i) (-7666.634622188747+6502.044577152719i) (-7666.513945891492+6501.195573914406i) (-7666.393300072743+6500.346677818683i) (-7666.27268612756+6499.4978896801995i) (-7666.152102451129+6498.649209330889i) (-7666.031550537709+6497.8006361275475i) (-7665.911028534321+6496.95217108422i) (-7665.790538292071+6496.103812590706i) (-7665.6700790145105+6495.255562387423i) (-7665.549650276676+6494.407419304108i) (-7665.429252452589+6493.559384252769i) (-7665.308885672492+6492.711455688777i) (-7665.1885500628805+6491.863635330016i) (-7665.068244932502+6491.015922080575i) (-7664.947970982914+6490.168316385766i) (-7664.8277275066985+6489.320817748623i) (-7664.707515710072+6488.473426287719i) (-7664.587334096165+6487.626142583359i) (-7664.467183861258+6486.778965675114i) (-7664.347063875461+6485.931896440196i) (-7664.226975610723+6485.084933722485i) (-7664.106917748831+6484.238078320109i) (-7663.986890255995+6483.391329996984i) (-7663.866893940268+6482.544689127911i) (-7663.746927958703+6481.69815486219i) (-7663.626993434365+6480.85172807084i) (-7663.507089162554+6480.005408326866i) (-7663.387216275967+6479.159195435856i) (-7663.2673736056995+6478.313089606079i) (-7663.14756228409+6477.467090209484i) (-7663.02778127149+6476.621198371448i) (-7662.908031000645+6475.775412644391i) (-7662.788311454001+6474.9297345611885i) (-7662.6686225253925+6474.084162425655i) (-7662.548964664387+6473.238697707322i) (-7662.429337028782+6472.393339378782i) (-7662.309740043181+6471.548088098395i) (-7662.1901735304+6470.702943519635i) (-7662.070637855586+6469.857905818922i) (-7661.95113355223+6469.012975630405i) (-7661.831659648338+6468.168150209343i) (-7661.712215937149+6467.323433080749i) (-7661.5928037588255+6466.478821379914i) (-7661.47342206237+6465.634316746189i) (-7661.354070925423+6464.789917816403i) (-7661.234750245076+6463.945625749655i) (-7661.115459856024+6463.101439488283i) (-7660.9962000125715+6462.257360009731i) (-7660.876970449033+6461.413386938376i) (-7660.7577714326835+6460.569520391897i) (-7660.638602795302+6459.725760324148i) (-7660.519464883528+6458.882106347498i) (-7660.400357333574+6458.038559203297i) (-7660.281280457543+6457.195118446024i) (-7660.162233986557+6456.351783898265i) (-7660.0432183255825+6455.508555397204i) (-7659.924233277397+6454.665433383643i) (-7659.805278734205+6453.822417206409i) (-7659.686354603658+6452.979507353421i) (-7659.567460826436+6452.136702929735i) (-7659.448598002589+6451.294005112708i) (-7659.329764715436+6450.451413031903i) (-7659.2109623082515+6449.608927234549i) (-7659.092190231499+6448.766547443488i) (-7658.973448592143+6447.924273392105i) (-7658.854737225019+6447.082105653129i) (-7658.736056450081+6446.240043573553i) (-7658.617405918374+6445.398087712087i) (-7658.498785760358+6444.556237221704i) (-7658.3801962976995+6443.714492974662i) (-7658.261636857541+6442.872854247671i) (-7658.143108019249+6442.031321508638i) (-7658.024609087226+6441.189894285497i) (-7657.906140919721+6440.348572855725i) (-7657.7877026980295+6439.507357246836i) (-7657.669295082696+6438.6662472005i) (-7657.550917269301+6437.825243039378i) (-7657.432570180909+6436.984343979796i) (-7657.314253390874+6436.143551026633i) (-7657.195966888375+6435.302863431585i) (-7657.07771040893+6434.462281689557i) (-7656.959484392154+6433.621804662701i) (-7656.841288491834+6432.781433740992i) (-7656.723122736889+6431.941168035836i) (-7656.604987522371+6431.101007860785i) (-7656.486881945127+6430.260953021132i) (-7656.368807157002+6429.42100335919i) (-7656.250762132123+6428.581159538527i) (-7656.132747472199+6427.741420688067i) (-7656.014762831327+6426.901787330258i) (-7655.896808583972+6426.062258958251i) (-7655.778884322672+6425.222836013897i) (-7655.660990360974+6424.383518141688i) (-7655.543126265686+6423.544305733632i) (-7655.42529231802+6422.705198321731i) (-7655.307488761083+6421.8661959958845i) (-7655.189715233882+6421.027298963442i) (-7655.0719719388235+6420.188506524593i) (-7654.954258051199+6419.349819482201i) (-7654.836574905001+6418.511237328515i) (-7654.718921534123+6417.67276042295i) (-7654.601298287264+6416.8343883850475i) (-7654.483704999542+6415.996121322657i) (-7654.36614186216+6415.15795900551i) (-7654.248609027206+6414.3199018844725i) (-7654.131105868402+6413.481949261859i) (-7654.01363290359+6412.644101614739i) (-7653.896189593716+6411.806358479739i) (-7653.778776707652+6410.968720380955i) (-7653.661393228058+6410.131187116381i) (-7653.544040214837+6409.293758399868i) (-7653.426716510748+6408.456434842739i) (-7653.309423404474+6407.619215006225i) (-7653.192160265932+6406.782101388878i) (-7653.074927219623+6405.945091101938i) (-7652.95772342411+6405.108185024946i) (-7652.84055003878+6404.271384743727i) (-7652.723406269992+6403.434688468921i) (-7652.60629243816+6402.598096606941i) (-7652.48920861217+6401.761609282992i) (-7652.372154584143+6400.925226510186i) (-7652.255130452249+6400.088948060629i) (-7652.1381360588875+6399.252774088637i) (-7652.021171771545+6398.41670434196i) (-7651.904237157941+6397.580739297281i) (-7651.787332233063+6396.744878165645i) (-7651.670457433353+6395.909121967723i) (-7651.553612636829+6395.073468949782i) (-7651.436796634266+6394.23792084104i) (-7651.320011135518+6393.402477346187i) (-7651.203255735794+6392.567137320905i) (-7651.086529389138+6391.731901631909i) (-7650.969833265745+6390.896770399712i) (-7650.853166799882+6390.061743092752i) (-7650.7365300258025+6389.226819728859i) (-7650.619923107975+6388.39200057897i) (-7650.503345655758+6387.557285373033i) (-7650.38679814952+6386.722674345791i) (-7650.2702801787045+6385.88816705557i) (-7650.15379210886+6385.053763808721i) (-7650.0373335602735+6384.219464536389i) (-7649.92090473852+6383.385269122605i) (-7649.804505548773+6382.551177516415i) (-7649.688136190146+6381.717189836172i) (-7649.571796178437+6380.883305985826i) (-7649.45548603519+6380.04952596928i) (-7649.339205349028+6379.215849498032i) (-7649.2229544489555+6378.382276772206i) (-7649.106733091165+6377.548807894911i) (-7648.990541316364+6376.715442699579i) (-7648.874379110911+6375.882181233552i) (-7648.758246573263+6375.04902318862i) (-7648.642143867016+6374.2159690930575i) (-7648.526070188282+6373.3830182103975i) (-7648.410026195374+6372.550171360868i) (-7648.2940109420415+6371.717426798787i) (-7648.17802734601+6370.884787769891i) (-7648.062072086411+6370.052251233599i) (-7647.946145671615+6369.2198175805615i) (-7647.830249609426+6368.3874877214175i) (-7647.714383246979+6367.55526120316i) (-7647.5985459065205+6366.723138547605i) (-7647.482738009563+6365.891118328711i) (-7647.366960406034+6365.059202230682i) (-7647.251211134311+6364.2273885309705i) (-7647.135491454802+6363.395679229207i) (-7647.019801597213+6362.564072460789i) (-7646.904141124022+6361.732569070791i) (-7646.7885099562845+6360.901168678804i) (-7646.672908496083+6360.0698715824765i) (-7646.557335621106+6359.238678166461i) (-7646.441793806984+6358.407587026723i) (-7646.326279621316+6357.576599400492i) (-7646.210795735018+6356.7457140185315i) (-7646.0953411108985+6355.914932593572i) (-7645.9799156569325+6355.084253994791i) (-7645.86451957627+6354.253678424831i) (-7645.749152728018+6353.423205570152i) (-7645.633815605376+6352.592835536868i) (-7645.518507508449+6351.762568747744i) (-7645.403228859842+6350.932404503698i) (-7645.287979474738+6350.102343394267i) (-7645.172759314566+6349.272384718298i) (-7645.057568709904+6348.442529228158i) (-7644.942406947093+6347.612776269253i) (-7644.8272749123325+6346.783126239008i) (-7644.712171623804+6345.953578543503i) (-7644.597098121681+6345.12413374929i) (-7644.482053390079+6344.294791604661i) (-7644.367038312578+6343.46555216536i) (-7644.252052072912+6342.636415339988i) (-7644.137095438425+6341.807380835765i) (-7644.022167704367+6340.978449187922i) (-7643.907269369845+6340.149619764369i) (-7643.792399874003+6339.3208932819425i) (-7643.67755964975+6338.492268539603i) (-7643.562748925417+6337.663746504493i) (-7643.447966660545+6336.835328212229i) (-7643.333214670566+6336.007010670753i) (-7643.218491196503+6335.178795787008i) (-7643.103796780411+6334.350683813786i) (-7642.989131308922+6333.522673455262i) (-7642.874495428773+6332.694765906524i) (-7642.759888284907+6331.866960420455i) (-7642.645310378074+6331.0392573150875i) (-7642.530761296717+6330.211656395028i) (-7642.41624199002+6329.384157515729i) (-7642.301751076776+6328.556760880699i) (-7642.187289566447+6327.729466381235i) (-7642.072856709437+6326.902273921359i) (-7641.958453365941+6326.075183603491i) (-7641.844078737206+6325.248195448033i) (-7641.729733356088+6324.421309320063i) (-7641.615416757546+6323.594525037505i) (-7641.5011298327+6322.767842857353i) (-7641.386870766836+6321.941262205965i) (-7641.272641504799+6321.114784077216i) (-7641.158440873523+6320.288407492527i) (-7641.044269551845+6319.462132996543i) (-7640.930126740628+6318.635960187164i) (-7640.816013257526+6317.809889191837i) (-7640.701928325943+6316.9839202173225i) (-7640.587872497773+6316.158052643301i) (-7640.473845942166+6315.332287360835i) (-7640.359847888959+6314.506623331011i) (-7640.245878748187+6313.681061143057i) (-7640.131938568658+6312.855600298287i) (-7640.018027273593+6312.030241545016i) (-7639.904145010689+6311.204984208499i) (-7639.7902914+6310.379828620127i) (-7639.676466783283+6309.554774352523i) (-7639.562671020492+6308.72982181546i) (-7639.448904108937+6307.90497065873i) (-7639.335165874106+6307.080221142124i) (-7639.221456519106+6306.255572805979i) (-7639.107775907669+6305.431026288063i) (-7638.99412450858+6304.606580937822i) (-7638.880501457956+6303.78223669863i) (-7638.766907194369+6302.957994396051i) (-7638.653341858209+6302.133853041772i) (-7638.539805231215+6301.309813499891i) (-7638.426297553494+6300.485874680303i) (-7638.312818412104+6299.66203749203i) (-7638.199368221925+6298.838301019456i) (-7638.085946662745+6298.014666347148i) (-7637.972553722826+6297.191132479103i) (-7637.8591898295945+6296.3676997259345i) (-7637.745854453729+6295.544368296985i) (-7637.632547689787+6294.721137457092i) (-7637.519269674908+6293.898008174826i) (-7637.406020150606+6293.074979746175i) (-7637.292799422327+6292.25205246237i) (-7637.179607225613+6291.429226152619i) (-7637.06644379428+6290.606500947847i) (-7636.953308967715+6289.783876403404i) (-7636.840202776194+6288.961353006665i) (-7636.727125193803+6288.138930491452i) (-7636.614076268215+6287.316608813312i) (-7636.501056109345+6286.494388068275i) (-7636.388064406088+6285.672268019875i) (-7636.27510131018+6284.850248791506i) (-7636.162166765961+6284.028330267934i) (-7636.049260851005+6283.2065124454975i) (-7635.936383446864+6282.384795442241i) (-7635.823534541935+6281.563179195251i) (-7635.710714392857+6280.7416632854965i) (-7635.5979224705725+6279.920248258059i) (-7635.485159252754+6279.098933903647i) (-7635.372424513294+6278.2777201014405i) (-7635.259718223333+6277.456606833668i) (-7635.1470405457+6276.635594130706i) (-7635.0343913599045+6275.814681908792i) (-7634.921770758222+6274.9938700855255i) (-7634.809178356071+6274.173158938288i) (-7634.696614632271+6273.352547732103i) (-7634.584079438889+6272.532037397806i) (-7634.47157223063+6271.711627328995i) (-7634.35909381177+6270.891317504382i) (-7634.246643671467+6270.071108412367i) (-7634.134222329862+6269.250999280225i) (-7634.021828929428+6268.430990430028i) (-7633.909464389822+6267.611081734241i) (-7633.797127521414+6266.791273418493i) (-7633.684819745391+6265.971565508037i) (-7633.572540051331+6265.151957521123i) (-7633.460288862944+6264.332449729876i) (-7633.348065972947+6263.513042060209i) (-7633.235871292368+6262.693734447323i) (-7633.123705252312+6261.874527018632i) (-7633.011567189926+6261.055419556919i) (-7632.899457885218+6260.236412220743i) (-7632.787376239566+6259.4175044581i) (-7632.675323328942+6258.598697367385i) (-7632.563298492757+6257.779989853378i) (-7632.451302319536+6256.961382619542i) (-7632.339334520283+6256.142874752907i) (-7632.227394672094+6255.324466862832i) (-7632.115483295868+6254.50615870903i) (-7632.003599707975+6253.687950586165i) (-7631.891744664794+6252.869842058223i) (-7631.779917608304+6252.051833521808i) (-7631.668119039239+6251.2339246017955i) (-7631.556348298179+6250.416115587425i) (-7631.4446060116725+6249.598406060049i) (-7631.332891659549+6248.780796433647i) (-7631.2212057507195+6247.963286797082i) (-7631.109548254832+6247.145876536994i) (-7630.997918847547+6246.328565979985i) (-7630.886317586437+6245.511354840334i) (-7630.774744518984+6244.694243048933i) (-7630.6631998578005+6243.8772306382225i) (-7630.551683036035+6243.060317946519i) (-7630.440194389053+6242.243505259706i) (-7630.328733752799+6241.426791163209i) (-7630.217301603297+6240.610176715476i) (-7630.105897152471+6239.793661590409i) (-7629.994520867412+6238.977246090224i) (-7629.883172200625+6238.160929543719i) (-7629.771852413441+6237.344713128441i) (-7629.660560381513+6236.52859507122i) (-7629.549296035206+6235.712576643587i) (-7629.438060367358+6234.89665780839i) (-7629.326852595716+6234.080837801121i) (-7629.215672784262+6233.265117041436i) (-7629.104520828864+6232.4494954530555i) (-7628.993396980255+6231.633972964438i) (-7628.882301059106+6230.818549812111i) (-7628.771233278562+6230.003225541777i) (-7628.660193530024+6229.188000493312i) (-7628.549181800588+6228.372874222981i) (-7628.438197985993+6227.557847079072i) (-7628.327242063289+6226.742918904324i) (-7628.21631390093+6225.928089565689i) (-7628.1054133997895+6225.113359497529i) (-7627.994541614358+6224.298728965471i) (-7627.8836974679025+6223.484196169208i) (-7627.772881359309+6222.669763001727i) (-7627.6620931968155+6221.855428271508i) (-7627.551333004497+6221.041192333642i) (-7627.440600366206+6220.22705495608i) (-7627.329895788775+6219.413016735636i) (-7627.219218883114+6218.599077085538i) (-7627.10856989029+6217.785236319294i) (-7626.9979487595765+6216.971494337076i) (-7626.887355677217+6216.157850933751i) (-7626.77679036036+6215.3443059264855i) (-7626.66625261717+6214.530860120205i) (-7626.555743663988+6213.71751253785i) (-7626.445261463542+6212.904263010261i) (-7626.334807607871+6212.091112567505i) (-7626.224381146025+6211.278060570429i) (-7626.113982778881+6210.465107140934i) (-7626.003612011478+6209.652252162862i) (-7625.893269131617+6208.839495442769i) (-7625.782954015106+6208.026837392584i) (-7625.672666425945+6207.214277514286i) (-7625.562406941132+6206.401816368666i) (-7625.452175001323+6205.589453150908i) (-7625.341971007382+6204.777188441587i) (-7625.231794497975+6203.965022023685i) (-7625.121645906925+6203.152953790203i) (-7625.011524694816+6202.340983887593i) (-7624.9014315324175+6201.5291118925825i) (-7624.791365647153+6200.717338652636i) (-7624.681327656208+6199.905663391807i) (-7624.571317505196+6199.094086096019i) (-7624.461334767321+6198.282607016077i) (-7624.351379890576+6197.4712263090305i) (-7624.241452860313+6196.659943195022i) (-7624.1315530480815+6195.848758373392i) (-7624.021681036029+6195.037671451812i) (-7623.9118365128725+6194.226682650661i) (-7623.8020197049955+6193.415791650021i) (-7623.692230363675+6192.6049989086005i) (-7623.582469044363+6191.794303889776i) (-7623.472734873326+6190.983706299961i) (-7623.363028262373+6190.173207338159i) (-7623.253349452195+6189.362805845646i) (-7623.14369805446+6188.552502612898i) (-7623.034074291138+6187.742296677027i) (-7622.924478130444+6186.932188832066i) (-7622.81490937205+6186.122178453167i) (-7622.705368318778+6185.31226595191i) (-7622.595854514637+6184.502451020827i) (-7622.486368407063+6183.69273379968i) (-7622.376909783799+6182.883114438191i) (-7622.267478592015+6182.073592344794i) (-7622.158074980461+6181.264168359291i) (-7622.0486985007+6180.454841410664i) (-7621.939350009096+6179.64561256529i) (-7621.830028541929+6178.83648089999i) (-7621.720734900756+6178.027446813699i) (-7621.611468301042+6177.2185100795205i) (-7621.502229420365+6176.409670651757i) (-7621.393017738694+6175.600929720452i) (-7621.283834080077+6174.792284621668i) (-7621.174677035524+6173.983737716533i) (-7621.06554783089+6173.17528823541i) (-7620.956445872847+6172.3669361285565i) (-7620.847371195718+6171.558680951381i) (-7620.738324032717+6170.750523521123i) (-7620.629304183538+6169.942463019677i) (-7620.520311932288+6169.134499682057i) (-7620.41134693548+6168.32663395048i) (-7620.302409104408+6167.5188651045455i) (-7620.19349880506+6166.711193247318i) (-7620.084615651522+6165.903618723918i) (-7619.975759932572+6165.09614132267i) (-7619.866931272939+6164.28876099647i) (-7619.758129860595+6163.481477650416i) (-7619.649355894315+6162.674291555899i) (-7619.540609357974+6161.8672021466755i) (-7619.431890030873+6161.060210146884i) (-7619.32319785532+6160.253315206093i) (-7619.21453307404+6159.446516885723i) (-7619.105895463505+6158.639815525556i) (-7618.997285297098+6157.833210833451i) (-7618.888702260853+6157.026703246842i) (-7618.780146464035+6156.220292594627i) (-7618.671617710218+6155.413978431184i) (-7618.563116074757+6154.607761207828i) (-7618.454641661156+6153.801640585756i) (-7618.346194422364+6152.995617088293i) (-7618.237774442595+6152.189690176215i) (-7618.129381706127+6151.383860228806i) (-7618.021016059431+6150.578126784229i) (-7617.91267774045+6149.772490114804i) (-7617.804366454464+6148.9669498787i) (-7617.696082674341+6148.161506379617i) (-7617.587825587952+6147.356159112635i) (-7617.479596022108+6146.550908568196i) (-7617.371393410935+6145.745754503461i) (-7617.2632179941465+6144.9406967206605i) (-7617.155069418082+6144.135735630843i) (-7617.046947995912+6143.330870868805i) (-7616.938853383989+6142.526102697877i) (-7616.830785983216+6141.721430703021i) (-7616.72274570136+6140.9168554663265i) (-7616.614732661642+6140.112376241662i) (-7616.506745828227+6139.307993379786i) (-7616.398787224656+6138.503707301529i) (-7616.290855267186+6137.699517385252i) (-7616.182949898161+6136.895423291632i) (-7616.0750722052535+6136.091425612052i) (-7615.9672208457405+6135.287524346147i) (-7615.859396888471+6134.483718926917i) (-7615.751599599695+6133.680010087008i) (-7615.643829703284+6132.87639699921i) (-7615.536086565969+6132.072880429544i) (-7615.428370551694+6131.26945960558i) (-7615.320681454008+6130.466135159936i) (-7615.213019257273+6129.662906423401i) (-7615.105384281199+6128.859773863498i) (-7614.997775667166+6128.0567371200395i) (-7614.890194802232+6127.253795912843i) (-7614.782638289075+6126.450951104386i) (-7614.675111986839+6125.6482042340485i) (-7614.567611908501+6124.845549817425i) (-7614.460137491038+6124.042993013331i) (-7614.352690685258+6123.240531723974i) (-7614.245270517931+6122.438166427594i) (-7614.137877250767+6121.635896789279i) (-7614.03051075977+6120.833723068602i) (-7613.923171088073+6120.03164511292i) (-7613.815858358978+6119.229662982792i) (-7613.70857262347+6118.427776398778i) (-7613.601313671565+6117.625985585362i) (-7613.494081650347+6116.824290329875i) (-7613.386876312099+6116.022690771531i) (-7613.279697637042+6115.221186680216i) (-7613.172545808121+6114.419778204792i) (-7613.065420593848+6113.618465358237i) (-7612.958322438683+6112.817248234214i) (-7612.851250858154+6112.016126366213i) (-7612.744206363629+6111.215100160666i) (-7612.6371882557805+6110.414169155404i) (-7612.530197166874+6109.613333858048i) (-7612.4232324492+6108.812593748863i) (-7612.316294812262+6108.011949405931i) (-7612.209383516589+6107.21139992962i) (-7612.102499711942+6106.41094638344i) (-7611.995641827894+6105.610587308595i) (-7611.888811006594+6104.810324251256i) (-7611.782006101652+6104.0101551251955i) (-7611.675227159581+6103.210084302188i) (-7611.568478360554+6102.4101070818915i) (-7611.461753531202+6101.610224057359i) (-7611.355056411726+6100.810437164531i) (-7611.248385106445+6100.010744837298i) (-7611.141741068006+6099.211148107992i) (-7611.035122955822+6098.4116461971025i) (-7610.928532100149+6097.612239602649i) (-7610.821967402845+6096.812928020682i) (-7610.715429660404+6096.013711493185i) (-7610.608918291572+6095.214590086943i) (-7610.50243367152+6094.415563412563i) (-7610.395975927686+6093.6166322737035i) (-7610.289544431886+6092.817794510264i) (-7610.18313844823+6092.0190534162275i) (-7610.07676069645+6091.22040679164i) (-7609.9704086875745+6090.421854884624i) (-7609.864083688801+6089.623397696658i) (-7609.7577848145975+6088.825035282253i) (-7609.651512625986+6088.026767654235i) (-7609.5452667807+6087.22859477952i) (-7609.439047590229+6086.430516770521i) (-7609.332854672015+6085.632533473989i) (-7609.2266884889095+6084.834644911246i) (-7609.120548465081+6084.036851000698i) (-7609.014435526613+6083.239151727885i) (-7608.908348136858+6082.441546898552i) (-7608.80228782349+6081.644037090108i) (-7608.696253577348+6080.8466219195825i) (-7608.59024635915+6080.04930081055i) (-7608.4842649752745+6079.2520750872645i) (-7608.378310986109+6078.454943182067i) (-7608.272382665126+6077.657905822555i) (-7608.166481300419+6076.860962505746i) (-7608.060605410606+6076.064114203i) (-7607.954756465319+6075.267359436721i) (-7607.848933083406+6074.470700198737i) (-7607.743136948047+6073.674134794154i) (-7607.637366151065+6072.877664887214i) (-7607.531624256687+6072.08128888587i) (-7607.42590695745+6071.285004912189i) (-7607.320214953588+6070.488817640488i) (-7607.21455114436+6069.692723957159i) (-7607.108912483195+6068.896724659675i) (-7607.003301000785+6068.100819273977i) (-7606.897715223693+6067.305008515292i) (-7606.792156490803+6066.509291220108i) (-7606.686623128116+6065.713668555287i) (-7606.581116790161+6064.918139672436i) (-7606.475636083505+6064.12270521902i) (-7606.370182264328+6063.327364501413i) (-7606.2647542065515+6062.532118173807i) (-7606.159352754492+6061.736965486923i) (-7606.053977318343+6060.941907191551i) (-7605.94862831528+6060.1469424358065i) (-7605.843305387238+6059.352071991515i) (-7605.73800878433+6058.557295159914i) (-7605.632738394555+6057.762612497216i) (-7605.527494079238+6056.968023475642i) (-7605.4222760629755+6056.173528546748i) (-7605.317084164985+6055.379127286972i) (-7605.211918529205+6054.584819987052i) (-7605.106778990891+6053.790606377358i) (-7605.001665934258+6052.996486612336i) (-7604.896578715248+6052.202460256723i) (-7604.791517708501+6051.408528038465i) (-7604.686482939658+6050.614689177379i) (-7604.58147430749+6049.820944152617i) (-7604.476491577535+6049.027292721908i) (-7604.371535125507+6048.233734816695i) (-7604.266604863331+6047.440270656744i) (-7604.161700510102+6046.646900127413i) (-7604.056822342618+6045.8536227449695i) (-7603.951970271567+6045.060439448091i) (-7603.847144366571+6044.267349330868i) (-7603.742344412759+6043.474352799568i) (-7603.637570495659+6042.681449610417i) (-7603.532822765666+6041.888640009047i) (-7603.428101011096+6041.095923570114i) (-7603.32340535408+6040.303300805696i) (-7603.218735537462+6039.510771168975i) (-7603.11409200152+6038.718335052361i) (-7603.009474073558+6037.925992222968i) (-7602.904882647144+6037.133742640155i) (-7602.800316668528+6036.341586716706i) (-7602.695777919674+6035.549523997152i) (-7602.591264256553+6034.757553621752i) (-7602.486776665239+6033.96567710359i) (-7602.3823151373945+6033.173893479467i) (-7602.277879555107+6032.38220298492i) (-7602.173469888697+6031.590605764352i) (-7602.069085856751+6030.799100684996i) (-7601.96472695191+6030.007690831517i) (-7601.860396227603+6029.216372837178i) (-7601.756089708383+6028.425147644544i) (-7601.6518097966855+6027.634015630284i) (-7601.547555464565+6026.8429767797625i) (-7601.443327239419+6026.052030802949i) (-7601.339124736272+6025.261177895463i) (-7601.234948251048+6024.470417751887i) (-7601.130797493182+6023.679750671512i) (-7601.0266729372215+6022.889176276932i) (-7600.922573945855+6022.098694808443i) (-7600.818500913664+6021.308306080625i) (-7600.714453548953+6020.518010198714i) (-7600.610432185601+6019.727807198916i) (-7600.506436516929+6018.937697003885i) (-7600.40246682299+6018.147679693556i) (-7600.2985231046005+6017.357754492964i) (-7600.194604791453+6016.567922526596i) (-7600.090712626639+6015.778183121524i) (-7599.986846153638+6014.988536221717i) (-7599.883005484164+6014.198981809762i) (-7599.779190595119+6013.409520140309i) (-7599.675401272679+6012.620150901375i) (-7599.5716378232255+6011.830874458268i) (-7599.467899830754+6011.041690230987i) (-7599.364187572186+6010.252598743882i) (-7599.260501301702+6009.463600038919i) (-7599.1568405629805+6008.67469377296i) (-7599.053205975843+6007.885880062918i) (-7598.949596796395+6007.097158238459i) (-7598.8460137249185+6006.308529263926i) (-7598.742456293779+6005.519992692961i) (-7598.6389244261845+6004.731548146986i) (-7598.53541849638+6003.943195725464i) (-7598.431938232112+6003.154935597815i) (-7598.328483480031+6002.366767856724i) (-7598.225054139791+6001.578692158601i) (-7598.121650484507+6000.790708604373i) (-7598.018272399206+6000.0028174416275i) (-7597.914920004858+5999.215018571006i) (-7597.811593013406+5998.427312155666i) (-7597.708292280282+5997.639697450895i) (-7597.60501630143+5996.852174616985i) (-7597.501766482142+5996.064744793299i) (-7597.398542115076+5995.277406459467i) (-7597.295343511266+5994.490160396212i) (-7597.192170361017+5993.70300614496i) (-7597.089022964984+5992.915943925332i) (-7596.985901047064+5992.128973669104i) (-7596.882804627302+5991.342095273354i) (-7596.7797337729135+5990.555308810156i) (-7596.676688395938+5989.768614185989i) (-7596.573668249942+5988.982011732931i) (-7596.470673840322+5988.195501017361i) (-7596.3677051738605+5987.409082385645i) (-7596.264762128335+5986.622755738271i) (-7596.161844078487+5985.836520958887i) (-7596.058953728689+5985.050376196511i) (-7595.95608579678+5984.264324638786i) (-7595.853244258518+5983.478364155734i) (-7595.750428503198+5982.692495625142i) (-7595.647637805065+5981.906719326375i) (-7595.544872690712+5981.121034141276i) (-7595.442133093118+5980.33544106764i) (-7595.339419171039+5979.54993957441i) (-7595.236730511926+5978.764529582371i) (-7595.134067734494+5977.979211054915i) (-7595.0314299529155+5977.193983723535i) (-7594.928817549456+5976.408848233884i) (-7594.826230588626+5975.623804252157i) (-7594.723668965204+5974.838851792576i) (-7594.621132960643+5974.053990731222i) (-7594.518622223222+5973.269221066475i) (-7594.416136870554+5972.484542870433i) (-7594.313676801038+5971.699955898205i) (-7594.211242190648+5970.915460320722i) (-7594.108832933657+5970.131056132313i) (-7594.00644898143+5969.346743402365i) (-7593.904090306179+5968.562521693028i) (-7593.801757170633+5967.77839138538i) (-7593.6994490678+5966.994351940381i) (-7593.597166592309+5966.210404279242i) (-7593.49490804001+5965.426547102469i) (-7593.392676397555+5964.64278377892i) (-7593.290470940609+5963.859107542152i) (-7593.188288408466+5963.07552471221i) (-7593.086132340162+5962.292032364396i) (-7592.984000786235+5961.508631824959i) (-7592.881895250583+5960.725321654683i) (-7592.779814750027+5959.942103326162i) (-7592.677759569741+5959.1589753852795i) (-7592.575729673594+5958.375938933315i) (-7592.473724997291+5957.5929927484285i) (-7592.371745701932+5956.810137939894i) (-7592.269791350361+5956.027373886267i) (-7592.167862367904+5955.244700775853i) (-7592.065958183237+5954.462118399918i) (-7591.964079580809+5953.679626934844i) (-7591.862225770965+5952.897226560437i) (-7591.760397423981+5952.114917011202i) (-7591.6585942216425+5951.332698129516i) (-7591.556815907994+5950.550569906445i) (-7591.4550632578175+5949.768532969888i) (-7591.353335459613+5948.986586204748i) (-7591.251633140816+5948.204730464321i) (-7591.149955443555+5947.422965075324i) (-7591.048303283556+5946.641290373122i) (-7590.946675912447+5945.859706450111i) (-7590.845073927241+5945.078213004582i) (-7590.743496688907+5944.296810445821i) (-7590.641944763279+5943.515497999136i) (-7590.540417669835+5942.734276726063i) (-7590.438916032958+5941.953145541825i) (-7590.337439300539+5941.172104963645i) (-7590.235987409294+5940.391154847024i) (-7590.134561095889+5939.610295549091i) (-7590.033159490991+5938.829526019559i) (-7589.931783390812+5938.04884744342i) (-7589.830431608234+5937.268258303273i) (-7589.729104785993+5936.4877609432915i) (-7589.627803811605+5935.707353053i) (-7589.526527213477+5934.927035605163i) (-7589.425275740954+5934.146808464232i) (-7589.324049036265+5933.366671580596i) (-7589.22284745509+5932.586625397929i) (-7589.121671405969+5931.806669095509i) (-7589.02051967596+5931.026802839197i) (-7588.919393246622+5930.247027076055i) (-7588.818291534384+5929.467341222075i) (-7588.717214993588+5928.687745726799i) (-7588.616163340203+5927.908240124669i) (-7588.515136475706+5927.128824765306i) (-7588.414134604628+5926.349499507621i) (-7588.313157833542+5925.570264299922i) (-7588.212205670043+5924.791119013621i) (-7588.111278637241+5924.012063806051i) (-7588.010376334439+5923.23309858923i) (-7587.909499056215+5922.45422337223i) (-7587.808646544066+5921.6754381631545i) (-7587.707819014194+5920.8967428649i) (-7587.607016259498+5920.118137313061i) (-7587.506238645968+5919.339621675526i) (-7587.405485514384+5918.561195883768i) (-7587.304757358622+5917.782859999053i) (-7587.204053933673+5917.004613841953i) (-7587.103375496765+5916.226457522963i) (-7587.002721797358+5915.448391076494i) (-7586.902092945016+5914.670414317288i) (-7586.801488868217+5913.892527339503i) (-7586.700909784258+5913.114729837687i) (-7586.600355295652+5912.337022126458i) (-7586.499825696019+5911.5594041267495i) (-7586.399320774841+5910.781875738208i) (-7586.298840689474+5910.004436902121i) (-7586.1983854444+5909.227087604189i) (-7586.097954734252+5908.449827950162i) (-7585.997548918826+5907.672657717634i) (-7585.897167605908+5906.895577265539i) (-7585.796811412196+5906.118586181572i) (-7585.696479767036+5905.341684573928i) (-7585.596172775277+5904.564872479753i) (-7585.495890628273+5903.788149712634i) (-7585.395633139765+5903.011516375047i) (-7585.29540027606+5902.234972348909i) (-7585.19519214508+5901.458517856668i) (-7585.095008612099+5900.682152564243i) (-7584.99484991544+5899.905876851233i) (-7584.8947157093135+5899.129690046191i) (-7584.79460624499+5898.353592931676i) (-7584.694521508944+5897.577584827661i) (-7584.594461418916+5896.801666150923i) (-7584.494425879566+5896.025836410929i) (-7584.39441510277+5895.250095931887i) (-7584.294428673416+5894.474444791629i) (-7584.1944671418405+5893.698882587083i) (-7584.094530058925+5892.923409718976i) (-7583.9946177130205+5892.148025710864i) (-7583.894729704773+5891.3727308378675i) (-7583.794866484508+5890.597525152321i) (-7583.695027850345+5889.822408511537i) (-7583.595213556157+5889.0473806666705i) (-7583.495424029097+5888.272442151049i) (-7583.395659029946+5887.4975923827305i) (-7583.295918678097+5886.722831798939i) (-7583.196202741587+5885.948159782825i) (-7583.096511571653+5885.173576887266i) (-7582.996844606539+5884.399082733975i) (-7582.897202339229+5883.62467746943i) (-7582.7975845057645+5882.850361141604i) (-7582.697991194547+5882.076133540691i) (-7582.598422266832+5881.301994745107i) (-7582.498877990336+5880.527944519721i) (-7582.399357688412+5879.753983677478i) (-7582.299863100573+5878.980111260044i) (-7582.200391949601+5878.20632705244i) (-7582.1009453829965+5877.43263226961i) (-7582.001523198122+5876.659025549497i) (-7581.90212586891+5875.885507964137i) (-7581.802752661235+5875.1120787059135i) (-7581.703404259503+5874.338738227004i) (-7581.604079915026+5873.565486262829i) (-7581.504780117337+5872.792322748662i) (-7581.405504678314+5872.019247883559i) (-7581.306253970571+5871.246261284839i) (-7581.207027091027+5870.4733633056185i) (-7581.107824877057+5869.7005539888705i) (-7581.008647067628+5868.927832788238i) (-7580.9094936683105+5868.155200237728i) (-7580.810364460607+5867.382656075944i) (-7580.711259717177+5866.61020026737i) (-7580.6121792763315+5865.8378327045375i) (-7580.513123289467+5865.0655536741215i) (-7580.414091549932+5864.293362875394i) (-7580.315084183801+5863.5212603125965i) (-7580.216101066003+5862.749245981819i) (-7580.117142491133+5861.977320042763i) (-7580.0182078865055+5861.205482340047i) (-7579.919297878735+5860.433732780684i) (-7579.820411838882+5859.662071176151i) (-7579.721550915044+5858.890498104085i) (-7579.6227123322715+5858.1190130537725i) (-7579.5239000668535+5857.347616265828i) (-7579.425112398754+5856.576307583044i) (-7579.3263466678845+5855.805086346763i) (-7579.227607118997+5855.033953402454i) (-7579.128890730681+5854.262908839199i) (-7579.0301992438635+5853.491952295951i) (-7578.931531330815+5852.721083485476i) (-7578.832888479857+5851.950302693118i) (-7578.734269213664+5851.179609902197i) (-7578.635674359954+5850.409005161222i) (-7578.537103631452+5849.638488144223i) (-7578.438557303187+5848.868058936614i) (-7578.340035096243+5848.0977176886045i) (-7578.241536896358+5847.327464176334i) (-7578.143062794651+5846.557298697297i) (-7578.044613192855+5845.787220792529i) (-7577.946187544964+5845.0172308974325i) (-7577.847786210975+5844.247328533371i) (-7577.749408781285+5843.477514043505i) (-7577.651055658081+5842.707786947584i) (-7577.552726583745+5841.938147873646i) (-7577.4544215626365+5841.168596242718i) (-7577.356140673482+5840.399132470698i) (-7577.257883766017+5839.629756069038i) (-7577.159651424532+5838.86046794945i) (-7577.061443209149+5838.091266309015i) (-7576.963258232008+5837.322153061753i) (-7576.86509796358+5836.553126898205i) (-7576.766961509537+5835.7841887325385i) (-7576.668849439912+5835.015337707842i) (-7576.57076140825+5834.24657413162i) (-7576.4726972617145+5833.477898152702i) (-7576.374657212609+5832.70930957376i) (-7576.276641121073+5831.940808227691i) (-7576.178649161866+5831.172394376802i) (-7576.080681127497+5830.404067889518i) (-7575.982737262163+5829.635828739466i) (-7575.884817055129+5828.8676768256055i) (-7575.786921188174+5828.099612482142i) (-7575.689049470131+5827.331635113018i) (-7575.591201154634+5826.563744801892i) (-7575.493377016086+5825.795942547297i) (-7575.395577241002+5825.028226784402i) (-7575.297801076075+5824.260598379033i) (-7575.200048901399+5823.493057247983i) (-7575.102320794499+5822.725603210159i) (-7575.00461652321+5821.9582362694155i) (-7574.906936207085+5821.190956488671i) (-7574.809279841436+5820.4237638256245i) (-7574.711647436864+5819.656658192875i) (-7574.614038818164+5818.889639681688i) (-7574.516454344345+5818.122708033928i) (-7574.418893724159+5817.3558635563895i) (-7574.321356931761+5816.589105785094i) (-7574.223844160608+5815.822435099841i) (-7574.126355060125+5815.055851165597i) (-7574.028890345041+5814.289354490584i) (-7573.931448978281+5813.522943886065i) (-7573.834031008228+5812.75662109076i) (-7573.736637515811+5811.990384760564i) (-7573.639267662378+5811.224235335704i) (-7573.5419217284+5810.458172668308i) (-7573.444599560838+5809.6921968876995i) (-7573.34730111073+5808.9263078767635i) (-7573.250026697601+5808.160505596183i) (-7573.15277597923+5807.394790051206i) (-7573.055549217795+5806.629161214485i) (-7572.958346131623+5805.863619071545i) (-7572.861166927019+5805.098163546016i) (-7572.764011660682+5804.332794612195i) (-7572.666879962928+5803.567512227088i) (-7572.569772074772+5802.802316445987i) (-7572.47268789117+5802.03720723543i) (-7572.375627431019+5801.272184434299i) (-7572.278590649163+5800.507248473972i) (-7572.18157761975+5799.742398808297i) (-7572.084588477346+5798.977635929659i) (-7571.987622999035+5798.212959315072i) (-7571.89068129242+5797.448369141697i) (-7571.793763309448+5796.68386526352i) (-7571.696868926191+5795.919447863748i) (-7571.599998254287+5795.15511691551i) (-7571.503151298198+5794.390872162143i) (-7571.406328071174+5793.626713973064i) (-7571.30952843155+5792.862641819595i) (-7571.212752287254+5792.098656276282i) (-7571.116000089423+5791.334756843317i) (-7571.019271413312+5790.570943754448i) (-7570.922566463914+5789.807216803191i) (-7570.825885168806+5789.043576310331i) (-7570.7292275289665+5788.280021659659i) (-7570.632593558553+5787.516553366426i) (-7570.53598317101+5786.753171047005i) (-7570.439396455089+5785.989874958625i) (-7570.342833048409+5785.226664794596i) (-7570.24629347558+5784.463540836439i) (-7570.1497772240255+5783.700502994934i) (-7570.053284791198+5782.937551088478i) (-7569.956815621701+5782.174685685752i) (-7569.860370606849+5781.411905803857i) (-7569.763948849694+5780.6492119683135i) (-7569.667550610814+5779.886604205974i) (-7569.571176207655+5779.124082427252i) (-7569.474825025663+5778.361646299046i) (-7569.378497696191+5777.599296106066i) (-7569.282193602433+5776.8370317718745i) (-7569.185913347859+5776.074853205333i) (-7569.0896558625245+5775.312760684589i) (-7568.993422548678+5774.550753044113i) (-7568.897210553823+5773.78883368326i) (-7568.801027354514+5773.026999229545i) (-7568.704863222126+5772.265247610963i) (-7568.608723695964+5771.503584681619i) (-7568.51260712613+5770.742006278157i) (-7568.416514847356+5769.980514242293i) (-7568.320445170174+5769.219107584476i) (-7568.224399921873+5768.45778671342i) (-7568.128377666326+5767.6965513763935i) (-7568.0323789760405+5766.935401557299i) (-7567.936403638875+5766.174337283209i) (-7567.840451760323+5765.413358507951i) (-7567.74452335705+5764.652465465133i) (-7567.648618103232+5763.891657707447i) (-7567.5527364414165+5763.130935592169i) (-7567.456878050459+5762.37029891466i) (-7567.36104341557+5761.609747763575i) (-7567.265231684564+5760.849282238976i) (-7567.169443696588+5760.088900945116i) (-7567.0736785959125+5759.3286069205915i) (-7566.977937335019+5758.568397073535i) (-7566.882219320144+5757.808272764737i) (-7566.786524678565+5757.048233760753i) (-7566.69085335891+5756.288280405972i) (-7566.595205120035+5755.528411832044i) (-7566.499580860592+5754.768628770069i) (-7566.403979226048+5754.008930920035i) (-7566.308401194643+5753.249318284388i) (-7566.212846315249+5752.489790854458i) (-7566.117314943418+5751.730348812052i) (-7566.021806774574+5750.9709916902375i) (-7565.926322074466+5750.211719855794i) (-7565.830860443242+5749.452532972107i) (-7565.735422247394+5748.693431300513i) (-7565.64000707072+5747.934414559755i) (-7565.544615523097+5747.175483043929i) (-7565.44924661743+5746.416636398213i) (-7565.353901772638+5745.657875287556i) (-7565.258579212314+5744.899198523253i) (-7565.163282086356+5744.1406078495365i) (-7565.068006498318+5743.382098350017i) (-7564.972751641312+5742.623677892367i) (-7564.8775237532545+5741.865341693772i) (-7564.782317256744+5741.107089758119i) (-7564.68713519633+5740.348922877136i) (-7564.591975342468+5739.590840724161i) (-7564.496839322755+5738.832843374223i) (-7564.4017259576185+5738.074930814087i) (-7564.306636198641+5737.317102864482i) (-7564.211569060571+5736.559360015481i) (-7564.116525577181+5735.801701820011i) (-7564.021504862535+5735.0441283083255i) (-7563.926507746088+5734.286639482265i) (-7563.831533370907+5733.529235349501i) (-7563.73658240971+5732.771915901452i) (-7563.641654369195+5732.014681137056i) (-7563.546749606467+5731.257530787289i) (-7563.451867670262+5730.500465240766i) (-7563.357009359158+5729.743484170849i) (-7563.2621736330575+5728.986587787244i) (-7563.167361411205+5728.229775641011i) (-7563.072571803839+5727.473048193847i) (-7562.977805483341+5726.716405223177i) (-7562.8830622518+5725.959846889418i) (-7562.788342096907+5725.2033728650495i) (-7562.693644958479+5724.446983463901i) (-7562.598971005074+5723.690678302422i) (-7562.5043199894335+5722.934457483439i) (-7562.40969227276+5722.178321033315i) (-7562.315087096748+5721.422268933681i) (-7562.22050523728+5720.666301244248i) (-7562.125946312078+5719.9104179009355i) (-7562.031410497924+5719.154618586546i) (-7561.936897638473+5718.398903982682i) (-7561.842407369766+5717.643273089631i) (-7561.747940594951+5716.887727123681i) (-7561.653496846934+5716.132264778435i) (-7561.559075838767+5715.37688719124i) (-7561.464678017814+5714.621592737488i) (-7561.3703028359305+5713.866383445852i) (-7561.275950834393+5713.111257814075i) (-7561.181621699763+5712.356216399083i) (-7561.08731561296+5711.601258942176i) (-7560.993032154471+5710.846386052386i) (-7560.8987721002095+5710.091596321773i) (-7560.804534540692+5709.336891455534i) (-7560.710319922392+5708.582270058967i) (-7560.616128433651+5707.827732985494i) (-7560.521959797504+5707.073279897059i) (-7560.427814101279+5706.318910633748i) (-7560.33369113278+5705.564625361532i) (-7560.239591305513+5704.810423843661i) (-7560.145514318205+5704.056306464249i) (-7560.05146033063+5703.302272701298i) (-7559.957429194203+5702.548322786184i) (-7559.863420737636+5701.794456452488i) (-7559.769435482693+5701.04067407028i) (-7559.675472626219+5700.286975218248i) (-7559.581532812626+5699.533360282877i) (-7559.487615291845+5698.779828855224i) (-7559.393720890555+5698.02638139965i) (-7559.299849141488+5697.273017725266i) (-7559.206000282257+5696.519737650001i) (-7559.112173983939+5695.766541584866i) (-7559.0183706558+5695.013428717008i) (-7558.924590282969+5694.260400292442i) (-7558.830832649908+5693.507454747654i) (-7558.737098287699+5692.754593571394i) (-7558.64338613028+5692.001814855705i) (-7558.549698550611+5691.249120744445i) (-7558.4560313241955+5690.496506700303i) (-7558.362385917615+5689.74398121691i) (-7558.268766283429+5688.991536458548i) (-7558.175167801008+5688.239176011983i) (-7558.081592746466+5687.486898008379i) (-7557.988039832442+5686.734704126885i) (-7557.894509733612+5685.982593114905i) (-7557.801002231415+5685.230565938419i) (-7557.707517495061+5684.478621808834i) (-7557.614055608433+5683.726761381861i) (-7557.5206162995355+5682.974984138149i) (-7557.427199781754+5682.223289962774i) (-7557.33380562919+5681.471679277643i) (-7557.240434589015+5680.720151703696i) (-7557.1470858098655+5679.968707622829i) (-7557.053760061886+5679.217346445919i) (-7556.960456622543+5678.466068651067i) (-7556.867176291193+5677.714873713839i) (-7556.773917924518+5676.963762274344i) (-7556.680682711605+5676.212733789073i) (-7556.587469790652+5675.461788548101i) (-7556.494279885356+5674.710926255257i) (-7556.401112370564+5673.960146972317i) (-7556.3079674366845+5673.209450868702i) (-7556.214845015884+5672.458837792688i) (-7556.12174514417+5671.708307604848i) (-7556.028668131947+5670.957860449258i) (-7555.935613479739+5670.207496441715i) (-7555.842581541715+5669.457215157518i) (-7555.749572020055+5668.707016916573i) (-7555.656585227307+5667.956901504545i) (-7555.56362092216+5667.206869027608i) (-7555.470679211437+5666.45691931256i) (-7555.377759854082+5665.707052689357i) (-7555.284863218048+5664.957268549337i) (-7555.191989040985+5664.207567356199i) (-7555.099137396286+5663.457948990426i) (-7555.006308226065+5662.708413327073i) (-7554.913501567691+5661.958960693653i) (-7554.820717747563+5661.209590226728i) (-7554.727955569977+5660.460302332915i) (-7554.635216211889+5659.711098398099i) (-7554.542500289375+5658.961976061679i) (-7554.449805501909+5658.21293624321i) (-7554.357133938551+5657.463979642159i) (-7554.264484549286+5656.715105297481i) (-7554.171858041809+5655.966313781677i) (-7554.0792535585015+5655.217604586137i) (-7553.986671671047+5654.468977816534i) (-7553.894112041834+5653.720433742099i) (-7553.8015751120165+5652.971972040249i) (-7553.709060170667+5652.223592932614i) (-7553.616567949063+5651.475296219021i) (-7553.524097990552+5650.727082258001i) (-7553.431650310138+5649.978950334384i) (-7553.33922526968+5649.2309011217085i) (-7553.246822371402+5648.482934111823i) (-7553.154442238899+5647.735049881429i) (-7553.062084136385+5646.987247668189i) (-7552.969748902351+5646.239527800908i) (-7552.877435846554+5645.4918900751645i) (-7552.785145008875+5644.744334808485i) (-7552.6928764667155+5643.996861513303i) (-7552.6006304214825+5643.249470681672i) (-7552.5084065824885+5642.502162014717i) (-7552.4162051631565+5641.754935644692i) (-7552.324025837652+5641.007791376941i) (-7552.231869321383+5640.26072957829i) (-7552.139734889115+5639.5137488182045i) (-7552.047621949946+5638.766851401076i) (-7551.95553243596+5638.0200359541805i) (-7551.863464587178+5637.273302325977i) (-7551.771419775369+5636.526650691012i) (-7551.679396583152+5635.780081214189i) (-7551.587396028013+5635.033593451393i) (-7551.4954172839525+5634.287187933587i) (-7551.403461046508+5633.540864274541i) (-7551.311527060937+5632.794622748325i) (-7551.219615141663+5632.0484629051i) (-7551.127725687328+5631.3023852378865i) (-7551.035858162646+5630.556389351099i) (-7550.9440131982265+5629.810475563399i) (-7550.852190109263+5629.064643633395i) (-7550.760389765255+5628.318893603613i) (-7550.668611344107+5627.573224939868i) (-7550.576855140497+5626.827638574879i) (-7550.485121296615+5626.082133608583i) (-7550.393409537833+5625.3367104473555i) (-7550.301719767967+5624.591368850971i) (-7550.210052307141+5623.846109575828i) (-7550.118407053164+5623.100931031169i) (-7550.026783280126+5622.355834929611i) (-7549.935182361662+5621.610820706171i) (-7549.843603575074+5620.865887810593i) (-7549.75204677898+5620.121036530372i) (-7549.660512137855+5619.37626710886i) (-7549.568999841476+5618.631578882545i) (-7549.477509450851+5617.886972411498i) (-7549.386041251867+5617.142447557399i) (-7549.294595239231+5616.3980041537025i) (-7549.20317138328+5615.653642166869i) (-7549.111769604784+5614.9093617024955i) (-7549.020389773552+5614.165162617256i) (-7548.929031997289+5613.4210450188i) (-7548.837696350708+5612.677008850765i) (-7548.746382728229+5611.9330542208645i) (-7548.6550912309485+5611.189180974657i) (-7548.563821889557+5610.445389010527i) (-7548.4725747193625+5609.7016784269135i) (-7548.3813494954065+5608.95804909764i) (-7548.290146132022+5608.214500956821i) (-7548.198964919535+5607.471034275811i) (-7548.107805811494+5606.727648649745i) (-7548.016668542169+5605.984344446981i) (-7547.925553298652+5605.2411213912155i) (-7547.834460038689+5604.497979557912i) (-7547.743388750609+5603.754918873013i) (-7547.65233943822+5603.011939524832i) (-7547.561312128482+5602.269041334054i) (-7547.470306786818+5601.526224427204i) (-7547.379323675769+5600.783488358001i) (-7547.288362449038+5600.040833698604i) (-7547.197423198114+5599.29825962083i) (-7547.106505675011+5598.5557670132885i) (-7547.015610449061+5597.813355280879i) (-7546.924737075756+5597.0710245055525i) (-7546.833885548121+5596.328774756789i) (-7546.743056057005+5595.586605983043i) (-7546.652248303114+5594.844518127167i) (-7546.561462765455+5594.1025112419i) (-7546.470698775237+5593.36058503587i) (-7546.379956767452+5592.618740086895i) (-7546.289236547434+5591.876975818429i) (-7546.198538539656+5591.135292745007i) (-7546.107862273559+5590.393690294829i) (-7546.017208232414+5589.652168874424i) (-7545.926576043557+5588.91072757971i) (-7545.835965089033+5588.169367306801i) (-7545.745376411111+5587.428088117913i) (-7545.654809488346+5586.686889284678i) (-7545.564264354883+5585.94577148343i) (-7545.473741085805+5585.2047343528775i) (-7545.383239942043+5584.463777963794i) (-7545.292760393811+5583.722902373733i) (-7545.20230296142+5582.982106724806i) (-7545.111866862848+5582.241392100429i) (-7545.021453019604+5581.500758459723i) (-7544.931060598486+5580.760204759656i) (-7544.840690340539+5580.019731895186i) (-7544.750341575785+5579.27933955853i) (-7544.660014735455+5578.539027867553i) (-7544.569709478194+5577.798796459916i) (-7544.479426256763+5577.058645954137i) (-7544.389164892265+5576.318575568139i) (-7544.298925253439+5575.5785857427845i) (-7544.208707320019+5574.838676067717i) (-7544.118511110902+5574.098846950361i) (-7544.028336497988+5573.359098031158i) (-7543.938183732268+5572.61942976093i) (-7543.848052348787+5571.87984158323i) (-7543.757943101628+5571.140334229758i) (-7543.667855076446+5570.400906781476i) (-7543.57778974057+5569.66156053678i) (-7543.487745831483+5568.9222928593745i) (-7543.39772276676+5568.183106578934i) (-7543.3077219936+5567.444000191664i) (-7543.217742832879+5566.7049744091655i) (-7543.1277854573555+5565.966028662622i) (-7543.0378498578675+5565.227162884729i) (-7542.9479358322715+5564.488377425611i) (-7542.85804349542+5563.749671852239i) (-7542.76817274287+5563.011046582562i) (-7542.678323589998+5562.272501262839i) (-7542.58849605365+5561.534036110639i) (-7542.4986902491+5560.795650981912i) (-7542.408905964105+5560.057346014995i) (-7542.319143393948+5559.319121038324i) (-7542.229402220998+5558.580976114524i) (-7542.139683055163+5557.842911212899i) (-7542.049985482356+5557.104925875863i) (-7541.960308988937+5556.3670209786615i) (-7541.870654666634+5555.629195800723i) (-7541.78102180478+5554.891450589431i) (-7541.69141044915+5554.153785138921i) (-7541.601820695509+5553.416199437563i) (-7541.512252364515+5552.678693747447i) (-7541.422705765177+5551.9412678489025i) (-7541.33318059269+5551.203921830934i) (-7541.243677050635+5550.466655524957i) (-7541.154195097119+5549.729469164753i) (-7541.064734722516+5548.992362188439i) (-7540.975295789114+5548.255335258676i) (-7540.885878347221+5547.518387858621i) (-7540.796482395104+5546.78152034823i) (-7540.707108068556+5546.04473236573i) (-7540.617755283997+5545.30802392694i) (-7540.5284237781625+5544.571395231032i) (-7540.4391141481865+5543.834846238044i) (-7540.34982548231+5543.0983768842025i) (-7540.26055872086+5542.361986860549i) (-7540.171313258205+5541.625676842042i) (-7540.082089869865+5540.889445669391i) (-7539.992886782824+5540.153294410398i) (-7539.903706188009+5539.417222617913i) (-7539.814546078761+5538.681230362415i) (-7539.725408783317+5537.945317733094i) (-7539.636291745483+5537.209483991757i) (-7539.547196692968+5536.473729919996i) (-7539.458122623237+5535.738055359427i) (-7539.3690703226175+5535.002460046534i) (-7539.280039278687+5534.266944280565i) (-7539.191029704103+5533.531507711901i) (-7539.102041413844+5532.796150545574i) (-7539.013074681315+5532.060872642936i) (-7538.9241292067045+5531.325674292014i) (-7538.835205191554+5530.590554905447i) (-7538.74630285216+5529.855515134812i) (-7538.657421515496+5529.120554215504i) (-7538.568561476831+5528.3856722125465i) (-7538.479723416094+5527.65087010538i) (-7538.390905752094+5526.916146957841i) (-7538.302110274098+5526.181502722539i) (-7538.213335901037+5525.446937629086i) (-7538.124582679818+5524.712452005834i) (-7538.035850905557+5523.978045114712i) (-7537.947140488475+5523.243717400874i) (-7537.85845137574+5522.509468655504i) (-7537.769783475523+5521.775299105211i) (-7537.68113684295+5521.041208464134i) (-7537.592511606457+5520.307196963092i) (-7537.503907635404+5519.573264301982i) (-7537.415325032309+5518.839410775448i) (-7537.326763558951+5518.1056361438195i) (-7537.238223357388+5517.3719403363975i) (-7537.149704495103+5516.638323501287i) (-7537.061206898961+5515.904785721587i) (-7536.972730525336+5515.171326696233i) (-7536.884275597649+5514.437946531296i) (-7536.795841856277+5513.704645102754i) (-7536.707429458642+5512.971422544673i) (-7536.619038002915+5512.2382786675225i) (-7536.530668103256+5511.505213552717i) (-7536.442318633393+5510.772227409955i) (-7536.353991505079+5510.039319782829i) (-7536.265685168813+5509.306491080894i) (-7536.1773996117+5508.573740920202i) (-7536.089135489628+5507.841069252923i) (-7536.000892422585+5507.108476521026i) (-7535.912670871051+5506.375962544781i) (-7535.824470170597+5505.643526977349i) (-7535.736291042331+5504.911170189124i) (-7535.648132885669+5504.178891946629i) (-7535.559996210927+5503.446691978297i) (-7535.471880035301+5502.714570761985i) (-7535.383785662743+5501.98252804743i) (-7535.295711864698+5501.250563837694i) (-7535.207659507665+5500.518677931046i) (-7535.119628068314+5499.786870928532i) (-7535.031617807893+5499.055141859068i) (-7534.943628964261+5498.32349173625i) (-7534.855660707099+5497.591919792241i) (-7534.767714056696+5496.8604261770115i) (-7534.679788083036+5496.129010913736i) (-7534.591883642017+5495.39767420877i) (-7534.504000002586+5494.666415998683i) (-7534.41613751792+5493.935235448943i) (-7534.328296385241+5493.204133867186i) (-7534.240475717294+5492.473110195957i) (-7534.152676669156+5491.742164796729i) (-7534.064898131992+5491.01129781012i) (-7533.977141339986+5490.280509052946i) (-7533.889404999239+5489.549798419135i) (-7533.801690202067+5488.819165800189i) (-7533.713995931776+5488.088611643384i) (-7533.626322933687+5487.358135237522i) (-7533.538670882109+5486.627737443893i) (-7533.451039835535+5485.897417498645i) (-7533.363429971854+5485.167175876828i) (-7533.275840948814+5484.437012078902i) (-7533.188273202384+5483.70692639512i) (-7533.100726089904+5482.976918788497i) (-7533.0132001779775+5482.246989219546i) (-7532.925695120818+5481.517137527899i) (-7532.838211120867+5480.787363910305i) (-7532.75074811227+5480.057668240911i) (-7532.663306103844+5479.328050535179i) (-7532.575884772794+5478.598510502127i) (-7532.488484568975+5477.869048859343i) (-7532.401105309964+5477.13966462082i) (-7532.313747011176+5476.410358665715i) (-7532.226409487723+5475.681130327802i) (-7532.139093248997+5474.951979974137i) (-7532.05179763628+5474.222907206164i) (-7531.964523048791+5473.4939124815955i) (-7531.877269380391+5472.764995388784i) (-7531.790036616462+5472.036155961023i) (-7531.702824657333+5471.307394476102i) (-7531.615633686496+5470.578710600327i) (-7531.528463635476+5469.850104376664i) (-7531.441314426953+5469.121575829997i) (-7531.35418607137+5468.393124905997i) (-7531.26707841914+5467.664751769035i) (-7531.179991705946+5466.936456131225i) (-7531.092925937276+5466.208238191803i) (-7531.005880857545+5465.480097989469i) (-7530.918856971923+5464.752035259379i) (-7530.831853649882+5464.024049995674i) (-7530.744871465412+5463.296142145296i) (-7530.657909637615+5462.568311863521i) (-7530.570968893387+5461.840559141688i) (-7530.484048669171+5461.112884015476i) (-7530.397149705884+5460.385286162187i) (-7530.310271034672+5459.657766146078i) (-7530.223414382787+5458.930323497028i) (-7530.136577399974+5458.202956975035i) (-7530.049761064428+5457.475669072304i) (-7529.962965740853+5456.7484583011665i) (-7529.876191197109+5456.021324973785i) (-7529.789437728695+5455.294269177052i) (-7529.70270466158+5454.567289574132i) (-7529.615991850888+5453.840389273182i) (-7529.529301556322+5453.113564892126i) (-7529.442630594681+5452.386817631059i) (-7529.355980498766+5451.660147788524i) (-7529.269351555087+5450.933555598551i) (-7529.182743120103+5450.207039903307i) (-7529.0961554807855+5449.480602125154i) (-7529.009588202707+5448.7542406561915i) (-7528.923041984977+5448.027957095014i) (-7528.83651634485+5447.30175030722i) (-7528.750011342611+5446.575620703878i) (-7528.663527056425+5445.849568144856i) (-7528.5770636400275+5445.123592748891i) (-7528.490620849432+5444.3976944039105i) (-7528.404198655453+5443.671872995799i) (-7528.317797118972+5442.946128482895i) (-7528.231416245828+5442.220461034871i) (-7528.145056030757+5441.4948707241065i) (-7528.05871631381+5440.769357322813i) (-7527.972397475821+5440.043920810148i) (-7527.886099270975+5439.318561191369i) (-7527.799821865408+5438.59327851703i) (-7527.713564288446+5437.868072871492i) (-7527.627328061541+5437.142943751428i) (-7527.54111227356+5436.417891634843i) (-7527.454917128123+5435.692916471149i) (-7527.368742557172+5434.968017952169i) (-7527.282588531657+5434.2431964358075i) (-7527.196455295851+5433.518451334026i) (-7527.110342475406+5432.79378330437i) (-7527.024250302871+5432.06919167773i) (-7526.938178616023+5431.344677372524i) (-7526.852127827819+5430.620238471404i) (-7526.766095982837+5429.895877832486i) (-7526.680086902648+5429.17159357956i) (-7526.59409753474+5428.447385277321i) (-7526.50812904649+5427.723253992296i) (-7526.422180412727+5426.999198979987i) (-7526.336252579178+5426.2752208859465i) (-7526.250345107757+5425.551319161578i) (-7526.164458553998+5424.827494297034i) (-7526.0785923257845+5424.103745726782i) (-7525.992746756256+5423.380073752917i) (-7525.906921467053+5422.6564780357985i) (-7525.8211166542505+5421.932958991063i) (-7525.735332392317+5421.209516294994i) (-7525.649568358886+5420.48615058852i) (-7525.563825566918+5419.76286086464i) (-7525.478102760672+5419.039647445695i) (-7525.392400631901+5418.316510287938i) (-7525.306718573258+5417.593449631581i) (-7525.221056971344+5416.8704654171215i) (-7525.135415911078+5416.147557593172i) (-7525.049795402039+5415.42472618442i) (-7524.964195380898+5414.701971118778i) (-7524.878615784979+5413.979292108255i) (-7524.793056731263+5413.256689243177i) (-7524.707517920127+5412.534162786226i) (-7524.62199948227+5411.811712475849i) (-7524.536501468074+5411.089338539941i) (-7524.4510240191885+5410.367040658244i) (-7524.365567013516+5409.644818992269i) (-7524.280130049224+5408.922673697148i) (-7524.194714008591+5408.200603987863i) (-7524.109317992909+5407.478610425741i) (-7524.023942251125+5406.756693493816i) (-7523.938586915113+5406.034852350089i) (-7523.853252177853+5405.313087351344i) (-7523.767937901015+5404.591398293618i) (-7523.682643797436+5403.869785264031i) (-7523.597369917457+5403.148248101352i) (-7523.512116404198+5402.426786959821i) (-7523.42688322983+5401.705401981315i) (-7523.341670363121+5400.984092951573i) (-7523.2564781802275+5400.262859907099i) (-7523.171305960999+5399.5417024857i) (-7523.086154403551+5398.820620905418i) (-7523.001022478839+5398.099615253282i) (-7522.915911078886+5397.378685793981i) (-7522.830820150897+5396.657832146785i) (-7522.745749473354+5395.937054286964i) (-7522.6606994454705+5395.216352266445i) (-7522.575669499067+5394.495725814789i) (-7522.490659951976+5393.77517492037i) (-7522.405670216449+5393.054699956308i) (-7522.320700940911+5392.334300759328i) (-7522.235751691297+5391.613977408425i) (-7522.150822991093+5390.89372993713i) (-7522.065914400712+5390.1735581479315i) (-7521.981026362275+5389.4534613825535i) (-7521.896158622272+5388.733440640766i) (-7521.811310609364+5388.013495113148i) (-7521.726482876104+5387.293625793112i) (-7521.6416753703625+5386.573831932025i) (-7521.556888338772+5385.854113885277i) (-7521.472121482736+5385.134470990836i) (-7521.3873752924+5384.414903824912i) (-7521.3026486023155+5383.695411465547i) (-7521.21794222431+5382.975995037383i) (-7521.133255501041+5382.256654258112i) (-7521.048589356438+5381.537389110884i) (-7520.963943714675+5380.818199676439i) (-7520.879318329516+5380.099085015077i) (-7520.7947130889415+5379.380046047406i) (-7520.71012767124+5378.661081787098i) (-7520.625562432227+5377.942193422001i) (-7520.541016695798+5377.223380426449i) (-7520.456491942245+5376.504643139094i) (-7520.371986983948+5375.785981254688i) (-7520.287503116897+5375.067394061034i) (-7520.203038579655+5374.348882369685i) (-7520.118594341049+5373.630444856942i) (-7520.034169298198+5372.912083951108i) (-7519.949764329922+5372.193797682597i) (-7519.865380412888+5371.475588240354i) (-7519.7810160788085+5370.75745269699i) (-7519.696674126123+5370.039392315895i) (-7519.612349672572+5369.321406326331i) (-7519.528046863957+5368.603495552422i) (-7519.443760495554+5367.885659851094i) (-7519.359496650215+5367.167899828616i) (-7519.2752504971695+5366.450218174301i) (-7519.191029525111+5365.73260884819i) (-7519.106827806252+5365.015080152831i) (-7519.022652403016+5364.297608797104i) (-7518.938473196454+5363.580228208885i) (-7518.854343527017+5362.862924730715i) (-7518.770217701175+5362.145682318352i) (-7518.6861156305695+5361.428521722108i) (-7518.6020277582365+5360.711435578344i) (-7518.5179649135025+5359.994426495827i) (-7518.4339194749045+5359.277493390238i) (-7518.349898078764+5358.560633475449i) (-7518.265894818089+5357.84384917471i) (-7518.181912622868+5357.127136952158i) (-7518.097948630928+5356.4105019880735i) (-7518.014004649913+5355.693939818847i) (-7517.930080828457+5354.977455037113i) (-7517.846177043547+5354.261043682945i) (-7517.762294367527+5353.544708563996i) (-7517.678430453334+5352.828446151426i) (-7517.594587885773+5352.112258816165i) (-7517.510764073322+5351.3961475349515i) (-7517.42696002941+5350.680107968868i) (-7517.343175586675+5349.9641457852285i) (-7517.259411960062+5349.248258112638i) (-7517.175667812424+5348.532445047412i) (-7517.091944509545+5347.816705629581i) (-7517.008240578669+5347.101041381916i) (-7516.924556267261+5346.385451015522i) (-7516.840891648575+5345.669935906661i) (-7516.757246887591+5344.954495181156i) (-7516.673622744562+5344.239129443877i) (-7516.590017971437+5343.52383777485i) (-7516.50643356839+5342.808620625864i) (-7516.4228686198+5342.093477668517i) (-7516.339323553226+5341.378409155692i) (-7516.255798040066+5340.66341550552i) (-7516.172292472244+5339.948496204156i) (-7516.08880708863+5339.233651651217i) (-7516.005341499663+5338.5188810722875i) (-7515.921896204303+5337.80418494787i) (-7515.838470078229+5337.089562766039i) (-7515.75506409019+5336.3750150655915i) (-7515.671677228646+5335.660541825727i) (-7515.588310735807+5334.946142977786i) (-7515.504964044674+5334.231818797718i) (-7515.421637378787+5333.517568131172i) (-7515.338330163149+5332.803392233629i) (-7515.255043017767+5332.089289885666i) (-7515.171775333114+5331.375262380885i) (-7515.088527282349+5330.661308699858i) (-7515.005299413332+5329.947430021912i) (-7514.922091064321+5329.233624760531i) (-7514.838903233326+5328.5198938562735i) (-7514.755734583475+5327.806236694067i) (-7514.672585824599+5327.092653651669i) (-7514.589456164627+5326.379144641983i) (-7514.5063466039255+5325.665709782091i) (-7514.423256774742+5324.9523495011845i) (-7514.340186740641+5324.239063244438i) (-7514.257136309339+5323.525851115054i) (-7514.17410599896+5322.812712097545i) (-7514.0910956793105+5322.099647020503i) (-7514.008103293883+5321.386657077513i) (-7513.925132979422+5320.6737400632865i) (-7513.842180913055+5319.960897697037i) (-7513.759248795954+5319.2481290414835i) (-7513.676336159697+5318.535434077309i) (-7513.593444009351+5317.822812859597i) (-7513.510570980445+5317.1102658123655i) (-7513.427717975461+5316.397792314069i) (-7513.344884026726+5315.685392944035i) (-7513.262070264783+5314.973066857391i) (-7513.179275885489+5314.260815048988i) (-7513.096501172067+5313.548636699638i) (-7513.0137459360085+5312.836532248457i) (-7512.931010250919+5312.124501787434i) (-7512.848295037899+5311.412544701836i) (-7512.765598581776+5310.700661302039i) (-7512.682922279049+5309.988851952123i) (-7512.600265097952+5309.277115966306i) (-7512.517628124263+5308.565453608516i) (-7512.435010351477+5307.85386492913i) (-7512.352412409125+5307.142349810583i) (-7512.2698336988915+5306.430908347837i) (-7512.187274741045+5305.719540334641i) (-7512.104735394812+5305.008245969086i) (-7512.022215503085+5304.297025403237i) (-7511.939715632181+5303.585878072925i) (-7511.857234773002+5302.8748041342915i) (-7511.774773769652+5302.163803832434i) (-7511.692332096458+5301.452877189621i) (-7511.609910086438+5300.742023885186i) (-7511.527507752051+5300.031244097366i) (-7511.445124932825+5299.320537575771i) (-7511.362761717555+5298.609904488847i) (-7511.280417785998+5297.899344612366i) (-7511.198093616805+5297.188858267558i) (-7511.1157886734745+5296.4784452632375i) (-7511.033503422088+5295.768105674866i) (-7510.95123750121+5295.057839408915i) (-7510.8689913744065+5294.347646261153i) (-7510.78676477596+5293.6375266384075i) (-7510.704557288846+5292.927480361175i) (-7510.622369734186+5292.217506707931i) (-7510.540201503954+5291.507606198923i) (-7510.458052221783+5290.797780443051i) (-7510.375922867979+5290.088026151962i) (-7510.29381335271+5289.3783462051i) (-7510.211722755369+5288.668738609237i) (-7510.129652099458+5287.959204643896i) (-7510.047600262966+5287.249743345106i) (-7509.965568403628+5286.540355385846i) (-7509.883555592955+5285.831040558138i) (-7509.801562575192+5285.1217986528845i) (-7509.719588434809+5284.41262998433i) (-7509.637634174736+5283.703534230266i) (-7509.555699171704+5282.994511572479i) (-7509.47378346902+5282.285561859728i) (-7509.391887301119+5281.576685593567i) (-7509.310010424022+5280.8678816880965i) (-7509.228153649383+5280.159151348791i) (-7509.146315793789+5279.450492711008i) (-7509.06449682211+5278.741908089071i) (-7508.982697512821+5278.033395936021i) (-7508.900917755993+5277.324956730751i) (-7508.81915715202+5276.616590600377i) (-7508.737416125644+5275.908297155577i) (-7508.655694424242+5275.200076646214i) (-7508.573992091806+5274.491928698563i) (-7508.492308901853+5273.783853863526i) (-7508.410645564808+5273.07585124506i) (-7508.329000839635+5272.367921881149i) (-7508.247375505958+5271.66006506703i) (-7508.165770112605+5270.952281149372i) (-7508.084183554012+5270.244569935517i) (-7508.002616610396+5269.536931304442i) (-7507.921068798817+5268.829365505154i) (-7507.839540356882+5268.121871614819i) (-7507.75803108668+5267.41445126484i) (-7507.676541170704+5266.707103161361i) (-7507.595070532456+5265.9998278724925i) (-7507.5136191470765+5265.292624804794i) (-7507.432187295034+5264.58549473714i) (-7507.350774269718+5263.878436815719i) (-7507.26938084379+5263.171451624862i) (-7507.188006301813+5262.464538827933i) (-7507.1066515051925+5261.757698657302i) (-7507.0253155902465+5261.050931157419i) (-7506.943999287865+5260.344235626645i) (-7506.862701690606+5259.637613002496i) (-7506.781423876793+5258.931062414758i) (-7506.700164918311+5258.224584755984i) (-7506.618925054942+5257.518178927998i) (-7506.5377047973925+5256.811846163642i) (-7506.456503731113+5256.1055850777375i) (-7506.375321854018+5255.399397003765i) (-7506.29415863497+5254.693280513389i) (-7506.213015952422+5253.987236454809i) (-7506.131890981174+5253.28126559747i) (-7506.050785461629+5252.57536545552i) (-7505.969699900876+5251.869538641042i) (-7505.888632750629+5251.163784386018i) (-7505.807584905155+5250.45810159002i) (-7505.726556460155+5249.752491262619i) (-7505.645547144346+5249.046953199241i) (-7505.564556933978+5248.341487459905i) (-7505.483585802016+5247.636093765514i) (-7505.402634055907+5246.930772106518i) (-7505.32170159002+5246.225522660546i) (-7505.240788082211+5245.520345245998i) (-7505.15989372674+5244.815239633606i) (-7505.0790183755635+5244.1102061220445i) (-7504.998162148914+5243.405244600083i) (-7504.917324881868+5242.700355409513i) (-7504.8365065019825+5241.995537993788i) (-7504.755707425294+5241.290792917788i) (-7504.674927632039+5240.586119569633i) (-7504.59416665686+5239.8815184305595i) (-7504.513424490395+5239.1769893007295i) (-7504.43270224806+5238.472531960841i) (-7504.351998389377+5237.76814656181i) (-7504.271314102368+5237.063833178093i) (-7504.190648527349+5236.359591733213i) (-7504.110002547955+5235.655421594306i) (-7504.029375018012+5234.951324155778i) (-7503.948766783823+5234.247297625937i) (-7503.868177747019+5233.543343575874i) (-7503.787607523716+5232.839461055244i) (-7503.707056233277+5232.13565037082i) (-7503.626524091603+5231.43191125372i) (-7503.546010927382+5230.728244128334i) (-7503.465516844953+5230.024648702324i) (-7503.385041797773+5229.321125122085i) (-7503.304585658255+5228.617673068336i) (-7503.224148755196+5227.914292709864i) (-7503.143730564107+5227.210983964983i) (-7503.063331786732+5226.507747311584i) (-7502.982952118187+5225.804580930556i) (-7502.902589687368+5225.101486891226i) (-7502.822248005046+5224.3984655037575i) (-7502.741924737252+5223.6955144604635i) (-7502.661620690928+5222.99263575013i) (-7502.581335256861+5222.289827957221i) (-7502.501069127225+5221.587092146341i) (-7502.420821659763+5220.884427634087i) (-7502.340593369244+5220.181834708872i) (-7502.260383830673+5219.47931320585i) (-7502.180193379582+5218.776862846836i) (-7502.100021673366+5218.074484486227i) (-7502.019869205874+5217.372177095135i) (-7501.939735486261+5216.669941465685i) (-7501.859620634932+5215.9677767771955i) (-7501.779524725785+5215.265683737303i) (-7501.699447469914+5214.563661956904i) (-7501.619389373805+5213.861711613763i) (-7501.539349814264+5213.159832543555i) (-7501.459329541858+5212.458024704412i) (-7501.379327995441+5211.756288378759i) (-7501.299345451263+5211.054623077141i) (-7501.219381677751+5210.353029371846i) (-7501.139436786008+5209.651506602836i) (-7501.059510820154+5208.950055504827i) (-7500.979603437772+5208.248675240434i) (-7500.899715250431+5207.547366897781i) (-7500.819846764656+5206.84612707783i) (-7500.739994998241+5206.144961189464i) (-7500.660163045684+5205.443865671822i) (-7500.580350162736+5204.7428411309365i) (-7500.500555723522+5204.041887754502i) (-7500.4207806920995+5203.3410055133545i) (-7500.341023967406+5202.640194514313i) (-7500.261286509502+5201.939453829569i) (-7500.181567468801+5201.238785707312i) (-7500.101867610816+5200.538187219026i) (-7500.022186082873+5199.837659733189i) (-7499.942523573098+5199.137203805481i) (-7499.862879816543+5198.4368189948755i) (-7499.783254588297+5197.736504485576i) (-7499.703648755742+5197.036261276368i) (-7499.624061064225+5196.336088799738i) (-7499.544492673156+5195.635987462547i) (-7499.4649422388475+5194.935956923082i) (-7499.385411412996+5194.235997019139i) (-7499.305898790586+5193.536108498106i) (-7499.226405324494+5192.836290310239i) (-7499.146930172024+5192.136543359938i) (-7499.067473705032+5191.436866572715i) (-7498.9880365677855+5190.737261208021i) (-7498.908617375982+5190.037726444987i) (-7498.829217867779+5189.338262478563i) (-7498.749835756833+5188.638869082674i) (-7498.670473666247+5187.939546245886i) (-7498.591129473723+5187.240294765441i) (-7498.511804459893+5186.54111313054i) (-7498.432497460539+5185.842003168239i) (-7498.353209706932+5185.142962425706i) (-7498.273940775077+5184.443993852771i) (-7498.1946898847655+5183.745094674853i) (-7498.11545836993+5183.046267296172i) (-7498.036244155378+5182.347509170601i) (-7497.957050983156+5181.6488223838405i) (-7497.8778739282425+5180.950206249326i) (-7497.798717946236+5180.251660393553i) (-7497.719576710119+5179.5531857766555i) (-7497.640459011232+5178.8547774821045i) (-7497.561354732126+5178.1564486602665i) (-7497.482274463141+5177.458186311169i) (-7497.403211706759+5176.759987718051i) (-7497.324167328034+5176.06186774893i) (-7497.245138285378+5175.363813088868i) (-7497.166130944125+5174.66583171062i) (-7497.087140457314+5173.967919180463i) (-7497.00817056853+5173.270078215798i) (-7496.929217012961+5172.572307410925i) (-7496.850283653949+5171.874606295867i) (-7496.771367945314+5171.176976043244i) (-7496.692471665159+5170.479415689319i) (-7496.613593377774+5169.781926657445i) (-7496.5347338003085+5169.08450652274i) (-7496.455892788394+5168.387157544216i) (-7496.377070393899+5167.689878088912i) (-7496.29826661457+5166.992669719945i) (-7496.219480984293+5166.295530926719i) (-7496.140714324469+5165.598462472682i) (-7496.0619659375725+5164.901464141802i) (-7495.9832365663515+5164.204536156983i) (-7495.90452521127+5163.507678300739i) (-7495.825832547825+5162.810890388259i) (-7495.74715818136+5162.114172357579i) (-7495.668502765884+5161.41752466339i) (-7495.5898655887795+5160.72094737905i) (-7495.5112467912595+5160.024439570229i) (-7495.432646688543+5159.32800226498i) (-7495.3540648704075+5158.63163446749i) (-7495.275501990131+5157.935337429031i) (-7495.196957285176+5157.239109888008i) (-7495.1184310062445+5156.542952140506i) (-7495.039923086845+5155.846864717451i) (-7494.961434214655+5155.150847003477i) (-7494.8829630940545+5154.454899089167i) (-7494.804510944162+5153.759021191343i) (-7494.726076928553+5153.063213566208i) (-7494.647661274743+5152.367475417242i) (-7494.569264360776+5151.6718072815165i) (-7494.490885604859+5150.976208822934i) (-7494.412525589052+5150.280680353379i) (-7494.334183727992+5149.585221577864i) (-7494.255860618614+5148.8898328220985i) (-7494.177555655737+5148.194513501116i) (-7494.099269211831+5147.499264086913i) (-7494.021001055868+5146.804084331656i) (-7493.942751353011+5146.108974475711i) (-7493.864520001597+5145.413934285672i) (-7493.7863070991125+5144.718963716342i) (-7493.708112545192+5144.024062825778i) (-7493.629936485316+5143.3292316053785i) (-7493.551778774345+5142.634470025517i) (-7493.473639270302+5141.939778099601i) (-7493.395518307639+5141.245155704239i) (-7493.317415632962+5140.550603075638i) (-7493.239331382517+5139.856119892033i) (-7493.161265485479+5139.161706255019i) (-7493.083217737672+5138.467362200991i) (-7493.005188504498+5137.773087577116i) (-7492.927177644107+5137.078882473665i) (-7492.8491850287455+5136.384747029471i) (-7492.771210699393+5135.690680971792i) (-7492.693254753905+5134.996684365554i) (-7492.61531713592+5134.302757178486i) (-7492.537397847589+5133.608899463096i) (-7492.4594966808945+5132.915111162516i) (-7492.381613978892+5132.221392149313i) (-7492.303749515153+5131.52774269208i) (-7492.225903536768+5130.834162474025i) (-7492.148075657305+5130.140651790655i) (-7492.0702662483+5129.447210039927i) (-7491.992474549435+5128.753837760409i) (-7491.914701686754+5128.060535080936i) (-7491.8369469132285+5127.367301415452i) (-7491.759210285311+5126.674137058372i) (-7491.681491988564+5125.981042074641i) (-7491.603792383814+5125.288016200046i) (-7491.526110429082+5124.595059490352i) (-7491.448447043603+5123.90217204172i) (-7491.370801818423+5123.20935381691i) (-7491.293174723831+5122.516604376368i) (-7491.215565791189+5121.823924666558i) (-7491.137975099459+5121.131313755062i) (-7491.060402743395+5120.438772121139i) (-7490.982848723624+5119.746299508247i) (-7490.905312804905+5119.053896174528i) (-7490.827795138215+5118.361561433548i) (-7490.750295382145+5117.669296105783i) (-7490.672813973099+5116.977099677885i) (-7490.595350735094+5116.2849722665715i) (-7490.517905834776+5115.592914085412i) (-7490.44047884106+5114.900924703141i) (-7490.363070492668+5114.209004375637i) (-7490.285679626853+5113.517152735968i) (-7490.208307497876+5112.825370607919i) (-7490.130953313657+5112.13365692519i) (-7490.053617438034+5111.442012352282i) (-7489.976299543655+5110.750436395719i) (-7489.89899967487+5110.058929449285i) (-7489.82171808008+5109.36749155444i) (-7489.744454548372+5108.676122297553i) (-7489.667209269631+5107.984821973015i) (-7489.589982031936+5107.293590401935i) (-7489.512773087069+5106.602427659374i) (-7489.435581876698+5105.911333468262i) (-7489.3584089834485+5105.220308482248i) (-7489.28125416285+5104.5293519192865i) (-7489.204117593518+5103.838464489352i) (-7489.126998892474+5103.147645185407i) (-7489.049898884695+5102.456895080315i) (-7488.97281608646+5101.76621314526i) (-7488.895751789338+5101.075600040233i) (-7488.8187056563065+5100.385056011318i) (-7488.741677450582+5099.694580107656i) (-7488.664667015319+5099.004172928386i) (-7488.587674816483+5098.313834713455i) (-7488.51070106615+5097.62356461666i) (-7488.433745079217+5096.933363271054i) (-7488.356807283006+5096.243230290198i) (-7488.279887330776+5095.55316617849i) (-7488.202985520542+5094.863170531307i) (-7488.126101668005+5094.173243006564i) (-7488.049235745881+5093.483384438121i) (-7487.972387763692+5092.79359389767i) (-7487.8955579985395+5092.10387224628i) (-7487.818746492144+5091.41421891568i) (-7487.74195263326+5090.72463405285i) (-7487.665176934837+5090.035117470989i) (-7487.58841909279+5089.345669230994i) (-7487.511679490061+5088.656289500695i) (-7487.434957695619+5087.966978113919i) (-7487.35825382757+5087.277734902704i) (-7487.2815679370415+5086.588560056692i) (-7487.204900282218+5085.899453517447i) (-7487.12825034518+5085.210415409822i) (-7487.051618433785+5084.5214456239555i) (-7486.9750042531405+5083.832544121818i) (-7486.898408213081+5083.143710521215i) (-7486.821830717273+5082.454945392337i) (-7486.745269947515+5081.766248157964i) (-7486.668728005695+5081.077619573142i) (-7486.592203747884+5080.389059150874i) (-7486.515697207284+5079.700566833362i) (-7486.439208968084+5079.012142218151i) (-7486.362738377217+5078.323786214091i) (-7486.286285910923+5077.635498210831i) (-7486.209851300721+5076.947278458765i) (-7486.1334343855715+5076.2591265266965i) (-7486.057035620104+5075.571042706854i) (-7485.980654491481+5074.883026968705i) (-7485.904291522663+5074.195079515346i) (-7485.827946430812+5073.507199397917i) (-7485.751618404678+5072.819387734575i) (-7485.67530932196+5072.1316446074115i) (-7485.599017742433+5071.443968756525i) (-7485.522744146365+5070.756361259375i) (-7485.446488072965+5070.068821316832i) (-7485.370250290673+5069.381349372214i) (-7485.294030020535+5068.6939455124675i) (-7485.217827823876+5068.006609315052i) (-7485.141642938715+5067.3193412988385i) (-7485.06547647986+5066.63214037145i) (-7484.989327532981+5065.9450088755775i) (-7484.913196832933+5065.257944333727i) (-7484.837083684215+5064.570946704774i) (-7484.760988430925+5063.88401815732i) (-7484.684910668552+5063.19715674469i) (-7484.608851029232+5062.510363297208i) (-7484.532808985319+5061.823637416139i) (-7484.456785049428+5061.136979461894i) (-7484.380778509178+5060.4503892026605i) (-7484.3047900364+5059.763866548034i) (-7484.228819144885+5059.077411648564i) (-7484.152866162751+5058.3910244728595i) (-7484.0769308471245+5057.704705012533i) (-7484.001013423729+5057.0184530514025i) (-7483.925113679829+5056.3322688038i) (-7483.8492320229825+5055.64615248242i) (-7483.773368193938+5054.960102564074i) (-7483.6975209150005+5054.274121171716i) (-7483.621692582259+5053.588207452062i) (-7483.545881479525+5052.902360971777i) (-7483.47008836374+5052.216582152111i) (-7483.39431275763+5051.530870713406i) (-7483.318555201183+5050.845226850625i) (-7483.242814953832+5050.1596503292i) (-7483.167092800119+5049.474141460037i) (-7483.091387988219+5048.7886999520015i) (-7483.015701207273+5048.10332595694i) (-7482.940031825001+5047.418019196186i) (-7482.864380605737+5046.73277999562i) (-7482.7887464929045+5046.047608249982i) (-7482.713130576476+5045.362503604244i) (-7482.637531916885+5044.677466588477i) (-7482.5619513804195+5043.992496695694i) (-7482.486388491189+5043.307594714876i) (-7482.4108423776825+5042.622759055539i) (-7482.335314793849+5041.937991185374i) (-7482.259804567861+5041.2532904729915i) (-7482.184312297449+5040.568657302822i) (-7482.10883761978+5039.8840911676725i) (-7482.033380212992+5039.199592294864i) (-7481.957940698016+5038.515160664537i) (-7481.882518857446+5037.830796028066i) (-7481.80711468386+5037.146498812668i) (-7481.731727625827+5036.4622688246245i) (-7481.656359245803+5035.778105771521i) (-7481.5810073075145+5035.094009932399i) (-7481.505673681552+5034.409981139215i) (-7481.430357411862+5033.726019734044i) (-7481.355058993757+5033.042125046122i) (-7481.279777911481+5032.358297808891i) (-7481.204514652265+5031.6745373427675i) (-7481.1292688674275+5030.990843727837i) (-7481.054040565188+5030.307217376242i) (-7480.978829913314+5029.623658001786i) (-7480.90363677477+5028.940165807159i) (-7480.828461241242+5028.256740396024i) (-7480.753303382991+5027.573381864044i) (-7480.678162848991+5026.890090514666i) (-7480.603040193741+5026.206865984467i) (-7480.527934858236+5025.523708227788i) (-7480.452847098528+5024.840617572028i) (-7480.377776867235+5024.157593721396i) (-7480.302724284125+5023.474636728388i) (-7480.227689141339+5022.791746564144i) (-7480.152671620009+5022.108923240681i) (-7480.077671479715+5021.426166699645i) (-7480.002688943838+5020.743476969543i) (-7479.927723802389+5020.060853960532i) (-7479.852776239268+5019.378297839012i) (-7479.777846130483+5018.69580854914i) (-7479.7029335564885+5018.013385746662i) (-7479.628038410112+5017.3310298942415i) (-7479.553160792265+5016.648740578887i) (-7479.478300652766+5015.966518320154i) (-7479.403457713888+5015.284362415534i) (-7479.3286327276155+5014.602273522211i) (-7479.253825390893+5013.920250969993i) (-7479.179034930804+5013.238295150152i) (-7479.104262342241+5012.556405790812i) (-7479.029507046139+5011.874583201535i) (-7478.954769285015+5011.192827064459i) (-7478.880048859132+5010.511137602457i) (-7478.805345753026+5009.829514441984i) (-7478.7306603976685+5009.147957998461i) (-7478.655992065898+5008.466468248592i) (-7478.581341691912+5007.785045061336i) (-7478.5067084398415+5007.103687609996i) (-7478.432092310641+5006.422397629149i) (-7478.357493896202+5005.741173430038i) (-7478.2829131615035+5005.060015935056i) (-7478.208349427923+5004.378924891749i) (-7478.133803261728+5003.697900271617i) (-7478.059274246866+5003.016941980765i) (-7477.984763116125+5002.336050172208i) (-7477.910269009372+5001.655224513719i) (-7477.835792451993+5000.9744654596125i) (-7477.7613330832755+5000.293772479765i) (-7477.686891258736+4999.61314591954i) (-7477.612466433509+4998.932585533974i) (-7477.538059437025+4998.252092031206i) (-7477.463669410685+4997.571664088591i) (-7477.389296941631+4996.891302913844i) (-7477.314941745015+4996.211007747144i) (-7477.240604274933+4995.530778986324i) (-7477.166283713163+4994.850616306538i) (-7477.091980739728+4994.170519637324i) (-7477.0176948776025+4993.490489211717i) (-7476.943426629843+4992.810525444907i) (-7476.86917524645+4992.130627129171i) (-7476.794941498785+4991.450795260185i) (-7476.720725120165+4990.771029901446i) (-7476.646526276529+4990.0913300312195i) (-7476.572344257139+4989.411696474364i) (-7476.498179935868+4988.732128661456i) (-7476.424032294841+4988.052627466563i) (-7476.349902377095+4987.373191899071i) (-7476.275789518631+4986.693822751489i) (-7476.201694234054+4986.014519296887i) (-7476.127616004094+4985.33528199434i) (-7476.053555364124+4984.656110426133i) (-7475.979511433817+4983.977005044576i) (-7475.905485324869+4983.297965149682i) (-7475.831475936629+4982.618992080031i) (-7475.757484283335+4981.940084357648i) (-7475.68350960928+4981.261242835219i) (-7475.609552329694+4980.582466760605i) (-7475.535612280623+4979.903757078774i) (-7475.461689512916+4979.22511249016i) (-7475.387783580282+4978.546534364506i) (-7475.313895241652+4977.86802185216i) (-7475.24002398182+4977.1895753890385i) (-7475.166170033226+4976.5111943792435i) (-7475.092333198804+4975.832879490873i) (-7475.018513679341+4975.154629905293i) (-7474.944711202641+4974.4764466005245i) (-7474.870925975303+4973.798328438948i) (-7474.797157943757+4973.12027667482i) (-7474.723407127711+4972.442289924217i) (-7474.649673685027+4971.764369582344i) (-7474.575957143589+4971.086514198864i) (-7474.50225791942+4970.408725041508i) (-7474.428575740225+4969.731000816497i) (-7474.3549107634635+4969.053343121243i) (-7474.281262790201+4968.375750123909i) (-7474.2076323648425+4967.698223872798i) (-7474.134018555224+4967.020761934038i) (-7474.060422719786+4966.343366649473i) (-7473.986843055432+4965.666035690818i) (-7473.91328145314+4964.988771793202i) (-7473.839735778055+4964.3115715333315i) (-7473.766208820569+4963.634438766861i) (-7473.6926969573615+4962.9573691517735i) (-7473.619205301259+4962.280367683616i) (-7473.545724686309+4961.603425052789i) (-7473.472261528723+4960.926563196015i) (-7473.3988289683075+4960.2497555140935i) (-7473.325400394697+4959.5730113740365i) (-7473.251993711836+4958.89633648096i) (-7473.1786012531065+4958.219725486936i) (-7473.10522840447+4957.543181399203i) (-7473.031870473299+4956.866701763714i) (-7472.958531872133+4956.190287786102i) (-7472.885208799653+4955.513938963246i) (-7472.811903794463+4954.837655535135i) (-7472.738614586872+4954.161436649038i) (-7472.665343721659+4953.485283825709i) (-7472.592088697906+4952.80919611534i) (-7472.518851731131+4952.133173691532i) (-7472.445631055348+4951.457216432753i) (-7472.372428308341+4950.781324436387i) (-7472.299241682013+4950.105497729683i) (-7472.2260726483+4949.429735935299i) (-7472.152920187998+4948.754039443923i) (-7472.079785222535+4948.078408170881i) (-7472.006666964002+4947.402842180592i) (-7471.933565965255+4946.727340954444i) (-7471.860481683187+4946.051905144133i) (-7471.787414786757+4945.376534092992i) (-7471.714364670776+4944.7012284277525i) (-7471.641331637363+4944.025987684987i) (-7471.568315350663+4943.350812040668i) (-7471.495316206635+4942.675701396895i) (-7471.422334392406+4942.000655820368i) (-7471.34936919692+4941.325675165066i) (-7471.276420818762+4940.650759737521i) (-7471.203489394282+4939.975908864026i) (-7471.130575264609+4939.301123056447i) (-7471.057678187673+4938.626402502728i) (-7470.984797507824+4937.951746784435i) (-7470.911934007716+4937.2771557549i) (-7470.839087695513+4936.602629326326i) (-7470.766258983911+4935.928168660185i) (-7470.693445893063+4935.253772905623i) (-7470.6206493961035+4934.579440478976i) (-7470.547871516472+4933.905174623201i) (-7470.475111036427+4933.230972474604i) (-7470.402363905594+4932.556834073036i) (-7470.329637319997+4931.882762861062i) (-7470.256925810259+4931.208756007445i) (-7470.184231382237+4930.534813222956i) (-7470.111553876239+4929.860934988271i) (-7470.038893957303+4929.187121638919i) (-7469.966250424525+4928.513373585383i) (-7469.893623867266+4927.839689822153i) (-7469.821014064448+4927.166070925366i) (-7469.748421498165+4926.492516274065i) (-7469.675845705967+4925.819026822867i) (-7469.603286700126+4925.145601549188i) (-7469.530744526028+4924.472241116915i) (-7469.4582191511145+4923.798944838117i) (-7469.385710878352+4923.125713582459i) (-7469.3132191888235+4922.45254674737i) (-7469.240744363417+4921.779444708574i) (-7469.168286319719+4921.1064068201695i) (-7469.095845090963+4920.433433972484i) (-7469.023421029933+4919.76052542919i) (-7468.9510133681815+4919.087682013091i) (-7468.878623897451+4918.414902323879i) (-7468.806249121375+4917.742185969238i) (-7468.733892274915+4917.069536170672i) (-7468.661552264343+4916.396949830178i) (-7468.589229055138+4915.724428114291i) (-7468.516922398032+4915.051970788408i) (-7468.444632936557+4914.379578044477i) (-7468.372359826321+4913.707248972648i) (-7468.300103831506+4913.034984785643i) (-7468.227864354303+4912.362784867054i) (-7468.155641676793+4911.690649488211i) (-7468.0834360444405+4911.0185782111375i) (-7468.011247025797+4910.346571226221i) (-7467.939074792822+4909.6746287013975i) (-7467.866919305288+4909.002750377719i) (-7467.79478055374+4908.330936110095i) (-7467.722658475457+4907.659186261899i) (-7467.650553322254+4906.987500647328i) (-7467.578464746252+4906.315879390537i) (-7467.50639273906+4905.644322220437i) (-7467.434337881973+4904.972829391264i) (-7467.362300184069+4904.301400527371i) (-7467.290278102078+4903.6300361585345i) (-7467.218273709374+4902.95873533654i) (-7467.146285717821+4902.287499173978i) (-7467.074314675215+4901.616326576508i) (-7467.002360081031+4900.945218419831i) (-7466.930422106314+4900.27417373144i) (-7466.858500971838+4899.603193533055i) (-7466.786596160837+4898.932277159263i) (-7466.714708126932+4898.261425045753i) (-7466.642836494724+4897.590636990679i) (-7466.570981745992+4896.919912950327i) (-7466.499143476359+4896.249253134169i) (-7466.427322072957+4895.578657360178i) (-7466.355517256121+4894.908125724175i) (-7466.2837294367455+4894.237657880806i) (-7466.211958276789+4893.567254353653i) (-7466.140204162146+4892.896914326928i) (-7466.0684663888915+4892.226638047842i) (-7465.996745398534+4891.556425634779i) (-7465.925041046015+4890.88627711435i) (-7465.853353117776+4890.21619240574i) (-7465.781681892274+4889.546171472874i) (-7465.710027106279+4888.876214286917i) (-7465.6383890550815+4888.206321293117i) (-7465.566767892004+4887.536491905283i) (-7465.495162784053+4886.86672602699i) (-7465.423574538693+4886.197024492803i) (-7465.352002907815+4885.527386371189i) (-7465.280448136606+4884.857812442338i) (-7465.208909693632+4884.188301856151i) (-7465.137388174617+4883.518854971512i) (-7465.065883039562+4882.849471540354i) (-7464.994394540878+4882.18015196086i) (-7464.9229223188+4881.510896050014i) (-7464.851466759097+4880.841703862001i) (-7464.780027753739+4880.172575449246i) (-7464.708605573796+4879.503510609563i) (-7464.63719967253+4878.834509865016i) (-7464.565810909704+4878.165572122376i) (-7464.49443858881+4877.496697972725i) (-7464.423082520068+4876.827887222811i) (-7464.351743323466+4876.159139997455i) (-7464.280420371013+4875.490456315219i) (-7464.209113796819+4874.821836308908i) (-7464.137823739813+4874.153279630928i) (-7464.0665504515455+4873.484786796397i) (-7463.995293555589+4872.816357504098i) (-7463.924053276747+4872.147991154021i) (-7463.852829285845+4871.479688837866i) (-7463.781622245229+4870.811449517302i) (-7463.7104314733915+4870.143274053378i) (-7463.639257399941+4869.47516146572i) (-7463.568099702752+4868.807112663969i) (-7463.496958415775+4868.1391267544095i) (-7463.4258338421+4867.471204557648i) (-7463.354725378678+4866.803345616862i) (-7463.283633763795+4866.135549924117i) (-7463.212558043133+4865.4678175967665i) (-7463.141499428668+4864.800148373781i) (-7463.070456835958+4864.132543002312i) (-7462.9994309690155+4863.465000374582i) (-7462.928421340288+4862.797521735989i) (-7462.857428321434+4862.130105322564i) (-7462.786452206834+4861.462754107393i) (-7462.715493697305+4860.795462702675i) (-7462.6445480058965+4860.128236376744i) (-7462.573621265321+4859.461073473971i) (-7462.502710225183+4858.793973500642i) (-7462.431816159158+4858.126936803392i) (-7462.360938085746+4857.459963095543i) (-7462.290076454471+4856.79305253025i) (-7462.219231404249+4856.126205080526i) (-7462.148402724881+4855.459420880757i) (-7462.077590518496+4854.792699735092i) (-7462.006794548273+4854.1260414967255i) (-7461.936015127297+4853.459446221201i) (-7461.865252267851+4852.792914062558i) (-7461.794505640198+4852.126445020025i) (-7461.72377543282+4851.460038850671i) (-7461.653061442378+4850.793695670371i) (-7461.582363939986+4850.127415450884i) (-7461.511682759659+4849.461198382781i) (-7461.441017913166+4848.795044058118i) (-7461.370369409399+4848.128952946696i) (-7461.299737434752+4847.462924337225i) (-7461.229121994687+4846.796959186481i) (-7461.158522766911+4846.131056433703i) (-7461.087939754495+4845.465216450409i) (-7461.017373089447+4844.799439775633i) (-7460.94682285605+4844.133725765097i) (-7460.876288613411+4843.46807453686i) (-7460.805771546161+4842.8024857702385i) (-7460.735269567704+4842.13696038559i) (-7460.664784574139+4841.471497680027i) (-7460.594316403685+4840.8060974060845i) (-7460.523863711333+4840.140760085819i) (-7460.453427439188+4839.4754862496675i) (-7460.383008571103+4838.810274277842i) (-7460.312604748499+4838.145124712623i) (-7460.2422178671595+4837.480038772559i) (-7460.171846982117+4836.815014948869i) (-7460.1014925630925+4836.150053728947i) (-7460.03115420083+4835.485155168456i) (-7459.960832573264+4834.820319608058i) (-7459.890526720357+4834.155545990009i) (-7459.820236951806+4833.490835743123i) (-7459.749963896918+4832.826187829241i) (-7459.679707195587+4832.161602501909i) (-7459.609466066197+4831.497079657282i) (-7459.539241975477+4830.8326197230235i) (-7459.469033821946+4830.168221706984i) (-7459.3988421247095+4829.503886590778i) (-7459.328666419092+4828.8396137539285i) (-7459.2585072668135+4828.175403599694i) (-7459.188364043288+4827.51125587367i) (-7459.118237280367+4826.8471707002755i) (-7459.048126376834+4826.183148089715i) (-7458.978031617533+4825.519187716234i) (-7458.907952142085+4824.85528996428i) (-7458.837892748919+4824.191454703418i) (-7458.767845959284+4823.5276813745895i) (-7458.697816080037+4822.863970606617i) (-7458.627802609213+4822.200322048738i) (-7458.557805345943+4821.536735834885i) (-7458.487824555401+4820.873211930818i) (-7458.417859668854+4820.209750612728i) (-7458.347911052538+4819.546351472541i) (-7458.277978402462+4818.883014847412i) (-7458.208062084081+4818.219740311041i) (-7458.138161915739+4817.556528233646i) (-7458.068277786947+4816.893378128958i) (-7457.998409930261+4816.230290583712i) (-7457.928558197398+4815.567264803778i) (-7457.858722895381+4814.90430153482i) (-7457.788903428272+4814.241400497468i) (-7457.719100543649+4813.578561599578i) (-7457.649313233447+4812.915784611641i) (-7457.579542481957+4812.2530699103945i) (-7457.50978751462+4811.590417319776i) (-7457.440048922105+4810.927827010922i) (-7457.370326151471+4810.265298629414i) (-7457.300619844666+4809.602832256053i) (-7457.23092955171+4808.940428206767i) (-7457.161255433289+4808.278086184711i) (-7457.091597145123+4807.6158062173745i) (-7457.021955092315+4806.953588071673i) (-7456.952329621201+4806.291432315493i) (-7456.882719530656+4805.62933812605i) (-7456.813126267171+4804.967306136495i) (-7456.743548054546+4804.305336047143i) (-7456.673986884651+4803.643427763071i) (-7456.604441302414+4802.981581935935i) (-7456.534912002264+4802.319797427314i) (-7456.465398434379+4801.658075729364i) (-7456.395901108463+4800.996414678836i) (-7456.326420321814+4800.334816604788i) (-7456.256954830831+4799.6732797527775i) (-7456.187506405425+4799.01180578641i) (-7456.118071951472+4798.350392173651i) (-7456.048658360445+4797.689040341909i) (-7455.979254197917+4797.027750472763i) (-7455.909867712755+4796.366525171613i) (-7455.840502176716+4795.7053581999835i) (-7455.7711481626975+4795.044255423947i) (-7455.70181137363+4794.383212192712i) (-7455.632490264348+4793.7222322357575i) (-7455.563185565966+4793.061313262638i) (-7455.4938969026125+4792.400457028114i) (-7455.424623970711+4791.739661647201i) (-7455.355367531403+4791.078928179978i) (-7455.286126689328+4790.418256083686i) (-7455.216902182117+4789.757645898707i) (-7455.147693243953+4789.097097061626i) (-7455.0785005061325+4788.436610223606i) (-7455.009323264432+4787.776184757955i) (-7454.940162734689+4787.115820929204i) (-7454.8710177553585+4786.455519190849i) (-7454.801888682135+4785.795278563661i) (-7454.732776051949+4785.135099500606i) (-7454.663678945357+4784.474981827984i) (-7454.594598162902+4783.8149260745895i) (-7454.52553282683+4783.154931631259i) (-7454.456483937911+4782.4949987474165i) (-7454.387450812193+4781.835127138145i) (-7454.318433616838+4781.175317086647i) (-7454.249432164368+4780.515568746031i) (-7454.180446783682+4779.855881514047i) (-7454.1114772622395+4779.196256012346i) (-7454.042523841085+4778.536691692737i) (-7453.973586129395+4777.877189102704i) (-7453.904664572257+4777.217747666682i) (-7453.835758923179+4776.55836762681i) (-7453.766869009114+4775.899048836659i) (-7453.697995157614+4775.239791542867i) (-7453.629137074165+4774.580595557009i) (-7453.560294879788+4773.921460898247i) (-7453.491468581513+4773.262387380929i) (-7453.4226583550035+4772.6033752083795i) (-7453.353863810642+4771.94442444656i) (-7453.285084864843+4771.285534872318i) (-7453.2163224930855+4770.626706437565i) (-7453.147575460772+4769.967939773766i) (-7453.078844584474+4769.309233631288i) (-7453.010129386532+4768.650588965259i) (-7452.941430260062+4767.9920056226565i) (-7452.872746813453+4767.333483232785i) (-7452.804079211385+4766.675021830034i) (-7452.7354275000525+4766.016621854282i) (-7452.666791498223+4765.358283014846i) (-7452.598171320509+4764.7000052474505i) (-7452.529566939114+4764.041788701287i) (-7452.460978669952+4763.383633110454i) (-7452.392406084218+4762.725538752602i) (-7452.323849329685+4762.067505285021i) (-7452.255308415864+4761.409533040065i) (-7452.186783262425+4760.751621713155i) (-7452.118274164645+4760.093771541946i) (-7452.049780621693+4759.435982341944i) (-7451.981303185025+4758.778253846285i) (-7451.912840955588+4758.120586363011i) (-7451.84439520527+4757.462979620555i) (-7451.775963662982+4756.805434763294i) (-7451.707550681673+4756.147950796453i) (-7451.639151351566+4755.490526277055i) (-7451.570768507856+4754.833163866686i) (-7451.502400919711+4754.175862022562i) (-7451.434049780142+4753.518621066635i) (-7451.365713446102+4752.861441116288i) (-7451.297393928304+4752.204322727979i) (-7451.229090102867+4751.547263740951i) (-7451.160801475579+4750.890266180886i) (-7451.09252896181+4750.233329571659i) (-7451.024271864816+4749.576453623801i) (-7450.956030809806+4748.919638594107i) (-7450.887805214408+4748.262884145811i) (-7450.819595512554+4747.606190648867i) (-7450.7514014197695+4746.94955774984i) (-7450.683223330167+4746.292985641445i) (-7450.615060785047+4745.636474152992i) (-7450.546914107783+4744.980023481183i) (-7450.478782932709+4744.323633298974i) (-7450.410667469628+4743.667303812818i) (-7450.342567600007+4743.011035221622i) (-7450.274483696942+4742.354827118765i) (-7450.20641529364+4741.698679737994i) (-7450.138362768949+4741.04259286202i) (-7450.070325838817+4740.38656657235i) (-7450.002304722714+4739.73060089864i) (-7449.934299130243+4739.074695831136i) (-7449.866309099914+4738.418851151703i) (-7449.798334962045+4737.763067387346i) (-7449.730376418314+4737.107343863567i) (-7449.66243358389+4736.451680803857i) (-7449.594506376697+4735.79607824485i) (-7449.526594700914+4735.140536111616i) (-7449.458698760391+4734.485054538003i) (-7449.390818172307+4733.82963364473i) (-7449.322953854881+4733.1742731865415i) (-7449.255104708427+4732.518972953709i) (-7449.187271471665+4731.86373322351i) (-7449.1194536044595+4731.208553680889i) (-7449.051651593843+4730.553434751593i) (-7448.983865000906+4729.898376110352i) (-7448.916094165857+4729.243377940513i) (-7448.848338903177+4728.588440024929i) (-7448.780599234704+4727.9335624574i) (-7448.712875120607+4727.2787453927i) (-7448.645166791488+4726.623988184727i) (-7448.577473583779+4725.969291496875i) (-7448.509796335538+4725.314655200744i) (-7448.4421343359845+4724.660079353569i) (-7448.374488717669+4724.005563884179i) (-7448.306858444367+4723.3511081252855i) (-7448.239244181163+4722.69671299837i) (-7448.17164457149+4722.042377137646i) (-7448.10406029359+4721.388101401892i) (-7448.036491716681+4720.7338867970975i) (-7447.9689385727115+4720.079732069953i) (-7447.901401723006+4719.42563806834i) (-7447.833880353752+4718.771604357106i) (-7447.7663744961565+4718.117630512759i) (-7447.6988852275335+4717.463716039473i) (-7447.631410160636+4716.8098614640285i) (-7447.563950467868+4716.15606705078i) (-7447.496506466392+4715.502332832364i) (-7447.429077665247+4714.848659062798i) (-7447.361664588507+4714.195045605024i) (-7447.294267258392+4713.541492150092i) (-7447.226885831238+4712.887998622315i) (-7447.159519842611+4712.23456492677i) (-7447.09216933903+4711.581191009159i) (-7447.024834038223+4710.927877050221i) (-7446.957514216697+4710.274622964997i) (-7446.890209933823+4709.621429220837i) (-7446.822921182689+4708.968295245285i) (-7446.755647990476+4708.315221315227i) (-7446.688390323532+4707.66220723027i) (-7446.621148312763+4707.009253010397i) (-7446.553921271925+4706.356358442922i) (-7446.486709834082+4705.703524226777i) (-7446.419514158032+4705.050749439741i) (-7446.352333805489+4704.3980345393875i) (-7446.285168929811+4703.745379479049i) (-7446.218019556184+4703.092784128322i) (-7446.150885529982+4702.44024865867i) (-7446.08376690421+4701.78777293203i) (-7446.016663667812+4701.135357119778i) (-7445.949575875331+4700.483001050144i) (-7445.88250347895+4699.830704542932i) (-7445.815446891648+4699.178468003573i) (-7445.748406155323+4698.526291234346i) (-7445.681379948803+4697.874173809138i) (-7445.614369607596+4697.222116144334i) (-7445.547374509526+4696.570118222488i) (-7445.48039486254+4695.918180090333i) (-7445.413430446364+4695.266301408095i) (-7445.34648153218+4694.614482356341i) (-7445.2795479746155+4693.962722894026i) (-7445.212629845959+4693.311022977485i) (-7445.145727337356+4692.6593828285395i) (-7445.078839832351+4692.007802015483i) (-7445.011968341322+4691.356280949129i) (-7444.9451114391795+4690.704819625582i) (-7444.87827022781+4690.053417890451i) (-7444.81144467314+4689.402075199355i) (-7444.7446342334515+4688.7507921782435i) (-7444.677839317591+4688.09956837627i) (-7444.6110598164505+4687.448404253941i) (-7444.544295683836+4686.797299600114i) (-7444.477546701562+4686.146254688743i) (-7444.4108134414155+4685.495269322428i) (-7444.34409482232+4684.844343256004i) (-7444.277391673955+4684.193476667964i) (-7444.210703492669+4683.5426689617125i) (-7444.144031558213+4682.891920719777i) (-7444.077374575706+4682.241231779677i) (-7444.010734086052+4681.590601427657i) (-7443.944110182134+4680.940032295965i) (-7443.877493612626+4680.289521251893i) (-7443.810900276566+4679.639069770545i) (-7443.744321430134+4678.988677817259i) (-7443.677755792392+4678.338345218279i) (-7443.611206462804+4677.688072327737i) (-7443.544671426795+4677.037858133379i) (-7443.478152425288+4676.38770285134i) (-7443.411648257569+4675.737606674732i) (-7443.345159959635+4675.087569672856i) (-7443.278686592674+4674.437592230503i) (-7443.212228883685+4673.787673920227i) (-7443.145786352824+4673.137815198836i) (-7443.079359129486+4672.488015340117i) (-7443.012946925414+4671.838274845817i) (-7442.946550100383+4671.188593167701i) (-7442.880168449863+4670.538970565891i) (-7442.813802062931+4669.889407093465i) (-7442.74745097794+4669.239902694586i) (-7442.68111517344+4668.590457616594i) (-7442.614794686525+4667.941071481652i) (-7442.5484893588855+4667.291744493332i) (-7442.482199166617+4666.642476371071i) (-7442.415924194459+4665.993267351008i) (-7442.349664356384+4665.344117281733i) (-7442.283420077882+4664.695026229079i) (-7442.217190805097+4664.045994132865i) (-7442.150976941581+4663.397021137496i) (-7442.084778285675+4662.748106948341i) (-7442.018594902512+4662.099251642543i) (-7441.952426556025+4661.450455561924i) (-7441.886273153059+4660.801718181094i) (-7441.820135112187+4660.1530398416435i) (-7441.75401232911+4659.504420263486i) (-7441.687904735084+4658.8558595258155i) (-7441.621812368968+4658.207357942597i) (-7441.555735422204+4657.558915014545i) (-7441.489673378097+4656.910530942945i) (-7441.423626450898+4656.262205721861i) (-7441.357595218818+4655.6139394679285i) (-7441.291578639229+4654.965730735962i) (-7441.225576445511+4654.317582392632i) (-7441.159590975647+4653.669492334757i) (-7441.093619789803+4653.021460716285i) (-7441.027664107097+4652.373488077041i) (-7440.961723310065+4651.725574164195i) (-7440.895797820554+4651.077719089615i) (-7440.829887273613+4650.429922563817i) (-7440.763992110542+4649.782184608028i) (-7440.698111702044+4649.134505560644i) (-7440.632246879075+4648.486884997288i) (-7440.566396950213+4647.839323143118i) (-7440.500562253195+4647.191819956937i) (-7440.434742606849+4646.544375370324i) (-7440.368938174875+4645.896989331841i) (-7440.303148768453+4645.249661936682i) (-7440.237374340798+4644.602392703635i) (-7440.171614817837+4643.955182659647i) (-7440.105870729382+4643.308030695776i) (-7440.04014185879+4642.660937627108i) (-7439.974427703325+4642.013903072341i) (-7439.908729006853+4641.366926698491i) (-7439.8430453081155+4640.720009230718i) (-7439.777376521173+4640.073149958174i) (-7439.711722811587+4639.426349436308i) (-7439.6460842657225+4638.779606881468i) (-7439.580460775489+4638.132923302743i) (-7439.514852337341+4637.486297745187i) (-7439.449258872088+4636.839731048751i) (-7439.383680801633+4636.193222457608i) (-7439.318117619653+4635.546772258638i) (-7439.252569368831+4634.900380388743i) (-7439.187036224056+4634.254046948115i) (-7439.1215180113195+4633.607771834338i) (-7439.056014800911+4632.961554909335i) (-7438.99052692376+4632.315396682257i) (-7438.925053900102+4631.669296390134i) (-7438.859596032852+4631.023254617242i) (-7438.794152907323+4630.37727093914i) (-7438.728724960176+4629.731345645987i) (-7438.663311939796+4629.085478805007i) (-7438.597913962016+4628.439669849925i) (-7438.532530894385+4627.793919264892i) (-7438.467163215924+4627.148227397091i) (-7438.401810608213+4626.502592912672i) (-7438.336472313794+4625.857016932203i) (-7438.271149649066+4625.211499087378i) (-7438.205841584617+4624.566039530633i) (-7438.1405487625925+4623.920637838644i) (-7438.075270702255+4623.275294442043i) (-7438.010007582814+4622.630008939999i) (-7437.944759418851+4621.984781845717i) (-7437.879526077292+4621.339612724636i) (-7437.814307877803+4620.694501891785i) (-7437.749104583048+4620.049449082318i) (-7437.683916304945+4619.404454478185i) (-7437.618743149485+4618.75951783884i) (-7437.553584870118+4618.114639302403i) (-7437.488441538222+4617.469818651458i) (-7437.4233131906185+4616.825055990666i) (-7437.358199932493+4616.180351268431i) (-7437.2931015755275+4615.535704642283i) (-7437.2280180740345+4614.89111563358i) (-7437.162949493137+4614.246584790164i) (-7437.0978956199015+4613.6021115914555i) (-7437.032856693679+4612.957696692678i) (-7436.967833181623+4612.313339252349i) (-7436.902823913162+4611.669040206552i) (-7436.837829752653+4611.024798821911i) (-7436.7728503218805+4610.380615329863i) (-7436.707886300572+4609.73648992581i) (-7436.6429371386275+4609.092421966567i) (-7436.578002204101+4608.448411994195i) (-7436.513082666703+4607.804459963446i) (-7436.448178072153+4607.160565619439i) (-7436.383288048637+4606.516729014181i) (-7436.318413135636+4605.872950336574i) (-7436.253553254772+4605.229229240979i) (-7436.188708004365+4604.585565921016i) (-7436.123877534792+4603.941960489627i) (-7436.059062123608+4603.298412698866i) (-7435.994261371659+4602.654922411475i) (-7435.929475755047+4602.011490066717i) (-7435.864704454383+4601.368115006346i) (-7435.799948362094+4600.724798817235i) (-7435.735207679579+4600.081538885234i) (-7435.6704811006275+4599.438337306025i) (-7435.605769706432+4598.7951927089925i) (-7435.5410726999335+4598.152106381794i) (-7435.4763908287705+4597.509077250141i) (-7435.411723571942+4596.866106124416i) (-7435.347071378788+4596.223192229483i) (-7435.282433822106+4595.580336160103i) (-7435.217811298075+4594.937537411084i) (-7435.153203345409+4594.294796387234i) (-7435.088610348446+4593.6521129599905i) (-7435.024032165523+4593.00948683284i) (-7434.959469007068+4592.366918172676i) (-7434.894920296208+4591.724407113053i) (-7434.830386480024+4591.081953213601i) (-7434.7658672673715+4590.439557072419i) (-7434.7013630061865+4589.797218135841i) (-7434.636873320779+4589.154937053117i) (-7434.572398608869+4588.512713036067i) (-7434.507938633917+4587.870546903592i) (-7434.443493377477+4587.228437519281i) (-7434.379062957114+4586.586386286957i) (-7434.314647338204+4585.9443916382825i) (-7434.250246483118+4585.302456037385i) (-7434.185862445796+4584.660574434989i) (-7434.121488091847+4584.018751343052i) (-7434.057132085922+4583.376988460953i) (-7433.992790639711+4582.735280063109i) (-7433.928463551039+4582.093629927911i) (-7433.864151296282+4581.452036404886i) (-7433.799853609407+4580.810500604242i) (-7433.735570725257+4580.169021677499i) (-7433.671302505285+4579.527600221374i) (-7433.607048901143+4578.886235783218i) (-7433.5428099956625+4578.244928928744i) (-7433.478585798241+4577.603679010219i) (-7433.4143763030115+4576.96248651623i) (-7433.350181626349+4576.321351071117i) (-7433.286001592772+4575.680272853511i) (-7433.221836560537+4575.039252005061i) (-7433.157686422127+4574.39828738191i) (-7433.093549816319+4573.757380396348i) (-7433.029428872665+4573.116530843401i) (-7432.965322240133+4572.475738070986i) (-7432.901230438705+4571.835002418422i) (-7432.837153368862+4571.1943237385485i) (-7432.773090639697+4570.5537021691725i) (-7432.709043190857+4569.913137881291i) (-7432.645009958835+4569.272629980809i) (-7432.580991461233+4568.632179533321i) (-7432.516987446677+4567.991785911208i) (-7432.45299822382+4567.351449615569i) (-7432.389023597328+4566.711170070383i) (-7432.325063847793+4566.070947673697i) (-7432.261118762371+4565.430781973651i) (-7432.197188040791+4564.79067308073i) (-7432.133272071924+4564.150621340574i) (-7432.0693707698765+4563.510626398054i) (-7432.005484002196+4562.870688374506i) (-7431.941611921515+4562.230807276441i) (-7431.877754385294+4561.590983016064i) (-7431.813911451649+4560.951215737894i) (-7431.750083310153+4560.3115049644475i) (-7431.686269543354+4559.671851263903i) (-7431.622470514985+4559.032254326041i) (-7431.558686140156+4558.392714359952i) (-7431.494916227868+4557.753231121815i) (-7431.431161195837+4557.113804318015i) (-7431.367420417113+4556.474434611362i) (-7431.303694321709+4555.835121556032i) (-7431.239983048709+4555.195865124575i) (-7431.176285925232+4554.556665582524i) (-7431.112603530588+4553.917522962196i) (-7431.048936052843+4553.278436574978i) (-7430.985282783269+4552.639406998622i) (-7430.921644156657+4552.000434197332i) (-7430.858019986327+4551.361518010472i) (-7430.794410429935+4550.722658525661i) (-7430.730815529276+4550.083855660761i) (-7430.6672351380985+4549.445109492587i) (-7430.603669357587+4548.806419952887i) (-7430.540118280786+4548.167786757325i) (-7430.4765814857+4547.529210124586i) (-7430.413059322071+4546.890690182273i) (-7430.349551544191+4546.252226775536i) (-7430.286058320842+4545.613819856785i) (-7430.222579707602+4544.975469545914i) (-7430.159115545748+4544.337175771941i) (-7430.095665952326+4543.698938449185i) (-7430.032230724095+4543.060757697534i) (-7429.968810295628+4542.422633399192i) (-7429.905404292947+4541.78456553112i) (-7429.842012578196+4541.146554234581i) (-7429.778635730016+4540.50859928225i) (-7429.715273242471+4539.870700590502i) (-7429.65192517703+4539.232858247005i) (-7429.588591590804+4538.595072363142i) (-7429.525272270017+4537.957342964848i) (-7429.461967466823+4537.319669980414i) (-7429.398677208243+4536.682053326482i) (-7429.335401342089+4536.0444933950075i) (-7429.272140159594+4535.406989618938i) (-7429.208893516607+4534.769542378354i) (-7429.1456613732635+4534.132151198442i) (-7429.082443947131+4533.494816451963i) (-7429.01924097783+4532.857537708778i) (-7428.956052610703+4532.220315253174i) (-7428.892878520453+4531.583148793246i) (-7428.829718818764+4530.946038381427i) (-7428.766573571573+4530.30898426093i) (-7428.70344239963+4529.671985929288i) (-7428.64032537018+4529.035044237975i) (-7428.577222765399+4528.398158739537i) (-7428.514134687421+4527.761329554137i) (-7428.451060860685+4527.124556774791i) (-7428.388001585019+4526.487840485608i) (-7428.324956898658+4525.851179839743i) (-7428.261926546182+4525.2145757227845i) (-7428.198910592497+4524.578027642252i) (-7428.13590968855+4523.941535616226i) (-7428.072922533256+4523.305099611211i) (-7428.009950401061+4522.6687195152235i) (-7427.946992160014+4522.032395641056i) (-7427.884048479818+4521.3961274916255i) (-7427.8211191539995+4520.759915394425i) (-7427.75820398858+4520.123759487623i) (-7427.6953031613075+4519.487659649298i) (-7427.63241670899+4518.851615906538i) (-7427.569544818529+4518.215628160262i) (-7427.506687335779+4517.579696426663i) (-7427.443844214069+4516.943820525559i) (-7427.381015618246+4516.308000671209i) (-7427.318201062356+4515.672236721031i) (-7427.255401340518+4515.036528615624i) (-7427.192615579863+4514.40087607098i) (-7427.12984409847+4513.765279928279i) (-7427.067087224814+4513.129739484722i) (-7427.004344488674+4512.494254796476i) (-7426.94161601778+4511.858826069472i) (-7426.878901958975+4511.223453141431i) (-7426.816202302232+4510.588136210978i) (-7426.753516983083+4509.952875136351i) (-7426.690845912553+4509.317669803078i) (-7426.628189571913+4508.682520034972i) (-7426.565546759739+4508.0474261763175i) (-7426.502918709655+4507.412388069673i) (-7426.440305142065+4506.7774057099505i) (-7426.377705498842+4506.142479123663i) (-7426.315120398203+4505.50760829456i) (-7426.252549409563+4504.872793266902i) (-7426.189992772721+4504.238033761667i) (-7426.127450317443+4503.603330168238i) (-7426.064922506997+4502.968682202882i) (-7426.002408705741+4502.334089826013i) (-7425.939909402245+4501.699553155444i) (-7425.877424255863+4501.0650720268795i) (-7425.814953496587+4500.430646589017i) (-7425.752496757591+4499.796276604361i) (-7425.690054464411+4499.161962341963i) (-7425.627625828773+4498.527703804936i) (-7425.565213005397+4497.893501077815i) (-7425.502812739058+4497.2593522164825i) (-7425.440426872776+4496.625261355577i) (-7425.3780560943305+4495.991224831971i) (-7425.315699352312+4495.357244401734i) (-7425.253356823031+4494.723318839149i) (-7425.191028753734+4494.089449171406i) (-7425.1287146597115+4493.455634560435i) (-7425.0664149915865+4492.821875684596i) (-7425.004129164923+4492.188171957205i) (-7424.941857857922+4491.554523763494i) (-7424.8796009454945+4490.920931658062i) (-7424.817357439045+4490.287393408306i) (-7424.755128342191+4489.653912011976i) (-7424.692913726377+4489.02048582401i) (-7424.630713193365+4488.387115153245i) (-7424.568526791914+4487.753799524394i) (-7424.506355192997+4487.120539620762i) (-7424.444197356539+4486.487334677877i) (-7424.382054211859+4485.854185215926i) (-7424.319924583861+4485.221090714058i) (-7424.257809719924+4484.588051685709i) (-7424.1957082269455+4483.955068033748i) (-7424.133621555984+4483.322139350493i) (-7424.071548358112+4482.689266629624i) (-7424.009489788834+4482.056448611671i) (-7423.9474453517105+4481.42368649498i) (-7423.885414864311+4480.790979061305i) (-7423.823399171154+4480.158327955087i) (-7423.7613977779365+4479.52573044462i) (-7423.699410117812+4478.893188863889i) (-7423.637436552604+4478.260702169107i) (-7423.575477581012+4477.628270552286i) (-7423.513531757589+4476.995894039714i) (-7423.4516008948995+4476.363572415896i) (-7423.389682859091+4475.731306738i) (-7423.327779925829+4475.0990952663315i) (-7423.265890241804+4474.466940707841i) (-7423.204015205641+4473.834839354184i) (-7423.142154617755+4473.2027963575765i) (-7423.080307117778+4472.570804921286i) (-7423.0184790415315+4471.938875492038i) (-7422.956663492463+4471.30698409339i) (-7422.894850089435+4470.675163667127i) (-7422.833065042567+4470.043394947881i) (-7422.771288128434+4469.411680474397i) (-7422.709528378068+4468.7800194516485i) (-7422.647780371088+4468.148414602427i) (-7422.586047563874+4467.516863064851i) (-7422.524327923198+4466.885368071025i) (-7422.462622412496+4466.253926549187i) (-7422.400931031818+4465.6225414074415i) (-7422.339253153289+4464.991210153026i) (-7422.277590000815+4464.359934944204i) (-7422.215940350251+4463.728714108491i) (-7422.154305519405+4463.097548440044i) (-7422.092684051215+4462.4664377102135i) (-7422.031077734943+4461.835381562199i) (-7421.9694846583925+4461.204380446351i) (-7421.907906196744+4460.573433574157i) (-7421.846341332128+4459.942542223146i) (-7421.784790486132+4459.31170482632i) (-7421.723253837186+4458.680923003674i) (-7421.661730865256+4458.050195575734i) (-7421.600222242264+4457.419523154355i) (-7421.538727546307+4456.788905324885i) (-7421.477247106136+4456.158342283202i) (-7421.415780097826+4455.5278341940375i) (-7421.354327876434+4454.89738061527i) (-7421.292889325368+4454.266981843228i) (-7421.231464910354+4453.636637692878i) (-7421.170054363891+4453.006348337479i) (-7421.108657994566+4452.376113139717i) (-7421.047275339197+4451.745933047003i) (-7420.985906719181+4451.115807539183i) (-7420.924552439876+4450.485736591185i) (-7420.8632114645825+4449.8557202760985i) (-7420.801885195922+4449.225758687047i) (-7420.74057228013+4448.595851757713i) (-7420.679274045092+4447.965999281478i) (-7420.617989182154+4447.336201484242i) (-7420.5567188142395+4446.706457927567i) (-7420.4954620626395+4446.076769341993i) (-7420.43421948522+4445.447134876713i) (-7420.37299085803+4444.817555321845i) (-7420.311776130608+4444.18802974388i) (-7420.250575408991+4443.558559131473i) (-7420.189388305542+4442.929142555418i) (-7420.128215483788+4442.299780914684i) (-7420.0670562295345+4441.67047351455i) (-7420.005911442748+4441.0412206733745i) (-7419.944780190598+4440.412022337938i) (-7419.883663473707+4439.782878206244i) (-7419.8225601776485+4439.1537884294185i) (-7419.761470827165+4438.5247531140285i) (-7419.700395437701+4437.89577224043i) (-7419.6393339587485+4437.266845645867i) (-7419.578286441176+4436.637973571895i) (-7419.517252816608+4436.009155623859i) (-7419.456233292003+4435.380392236236i) (-7419.395227309962+4434.751683096122i) (-7419.334235495626+4434.123028022568i) (-7419.273257314138+4433.49442778768i) (-7419.2122933224355+4432.865881426561i) (-7419.151343233252+4432.237389591601i) (-7419.090407071635+4431.608951708371i) (-7419.029484840508+4430.98056844748i) (-7418.968576198379+4430.352238761492i) (-7418.90768168589+4429.723963838418i) (-7418.846800594843+4429.095742493298i) (-7418.7859335387875+4428.467576464911i) (-7418.725080811992+4427.8394639736525i) (-7418.664241806971+4427.2114056169285i) (-7418.603416337586+4426.583401408609i) (-7418.542605179373+4425.955451373073i) (-7418.481807333198+4425.327555501559i) (-7418.4210235641885+4424.6997137121725i) (-7418.360253708042+4424.0719264889885i) (-7418.299497958053+4423.444192722183i) (-7418.238755827153+4422.816513503813i) (-7418.178027601665+4422.188887777087i) (-7418.117313268245+4421.561316460349i) (-7418.056612199652+4420.933798792666i) (-7417.995925312853+4420.306336039068i) (-7417.935252306441+4419.67892664869i) (-7417.8745931293415+4419.051571561363i) (-7417.813947698145+4418.424270449103i) (-7417.753316314414+4417.797023148736i) (-7417.692698569809+4417.169829912169i) (-7417.632094652815+4416.542690540599i) (-7417.571504548088+4415.9156053548395i) (-7417.5109281111145+4415.28857398248i) (-7417.450365764276+4414.661596466548i) (-7417.389817015708+4414.034672709793i) (-7417.329282149826+4413.407803254158i) (-7417.268760800913+4412.7809872699245i) (-7417.208253576237+4412.154225417537i) (-7417.147759664749+4411.527517566234i) (-7417.087280361322+4410.900863501831i) (-7417.026814233199+4410.2742628810265i) (-7416.966362024175+4409.647716454263i) (-7416.905923596619+4409.021223651533i) (-7416.845498801296+4408.394784778706i) (-7416.785087861408+4407.768399648558i) (-7416.724690473342+4407.142068369481i) (-7416.664307376487+4406.515790627279i) (-7416.603937475422+4405.889567037411i) (-7416.543581707468+4405.2633968523805i) (-7416.483239416364+4404.637280447845i) (-7416.422911250907+4404.011217799748i) (-7416.362596277548+4403.385208637454i) (-7416.3022955253+4402.759253338532i) (-7416.242008079037+4402.133351844161i) (-7416.181734639987+4401.507503897672i) (-7416.1214749542905+4400.881709698697i) (-7416.061228721768+4400.255968856247i) (-7416.000996319901+4399.63028186161i) (-7415.940777467161+4399.004648466687i) (-7415.880572565444+4398.37906886213i) (-7415.820381184579+4397.75354280041i) (-7415.760203996726+4397.1280702716485i) (-7415.70004003557+4396.502651373923i) (-7415.639890419026+4395.877285689915i) (-7415.579753546327+4395.251973547816i) (-7415.519630780025+4394.626715223343i) (-7415.459521781968+4394.001510576563i) (-7415.399426438087+4393.376359125538i) (-7415.339344958107+4392.751261300807i) (-7415.279276981797+4392.126216697492i) (-7415.219222705055+4391.5012256998425i) (-7415.159181794157+4390.876288136205i) (-7415.09915473986+4390.2514042332505i) (-7415.039141275855+4389.626573677246i) (-7414.979141874008+4389.001796626235i) (-7414.9191559383835+4388.377072989351i) (-7414.859183703531+4387.75240244199i) (-7414.799224857574+4387.127785126247i) (-7414.739280271053+4386.503221083997i) (-7414.67934728338+4385.878711693527i) (-7414.619430153041+4385.254254384821i) (-7414.559526231835+4384.6298514529035i) (-7414.499635838021+4384.005501049247i) (-7414.439759124567+4383.381204015381i) (-7414.379895737774+4382.756960140923i) (-7414.3200461105225+4382.132769670265i) (-7414.260209923757+4381.50863276243i) (-7414.200387284084+4380.884549166262i) (-7414.140578740709+4380.26051894426i) (-7414.080783836367+4379.636541178026i) (-7414.021002291649+4379.012617364633i) (-7413.96123421961+4378.38874612668i) (-7413.901479783901+4377.7649287233435i) (-7413.8417389927+4377.1411641133145i) (-7413.782012065888+4376.51745297595i) (-7413.722298378337+4375.893794942114i) (-7413.66259860781+4375.270189764255i) (-7413.602912042183+4374.646637907959i) (-7413.5432393611745+4374.02313890165i) (-7413.483579813845+4373.3996936175245i) (-7413.423934106665+4372.776301008418i) (-7413.364302141677+4372.152962078668i) (-7413.304683689848+4371.529675423095i) (-7413.245079087974+4370.906442395693i) (-7413.185487217871+4370.283261608432i) (-7413.125909374155+4369.660135317967i) (-7413.066345383045+4369.037060417924i) (-7413.006794309669+4368.414039355831i) (-7412.94725703144+4367.791071675145i) (-7412.8877337784825+4367.1681565543995i) (-7412.828223554411+4366.545294463394i) (-7412.768727003784+4365.922484924983i) (-7412.70924373155+4365.299728887859i) (-7412.64977395847+4364.677025666253i) (-7412.590318137462+4364.054375815338i) (-7412.530875586933+4363.431778438529i) (-7412.471447246015+4362.809234250058i) (-7412.412031828773+4362.186742334564i) (-7412.352630132223+4361.564303293537i) (-7412.293241133582+4360.941917398082i) (-7412.233866054805+4360.31958432315i) (-7412.174504419245+4359.697305273694i) (-7412.11515727931+4359.075077541542i) (-7412.055822691855+4358.452903459371i) (-7411.996502098356+4357.830781364925i) (-7411.937194693956+4357.20871261562i) (-7411.877900118998+4356.586696100838i) (-7411.818619718757+4355.964733521601i) (-7411.759352296738+4355.342823308028i) (-7411.700099928856+4354.720966141321i) (-7411.640859853676+4354.0991610440415i) (-7411.581634297906+4353.477407898268i) (-7411.522420289667+4352.855708096722i) (-7411.463220382229+4352.2340604508045i) (-7411.404033304054+4351.612467903047i) (-7411.344860671906+4350.990926410766i) (-7411.285702670251+4350.369439501315i) (-7411.226557706047+4349.748001929201i) (-7411.167427788714+4349.12661769472i) (-7411.108305674516+4348.505283500441i) (-7411.04920107269+4347.884004624203i) (-7410.990098677963+4347.26278055552i) (-7410.931032370856+4346.641617505258i) (-7410.871963852287+4346.020481413421i) (-7410.812905588378+4345.399424257961i) (-7410.753871044114+4344.778408642352i) (-7410.6948479664225+4344.1574491107385i) (-7410.635838302302+4343.536536086029i) (-7410.576841165299+4342.9156779496425i) (-7410.517855068523+4342.294871082206i) (-7410.458884002161+4341.674119576941i) (-7410.399924627766+4341.053419405749i) (-7410.34098144368+4340.4327728139315i) (-7410.282050256185+4339.812177848067i) (-7410.223134002532+4339.191634652206i) (-7410.164229409898+4338.571143981337i) (-7410.105338621706+4337.950705106889i) (-7410.046460329912+4337.330320362782i) (-7409.987595931458+4336.709987195502i) (-7409.928745579291+4336.089707780255i) (-7409.869908571354+4335.469479210795i) (-7409.811085459086+4334.8493035668835i) (-7409.752274562277+4334.229179298942i) (-7409.693477427909+4333.60910794172i) (-7409.634692910648+4332.989089098879i) (-7409.575922668799+4332.369122877581i) (-7409.517165412166+4331.749209222673i) (-7409.458422172609+4331.12934720994i) (-7409.399691836377+4330.509537649242i) (-7409.340974824641+4329.889779710329i) (-7409.282270824388+4329.270074928503i) (-7409.223580258253+4328.650421940369i) (-7409.16490313494+4328.030821894841i) (-7409.106239467123+4327.411273660366i) (-7409.047589694738+4326.791777675373i) (-7408.988952662893+4326.172333533497i) (-7408.930329005224+4325.552941494398i) (-7408.871718355065+4324.933601905188i) (-7408.813121033707+4324.3143144771875i) (-7408.754537059487+4323.695079694427i) (-7408.6959668481595+4323.075896857081i) (-7408.637410042251+4322.456765965155i) (-7408.578866155323+4321.837686972143i) (-7408.520335851117+4321.218660148988i) (-7408.461818183215+4320.5996854691475i) (-7408.403314467287+4319.980762986918i) (-7408.344823447463+4319.361892969069i) (-7408.286346947166+4318.743074274358i) (-7408.22788192655+4318.12430762228i) (-7408.1694313707985+4317.5055941132705i) (-7408.110994395584+4316.886931578669i) (-7408.052569502188+4316.268320970513i) (-7407.99415873613+4315.649763056057i) (-7407.935760708269+4315.031256973378i) (-7407.87737680168+4314.412803086443i) (-7407.819005517979+4313.794400648401i) (-7407.760648165886+4313.1760499725015i) (-7407.7023031783565+4312.557751688609i) (-7407.643971992065+4311.939504818901i) (-7407.585653165814+4311.321310193675i) (-7407.527348530895+4310.703167878803i) (-7407.469056759959+4310.085077570889i) (-7407.410778720419+4309.4670385479485i) (-7407.352513641974+4308.849051729565i) (-7407.294261636935+4308.231116079316i) (-7407.236022873736+4307.61323296587i) (-7407.177797348148+4306.995401148293i) (-7407.119584933824+4306.3776218976645i) (-7407.061385722825+4305.759893926503i) (-7407.003200085486+4305.142218236601i) (-7406.945027297828+4304.524593968099i) (-7406.886868051917+4303.907021613479i) (-7406.828721745971+4303.289500978186i) (-7406.770588813091+4302.6720320306795i) (-7406.712468961727+4302.05461489094i) (-7406.6543627295105+4301.437249553228i) (-7406.596269219714+4300.819935881035i) (-7406.538188913982+4300.2026737956585i) (-7406.480121700236+4299.58546342654i) (-7406.422067705044+4298.968304774307i) (-7406.364027311386+4298.351197907596i) (-7406.305999815515+4297.734143062689i) (-7406.247985678239+4297.117139355776i) (-7406.1899844673735+4296.500187517908i) (-7406.13199657908+4295.883286856264i) (-7406.074022023953+4295.26643823318i) (-7406.01606018372+4294.649640889782i) (-7405.958111769989+4294.032895667398i) (-7405.900176454132+4293.416201435304i) (-7405.842254583874+4292.799559262057i) (-7405.78434550824+4292.18296813451i) (-7405.726449708951+4291.566428965905i) (-7405.668566658807+4290.949940958925i) (-7405.610697193843+4290.3335048548715i) (-7405.552840715265+4289.71712035209i) (-7405.494997635273+4289.100786970836i) (-7405.437167313923+4288.484505351378i) (-7405.379350510673+4287.868274869419i) (-7405.321546492929+4287.25209617257i) (-7405.263755745882+4286.635968649194i) (-7405.205977989019+4286.019892792156i) (-7405.148213613593+4285.4038682696555i) (-7405.090461927937+4284.7878952682695i) (-7405.032723745935+4284.1719736960185i) (-7404.974998990375+4283.556103503874i) (-7404.91728632937+4282.940284343398i) (-7404.859587734358+4282.324516624446i) (-7404.801901474484+4281.708800692608i) (-7404.744228840214+4281.093135776743i) (-7404.6865689851675+4280.477522437999i) (-7404.628922565562+4279.8619600135535i) (-7404.571289085261+4279.246449159116i) (-7404.513668534393+4278.630989526233i) (-7404.456061135395+4278.015581310754i) (-7404.39846672075+4277.400224242338i) (-7404.340885644171+4276.784918519141i) (-7404.283317426012+4276.169664224159i) (-7404.225762731327+4275.554460455248i) (-7404.168219865581+4274.939308415886i) (-7404.110691270909+4274.324207623004i) (-7404.053174876653+4273.709158364603i) (-7403.995672714173+4273.094160158593i) (-7403.938182800945+4272.479212523294i) (-7403.880705968206+4271.864316307644i) (-7403.823242468741+4271.249471528066i) (-7403.765791493037+4270.6346773823225i) (-7403.70835411444+4270.019934840206i) (-7403.6509289431615+4269.405242576086i) (-7403.593516941981+4268.79060305287i) (-7403.536118621167+4268.176013814864i) (-7403.478733287513+4267.561475430532i) (-7403.421360757093+4266.946988640881i) (-7403.364001161874+4266.332552542457i) (-7403.306654969794+4265.7181670440805i) (-7403.2493212333075+4265.103833365152i) (-7403.192000755164+4264.489550371087i) (-7403.134693242046+4263.875318450198i) (-7403.0773989911995+4263.261137453209i) (-7403.02011746519+4262.647007617534i) (-7402.962849068934+4262.032928563193i) (-7402.905593350892+4261.418900625308i) (-7402.848350955587+4260.804923569052i) (-7402.791121552769+4260.190997714435i) (-7402.733905051093+4259.577122473164i) (-7402.676701604443+4258.963298306779i) (-7402.619510854156+4258.349524676545i) (-7402.562333460288+4257.735802602495i) (-7402.505168687852+4257.122130886541i) (-7402.448017159693+4256.508510556481i) (-7402.390878327558+4255.894940513429i) (-7402.333752797762+4255.28142183162i) (-7402.276639947146+4254.667953693817i) (-7402.219540298261+4254.054536480095i) (-7402.162453079292+4253.441169944823i) (-7402.1053793620895+4252.8278542392345i) (-7402.048318229585+4252.2145895919075i) (-7401.9912703752825+4251.601375529226i) (-7401.9342352782105+4250.988212796042i) (-7401.877212906706+4250.375100168769i) (-7401.820204003491+4249.762038749768i) (-7401.763208068187+4249.149026693803i) (-7401.706223738323+4248.536066976481i) (-7401.649253874633+4247.923157734739i) (-7401.592296291232+4247.310299147646i) (-7401.535351943161+4246.69749106181i) (-7401.478420279859+4246.0847334702985i) (-7401.421501643887+4245.472026611875i) (-7401.364595823432+4244.859370367674i) (-7401.307702908609+4244.246764910713i) (-7401.250822604569+4243.634209946924i) (-7401.193955726478+4243.021705905508i) (-7401.137101265102+4242.409252232628i) (-7401.080260118541+4241.796849366825i) (-7401.023431262885+4241.184496884064i) (-7400.966615893654+4240.5721951135i) (-7400.909813107708+4239.959944062828i) (-7400.853023599708+4239.347743421124i) (-7400.796246631796+4238.735593343366i) (-7400.739482864448+4238.123493299428i) (-7400.682731576637+4237.511444424716i) (-7400.625993331074+4236.899445482308i) (-7400.569267485006+4236.287497650453i) (-7400.512555038182+4235.675599580958i) (-7400.455854939276+4235.063753002511i) (-7400.3991681900025+4234.451955801037i) (-7400.342493285018+4233.840210423328i) (-7400.285833706808+4233.228515509827i) (-7400.229185479962+4232.616868231209i) (-7400.1725486539135+4232.005273880982i) (-7400.1159264724565+4231.393729592906i) (-7400.059316233195+4230.7822357434015i) (-7400.002719697517+4230.170792227847i) (-7399.946135395847+4229.559399088554i) (-7399.889564570372+4228.94805607387i) (-7399.833005889631+4228.336763390224i) (-7399.776460620782+4227.725521015194i) (-7399.71992759557+4227.114329070961i) (-7399.663407778102+4226.503187283632i) (-7399.60690027103+4225.892096033671i) (-7399.550406171039+4225.281054734652i) (-7399.4939243792505+4224.670064063946i) (-7399.437455363284+4224.059123572541i) (-7399.380999727684+4223.44823364651i) (-7399.324556442938+4222.837393154498i) (-7399.268126109373+4222.226603804392i) (-7399.21170844299+4221.615864168318i) (-7399.155303752468+4221.005174908372i) (-7399.098911665027+4220.394535712945i) (-7399.042532438762+4219.7839468384955i) (-7398.986165845296+4219.173408092232i) (-7398.929812172662+4218.562919556438i) (-7398.873471306739+4217.952481104308i) (-7398.817143073651+4217.342093038113i) (-7398.760827882423+4216.731754920667i) (-7398.704525253772+4216.12146696566i) (-7398.648235576955+4215.511228987421i) (-7398.591958436356+4214.901041239944i) (-7398.535694122969+4214.29090344598i) (-7398.479442538664+4213.680815739248i) (-7398.423203824622+4213.070778354146i) (-7398.366977876407+4212.460790542347i) (-7398.310764553147+4211.850853132036i) (-7398.254563858953+4211.240965595356i) (-7398.198375777085+4210.6311282538245i) (-7398.142200740239+4210.021340845441i) (-7398.086038371292+4209.411603540819i) (-7398.029888927043+4208.801916153632i) (-7397.973751878617+4208.192278489746i) (-7397.91762777801+4207.582691026511i) (-7397.861516085168+4206.973153411627i) (-7397.805417442862+4206.363665730301i) (-7397.749331315597+4205.754228154332i) (-7397.69325807355+4205.144840436429i) (-7397.637197372125+4204.535502419594i) (-7397.581149471664+4203.926214440483i) (-7397.5251140387445+4203.316976240063i) (-7397.46909138455+4202.707788212818i) (-7397.413081619846+4202.098649883472i) (-7397.357084585699+4201.489561542347i) (-7397.301100164901+4200.880522836607i) (-7397.2451284571425+4200.27153380183i) (-7397.189169328153+4199.662594772271i) (-7397.133222999217+4199.053705391667i) (-7397.0772888736+4198.444865833621i) (-7397.021367851496+4197.836076309147i) (-7396.9654589223555+4197.227336544383i) (-7396.909563588033+4196.618647111838i) (-7396.8536808224335+4196.010006261718i) (-7396.797810504134+4195.401415599432i) (-7396.741952810369+4194.7928745529025i) (-7396.686107610609+4194.184383294214i) (-7396.63027514934+4193.575941841048i) (-7396.574455461749+4192.967549702394i) (-7396.5186477529705+4192.359207740636i) (-7396.462853496018+4191.75091568623i) (-7396.407071702231+4191.142672415986i) (-7396.351302356392+4190.534479351338i) (-7396.295545632277+4189.92633582652i) (-7396.239801605245+4189.318242034822i) (-7396.1840702109475+4188.710197799293i) (-7396.128351690442+4188.102203142369i) (-7396.07264556844+4187.494258213328i) (-7396.016952208437+4186.886362743813i) (-7395.96127130781+4186.278516725012i) (-7395.905603145874+4185.6707202436755i) (-7395.849947505676+4185.062973357382i) (-7395.794304308196+4184.455276133542i) (-7395.738673953828+4183.8476281929925i) (-7395.683056300242+4183.240029827712i) (-7395.627450848095+4182.632481206983i) (-7395.571858232427+4182.024981996523i) (-7395.516277923434+4181.417532257644i) (-7395.4607106054755+4180.8101318313675i) (-7395.405155784729+4180.202780906582i) (-7395.3496135803225+4179.59547970136i) (-7395.294083915714+4178.988227706826i) (-7395.238566922699+4178.381024954009i) (-7395.183062538306+4177.773871805106i) (-7395.127570556935+4177.166768053508i) (-7395.072091081993+4176.559713703695i) (-7395.016624212226+4175.952708560168i) (-7394.961169976167+4175.345752724787i) (-7394.90572825599+4174.738846453325i) (-7394.850299059246+4174.131989416441i) (-7394.794882370123+4173.525181665063i) (-7394.739478323976+4172.918423328881i) (-7394.684086776907+4172.311714376778i) (-7394.6287076868475+4171.7050549577725i) (-7394.573341270005+4171.098444389909i) (-7394.517987501035+4170.491883458753i) (-7394.462646266845+4169.8853712954415i) (-7394.407316994962+4169.27890879081i) (-7394.352000781243+4168.672495295714i) (-7394.296697203615+4168.066131197414i) (-7394.2414061745+4167.459816671111i) (-7394.186126813154+4166.853551260418i) (-7394.130862291834+4166.247333909911i) (-7394.07560745614+4165.641166810099i) (-7394.02036612793+4165.035048286296i) (-7393.965137676872+4164.4289792960535i) (-7393.909921542194+4163.822959728269i) (-7393.854717896007+4163.216988892633i) (-7393.799526327133+4162.611066877576i) (-7393.744348108021+4162.005194936174i) (-7393.689181925465+4161.399371451416i) (-7393.634028027625+4160.793597208465i) (-7393.57888682494+4160.187871853976i) (-7393.523757878504+4159.582195907217i) (-7393.46864187314+4158.976569044653i) (-7393.41353816882+4158.370991023598i) (-7393.3584470571495+4157.765462074225i) (-7393.303368253306+4157.159981917283i) (-7393.248301803396+4156.5545511867i) (-7393.193247969637+4155.949169287666i) (-7393.138206538541+4155.3438364506965i) (-7393.083177699797+4154.738552528615i) (-7393.028161250222+4154.133317654266i) (-7392.973157229917+4153.52813157225i) (-7392.918165800564+4152.922994506356i) (-7392.8631866235355+4152.31790613263i) (-7392.808220063305+4151.712867133773i) (-7392.753264921363+4151.1078761187255i) (-7392.698323344885+4150.50293713634i) (-7392.643395738008+4149.898043014659i) (-7392.588477503954+4149.293199118061i) (-7392.533573207358+4148.688404530187i) (-7392.478680497348+4148.083658867741i) (-7392.423800835502+4147.478961682726i) (-7392.368933456871+4146.87431407746i) (-7392.314078609543+4146.269714853295i) (-7392.259236327922+4145.665164874197i) (-7392.204406448509+4145.060663120243i) (-7392.149589314151+4144.456210529457i) (-7392.094784191879+4143.851806377091i) (-7392.03999168775+4143.247451129097i) (-7391.985211210921+4142.643144324708i) (-7391.930443444197+4142.038886583443i) (-7391.875687947447+4141.434677486692i) (-7391.820944812719+4140.830517108221i) (-7391.766214050002+4140.226405405567i) (-7391.711495522357+4139.622342265456i) (-7391.656789605187+4139.018328604905i) (-7391.60209580041+4138.414362897862i) (-7391.547414996367+4137.810446448606i) (-7391.4927459110095+4137.206578073576i) (-7391.438089877123+4136.602758521463i) (-7391.383445510382+4135.998987499317i) (-7391.328814070022+4135.3952650767405i) (-7391.274194358553+4134.791591526151i) (-7391.21958748304+4134.187966341525i) (-7391.164992586146+4133.584390265789i) (-7391.110410242711+4132.98086222134i) (-7391.055840361134+4132.377383382725i) (-7391.001282611721+4131.773952547269i) (-7390.946737783013+4131.17057083276i) (-7390.892204831742+4130.567236964454i) (-7390.837684730012+4129.963951927191i) (-7390.783176350409+4129.360715606639i) (-7390.7286815186735+4128.757526852574i) (-7390.674196908785+4128.154387174078i) (-7390.619726211582+4127.551295427353i) (-7390.565266338201+4126.948253391978i) (-7390.510819465504+4126.3452574135645i) (-7390.45638218348+4125.742316301568i) (-7390.401967404945+4125.139418339508i) (-7390.347553702113+4124.5365656628765i) (-7390.293156608845+4123.933767426504i) (-7390.238770362566+4123.33101520641i) (-7390.184398389691+4122.7283126174225i) (-7390.13003760585+4122.125657660918i) (-7390.075690218278+4121.523051050493i) (-7390.021354321852+4120.920492862864i) (-7389.967031536176+4120.317982629171i) (-7389.912720079848+4119.715520885901i) (-7389.858421393471+4119.113107167663i) (-7389.804134730846+4118.510742292917i) (-7389.749860232997+4117.9084252126595i) (-7389.695598348585+4117.306156877055i) (-7389.641348172174+4116.70393669863i) (-7389.587110643934+4116.10176500007i) (-7389.532885315981+4115.499641463296i) (-7389.478672510584+4114.897566546404i) (-7389.424471724101+4114.295539314397i) (-7389.370283557111+4113.693560424985i) (-7389.31610750059+4113.091629826758i) (-7389.261943734369+4112.489747278558i) (-7389.207792094328+4111.8879130668465i) (-7389.153652604491+4111.286126825382i) (-7389.09952534507+4110.684388983442i) (-7389.045410336503+4110.082699211738i) (-7388.991307645617+4109.481057858256i) (-7388.937217059705+4108.8794645155285i) (-7388.8831388938315+4108.2779193070355i) (-7388.829072805549+4107.676422323199i) (-7388.775019170716+4107.074973380243i) (-7388.720977565975+4106.473572566316i) (-7388.66694843422+4105.872219721381i) (-7388.612931327587+4105.270915076193i) (-7388.5589265411+4104.6696584609435i) (-7388.50493393819+4104.068449923174i) (-7388.450953508844+4103.467289243979i) (-7388.3969854139405+4102.8661768528655i) (-7388.343029162284+4102.265112352978i) (-7388.289085533732+4101.664095927414i) (-7388.235153898519+4101.0631276349695i) (-7388.1812345985745+4100.462207286577i) (-7388.127327470442+4099.861334594678i) (-7388.073432415773+4099.2605102508005i) (-7388.019549671358+4098.65973382594i) (-7387.965678974911+4098.0590052339685i) (-7387.911820649671+4097.458324627096i) (-7387.857974301021+4096.857691945409i) (-7387.804140344288+4096.257107185796i) (-7387.750318245173+4095.6565703661176i) (-7387.696508668539+4095.056081496967i) (-7387.642711305529+4094.4556405277153i) (-7387.58892588386+4093.855247222749i) (-7387.535152771551+4093.254901998896i) (-7387.481391964589+4092.654604357832i) (-7387.427643066463+4092.0543544944235i) (-7387.373906173494+4091.454152773996i) (-7387.32018163269+4090.853998659548i) (-7387.266469158298+4090.25389233029i) (-7387.21276870041+4089.653834119437i) (-7387.159080582049+4089.0538235490767i) (-7387.105404459075+4088.453860952558i) (-7387.051740935718+4087.853945820349i) (-7386.998089044895+4087.254078624516i) (-7386.944449612854+4086.6542589254695i) (-7386.890821981875+4086.054487249653i) (-7386.837206777591+4085.454762912073i) (-7386.7836032132855+4084.8550869200726i) (-7386.730012879303+4084.2554584846775i) (-7386.676433736416+4083.6558769594208i) (-7386.622866884301+4083.0563437446676i) (-7386.569311999279+4082.4568579312563i) (-7386.515769412788+4081.857420159795i) (-7386.462238675782+4081.2580298512516i) (-7386.408720456342+4080.658687210583i) (-7386.35521409869+4080.0593923215497i) (-7386.301720101579+4079.460144821125i) (-7386.248237960523+4078.8609452015867i) (-7386.194768118741+4078.2617926428256i) (-7386.14131031838+4077.6626883232407i) (-7386.087864622545+4077.063630453385i) (-7386.034429989519+4076.4646212453417i) (-7385.981008761186+4075.8656596825635i) (-7385.927599254934+4075.2667450240847i) (-7385.874201678061+4074.6678782725044i) (-7385.820816225907+4074.0690588350494i) (-7385.767442815046+4073.470287044986i) (-7385.714081720701+4072.8715628103428i) (-7385.660732496761+4072.2728858110386i) (-7385.6073953133655+4071.6742564883125i) (-7385.554070269414+4071.0756744638616i) (-7385.500757365844+4070.4771400442287i) (-7385.447456394699+4069.878653017123i) (-7385.394167502831+4069.280213412359i) (-7385.34089067185+4068.6818211414225i) (-7385.287625750627+4068.083476294616i) (-7385.234372906156+4067.485179040017i) (-7385.181132158235+4066.8869289036957i) (-7385.127903518905+4066.2887264266665i) (-7385.074686783515+4065.690571117814i) (-7385.021482204025+4065.092463321941i) (-7384.968289522848+4064.4944028634322i) (-7384.915109046324+4063.896389594602i) (-7384.861940557457+4063.2984237899364i) (-7384.808784088172+4062.7005052250365i) (-7384.755639427807+4062.1026339974087i) (-7384.70250699443+4061.504809914791i) (-7384.649386540763+4060.9070330474724i) (-7384.596277925826+4060.309303704047i) (-7384.543181402603+4059.711621429589i) (-7384.490096695818+4059.1139870249135i) (-7384.437024559657+4058.516399363826i) (-7384.383964097085+4057.918858986026i) (-7384.330915610403+4057.3213657226356i) (-7384.277879292639+4056.7239195645325i) (-7384.224854878266+4056.126520601628i) (-7384.171842312531+4055.529169061954i) (-7384.118841559079+4054.931864741427i) (-7384.065853278455+4054.3346070232747i) (-7384.012876205544+4053.7373972249343i) (-7383.959911884533+4053.1402348417478i) (-7383.906959669801+4052.543118580829i) (-7383.854018590478+4051.9460497998275i) (-7383.801090163623+4051.349027940825i) (-7383.748173300912+4050.75205368559i) (-7383.695268558164+4050.1551263695096i) (-7383.642375850696+4049.558245902458i) (-7383.5894949599715+4048.96141282181i) (-7383.536626186779+4048.3646266365436i) (-7383.48376932437+4047.767887442177i) (-7383.430924407288+4047.171195195828i) (-7383.3780914126155+4046.5745500646863i) (-7383.325270201543+4045.977951975717i) (-7383.272461067625+4045.3814008867116i) (-7383.219663713242+4044.7848970143223i) (-7383.166878974872+4044.1884397980225i) (-7383.1141053023875+4043.5920295944247i) (-7383.061343917832+4042.995666377863i) (-7383.008594245838+4042.3993500395163i) (-7382.955856824882+4041.8030810899786i) (-7382.903131120298+4041.2068586132145i) (-7382.85041757466+4040.6106833285594i) (-7382.797715713749+4040.014554699309i) (-7382.745025884483+4039.4184730908623i) (-7382.692347932864+4038.822438352553i) (-7382.639681862721+4038.2264505578414i) (-7382.587027462647+4037.630509552112i) (-7382.534385326443+4037.034615271756i) (-7382.481754979647+4036.43876828192i) (-7382.429136423767+4035.8429678085995i) (-7382.376529990436+4035.2472138271423i) (-7382.323935288744+4034.6515071771223i) (-7382.271352566506+4034.055847194579i) (-7382.21878158461+4033.460233972553i) (-7382.166222371468+4032.8646675469495i) (-7382.113675272647+4032.2691480234193i) (-7382.061139988633+4031.6736751062235i) (-7382.008616623612+4031.0782490462666i) (-7381.95610509894+4030.4828696475665i) (-7381.903605615003+4029.887536977648i) (-7381.851117704411+4029.292251007639i) (-7381.798641994861+4028.697011478294i) (-7381.746177440153+4028.1018190341865i) (-7381.69372569289+4027.5066732793935i) (-7381.641285152076+4026.9115739915483i) (-7381.588856752566+4026.3165213060456i) (-7381.536440034803+4025.721515540181i) (-7381.484035084437+4025.1265562624376i) (-7381.431642221244+4024.5316437225406i) (-7381.379261063323+4023.936777633233i) (-7381.326891735832+4023.341958390984i) (-7381.274534118453+4022.747185454342i) (-7381.222188723239+4022.152459305425i) (-7381.169854922632+4021.5577800753267i) (-7381.11753259323+4020.9631465738275i) (-7381.065222590494+4020.3685603492636i) (-7381.01292472322+4019.7740207770767i) (-7380.96063767915+4019.17952743888i) (-7380.908363083869+4018.585080016078i) (-7380.856100649731+4017.9906802626783i) (-7380.803849341078+4017.396325741539i) (-7380.751610185389+4016.802018794836i) (-7380.699382452858+4016.207757980663i) (-7380.647166914251+4015.6135436381055i) (-7380.594963022642+4015.019375699609i) (-7380.542771139919+4014.4252541787764i) (-7380.4905907671455+4013.8311792691384i) (-7380.438422284835+4013.237150599587i) (-7380.386265606685+4012.643168518827i) (-7380.334120681597+4012.049232818072i) (-7380.281987599898+4011.4553434362792i) (-7380.229866270243+4010.8615006505306i) (-7380.177756765626+4010.26770402811i) (-7380.12565892363+4009.6739537987414i) (-7380.073572861653+4009.0802499395445i) (-7380.0214986283845+4008.4865925416175i) (-7379.9694361086795+4007.892981411943i) (-7379.917385534309+4007.2994166770814i) (-7379.8653465491125+4006.7058981778596i) (-7379.813319599604+4006.1124259508038i) (-7379.761303673933+4005.5190000940474i) (-7379.709300412247+4004.925620514121i) (-7379.657308605498+4004.332287218287i) (-7379.605328054198+4003.739000054697i) (-7379.553359816875+4003.1457592460893i) (-7379.501403131154+4002.5525647256786i) (-7379.449458182718+4001.9594164449154i) (-7379.397524979493+4001.3663142066853i) (-7379.345603462396+4000.773258452603i) (-7379.293693725273+4000.1802488292105i) (-7379.241795826956+3999.5872853173987i) (-7379.18990925783+3998.9943679442736i) (-7379.1380349645315+3998.4014968960837i) (-7379.08617228362+3997.808671841389i) (-7379.034321030482+3997.2158930604614i) (-7378.982481677149+3996.6231601012028i) (-7378.930653751134+3996.0304737025294i) (-7378.878838018518+3995.4378333748537i) (-7378.827033671387+3994.845238917773i) (-7378.77524101115+3994.252690594398i) (-7378.723460101473+3993.660188465503i) (-7378.67169097899+3993.067732268157i) (-7378.619933479986+3992.4753225186087i) (-7378.568187551392+3991.8829585050203i) (-7378.516453598093+3991.2906406740844i) (-7378.46473128461+3990.698368955159i) (-7378.4130205359525+3990.106143014348i) (-7378.3613214324505+3989.5139630663743i) (-7378.309634144429+3988.921829207659i) (-7378.257958295232+3988.3297414995254i) (-7378.2062945146245+3987.737699695028i) (-7378.154642089239+3987.1457038747103i) (-7378.103001669273+3986.5537538286744i) (-7378.051372587726+3985.961849769661i) (-7377.999755302102+3985.369991896378i) (-7377.948149491553+3984.778179679977i) (-7377.896555372317+3984.186413414568i) (-7377.844972924604+3983.594693214242i) (-7377.793402367261+3983.0030190337825i) (-7377.741843202653+3982.41139057736i) (-7377.690296025314+3981.819808110653i) (-7377.638760038595+3981.228271217608i) (-7377.587236285841+3980.6367806700396i) (-7377.535723211136+3980.045335482689i) (-7377.484223705926+3979.453937458037i) (-7377.432735094813+3978.86258121041i) (-7377.381254858179+3978.27127452432i) (-7377.329790114167+3977.6800137584996i) (-7377.2783352419065+3977.088797550387i) (-7377.226893231138+3976.4976276792886i) (-7377.1754617832685+3975.906503088712i) (-7377.124042528245+3975.315424728102i) (-7377.0726345168805+3974.7243917592086i) (-7377.021238669394+3974.133404644379i) (-7376.969853752229+3973.5424633255025i) (-7376.91848095565+3972.9515677383592i) (-7376.867119333442+3972.360717651606i) (-7376.815769793084+3971.769913464647i) (-7376.764431361874+3971.1791551078236i) (-7376.7131047830135+3970.5884422563513i) (-7376.661789818956+3969.997775182676i) (-7376.610486551207+3969.4071535352255i) (-7376.559194636136+3968.8165777528006i) (-7376.507914599989+3968.2260475508688i) (-7376.456645806681+3967.635562949763i) (-7376.405389003467+3967.0451239133217i) (-7376.354143346345+3966.454730558803i) (-7376.302909467782+3965.864382826093i) (-7376.251686979735+3965.2740806628212i) (-7376.200476372811+3964.6838239744907i) (-7376.149277084355+3964.0936131282183i) (-7376.098089532114+3963.5034476053015i) (-7376.046913355336+3962.9133278161057i) (-7375.995749229155+3962.323253291547i) (-7375.944596058602+3961.733224355165i) (-7375.893454672998+3961.1432410754237i) (-7375.842324758289+3960.553303275047i) (-7375.791206503433+3959.963410704392i) (-7375.740099777451+3959.3735639921897i) (-7375.689004485817+3958.783762460416i) (-7375.637920814499+3958.1940067913088i) (-7375.586848436702+3957.60429623963i) (-7375.535788052599+3957.0146317267186i) (-7375.484739146597+3956.4250115742766i) (-7375.433701230166+3955.8354377325836i) (-7375.382675439067+3955.24590910977i) (-7375.331661205065+3954.6564257289942i) (-7375.280658397429+3954.0669878656436i) (-7375.229666827858+3953.4775952248324i) (-7375.178686906094+3952.8882478081478i) (-7375.12771844409+3952.2989460577546i) (-7375.076761411407+3951.7096895783125i) (-7375.0258159473115+3951.1204786351036i) (-7374.974881957053+3950.5313126401647i) (-7374.923959542224+3949.9421926521886i) (-7374.873048949356+3949.353117608188i) (-7374.822149551488+3948.764088014782i) (-7374.771261976088+3948.17510329043i) (-7374.720385831504+3947.5861643542576i) (-7374.669521037167+3946.997269982312i) (-7374.618667519369+3946.4084211706727i) (-7374.567826163383+3945.819618029087i) (-7374.516995689846+3945.2308591385454i) (-7374.466177135817+3944.642146030208i) (-7374.415369303758+3944.053477944656i) (-7374.364573224439+3943.46485525252i) (-7374.313788453256+3942.876277848343i) (-7374.263015345865+3942.2877456510814i) (-7374.21225360697+3941.699258747059i) (-7374.1615034588585+3941.110816809449i) (-7374.110764853744+3940.522420230399i) (-7374.060037487119+3939.93406859912i) (-7374.0093219945065+3939.3457625483175i) (-7373.958617790876+3938.7575009896236i) (-7373.90792515473+3938.169284908784i) (-7373.857243754652+3937.58111382095i) (-7373.806573785088+3936.992987872661i) (-7373.755915097287+3936.404906703782i) (-7373.7052681698515+3935.816871059673i) (-7373.654632471632+3935.228880393798i) (-7373.6040082566415+3934.6409347385875i) (-7373.553395592427+3934.053034045764i) (-7373.502794416876+3933.4651785464966i) (-7373.452204571548+3932.8773678327448i) (-7373.4016259002165+3932.2896024626193i) (-7373.351059023198+3931.7018817149315i) (-7373.300503477412+3931.1142062928684i) (-7373.249959667762+3930.5265756531917i) (-7373.199426547803+3929.938989869328i) (-7373.148905191128+3929.3514492238523i) (-7373.098395325677+3928.763953496308i) (-7373.0478967770505+3928.1765028180585i) (-7372.997409502291+3927.589097083603i) (-7372.946933729061+3927.0017361182913i) (-7372.896469467079+3926.41442020853i) (-7372.846016601586+3925.8271492115223i) (-7372.795575019894+3925.239923242669i) (-7372.745144735587+3924.6527418079204i) (-7372.694726195862+3924.065605352469i) (-7372.64431883382+3923.4785137128483i) (-7372.593922901612+3922.891467166233i) (-7372.5435386708505+3922.3044656622023i) (-7372.4931650816725+3921.7175076450617i) (-7372.442803287625+3921.1305956084957i) (-7372.392452955132+3920.5437284032064i) (-7372.342113556599+3919.956905902092i) (-7372.291786125696+3919.37012798605i) (-7372.241469651137+3918.783395185419i) (-7372.191164404352+3918.1967070367173i) (-7372.140870927351+3917.6100634181284i) (-7372.090588692366+3917.0234642710802i) (-7372.0403178804745+3916.436910430377i) (-7371.990058141791+3915.850401012518i) (-7371.939809780516+3915.2639369649105i) (-7371.889573421555+3914.677516754121i) (-7371.839347550276+3914.0911414076104i) (-7371.789133195525+3913.504811511616i) (-7371.73893026659+3912.9185255638386i) (-7371.688738872948+3912.3322844380837i) (-7371.638558895629+3911.7460879736645i) (-7371.588390208246+3911.15993637147i) (-7371.5382326239+3910.5738291346224i) (-7371.48808653428+3909.9877665056165i) (-7371.43795173766+3909.40174868317i) (-7371.387828091258+3908.8157753387613i) (-7371.33771562865+3908.229846692415i) (-7371.287614586977+3907.6439621458394i) (-7371.237525288711+3907.058122896933i) (-7371.187447174123+3906.472328333775i) (-7371.137379977448+3905.886577817128i) (-7371.087324355669+3905.3008718268275i) (-7371.037280340558+3904.7152105321143i) (-7370.987247246252+3904.1295941181897i) (-7370.937225009211+3903.544021768338i) (-7370.887214752793+3902.9584937249683i) (-7370.837216161308+3902.373010225574i) (-7370.787228216111+3901.7875718617743i) (-7370.737251383387+3901.2021773992665i) (-7370.687286004749+3900.6168274217366i) (-7370.6373322726995+3900.0315220484445i) (-7370.587389441222+3899.446261727192i) (-7370.537457432879+3898.8610452581743i) (-7370.487537197866+3898.2758726898437i) (-7370.437628964544+3897.690744807866i) (-7370.387731660394+3897.105662137784i) (-7370.337844845188+3896.5206235730816i) (-7370.287969646708+3895.9356285259637i) (-7370.238106452431+3895.350678410259i) (-7370.188253927085+3894.76577377003i) (-7370.138411198632+3894.1809127708i) (-7370.088580237655+3893.596094132265i) (-7370.038763178123+3893.0113203412448i) (-7369.988958024536+3892.4265943855626i) (-7369.9391592504935+3891.8419154927674i) (-7369.889380531782+3891.2572660577734i) (-7369.8395979025045+3890.67267501266i) (-7369.789835778626+3890.088121178327i) (-7369.740087386057+3889.503614596925i) (-7369.690347814007+3888.919154229026i) (-7369.640617726938+3888.334736675213i) (-7369.590899306856+3887.7503618312912i) (-7369.541193566676+3887.166031280457i) (-7369.491498759693+3886.5817463018507i) (-7369.441814529779+3885.9975049567797i) (-7369.392141616901+3885.413306919935i) (-7369.342480277661+3884.8291538691337i) (-7369.292830650437+3884.2450455941416i) (-7369.243190778108+3883.660981290215i) (-7369.193562616121+3883.0769605742635i) (-7369.143945877213+3882.4929841352205i) (-7369.094340703219+3881.9090522861306i) (-7369.044746239631+3881.325164688341i) (-7368.995162943185+3880.7413202783573i) (-7368.945591195934+3880.1575207255214i) (-7368.89603088157+3879.573765093623i) (-7368.84648137092+3878.9900540109093i) (-7368.796942767989+3878.4063863723877i) (-7368.74741596295+3877.8227628519508i) (-7368.697900163794+3877.239183486982i) (-7368.648395380262+3876.6556483334225i) (-7368.598901576284+3876.0721569014804i) (-7368.549419508726+3875.488709486588i) (-7368.499948231143+3874.9053065849366i) (-7368.450488269689+3874.321947586093i) (-7368.401039033543+3873.7386327105987i) (-7368.351601442056+3873.1553611723166i) (-7368.3021751097385+3872.5721343451282i) (-7368.25275963227+3871.988951083269i) (-7368.2033554378495+3871.405812015255i) (-7368.15396231577+3870.822716483164i) (-7368.104580885908+3870.2396653792457i) (-7368.055209891056+3869.6566581029588i) (-7368.005850289443+3869.0736947096893i) (-7367.956501621946+3868.490775015785i) (-7367.907164572047+3867.907899370438i) (-7367.857838322318+3867.3250678377462i) (-7367.808523159796+3866.742279880219i) (-7367.759219361101+3866.1595358249606i) (-7367.709926449563+3865.5768357178517i) (-7367.660645089845+3864.9941800279885i) (-7367.611374302724+3864.4115674384957i) (-7367.562115109985+3863.8289989441328i) (-7367.512866681961+3863.246474151293i) (-7367.4636297626785+3862.6639932780463i) (-7367.414403644027+3862.081556370439i) (-7367.365188934073+3861.499162714627i) (-7367.31598492978+3860.9168135259943i) (-7367.266792337776+3860.334507583874i) (-7367.217610638325+3859.752246146299i) (-7367.168440180501+3859.1700277201917i) (-7367.11928091779+3858.5878534900885i) (-7367.0701325762275+3858.005722560095i) (-7367.020995662726+3857.4236357904656i) (-7366.971869278017+3856.8415923708717i) (-7366.922754832416+3856.259592971446i) (-7366.873650305061+3855.6776373073344i) (-7366.824558052776+3855.0957249257904i) (-7366.7754759094405+3854.513856925505i) (-7366.72640588729+3853.9320316878684i) (-7366.677345630842+3853.3502516362914i) (-7366.628296833056+3852.768512098356i) (-7366.579260793203+3852.186821636102i) (-7366.530235570967+3851.60516982636i) (-7366.481218103516+3851.0235609624706i) (-7366.432215490209+3850.442000181931i) (-7366.383221023014+3849.860480813416i) (-7366.33423988865+3849.27900486038i) (-7366.28526876724+3848.6975724160584i) (-7366.236309242442+3848.1161835758394i) (-7366.187359985663+3847.5348387762806i) (-7366.138422043684+3846.9535369890905i) (-7366.0894953994575+3846.3722793129896i) (-7366.040579794455+3845.791064781339i) (-7365.99167535286+3845.2098941962363i) (-7365.942781510525+3844.628766476913i) (-7365.893899005877+3844.047682670928i) (-7365.845027561158+3843.4666420610306i) (-7365.796167043683+3842.885645145254i) (-7365.747317421672+3842.3046917322436i) (-7365.698479009581+3841.7237817516725i) (-7365.649651539108+3841.142915326451i) (-7365.600835327648+3840.562092133788i) (-7365.5520299548325+3839.9813127392817i) (-7365.503235555748+3839.4005763368145i) (-7365.454452157535+3838.819883704285i) (-7365.405679889289+3838.2392340061856i) (-7365.356918825834+3837.6586283729994i) (-7365.308168666879+3837.078065757692i) (-7365.259429422402+3836.4975462886014i) (-7365.21070116467+3835.917070194927i) (-7365.161984050199+3835.336637602408i) (-7365.113277626352+3834.75624872852i) (-7365.064582177596+3834.1759028852925i) (-7365.015897822779+3833.595600278833i) (-7364.967224863236+3833.0153409490667i) (-7364.918562707426+3832.435125340567i) (-7364.869911228413+3831.8549528045082i) (-7364.821270820308+3831.274823228827i) (-7364.772641937635+3830.6947369727422i) (-7364.724024044019+3830.114694742092i) (-7364.6754164264585+3829.5346957854986i) (-7364.626819375135+3828.9547393979883i) (-7364.578234122926+3828.3748252889427i) (-7364.529662656704+3827.794956640594i) (-7364.481096415941+3827.2151270985237i) (-7364.432544822773+3826.6353452820576i) (-7364.384002790582+3826.0556059223945i) (-7364.335471761122+3825.4759089400804i) (-7364.286952180426+3824.8962546258513i) (-7364.2384440855985+3824.3166438888848i) (-7364.189946545819+3823.7370764735892i) (-7364.141459771487+3823.1575522619037i) (-7364.092983856622+3822.5780711454263i) (-7364.044519132865+3821.9986329156563i) (-7363.996065069507+3821.419237973787i) (-7363.947622311176+3820.839886385498i) (-7363.899190096796+3820.26057764774i) (-7363.850768934344+3819.6813117174925i) (-7363.802358929472+3819.1020892730585i) (-7363.7539597423365+3818.522909845981i) (-7363.705571749344+3817.9437739562973i) (-7363.65719427207+3817.3646803700485i) (-7363.608828766541+3816.7856302427003i) (-7363.560472845192+3816.2066214925803i) (-7363.5121275044+3815.6276585808364i) (-7363.463794546844+3815.0487371058025i) (-7363.415471652356+3814.469858567052i) (-7363.367160038+3813.891023208809i) (-7363.31885929965+3813.3122312145865i) (-7363.270569022707+3812.733481975759i) (-7363.222290037322+3812.154775321415i) (-7363.174022061381+3811.5761119457948i) (-7363.125764612849+3810.997491770006i) (-7363.0775179958855+3810.418913934596i) (-7363.029282914911+3809.8403796160105i) (-7362.981057920481+3809.261887987466i) (-7362.93284481193+3808.683439144064i) (-7362.8846420340005+3808.1050331576257i) (-7362.836449885508+3807.5266702403906i) (-7362.788268759585+3806.9483500132837i) (-7362.740098793335+3806.3700727490154i) (-7362.691939449698+3805.7918385728603i) (-7362.643791061884+3805.2136470177334i) (-7362.595653597793+3804.6354982497633i) (-7362.547527023238+3804.057392260092i) (-7362.499411303363+3803.479329292717i) (-7362.4513063102195+3802.9013090845406i) (-7362.403212267551+3802.3233317113413i) (-7362.3551291420845+3801.745396924794i) (-7362.307056826152+3801.167505068318i) (-7362.258995325494+3800.5896560041274i) (-7362.210944646522+3800.0118494856606i) (-7362.162904772153+3799.434085872592i) (-7362.114875809724+3798.8563652657026i) (-7362.066857901358+3798.2786872142774i) (-7362.018850620405+3797.701051821374i) (-7361.970854599991+3797.1234591954603i) (-7361.922868688744+3796.5459092163046i) (-7361.8748943837045+3795.9684017747545i) (-7361.826930742171+3795.3909371188106i) (-7361.7789770644595+3794.8135150997077i) (-7361.731035103525+3794.236135925669i) (-7361.683103712294+3793.6587994337942i) (-7361.635183284364+3793.081505596094i) (-7361.587273424924+3792.504254224733i) (-7361.53937465254+3791.9270454408897i) (-7361.491486518853+3791.349879496258i) (-7361.443609359094+3790.7727561338606i) (-7361.395742853787+3790.195675402151i) (-7361.347887584803+3789.6186370560554i) (-7361.3000427963325+3789.0416413329367i) (-7361.252209375264+3788.464688126727i) (-7361.204385861515+3787.8877766609503i) (-7361.156572947661+3787.3109087425464i) (-7361.108771103352+3786.73408328785i) (-7361.06098016471+3786.1573007991556i) (-7361.013200437303+3785.5805606367385i) (-7360.965431559505+3785.003862822725i) (-7360.9176733023305+3784.4272073283155i) (-7360.869926007868+3783.8505938839635i) (-7360.822189010705+3783.2740230936934i) (-7360.774462554817+3782.697494913904i) (-7360.726746851282+3782.1210094840444i) (-7360.679042390584+3781.5445666723745i) (-7360.631348699688+3780.9681667393033i) (-7360.583665897257+3780.3918082601185i) (-7360.535994118891+3779.8154927870073i) (-7360.488333096239+3779.2392190604114i) (-7360.440682320294+3778.662987325016i) (-7360.393042117783+3778.086798816972i) (-7360.345412490851+3777.5106525282918i) (-7360.297794001729+3776.9345490226788i) (-7360.2501864945625+3776.358487783149i) (-7360.2025899225355+3775.78246901924i) (-7360.1550040280135+3775.2064922013733i) (-7360.10742853387+3774.630557631567i) (-7360.059864107494+3774.0546654523123i) (-7360.0123102414545+3773.478815553909i) (-7359.964767047904+3772.903008117434i) (-7359.917234594889+3772.3272430170728i) (-7359.869713010994+3771.7515200761336i) (-7359.822202165202+3771.1758394951357i) (-7359.774701990957+3770.600201133615i) (-7359.727212390546+3770.024605094148i) (-7359.679733645627+3769.449051326669i) (-7359.632265630158+3768.873539786824i) (-7359.5848085811285+3768.298070537092i) (-7359.537362085468+3767.7226433187616i) (-7359.4899261768915+3767.147258472489i) (-7359.442501148178+3766.571915609821i) (-7359.395086761513+3765.9966150617i) (-7359.347683017413+3765.421356789894i) (-7359.300289884008+3764.8461406656115i) (-7359.252907661045+3764.2709666436294i) (-7359.205536069598+3763.695834914004i) (-7359.158175235865+3763.120745234968i) (-7359.110825164595+3762.5456976961004i) (-7359.063485698095+3761.9706923595413i) (-7359.01615695309+3761.395728997355i) (-7358.9688388528375+3760.820807893213i) (-7358.921531540256+3760.2459286707635i) (-7358.874234807032+3759.6710918808085i) (-7358.826948710581+3759.0962965618883i) (-7358.779673690056+3758.52154411998i) (-7358.732409143426+3757.946832777262i) (-7358.685154667432+3757.372163920305i) (-7358.637911477907+3756.7975374751686i) (-7358.590678792041+3756.2229528593734i) (-7358.54345678899+3755.6484101391525i) (-7358.496245597043+3755.073909679493i) (-7358.449045058041+3754.499451006208i) (-7358.401855054883+3753.925034168399i) (-7358.35467575628+3753.350659510349i) (-7358.307507270591+3752.7763268545277i) (-7358.260349096494+3752.202036189643i) (-7358.2132018324355+3751.6277873789168i) (-7358.1660650352205+3751.053580649771i) (-7358.11893928923+3750.479415661409i) (-7358.071823477071+3749.9052930574235i) (-7358.024719220961+3749.3312119422135i) (-7357.977625814551+3748.757172425154i) (-7357.9305413916545+3748.183175193726i) (-7357.883469069859+3747.60922010341i) (-7357.83640700009+3747.035306242781i) (-7357.789355287938+3746.461434797524i) (-7357.742314208855+3745.8876048214297i) (-7357.695284013448+3745.3138171134806i) (-7357.648264161748+3744.7400708502537i) (-7357.601255224727+3744.1663670548514i) (-7357.55425699619+3743.592704495717i) (-7357.507269217338+3743.0190837706105i) (-7357.46029191271+3742.4455051440045i) (-7357.413325424714+3741.8719681698785i) (-7357.366369399906+3741.298473021374i) (-7357.319424127889+3740.725019583834i) (-7357.272489512083+3740.1516080331658i) (-7357.225565391868+3739.578237976214i) (-7357.178651889955+3739.0049098078553i) (-7357.131748860719+3738.4316232515484i) (-7357.084856461897+3737.8583787196876i) (-7357.037974694897+3737.2851757845992i) (-7356.99110356713+3736.7120145258787i) (-7356.944242986414+3736.138895048526i) (-7356.8973931313+3735.565817078529i) (-7356.850553643251+3734.9927810481977i) (-7356.80372411984+3734.4197858359285i) (-7356.756907786379+3733.8468340891404i) (-7356.710100286637+3733.273921874492i) (-7356.663301715583+3732.701052463327i) (-7356.616515995664+3732.128225267259i) (-7356.569740057805+3731.5554384882844i) (-7356.522974938625+3730.982693946564i) (-7356.47621996507+3730.4099905522025i) (-7356.429475853805+3729.8373291282423i) (-7356.38274204401+3729.2647091843746i) (-7356.336019096563+3728.692130853722i) (-7356.289306378121+3728.119594143587i) (-7356.242604629881+3727.5470990370095i) (-7356.1959131590875+3726.9746453580165i) (-7356.149232362803+3726.4022331484703i) (-7356.102562141281+3725.829862446735i) (-7356.055902179138+3725.2575335814745i) (-7356.009253231245+3724.6852460925384i) (-7355.962614514049+3724.1129999013165i) (-7355.915986568163+3723.540795283622i) (-7355.869368903645+3722.968632151059i) (-7355.82276183375+3722.3965105157386i) (-7355.776165297053+3721.824430338478i) (-7355.729579307486+3721.2523916197706i) (-7355.683003736232+3720.6803945062866i) (-7355.636438902382+3720.1084387311457i) (-7355.589884495928+3719.536524379526i) (-7355.543340680166+3718.964651456041i) (-7355.496807286537+3718.3928198977665i) (-7355.450284451908+3717.8210297538153i) (-7355.403772338283+3717.249280958581i) (-7355.357270426675+3716.6775734364746i) (-7355.310778963887+3716.105907530233i) (-7355.264298441245+3715.534282906755i) (-7355.2178280745575+3714.962699180298i) (-7355.171367992077+3714.3911575902566i) (-7355.124918796428+3713.81965680552i) (-7355.078480049271+3713.2481977085245i) (-7355.03205149337+3712.676779460373i) (-7354.985634227753+3712.105403369298i) (-7354.939226804455+3711.5340673942737i) (-7354.892829994785+3710.962773387497i) (-7354.846443534122+3710.391520100701i) (-7354.800067098842+3709.8203091773785i) (-7354.753702333959+3709.249139061477i) (-7354.707347360452+3708.678009607992i) (-7354.661003019419+3708.1069219228675i) (-7354.614669019313+3707.535875286133i) (-7354.568345544638+3706.9648699265144i) (-7354.522032444017+3706.3939057172993i) (-7354.475730008022+3705.8229828542117i) (-7354.4294379114635+3705.252101149651i) (-7354.383156348695+3704.6812605936384i) (-7354.336885185126+3704.1104611413384i) (-7354.2906245454+3703.5397028069583i) (-7354.244374423961+3702.9689858064903i) (-7354.198134543412+3702.3983098767367i) (-7354.151905193648+3701.8276750218547i) (-7354.105686399624+3701.257081468001i) (-7354.059477942772+3700.686528882251i) (-7354.0132801127265+3700.1160174636825i) (-7353.967092497249+3699.5455471761943i) (-7353.920915390415+3698.975117821514i) (-7353.874748849576+3698.404729729621i) (-7353.8285926193585+3697.834382667228i) (-7353.782446936627+3697.2640766902678i) (-7353.736311563771+3696.693811664616i) (-7353.690186829425+3696.123587681537i) (-7353.644072231438+3695.5534048027057i) (-7353.597968239588+3694.9832627016312i) (-7353.551874517243+3694.413161978041i) (-7353.505791359934+3693.843102008461i) (-7353.459718561588+3693.273083248516i) (-7353.413656145611+3692.703105245885i) (-7353.3676042429925+3692.133168306389i) (-7353.321562456189+3691.563272625038i) (-7353.275531597259+3690.9934175178996i) (-7353.229510720012+3690.423603538444i) (-7353.183500394773+3689.8538304714775i) (-7353.137500488978+3689.2840983920796i) (-7353.0915110415735+3688.7144068821517i) (-7353.045531825417+3688.1447567970245i) (-7352.999563064032+3687.5751471486165i) (-7352.953604770208+3687.005579082527i) (-7352.907656643082+3686.436051388793i) (-7352.861719089735+3685.866564486654i) (-7352.815792342486+3685.2971183543814i) (-7352.7698754321955+3684.727713598445i) (-7352.723968869454+3684.1583494270053i) (-7352.678072974228+3683.589025855178i) (-7352.632187125599+3683.0197433398207i) (-7352.58631188891+3682.4505015199074i) (-7352.540446786199+3681.8813008232446i) (-7352.494592297004+3681.3121407043745i) (-7352.448748141177+3680.7430215337945i) (-7352.402914240304+3680.173942943944i) (-7352.357090849348+3679.6049053905863i) (-7352.311277524923+3679.0359083605954i) (-7352.265475047874+3678.4669523429093i) (-7352.21968248984+3677.89803675623i) (-7352.17390075875+3677.3291622866354i) (-7352.128128705933+3676.760328156207i) (-7352.082367681569+3676.1915351420157i) (-7352.036616757783+3675.6227825625483i) (-7351.990876355627+3675.054070549899i) (-7351.945145759515+3674.485399638281i) (-7351.899425939793+3673.916768742559i) (-7351.853716351183+3673.348179242683i) (-7351.808017267643+3672.779629845306i) (-7351.762328156399+3672.211121759883i) (-7351.716649192418+3671.642653621213i) (-7351.670981157858+3671.074226257455i) (-7351.625323647089+3670.5058412645803i) (-7351.579675943263+3669.9374935984324i) (-7351.534038623372+3669.369188299872i) (-7351.488411730555+3668.8009241293075i) (-7351.442794847966+3668.232699722509i) (-7351.397188693783+3667.664516220376i) (-7351.351592592007+3667.096373232047i) (-7351.306006884266+3666.5282708482246i) (-7351.26043160079+3665.960209028275i) (-7351.2148666679805+3665.392187543306i) (-7351.169311727726+3664.8242066999437i) (-7351.123767379381+3664.2562662779774i) (-7351.078232909742+3663.6883666459207i) (-7351.032709195109+3663.1205071884915i) (-7350.987195511021+3662.552688693979i) (-7350.941692334387+3661.9849102281223i) (-7350.896199158851+3661.41717253559i) (-7350.850716391886+3660.8494750975715i) (-7350.805244079742+3660.281818383867i) (-7350.759781732286+3659.7142020101437i) (-7350.714329850107+3659.1466261372034i) (-7350.668888356338+3658.5790906637903i) (-7350.623457187416+3658.0115955744122i) (-7350.578036199073+3657.4441410313148i) (-7350.5326254473275+3656.876726647718i) (-7350.487225013665+3656.3093528358077i) (-7350.44183487304+3655.7420192165164i) (-7350.396454983744+3655.174726073451i) (-7350.351085230237+3654.6074735199436i) (-7350.305725702134+3654.040260979935i) (-7350.26037677286+3653.4730889551556i) (-7350.215037707221+3652.9059573596924i) (-7350.169709258091+3652.3388659335087i) (-7350.124390592423+3651.7718151237814i) (-7350.079082940694+3651.2048040219743i) (-7350.03378473932+3650.6378339300554i) (-7349.988497290829+3650.0709033703115i) (-7349.943219582893+3649.5040140602214i) (-7349.897952372285+3648.9371633610735i) (-7349.852694246956+3648.3703560287913i) (-7349.807450323917+3647.803587284271i) (-7349.762213062022+3647.236856320109i) (-7349.7169862389455+3646.670168705922i) (-7349.671770426667+3646.103519892212i) (-7349.6265643508905+3645.5369127799895i) (-7349.581369094965+3644.9703443982226i) (-7349.5361836065495+3644.4038170819895i) (-7349.491008354713+3643.8373294383327i) (-7349.44584411+3643.2708825146747i) (-7349.400689223777+3642.704475212001i) (-7349.355544758955+3642.138108571886i) (-7349.310410803521+3641.571781894969i) (-7349.265286845378+3641.005494893954i) (-7349.220172814759+3640.4392485063036i) (-7349.17506941492+3639.8730420490747i) (-7349.129976047148+3639.306876079152i) (-7349.084892652278+3638.740749946366i) (-7349.039819809679+3638.174664049826i) (-7348.994756967666+3637.608618129396i) (-7348.949704597402+3637.0426123569105i) (-7348.904662050252+3636.4766468275993i) (-7348.859629904606+3635.910720957286i) (-7348.814608025126+3635.344835603947i) (-7348.7695962265+3634.7789897952853i) (-7348.724594657551+3634.2131845342537i) (-7348.6796029969355+3633.6474188298i) (-7348.634621940954+3633.0816934354116i) (-7348.589650495545+3632.5160079150337i) (-7348.544689844739+3631.9503625689786i) (-7348.499738659451+3631.384757361495i) (-7348.45479845069+3630.819191971191i) (-7348.4098677833645+3630.253666732354i) (-7348.364947991087+3629.688181091631i) (-7348.320037777908+3629.1227357983043i) (-7348.275138046145+3628.5573300868273i) (-7348.230248253143+3627.9919645797418i) (-7348.185368860862+3627.426638719073i) (-7348.140499554955+3626.861353033828i) (-7348.095640174284+3626.2961069958274i) (-7348.050791012969+3625.7309010396148i) (-7348.005952001416+3625.1657347447117i) (-7347.96112324907+3624.6006085986337i) (-7347.916304072231+3624.035522801598i) (-7347.8714960696025+3623.4704759665265i) (-7347.826697725216+3622.905469142035i) (-7347.781908952289+3622.3405031367747i) (-7347.737130844983+3621.7755757432715i) (-7347.692363037904+3621.2106891901067i) (-7347.64760518034+3620.645841809015i) (-7347.602857449997+3620.081034607024i) (-7347.558119794607+3619.516266871701i) (-7347.513392493051+3618.9515391557215i) (-7347.4686751164045+3618.386851134079i) (-7347.4239678568365+3617.8222030538373i) (-7347.379270639896+3617.257594555512i) (-7347.334583662421+3616.6930259491955i) (-7347.289906788019+3616.128497021854i) (-7347.245240100923+3615.5640079170407i) (-7347.200583374277+3614.999558639398i) (-7347.155936881016+3614.4351486911864i) (-7347.111300706158+3613.8707789208775i) (-7347.066674289279+3613.3064484356955i) (-7347.02205785802+3612.742157833749i) (-7346.977451782452+3612.177907056295i) (-7346.932855895144+3611.613695829559i) (-7346.888269741645+3611.049524304368i) (-7346.843694176601+3610.4853922561124i) (-7346.799128350809+3609.921300377968i) (-7346.754572555303+3609.3572477762964i) (-7346.710026933077+3608.79323463316i) (-7346.665491861155+3608.229261351985i) (-7346.620966153829+3607.6653276844963i) (-7346.576450789647+3607.1014334655247i) (-7346.531945738521+3606.5375790376265i) (-7346.487450485551+3605.973764093287i) (-7346.442965445787+3605.40998881055i) (-7346.398490323889+3604.846253054553i) (-7346.354025534527+3604.2825567975524i) (-7346.309570545384+3603.718900336514i) (-7346.265125766651+3603.1552832424477i) (-7346.220691043516+3602.5917055818772i) (-7346.1762661962475+3602.0281674676307i) (-7346.131851569004+3601.464668852632i) (-7346.0874467611975+3600.901209911399i) (-7346.043052472091+3600.337790435753i) (-7345.99866771+3599.774410912559i) (-7345.95429365937+3599.2110699948753i) (-7345.909929131592+3598.6477689474377i) (-7345.865574850855+3598.084507428448i) (-7345.821230476033+3597.521285337488i) (-7345.776896309081+3596.9581027285894i) (-7345.7325721358475+3596.394959483625i) (-7345.688257864008+3595.8318555794986i) (-7345.643953798778+3595.268791224762i) (-7345.599659732255+3594.705766128329i) (-7345.5553756062045+3594.1427805199355i) (-7345.511101490853+3593.579834253411i) (-7345.466837633468+3593.0169274931322i) (-7345.42258335514+3592.4540599757074i) (-7345.378339541125+3591.8912317645463i) (-7345.334105306261+3591.32844313652i) (-7345.28988136386+3590.765693760043i) (-7345.245667119343+3590.202983903001i) (-7345.201463397335+3589.6403133003814i) (-7345.157269400206+3589.0776819951334i) (-7345.113085553315+3588.515089982435i) (-7345.068911722359+3587.9525373895176i) (-7345.024747809254+3587.3900238396227i) (-7344.980594092699+3586.8275496983833i) (-7344.93645006754+3586.2651145331492i) (-7344.892316002419+3585.702719175413i) (-7344.848192207331+3585.1403628545468i) (-7344.8040782968255+3584.578045553383i) (-7344.759974375467+3584.0157678213363i) (-7344.715880398091+3583.4535290874383i) (-7344.67179638271+3582.8913299195538i) (-7344.627722309386+3582.329169515313i) (-7344.583658662803+3581.7670485076223i) (-7344.539603894851+3581.2049674842983i) (-7344.495560680869+3580.6429244828178i) (-7344.451526618406+3580.0809214094725i) (-7344.407503012974+3579.5189567858815i) (-7344.363488326355+3578.957031680312i) (-7344.319484592974+3578.3951450842014i) (-7344.275489789461+3577.833299057933i) (-7344.231505650774+3577.2714915478828i) (-7344.187531772714+3576.709722802627i) (-7344.143567662202+3576.1479936364285i) (-7344.099613265828+3575.586303131865i) (-7344.055668945043+3575.0246517420837i) (-7344.011734488442+3574.4630395804706i) (-7343.967809963813+3573.901466467246i) (-7343.923895106191+3573.339932762312i) (-7343.879990737696+3572.778437955659i) (-7343.836096214276+3572.216982380107i) (-7343.792211664412+3571.6555654725653i) (-7343.748337158932+3571.0941881841736i) (-7343.704473049893+3570.5328485697737i) (-7343.660616938652+3569.971548547215i) (-7343.616772306908+3569.41028876213i) (-7343.572937498785+3568.8490667508686i) (-7343.529112504384+3568.2878843624358i) (-7343.485297443649+3567.726740435105i) (-7343.441492337201+3567.165635833191i) (-7343.3976970460935+3566.6045699038605i) (-7343.353911740273+3566.0435431816077i) (-7343.3101362745+3565.4825552489674i) (-7343.266370876264+3564.921606377753i) (-7343.2226152540625+3564.360696414142i) (-7343.178869718862+3563.799825268369i) (-7343.135134042954+3563.2389931813723i) (-7343.091408039829+3562.6781998843053i) (-7343.04769218151+3562.1174454356906i) (-7343.003986077136+3561.5567300749426i) (-7342.960290091099+3560.9960534800503i) (-7342.916603773794+3560.435415834416i) (-7342.872927521094+3559.8748168361717i) (-7342.829261093475+3559.314256902693i) (-7342.785604536379+3558.753735699155i) (-7342.7419578557+3558.1932534977577i) (-7342.698321035293+3557.632809873554i) (-7342.654694242617+3557.072405494777i) (-7342.611077235431+3556.5120394717014i) (-7342.567470436417+3555.9517128357293i) (-7342.523873613079+3555.3914238862i) (-7342.480285810752+3554.831174392517i) (-7342.436708441881+3554.2709637291964i) (-7342.393140871463+3553.7107917974645i) (-7342.349583170933+3553.1506587175336i) (-7342.306035370513+3552.5905641425497i) (-7342.262497439015+3552.030508487259i) (-7342.218969330328+3551.4704914266295i) (-7342.175450979711+3550.9105132258846i) (-7342.13194301807+3550.350573694055i) (-7342.088444336579+3549.790672926423i) (-7342.044955671396+3549.230810741101i) (-7342.00147698474+3548.6709874384396i) (-7341.958008157878+3548.1112019713655i) (-7341.914549423484+3547.551456209505i) (-7341.87109981809+3546.9917486917902i) (-7341.827660750391+3546.4320797607943i) (-7341.78423083138+3545.8724498008223i) (-7341.740811347505+3545.3128578738388i) (-7341.697401515444+3544.7533052682957i) (-7341.654001796096+3544.193790786394i) (-7341.6106115478415+3543.6343153925145i) (-7341.567231129895+3543.074877794703i) (-7341.523860821244+3542.5154793047477i) (-7341.480500049404+3541.95611934142i) (-7341.437149404315+3541.3967982127033i) (-7341.393807993316+3540.8375152574636i) (-7341.35047714233+3540.2782709165513i) (-7341.307155991199+3539.7190654411534i) (-7341.263844616382+3539.159898075909i) (-7341.220542528808+3538.60076973565i) (-7341.17725075906+3538.041678915668i) (-7341.133968895866+3537.482627802121i) (-7341.090696641456+3536.923614282008i) (-7341.047434255466+3536.3646402359727i) (-7341.004180926406+3535.8057033215955i) (-7340.960939179404+3535.246805802244i) (-7340.917705446896+3534.687946671045i) (-7340.8744831616+3534.129126280741i) (-7340.831267221307+3533.5703439349136i) (-7340.788066405277+3533.0115968518567i) (-7340.7448687184515+3532.452896181623i) (-7340.701686777828+3531.894231513018i) (-7340.658514846991+3531.335597312691i) (-7340.615350335186+3530.7770103811818i) (-7340.572194345674+3530.218456933262i) (-7340.529050151976+3529.659943966454i) (-7340.485914615395+3529.1014681845772i) (-7340.44279023105+3528.54303193787i) (-7340.399673735476+3527.984633777416i) (-7340.356568440799+3527.4262734981958i) (-7340.313472142978+3526.867952028113i) (-7340.270386561391+3526.309668500545i) (-7340.227309924077+3525.751424132891i) (-7340.184243312775+3525.193217006188i) (-7340.14118639438+3524.635048901415i) (-7340.098139326555+3524.0769185089684i) (-7340.055102153803+3523.5188271626284i) (-7340.01207435572+3522.9607736138787i) (-7339.969056794614+3522.402758284911i) (-7339.926048474677+3521.844781304704i) (-7339.883050622794+3521.2868426754085i) (-7339.840061711545+3520.7289424596584i) (-7339.797083205815+3520.171080155462i) (-7339.7541138842935+3519.6132562196663i) (-7339.711154816409+3519.055470497995i) (-7339.668205211377+3518.4977233607424i) (-7339.625265439857+3517.940013644218i) (-7339.582335490102+3517.3823426555628i) (-7339.539415231418+3516.824709473529i) (-7339.496504887749+3516.267114806222i) (-7339.453603662187+3515.709558317052i) (-7339.410712569871+3515.152039672279i) (-7339.367831120811+3514.5945595391095i) (-7339.3249597492595+3514.0371172771283i) (-7339.282097827492+3513.479713378263i) (-7339.239245203822+3512.922347321208i) (-7339.196402767489+3512.3650192183395i) (-7339.153569675105+3511.807730215083i) (-7339.1107478931035+3511.2504787973303i) (-7339.067933088547+3510.6932651417874i) (-7339.02512949855+3510.1360899057836i) (-7338.982335288954+3509.5789520791177i) (-7338.9395519221325+3509.0218552528386i) (-7338.896778259075+3508.464791995433i) (-7338.8540135667345+3507.9077692247847i) (-7338.811257953645+3507.3507843949465i) (-7338.768512185421+3506.793837005085i) (-7338.725776603104+3506.2369278810947i) (-7338.683050755206+3505.6800569060524i) (-7338.640334613488+3505.123224090825i) (-7338.597627987323+3504.5664291703742i) (-7338.55493114491+3504.009672061201i) (-7338.512243952168+3503.45295298003i) (-7338.469566498154+3502.8962719732062i) (-7338.4268986655425+3502.339628929214i) (-7338.384240421185+3501.7830237481703i) (-7338.3415920286825+3501.226456364937i) (-7338.298953380237+3500.6699271041944i) (-7338.256324232758+3500.113435762143i) (-7338.213704624858+3499.5569824218564i) (-7338.1710951064+3499.0005669456905i) (-7338.128494925324+3498.4441891794777i) (-7338.085904587206+3497.8878496421003i) (-7338.043323669601+3497.331547720344i) (-7338.000752739015+3496.7752837509915i) (-7337.958191265258+3496.2190575978093i) (-7337.915639644088+3495.6628692973454i) (-7337.873097366847+3495.106719072108i) (-7337.830565046383+3494.5506064405554i) (-7337.78804216519+3493.9945318302816i) (-7337.745529234169+3493.438494852022i) (-7337.70302552344+3492.882495884718i) (-7337.6605317612975+3492.3265346417265i) (-7337.618047632783+3491.7706111900034i) (-7337.57557318756+3491.2147254663123i) (-7337.533108407533+3490.658877576452i) (-7337.4906530732715+3490.103067418464i) (-7337.448207581229+3489.54729505495i) (-7337.405771510883+3488.9915604450453i) (-7337.3633453220245+3488.435863586891i) (-7337.3209284595505+3487.8802041849412i) (-7337.2785212238805+3487.32458283117i) (-7337.236123880768+3486.7689992015576i) (-7337.193735978739+3486.2134533795797i) (-7337.15135793582+3485.6579451858343i) (-7337.108989320253+3485.102474667071i) (-7337.0666304969+3484.547041826396i) (-7337.024281417169+3483.9916466822233i) (-7336.981941730575+3483.436288843961i) (-7336.939611578387+3482.880968949955i) (-7336.897291191889+3482.3256864960167i) (-7336.854980239745+3481.7704417267123i) (-7336.812678844948+3481.215234642211i) (-7336.770386915972+3480.6600651999597i) (-7336.728104585927+3480.104933570178i) (-7336.685832110292+3479.5498395707837i) (-7336.643568940464+3478.9947832051257i) (-7336.60131566901+3478.4397644009905i) (-7336.5590718328385+3477.8847832927895i) (-7336.516837822528+3477.3298397652707i) (-7336.474613315551+3476.7749337264822i) (-7336.432398714858+3476.2200651848834i) (-7336.390193475179+3475.6652343390806i) (-7336.347997888879+3475.110440701552i) (-7336.3058118445+3474.555684754685i) (-7336.263635432864+3474.0009659942207i) (-7336.221468552027+3473.446285196431i) (-7336.179310962307+3472.8916412516965i) (-7336.137162486744+3472.3370356180367i) (-7336.095025106091+3471.78246753404i) (-7336.052896114386+3471.2279362936206i) (-7336.010776817993+3470.6734427701867i) (-7335.968667583727+3470.1189869973514i) (-7335.926567581951+3469.564568398966i) (-7335.884477104164+3469.0101872062733i) (-7335.84239641895+3468.45584363291i) (-7335.800325063261+3467.9015373461534i) (-7335.758263439588+3467.3472684104163i) (-7335.716211327426+3466.7930369366713i) (-7335.674168723195+3466.2388429282937i) (-7335.632135623059+3465.6846863161372i) (-7335.590112009834+3465.130567121387i) (-7335.54809809512+3464.5764852220764i) (-7335.506093677754+3464.022440759334i) (-7335.464098800007+3463.468433738717i) (-7335.422113459073+3462.914464021431i) (-7335.380137683948+3462.3605314864108i) (-7335.3381715443875+3461.8066364056394i) (-7335.296214936643+3461.252778758615i) (-7335.2542675597715+3460.698958430383i) (-7335.212330236648+3460.145175167637i) (-7335.170401878382+3459.5914292233547i) (-7335.128483321669+3459.0377207096135i) (-7335.086574266677+3458.4840495263343i) (-7335.0446746882335+3457.9304155605514i) (-7335.0027847676665+3457.3768187965416i) (-7334.960904341155+3456.823259485036i) (-7334.919033285846+3456.269737264658i) (-7334.877171894779+3455.7162522766757i) (-7334.835319928456+3455.162804521342i) (-7334.793477485315+3454.6093940229184i) (-7334.751644695933+3454.056020752354i) (-7334.709821193112+3453.502684777186i) (-7334.668007293997+3452.949385811329i) (-7334.626202838091+3452.396124215269i) (-7334.5844079685685+3451.8428997321953i) (-7334.542622723151+3451.28971251008i) (-7334.500846718021+3450.736562293787i) (-7334.459080504224+3450.1834492597227i) (-7334.417323253449+3449.6303733514023i) (-7334.375575777656+3449.0773351269436i) (-7334.333838419499+3448.5243327862863i) (-7334.292108998179+3447.9713683253503i) (-7334.250390398898+3447.418441650487i) (-7334.208681039222+3446.865551353507i) (-7334.166981128403+3446.31269840622i) (-7334.125290709799+3445.759882024816i) (-7334.083609777416+3445.207103202444i) (-7334.041938096536+3444.6543612641062i) (-7334.000276082019+3444.101656495267i) (-7333.958623103793+3443.5489888056554i) (-7333.916980217597+3442.996357678622i) (-7333.875346321718+3442.4437648074854i) (-7333.833722449734+3441.891208418783i) (-7333.792107849773+3441.338687858535i) (-7333.750502642521+3440.7862057991424i) (-7333.708906537977+3440.2337599946477i) (-7333.667320216333+3439.6813515830163i) (-7333.625743198363+3439.1289798584567i) (-7333.584175928718+3438.5766454017357i) (-7333.542617809831+3438.0243477098456i) (-7333.501069435873+3437.4720870150886i) (-7333.459530277814+3436.9198632986518i) (-7333.418000759866+3436.3676765227174i) (-7333.376480394205+3435.8155266619333i) (-7333.3349697170925+3435.2634138704398i) (-7333.293468311649+3434.7113378696686i) (-7333.2519766704145+3434.159299296107i) (-7333.210494693798+3433.6072963116912i) (-7333.169020905309+3433.055331101579i) (-7333.1275575975915+3432.503402864477i) (-7333.086103221398+3431.9515115095137i) (-7333.044658682054+3431.3996569472174i) (-7333.003223279175+3430.847839240312i) (-7332.961797709518+3430.2960582607557i) (-7332.920381121673+3429.7443142421416i) (-7332.878974226112+3429.192606882426i) (-7332.837576481741+3428.640936608049i) (-7332.796188353803+3428.0893029014624i) (-7332.7548096949195+3427.537706392807i) (-7332.713440179317+3426.986146505873i) (-7332.672080440751+3426.4346229934117i) (-7332.630730072737+3425.883137012859i) (-7332.589388562187+3425.3316872236064i) (-7332.548057039112+3424.7802744371456i) (-7332.506734763376+3424.2288984677543i) (-7332.46542186434+3423.6775591096066i) (-7332.4241183280865+3423.126256594913i) (-7332.382824219875+3422.5749906661786i) (-7332.341539541971+3422.023761645615i) (-7332.30026412706+3421.472569306391i) (-7332.258998172777+3420.921413684646i) (-7332.217741660199+3420.370294699831i) (-7332.176494518827+3419.819212478087i) (-7332.135256735064+3419.268166028789i) (-7332.094028363482+3418.717158187459i) (-7332.052809422807+3418.166185741222i) (-7332.011599850173+3417.6152503840394i) (-7331.970399633582+3417.064351397503i) (-7331.929208610241+3416.513489210938i) (-7331.888027199226+3415.962663516766i) (-7331.846855101836+3415.4118746447703i) (-7331.80569244966+3414.8611221154642i) (-7331.764538989064+3414.310406704817i) (-7331.723395030182+3413.7597271961276i) (-7331.682260663021+3413.209084754918i) (-7331.641135309619+3412.658478833331i) (-7331.600018897+3412.1079088988554i) (-7331.5589128722+3411.5573766128746i) (-7331.517815351847+3411.0068803813865i) (-7331.47672758586+3410.456420348446i) (-7331.435649148862+3409.905997348852i) (-7331.3945801110585+3409.3556106680144i) (-7331.353520161724+3408.8052604933528i) (-7331.312469617445+3408.25494694595i) (-7331.27142857903+3407.7046698636877i) (-7331.230396756535+3407.154429505199i) (-7331.189374471383+3406.604225312227i) (-7331.148361193516+3406.0540577287975i) (-7331.107357545927+3405.503926695763i) (-7331.06636320309+3404.953832172195i) (-7331.025378119095+3404.4037739857895i) (-7330.984402436739+3403.8537522733004i) (-7330.943436011019+3403.3037669368186i) (-7330.902478977606+3402.7538181828513i) (-7330.861531158519+3402.2039057203683i) (-7330.820592716798+3401.654029781441i) (-7330.77966355941+3401.104190179967i) (-7330.738743876545+3400.5543870796073i) (-7330.6978333349625+3400.004620302292i) (-7330.656932296481+3399.4548898970033i) (-7330.616040406174+3398.9051959061144i) (-7330.575157934933+3398.355538246329i) (-7330.534284514968+3397.8059170563174i) (-7330.493420763858+3397.256332030598i) (-7330.452566218579+3396.7067833605724i) (-7330.4117205677585+3396.157271367467i) (-7330.370884791655+3395.607795506223i) (-7330.330058069007+3395.0583558807857i) (-7330.289240777212+3394.5089526539787i) (-7330.248432608614+3393.959585650384i) (-7330.2076338755105+3393.4102549811014i) (-7330.166844352183+3392.8609606215005i) (-7330.126064143878+3392.3117023818904i) (-7330.085293047504+3391.7624806782096i) (-7330.0445315239895+3391.213295091982i) (-7330.003779129496+3390.6641457961723i) (-7329.963035997767+3390.115032715981i) (-7329.9223023003215+3389.56595601809i) (-7329.88157789461+3389.016915179969i) (-7329.840862390182+3388.46791087199i) (-7329.800156507359+3387.9189428096533i) (-7329.759459678817+3387.37001091969i) (-7329.718772456983+3386.821115262155i) (-7329.678094344909+3386.2722555767305i) (-7329.637425346506+3385.7234323779912i) (-7329.596765793269+3385.174644814115i) (-7329.556115108826+3384.6258946779i) (-7329.515475469338+3384.0771794326038i) (-7329.474842711003+3383.5284999284067i) (-7329.434220283389+3382.979857632632i) (-7329.393606552601+3382.4312510148775i) (-7329.353002736378+3381.8826812677626i) (-7329.312408136213+3381.334146715859i) (-7329.271822648449+3380.7856486451956i) (-7329.231246403481+3380.237186409332i) (-7329.190679180886+3379.6887604593066i) (-7329.150121488987+3379.1403706384353i) (-7329.109572848459+3378.5920167988197i) (-7329.069033583113+3378.0436990964645i) (-7329.028503437369+3377.495417408867i) (-7328.987982717638+3376.947171773929i) (-7328.947470909008+3376.398962098743i) (-7328.906968693487+3375.850788591162i) (-7328.866475365671+3375.302651120566i) (-7328.825991629479+3374.7545496615257i) (-7328.7855169973+3374.2064840456496i) (-7328.745051414888+3373.658454595852i) (-7328.704595216779+3373.1104611795736i) (-7328.664148213544+3372.562503598372i) (-7328.623710495609+3372.014582160773i) (-7328.583281812696+3371.466696481294i) (-7328.542862735001+3370.918846762075i) (-7328.502452469384+3370.371033095078i) (-7328.462051514407+3369.8232554064716i) (-7328.421659887523+3369.2755135572916i) (-7328.38127730323+3368.727807721034i) (-7328.340904051264+3368.180137681212i) (-7328.30053997995+3367.6325037651122i) (-7328.260185086964+3367.08490531776i) (-7328.219839178635+3366.5373433087298i) (-7328.179503156529+3365.989817029478i) (-7328.139175818482+3365.442326264687i) (-7328.098857689076+3364.8948716330924i) (-7328.0585487917815+3364.347452851981i) (-7328.0182489422705+3363.8000699944623i) (-7327.9779586111745+3363.2527228745566i) (-7327.937677192066+3362.705411694509i) (-7327.89740511896+3362.1581361894932i) (-7327.857142009802+3361.610896589833i) (-7327.816888251611+3361.0636928088497i) (-7327.776643755813+3360.516524829817i) (-7327.736408319677+3359.969392649995i) (-7327.696182084688+3359.422296281892i) (-7327.6559649982555+3358.875235524154i) (-7327.615757215467+3358.328210802496i) (-7327.575558386259+3357.781221519609i) (-7327.53536891598+3357.234268235332i) (-7327.49518834347+3356.687350668516i) (-7327.4550173461885+3356.140468780235i) (-7327.414855315656+3355.593622891818i) (-7327.37470261345+3355.0468123283536i) (-7327.334558732577+3354.5000377996093i) (-7327.294424268756+3353.9532984140696i) (-7327.254298702037+3353.4065956399154i) (-7327.214182613432+3352.8599278760157i) (-7327.174075466557+3352.3132958617425i) (-7327.133977839063+3351.7666995689633i) (-7327.093888558262+3351.2201386600027i) (-7327.053809253915+3350.6736140627054i) (-7327.013738699101+3350.1271245582293i) (-7326.973677620261+3349.580671034001i) (-7326.933625151547+3349.0342528574774i) (-7326.893582001432+3348.4878703766426i) (-7326.853547898469+3347.941523629999i) (-7326.813523130602+3347.395212457701i) (-7326.773507363518+3346.848937044396i) (-7326.733500912458+3346.302696912634i) (-7326.693503580933+3345.7564927319636i) (-7326.653515284729+3345.210323803055i) (-7326.613536341487+3344.664190525352i) (-7326.573566443686+3344.118092829648i) (-7326.533605510895+3343.5720302452683i) (-7326.493653361049+3343.026004073876i) (-7326.453711244635+3342.4800127407125i) (-7326.413777496102+3341.934057257293i) (-7326.373853105736+3341.388137085133i) (-7326.333937574305+3340.84225271747i) (-7326.29403144128+3340.296403353821i) (-7326.254134376444+3339.750590164829i) (-7326.214246335272+3339.204812033864i) (-7326.174367455964+3338.6590696192234i) (-7326.134497741208+3338.113362126611i) (-7326.0946375697185+3337.567690634839i) (-7326.054785641177+3337.022054597699i) (-7326.0149427714405+3336.4764527759235i) (-7325.975110064795+3335.9308886199924i) (-7325.935285286805+3335.3853585185298i) (-7325.8954702379415+3334.8398634599325i) (-7325.855664410663+3334.294404633196i) (-7325.815867089938+3333.7489809522067i) (-7325.776079203188+3333.2035927142188i) (-7325.736300125525+3332.658239687391i) (-7325.696530802542+3332.1129222219133i) (-7325.656769927995+3331.567640180502i) (-7325.617018433251+3331.022393418403i) (-7325.577275553216+3330.477181725377i) (-7325.537542365182+3329.9320059544734i) (-7325.497817857865+3329.3868652265755i) (-7325.4581026932665+3328.8417596968466i) (-7325.41839646739+3328.296689658223i) (-7325.378699341229+3327.7516548362273i) (-7325.339011255321+3327.2066555166166i) (-7325.299332113696+3326.6616913698217i) (-7325.259662351076+3326.116762576494i) (-7325.220001483514+3325.5718688231855i) (-7325.180349758506+3325.027010492725i) (-7325.140706921156+3324.4821873077317i) (-7325.101073224034+3323.9373995209744i) (-7325.061448313799+3323.3926470641018i) (-7325.021832614377+3322.847929622223i) (-7324.982226124615+3322.3032478035357i) (-7324.942628451849+3321.7586008060953i) (-7324.903040347856+3321.2139898020905i) (-7324.863461297555+3320.6694131522863i) (-7324.823890657512+3320.1248717754224i) (-7324.784329556835+3319.5803650922335i) (-7324.744776458565+3319.035894350138i) (-7324.705233450838+3318.491458979546i) (-7324.665698921775+3317.9470586245916i) (-7324.626173989616+3317.4026934598533i) (-7324.586657831025+3316.858363458041i) (-7324.547151277769+3316.314068417896i) (-7324.507652623984+3315.769808211584i) (-7324.46816380754+3315.2255836863105i) (-7324.428683710907+3314.6813938273335i) (-7324.389212811584+3314.137239407042i) (-7324.349750566391+3313.5931198742146i) (-7324.310297780528+3313.04903556325i) (-7324.270853685368+3312.50498625393i) (-7324.231418827105+3311.960972274711i) (-7324.191992823354+3311.416993288769i) (-7324.152575987431+3310.8730492236637i) (-7324.113168092299+3310.3291402643954i) (-7324.073769309172+3309.785266269314i) (-7324.034379340193+3309.2414275084575i) (-7323.9949985293915+3308.6976234620097i) (-7323.955626730305+3308.153854487444i) (-7323.916263939975+3307.610120792322i) (-7323.876909911085+3307.0664219810133i) (-7323.837565044678+3306.5227581677527i) (-7323.79822918955+3305.9791293325616i) (-7323.758901990599+3305.4355353194787i) (-7323.719584070108+3304.8919764756247i) (-7323.68027510068+3304.3484526317698i) (-7323.64097506478+3303.8049636787455i) (-7323.601683940446+3303.261510000192i) (-7323.562402215663+3302.7180910165953i) (-7323.523129211694+3302.1747069816493i) (-7323.483865207936+3301.6313578684167i) (-7323.444610384919+3301.0880438646263i) (-7323.405364321276+3300.5447641056144i) (-7323.366126994924+3300.0015199164864i) (-7323.326898959444+3299.458310327489i) (-7323.287679893508+3298.9151357865176i) (-7323.248469851019+3298.371996075677i) (-7323.2092686885135+3297.828891183226i) (-7323.170076464767+3297.2858212220362i) (-7323.130893229894+3296.742785984643i) (-7323.091719020884+3296.199785770501i) (-7323.052553462743+3295.6568203113748i) (-7323.0133972547565+3295.1138897133424i) (-7322.974249773265+3294.570993741795i) (-7322.935111409233+3294.0281327269367i) (-7322.895981852661+3293.48530670965i) (-7322.856861226068+3292.9425152722924i) (-7322.817749892278+3292.3997588810353i) (-7322.77864722857+3291.8570366070035i) (-7322.739553325112+3291.3143500490023i) (-7322.700468592563+3290.7716976323063i) (-7322.661392819903+3290.2290802100706i) (-7322.622325830596+3289.6864973758966i) (-7322.583267956352+3289.1439496021976i) (-7322.54421923352+3288.6014358297243i) (-7322.505179037125+3288.058957655474i) (-7322.466147813577+3287.5165138236334i) (-7322.427125616664+3286.974104765901i) (-7322.388112493449+3286.431730473015i) (-7322.349108149585+3285.889390507622i) (-7322.310112410985+3285.3470856507447i) (-7322.271126085373+3284.804815318388i) (-7322.232148443148+3284.2625798301424i) (-7322.193180064953+3283.7203787746494i) (-7322.154220432134+3283.178212669656i) (-7322.115269854963+3282.6360807409674i) (-7322.076327878225+3282.0939837609694i) (-7322.0373947811695+3281.551921284732i) (-7321.998471033516+3281.0098932825695i) (-7321.959555584642+3280.467900116455i) (-7321.920649452966+3279.925941358266i) (-7321.881751785853+3279.38401760524i) (-7321.842863363576+3278.8421279533695i) (-7321.803983586139+3278.300273730425i) (-7321.765113113201+3277.758453279077i) (-7321.726251416643+3277.216669115536i) (-7321.687400552049+3276.674916646598i) (-7321.648554685087+3276.1331997254492i) (-7321.609720158222+3275.591518200037i) (-7321.570893822376+3275.0498704573365i) (-7321.532076970925+3274.5082575503184i) (-7321.493268347376+3273.9666790445417i) (-7321.454468847458+3273.4251350217564i) (-7321.41567803926+3272.883625608336i) (-7321.376896275811+3272.342150791559i) (-7321.338123276426+3271.8007106284185i) (-7321.2993591461745+3271.259304703646i) (-7321.260603917831+3270.7179333199692i) (-7321.22185793153+3270.176596620533i) (-7321.183120536592+3269.6352940948445i) (-7321.144392186448+3269.094026162502i) (-7321.105672568803+3268.5527925409942i) (-7321.066962020918+3268.0115934314763i) (-7321.028260073461+3267.470428739628i) (-7320.98956715274+3266.929298338837i) (-7320.950882791947+3266.388202551888i) (-7320.912207564625+3265.847140853477i) (-7320.873541122373+3265.306114208959i) (-7320.834883784774+3264.765121417533i) (-7320.7962350694415+3264.22416295979i) (-7320.757595465334+3263.683239135931i) (-7320.718964435395+3263.1423495741674i) (-7320.6803423502915+3262.601494281471i) (-7320.64172928865+3262.0606732011383i) (-7320.603124442246+3261.519886519951i) (-7320.564528833527+3260.9791342260423i) (-7320.525941864862+3260.4384164735457i) (-7320.487363763828+3259.897732766256i) (-7320.448794594122+3259.357084123347i) (-7320.410234069522+3258.816469148067i) (-7320.371683156147+3258.27588942869i) (-7320.333140499087+3257.7353428809165i) (-7320.29460821228+3257.1948316305134i) (-7320.256082625634+3256.65435332812i) (-7320.2175706361595+3256.1139092666217i) (-7320.179057556958+3255.5734946459515i) (-7320.14055869591+3255.0331279753664i) (-7320.10207338959+3254.4927840594582i) (-7320.063591641908+3253.9524779450767i) (-7320.025120503023+3253.4122039093436i) (-7319.986656839586+3252.871966264929i) (-7319.94820233648+3252.3317612064075i) (-7319.90975639712+3251.7915920454016i) (-7319.8713194107695+3251.2514560521367i) (-7319.832891556772+3250.7113551481343i) (-7319.794472228624+3250.17128797025i) (-7319.75606218388+3249.6312550837392i) (-7319.717660692992+3249.091256518299i) (-7319.679268487802+3248.5512917983287i) (-7319.640884684593+3248.0113613586236i) (-7319.602509826691+3247.4714645994927i) (-7319.564143599307+3246.9316022722387i) (-7319.525786098138+3246.391773768548i) (-7319.487437452137+3245.851979785639i) (-7319.449097399418+3245.3122197772127i) (-7319.410766365718+3244.7724940056596i) (-7319.3724441275035+3244.2328022882284i) (-7319.334130777175+3243.6931446383887i) (-7319.295825972002+3243.153521223827i) (-7319.257530068482+3242.6139313715894i) (-7319.21924316787+3242.0743764237104i) (-7319.180965089972+3241.534854677777i) (-7319.142695489392+3240.9953673197697i) (-7319.104434787596+3240.455913760351i) (-7319.066182866932+3239.9164944411386i) (-7319.027939650403+3239.3771088826215i) (-7318.989705258583+3238.837757723286i) (-7318.951479565812+3238.2984402688726i) (-7318.913262779397+3237.7591571461853i) (-7318.875054671074+3237.2199076336383i) (-7318.836855311258+3236.680692267193i) (-7318.798664640453+3236.1415108234132i) (-7318.760482926151+3235.6023633543364i) (-7318.722309694613+3235.0632497562437i) (-7318.684145326366+3234.524170429011i) (-7318.645989568538+3233.9851246796825i) (-7318.6078429654135+3233.4461140855547i) (-7318.569706069973+3232.907135166097i) (-7318.531575174201+3232.3681912747516i) (-7318.49345517935+3231.829281891816i) (-7318.455343176124+3231.2904060567616i) (-7318.417240405153+3230.7515639329195i) (-7318.379146109346+3230.2127559770206i) (-7318.341060768761+3229.673981467534i) (-7318.302984058961+3229.135241129272i) (-7318.264916082169+3228.596534229765i) (-7318.226856811531+3228.057861598916i) (-7318.18880606757+3227.519222357194i) (-7318.1507641053195+3226.9806175166723i) (-7318.11273094301+3226.442046300399i) (-7318.074706651447+3225.903508953441i) (-7318.036690955938+3225.365005476785i) (-7317.998684113334+3224.826535597397i) (-7317.960685855241+3224.288099847876i) (-7317.922696639396+3223.749697563564i) (-7317.8847158382405+3223.211329267144i) (-7317.8467440741515+3222.6729943671244i) (-7317.808780492369+3222.1346934866015i) (-7317.770825875722+3221.5964265117873i) (-7317.732879985225+3221.058193060575i) (-7317.694942859338+3220.519993432301i) (-7317.657014400428+3219.9818277044415i) (-7317.619094858521+3219.443695748685i) (-7317.581183499484+3218.905597060637i) (-7317.543281160197+3218.367532464408i) (-7317.505387951738+3217.829501758775i) (-7317.467502708686+3217.291504335066i) (-7317.429626895726+3216.753540560576i) (-7317.391759205052+3216.2156107883075i) (-7317.3539002550315+3215.6777146153436i) (-7317.316050461901+3215.1398520132825i) (-7317.2782087974065+3214.6020229242167i) (-7317.240376111207+3214.0642278123987i) (-7317.202551889386+3213.5264661531337i) (-7317.164736724006+3212.9887383052846i) (-7317.126930062112+3212.451044091067i) (-7317.089132075765+3211.9133833462784i) (-7317.051342762088+3211.375756473064i) (-7317.0135624726445+3210.838162787548i) (-7316.975790501171+3210.30060290653i) (-7316.938027270113+3209.7630764998776i) (-7316.900272656495+3209.2255837294006i) (-7316.862526770064+3208.688124463535i) (-7316.824789538581+3208.1506989525005i) (-7316.78706089377+3207.613306946898i) (-7316.749340951841+3207.075948581365i) (-7316.711629624633+3206.538623681474i) (-7316.67392722425+3206.0013325510718i) (-7316.6362333100915+3205.4640746078403i) (-7316.598548259314+3204.9268503840003i) (-7316.56087168763+3204.389659735387i) (-7316.523203763265+3203.8525022320646i) (-7316.485544984362+3203.315378454673i) (-7316.447894262349+3202.7782882329266i) (-7316.410252207857+3202.2412312548668i) (-7316.372619111229+3201.7042079125686i) (-7316.33499455662+3201.1672179954166i) (-7316.297378467074+3200.6302616535495i) (-7316.259771241532+3200.0933385783883i) (-7316.222172577842+3199.556449099816i) (-7316.18458267998+3199.0195928812354i) (-7316.14700128101+3198.482770364125i) (-7316.1094285906565+3197.9459808555657i) (-7316.07186459395+3197.4092252739174i) (-7316.034309159264+3196.8725020541715i) (-7315.996761355579+3196.33581355123i) (-7315.959223710068+3195.7991583930825i) (-7315.921694199984+3195.2625357054767i) (-7315.884173189073+3194.7259472254336i) (-7315.846660908061+3194.189391734073i) (-7315.80915737032+3193.6528698708116i) (-7315.771662453793+3193.116380979647i) (-7315.734176232752+3192.579925690299i) (-7315.696698304089+3192.043503140597i) (-7315.659229839852+3191.507114632461i) (-7315.621769017667+3190.970758789281i) (-7315.584316736389+3190.4344366818423i) (-7315.546873390596+3189.8981478837595i) (-7315.509438901764+3189.361892380307i) (-7315.472012601251+3188.825670199114i) (-7315.434595373565+3188.289481316905i) (-7315.397186579277+3187.753325537429i) (-7315.3597864040385+3187.2172031075133i) (-7315.322394602925+3186.6811138816583i) (-7315.28501151472+3186.145057947434i) (-7315.24763702786+3185.6090353036743i) (-7315.210271373432+3185.0730459180722i) (-7315.172914042978+3184.5370898839674i) (-7315.135565430895+3184.001166712991i) (-7315.098225376843+3183.4652769478225i) (-7315.06089408662+3182.929420346396i) (-7315.023571092925+3182.393597226748i) (-7314.986256909808+3181.8578069426603i) (-7314.948951034857+3181.322049875991i) (-7314.911653991032+3180.786326119847i) (-7314.874365700174+3180.250635523953i) (-7314.837085664387+3179.714978191045i) (-7314.799814225193+3179.179353723508i) (-7314.76255152432+3178.6437625305543i) (-7314.725297438083+3178.108204515911i) (-7314.688051975362+3177.572679893068i) (-7314.650814596687+3177.037187944581i) (-7314.613586416515+3176.5017293946803i) (-7314.576366576684+3175.966303824687i) (-7314.539155533158+3175.430911358091i) (-7314.50195280034+3174.895552059582i) (-7314.464758701315+3174.3602256229024i) (-7314.427573156852+3173.824932088969i) (-7314.390396059325+3173.2896718970987i) (-7314.353227861481+3172.75444490667i) (-7314.316067635909+3172.219250563752i) (-7314.2789160172015+3171.6840894350307i) (-7314.241773115489+3171.148961359846i) (-7314.204638814483+3170.6138665937533i) (-7314.167512929864+3170.0788049648036i) (-7314.130395557538+3169.543776215678i) (-7314.093286930332+3169.008780361436i) (-7314.056187361654+3168.473817840866i) (-7314.019095926604+3167.9388876154135i) (-7313.982012841394+3167.403991154353i) (-7313.944938294771+3166.869126794505i) (-7313.9078726856305+3166.3342959771653i) (-7313.870815344102+3165.799497843009i) (-7313.833766685032+3165.264733034295i) (-7313.796726102237+3164.730000842219i) (-7313.759694324422+3164.1953014656747i) (-7313.722671218536+3163.6606355047343i) (-7313.685656545654+3163.1260022674996i) (-7313.648650482+3162.5914021713916i) (-7313.611652528558+3162.056834789493i) (-7313.574663919571+3161.522299790424i) (-7313.53768363144+3160.9877982475173i) (-7313.500711607019+3160.4533297275293i) (-7313.463747232242+3159.918893460408i) (-7313.426792857933+3159.3844904776197i) (-7313.389846349047+3158.8501204609365i) (-7313.352908719902+3158.3157835059983i) (-7313.315979125584+3157.7814782506484i) (-7313.279057679596+3157.247206971346i) (-7313.242145491345+3156.712968189482i) (-7313.205241640851+3156.178762268949i) (-7313.168346341349+3155.644589342721i) (-7313.131459213766+3155.1104492770137i) (-7313.094581035639+3154.5763412850883i) (-7313.057711200874+3154.0422666369795i) (-7313.02085001622+3153.5082246218244i) (-7312.983997067712+3152.974215811835i) (-7312.947152306142+3152.4402389909046i) (-7312.91031670142+3151.9062954752535i) (-7312.873489122643+3151.3723845506356i) (-7312.83667052263+3150.838506777529i) (-7312.7998596541165+3150.3046614713594i) (-7312.763058029093+3149.7708486486936i) (-7312.726264621279+3149.2370688681694i) (-7312.689480080342+3148.7033216330974i) (-7312.652703459216+3148.1696074467145i) (-7312.6159355208265+3147.6359251227695i) (-7312.579176138082+3147.1022760687i) (-7312.542424975534+3146.568658926708i) (-7312.505681623725+3146.0350766582324i) (-7312.4689491751205+3145.5015254780847i) (-7312.432222551015+3144.9680064229105i) (-7312.395505186143+3144.4345204674755i) (-7312.358796921837+3143.901067784891i) (-7312.322096586998+3143.3676473846917i) (-7312.285404791051+3142.834259724428i) (-7312.248721561156+3142.3009043636193i) (-7312.21204702758+3141.767582018504i) (-7312.175380698523+3141.2342921812997i) (-7312.138722812826+3140.7010349127877i) (-7312.102073276401+3140.1678100654663i) (-7312.065432667438+3139.634617975701i) (-7312.028800052166+3139.101458361196i) (-7311.992176072585+3138.5683315244914i) (-7311.955560264821+3138.0352370629234i) (-7311.918953260741+3137.5021752847524i) (-7311.8823546939+3136.9691460394406i) (-7311.845764506308+3136.4361493403194i) (-7311.8091826696755+3135.903185236325i) (-7311.772609204931+3135.3702534677905i) (-7311.736044423359+3134.837354347338i) (-7311.699487996641+3134.3044877472003i) (-7311.662940054226+3133.771653730637i) (-7311.626400366282+3133.238852067103i) (-7311.589869279735+3132.7060829588845i) (-7311.5533465364415+3132.1733465057023i) (-7311.516832448418+3131.640642209244i) (-7311.480326377705+3131.107970770925i) (-7311.443829144466+3130.5753315707907i) (-7311.407340279047+3130.0427247658927i) (-7311.370859864663+3129.5101503479i) (-7311.334387577883+3128.977608663813i) (-7311.29792424842+3128.4450989266534i) (-7311.261468313263+3127.9126216682125i) (-7311.225021721578+3127.3801773389305i) (-7311.188582660264+3126.8477652157435i) (-7311.152153283397+3126.315385644908i) (-7311.115731945003+3125.783038514164i) (-7311.07931872675+3125.25072321852i) (-7311.0429139295775+3124.718440873912i) (-7311.006517923149+3124.1861901626253i) (-7310.970129125955+3123.653972162012i) (-7310.933749551722+3123.1217872045618i) (-7310.897378650558+3122.58963408397i) (-7310.861015992463+3122.0575134107503i) (-7310.824661904864+3121.5254248193623i) (-7310.788315982305+3120.9933686049208i) (-7310.751978502378+3120.461344564439i) (-7310.715649142048+3119.929353118262i) (-7310.679328545986+3119.397393958152i) (-7310.643016043598+3118.865467005885i) (-7310.6067121370015+3118.3335724042436i) (-7310.570416570594+3117.801710142063i) (-7310.534129414576+3117.2698800054895i) (-7310.497850724925+3116.7380823155845i) (-7310.461580172989+3116.2063167162432i) (-7310.425318183063+3115.6745835459624i) (-7310.389064500001+3115.1428825296534i) (-7310.352819400101+3114.6112135685817i) (-7310.3165826168915+3114.079577108918i) (-7310.280354025332+3113.547972736871i) (-7310.244133771577+3113.016400570971i) (-7310.2079219633+3112.484860633551i) (-7310.171718518961+3111.9533530258286i) (-7310.135523598333+3111.421877545037i) (-7310.099336934314+3110.890434348781i) (-7310.0631587880325+3110.3590231259604i) (-7310.026988723792+3109.827644255529i) (-7309.990827713219+3109.2962977136467i) (-7309.95467461823+3108.764982033198i) (-7309.9185287651835+3108.2337000554608i) (-7309.882392900616+3107.7024499562976i) (-7309.846264687713+3107.1712315435743i) (-7309.810145147289+3106.64004547641i) (-7309.774033644057+3106.10889168064i) (-7309.737930756184+3105.5777696287987i) (-7309.701835883686+3105.0466799288197i) (-7309.665749682404+3104.515622144714i) (-7309.629671725232+3103.9845967410665i) (-7309.593601993594+3103.4536030996933i) (-7309.557540823638+3102.92264158383i) (-7309.521487612572+3102.391712191781i) (-7309.485443170239+3101.8608151019016i) (-7309.449406717122+3101.3299499361683i) (-7309.413378847074+3100.7991166816564i) (-7309.37735936221+3100.2683157361316i) (-7309.341347942018+3099.73754646242i) (-7309.305345419854+3099.20680940477i) (-7309.269350448789+3098.6761043319057i) (-7309.233364652894+3098.1454311300004i) (-7309.197386054128+3097.6147900111737i) (-7309.161416708672+3097.084180997851i) (-7309.1254553474+3096.5536043656257i) (-7309.089502584546+3096.0230590896535i) (-7309.053558738232+3095.4925459569804i) (-7309.017621197976+3094.9620636931395i) (-7308.9816935781+3094.4316161636852i) (-7308.945774345704+3093.9011978375793i) (-7308.909862706684+3093.3708126193687i) (-7308.873959232007+3092.8404592947245i) (-7308.838064787359+3092.3101378541114i) (-7308.802178290689+3091.7798486837473i) (-7308.766300461782+3091.24959083416i) (-7308.7304305559755+3090.7193652132364i) (-7308.694569156898+3090.1891711834614i) (-7308.658716057267+3089.6590092795705i) (-7308.62287117372+3089.128879226899i) (-7308.587034671694+3088.5987808747423i) (-7308.551205780865+3088.0687144609465i) (-7308.515386365748+3087.5386804373447i) (-7308.4795745339+3087.008677503646i) (-7308.443771047945+3086.478706558838i) (-7308.407976042494+3085.948767992041i) (-7308.372189170609+3085.418860804388i) (-7308.336410727523+3084.888985634513i) (-7308.300640500708+3084.3591420502207i) (-7308.26487864781+3083.8293303963947i) (-7308.229124999856+3083.299550477489i) (-7308.1933795697605+3082.76980238334i) (-7308.157642675425+3082.24008608438i) (-7308.12191362474+3081.7104012742057i) (-7308.08619294892+3081.1807487390233i) (-7308.050480545186+3080.6511277525433i) (-7308.014776575452+3080.1215385402193i) (-7307.979080650168+3079.5919812917773i) (-7307.943393292015+3079.0624556347575i) (-7307.907714142946+3078.532961851338i) (-7307.872043215017+3078.0034996401864i) (-7307.836380716925+3077.474069254219i) (-7307.800726443613+3076.9446704159163i) (-7307.76508042185+3076.415303380446i) (-7307.729442652225+3075.885967948051i) (-7307.693813193566+3075.356664257696i) (-7307.658191845219+3074.827392025727i) (-7307.622579002307+3074.2981517209246i) (-7307.586973878073+3073.7689429706743i) (-7307.551377540941+3073.239765990287i) (-7307.515789223828+3072.710620471362i) (-7307.480209003283+3072.1815067646257i) (-7307.4446373002875+3071.6524247827983i) (-7307.40907387346+3071.123374448207i) (-7307.373518398372+3070.5943554743017i) (-7307.337971508756+3070.0653684491535i) (-7307.302432649514+3069.536412631366i) (-7307.266902308101+3069.007488709618i) (-7307.231379797682+3068.478596261434i) (-7307.195865825841+3067.9497354233645i) (-7307.160359919984+3067.420906108272i) (-7307.124862430616+3066.8921085262064i) (-7307.089372997843+3066.3633424261207i) (-7307.053891839979+3065.8346077337355i) (-7307.018418869241+3065.3059046857397i) (-7306.982954028064+3064.777233189375i) (-7306.947497453512+3064.248593544031i) (-7306.912049308783+3063.7199853638676i) (-7306.876609268464+3063.191408574675i) (-7306.84117779642+3062.662863299138i) (-7306.805754516781+3062.1343495165647i) (-7306.770339331814+3061.6058668842097i) (-7306.734932091516+3061.0774160191977i) (-7306.699533027111+3060.548996232289i) (-7306.664142137679+3060.0206088973937i) (-7306.628760106989+3059.492252266571i) (-7306.593385489278+3058.963927347222i) (-7306.55801957463+3058.4356339499254i) (-7306.522661715593+3057.9073719183134i) (-7306.487312338322+3057.379141223958i) (-7306.451970807151+3056.8509421415847i) (-7306.416637680597+3056.322774253842i) (-7306.38131245287+3055.79463805278i) (-7306.34599589148+3055.2665329076226i) (-7306.310686978108+3054.738459483622i) (-7306.275386681264+3054.210417274572i) (-7306.240094283287+3053.6824068203014i) (-7306.204810321708+3053.1544271423627i) (-7306.169534298743+3052.626479749405i) (-7306.134266914786+3052.0985628708395i) (-7306.099007307861+3051.570678845588i) (-7306.063758191489+3051.0428236541065i) (-7306.028512413544+3050.5149995729107i) (-7305.993277798138+3049.987210724378i) (-7305.95805158284+3049.459450160446i) (-7305.922833230109+3048.931722206881i) (-7305.887622952635+3048.404024526859i) (-7305.8524209411025+3047.8763587249477i) (-7305.817227018822+3047.3487238509733i) (-7305.78204125565+3046.821120605934i) (-7305.746863465103+3046.2935483846923i) (-7305.711693933354+3045.766007596054i) (-7305.676532590043+3045.238498053095i) (-7305.641379385846+3044.7110199220315i) (-7305.6062343816475+3044.183573132621i) (-7305.571097493137+3043.6561575012474i) (-7305.535969025648+3043.1287733568843i) (-7305.500849192898+3042.601419753353i) (-7305.465736231194+3042.074097661336i) (-7305.43063235049+3041.5468071916976i) (-7305.395536126289+3041.0195474843395i) (-7305.360448651523+3040.4923191154367i) (-7305.325368949437+3039.9651220088563i) (-7305.290297599977+3039.4379560725984i) (-7305.255234089616+3038.910821335241i) (-7305.220178943264+3038.3837175971485i) (-7305.185131844697+3037.85664518855i) (-7305.150093019416+3037.329603995824i) (-7305.11506230275+3036.8025940307234i) (-7305.080039480177+3036.2756150779887i) (-7305.04502502119+3035.748667192358i) (-7305.010018851366+3035.221750501748i) (-7304.9750206921935+3034.694865071365i) (-7304.940030494807+3034.168010841512i) (-7304.9050484966865+3033.6411875445974i) (-7304.8700746723425+3033.114394883196i) (-7304.835109823716+3032.587633918405i) (-7304.800151431391+3032.0609040030085i) (-7304.765202624896+3031.5342045612224i) (-7304.730261744498+3031.0075375705665i) (-7304.69532721306+3030.480899018352i) (-7304.6604011402+3029.9542964215443i) (-7304.625487282582+3029.4277206003017i) (-7304.590577527482+3028.9011765959513i) (-7304.555677291494+3028.3746638717366i) (-7304.520784277517+3027.8481824790406i) (-7304.485899937854+3027.3217317225217i) (-7304.451023532221+3026.795312463989i) (-7304.416155341387+3026.268923893901i) (-7304.3812952185+3025.7425668901587i) (-7304.346443325276+3025.2162402776867i) (-7304.311599604469+3024.6899448000668i) (-7304.276763934232+3024.16368031165i) (-7304.241936566766+3023.6374468618014i) (-7304.207116962896+3023.111244293046i) (-7304.172305653413+3022.585072646514i) (-7304.137502268279+3022.0589320114696i) (-7304.102707207648+3021.532822222488i) (-7304.067919812612+3021.0067436683294i) (-7304.03314095711+3020.4806959162333i) (-7303.998370096477+3019.954678938887i) (-7303.963607288786+3019.428692982903i) (-7303.928852679641+3018.902738068632i) (-7303.894106087159+3018.3768139049444i) (-7303.8593675793145+3017.8509206404415i) (-7303.824637190006+3017.3250581951634i) (-7303.789914909659+3016.7992267453837i) (-7303.755200471692+3016.2734260191937i) (-7303.720494337656+3015.7476563339233i) (-7303.685796003409+3015.2219174622387i) (-7303.651106201509+3014.696209652573i) (-7303.616424273394+3014.1705325183793i) (-7303.581750454725+3013.6448861941617i) (-7303.54708481129+3013.119270791978i) (-7303.512427121437+3012.593686180895i) (-7303.4777775057155+3012.068132225063i) (-7303.443136067862+3011.542609224103i) (-7303.408502926729+3011.0171170154927i) (-7303.373877263235+3010.4916554230103i) (-7303.339260039358+3009.966224624186i) (-7303.30465074176+3009.4408247622705i) (-7303.270049512565+3008.915455529389i) (-7303.23545616685+3008.3901174167568i) (-7303.200871201683+3007.8648099066277i) (-7303.16629424392+3007.3395330510702i) (-7303.131725139867+3006.8142870711945i) (-7303.097164673367+3006.289071933883i) (-7303.062611833502+3005.76388721691i) (-7303.028067167754+3005.2387331617647i) (-7302.9935305283+3004.7136098939272i) (-7302.959001968822+3004.188517229537i) (-7302.924481226204+3003.6634553022413i) (-7302.889968588579+3003.1384242746562i) (-7302.855463913655+3002.613423575858i) (-7302.82096725828+3002.088453665181i) (-7302.786478409158+3001.563514834289i) (-7302.751997846521+3001.038606374228i) (-7302.717525243579+3000.5137288836904i) (-7302.683060821106+2999.988882159708i) (-7302.648604408312+2999.464066063447i) (-7302.614156312803+2998.939280552264i) (-7302.579716374677+2998.4145254858413i) (-7302.545284338405+2997.8898010088087i) (-7302.510860264585+2997.365107122386i) (-7302.47644428809+2996.8404437352965i) (-7302.44203614058+2996.315810934543i) (-7302.407636086027+2995.7912089537303i) (-7302.37324401914+2995.26663741021i) (-7302.338860100513+2994.7420963686154i) (-7302.304483774407+2994.217586210434i) (-7302.270116238049+2993.693106474975i) (-7302.235756095733+2993.168656868589i) (-7302.201403874264+2992.644238308395i) (-7302.167060146021+2992.119850403844i) (-7302.132724271762+2991.595492606867i) (-7302.0983962264945+2991.0711656881776i) (-7302.064076375567+2990.546869081375i) (-7302.029764500623+2990.0226031231787i) (-7301.995460608004+2989.4983676182746i) (-7301.9611646647645+2988.974162653686i) (-7301.926876741638+2988.4499881579122i) (-7301.892596805623+2987.925844110513i) (-7301.858325021235+2987.4017306642445i) (-7301.824061388712+2986.8776477851816i) (-7301.789805236936+2986.3535951528547i) (-7301.755557609551+2985.829572827345i) (-7301.7213174056515+2985.305581150338i) (-7301.687085764317+2984.781619950678i) (-7301.652861642133+2984.257689300088i) (-7301.618646033745+2983.7337889637092i) (-7301.584437944954+2983.2099190806066i) (-7301.550238107011+2982.6860794147733i) (-7301.516046150151+2982.162270401045i) (-7301.4818622379535+2981.638491598952i) (-7301.44768631272+2981.1147434009836i) (-7301.413518271248+2980.5910255289955i) (-7301.379358354856+2980.067337854556i) (-7301.345206290833+2979.5436807323313i) (-7301.31106225277+2979.0200537859173i) (-7301.276926001579+2978.496457584687i) (-7301.242797836889+2977.9728913886374i) (-7301.208677847098+2977.449355863885i) (-7301.174565668589+2976.9258504501086i) (-7301.140461740948+2976.402375504249i) (-7301.10636522538+2975.8789307847073i) (-7301.072277415629+2975.355516102454i) (-7301.038196978764+2974.8321323433947i) (-7301.004125356874+2974.308778167211i) (-7300.970059861784+2973.785454655771i) (-7300.936004122795+2973.262160633053i) (-7300.901955358884+2972.738898848359i) (-7300.8679144263+2972.2156661008758i) (-7300.833882785313+2971.692463118734i) (-7300.799857722299+2971.169291602293i) (-7300.765841122509+2970.646149712401i) (-7300.731832518964+2970.1230379846256i) (-7300.697832114354+2969.5999565928305i) (-7300.663839301931+2969.076905583901i) (-7300.629854593641+2968.553884477422i) (-7300.595877595106+2968.030893671289i) (-7300.561908914593+2967.507932893718i) (-7300.527947603248+2966.985002867543i) (-7300.49399451156+2966.46210257236i) (-7300.460049289776+2965.9392329649872i) (-7300.426112008561+2965.41639297844i) (-7300.392183041652+2964.8935840872837i) (-7300.358261649781+2964.3708044996174i) (-7300.324348919958+2963.8480557012917i) (-7300.290443459275+2963.3253361460256i) (-7300.256546538641+2962.8026473133987i) (-7300.222656601962+2962.27998824743i) (-7300.188775505962+2961.7573591281125i) (-7300.154900783253+2961.234760553579i) (-7300.121035178722+2960.7121912986877i) (-7300.087176293833+2960.189653824249i) (-7300.053326140351+2959.667144830418i) (-7300.019483561046+2959.1446690299736i) (-7299.985648553746+2958.622219809551i) (-7299.9518255382045+2958.0998087277185i) (-7299.918011778653+2957.5774102553005i) (-7299.884191708527+2957.055055666825i) (-7299.8503935523795+2956.5327303744043i) (-7299.816597689507+2956.0104335853803i) (-7299.7828132997165+2955.488165637028i) (-7299.749034350282+2954.965928569358i) (-7299.715264655134+2954.4437199742315i) (-7299.681501689232+2953.921542798611i) (-7299.647746911412+2953.3993940691353i) (-7299.613999716243+2952.8772769543393i) (-7299.580260192814+2952.355188898584i) (-7299.546528959248+2951.833131838832i) (-7299.512805002205+2951.3111041636066i) (-7299.479089851689+2950.7891070138694i) (-7299.445381865677+2950.267139698928i) (-7299.4116827197695+2949.745202371543i) (-7299.377990746163+2949.2232950168573i) (-7299.344307504556+2948.701417236225i) (-7299.310631326637+2948.1795696979416i) (-7299.276963447008+2947.657751495095i) (-7299.243303144437+2947.1359638552185i) (-7299.209650579889+2946.614205795685i) (-7299.176006257143+2946.0924778667213i) (-7299.142369349751+2945.5707799750026i) (-7299.108740746402+2945.04911192719i) (-7299.075119825086+2944.5274739123115i) (-7299.04150720207+2944.005865605557i) (-7299.007902103467+2943.484287463617i) (-7298.974305121808+2942.962738667872i) (-7298.940715834298+2942.441220206585i) (-7298.9071344085605+2941.9197310701857i) (-7298.8735608825755+2941.398272322758i) (-7298.839995065526+2940.87684304132i) (-7298.806437246578+2940.3554440414737i) (-7298.772887103177+2939.834074470982i) (-7298.739345181908+2939.312735100423i) (-7298.7058108230685+2938.791425333691i) (-7298.67228466997+2938.270145508698i) (-7298.638766121378+2937.7488954512255i) (-7298.6052555490005+2937.227675113547i) (-7298.571752893149+2936.706484375546i) (-7298.538257470345+2936.185323956657i) (-7298.504771333842+2935.664193493504i) (-7298.47129192898+2935.1430913531176i) (-7298.437820426382+2934.622020282868i) (-7298.4043566462715+2934.100978307799i) (-7298.370901036516+2933.5799667889432i) (-7298.337452935813+2933.0589846125113i) (-7298.304013229881+2932.5380324393072i) (-7298.270580955899+2932.0171098870305i) (-7298.23715702829+2931.4962169923892i) (-7298.203740546734+2930.9753537519273i) (-7298.170332048896+2930.454520134468i) (-7298.1369313262785+2929.9337163872797i) (-7298.103538330978+2929.41294211108i) (-7298.07015354724+2928.8921977590617i) (-7298.036775887583+2928.371482589747i) (-7298.003406523385+2927.850797805504i) (-7297.970044409323+2927.330142351667i) (-7297.93669083944+2926.8095169990265i) (-7297.903344930595+2926.2889210934973i) (-7297.8700068450335+2925.7683548433215i) (-7297.8366766819345+2925.2478180935304i) (-7297.803354363633+2924.727310967026i) (-7297.770039950146+2924.206833676497i) (-7297.73673326053+2923.686385408557i) (-7297.703434310016+2923.1659671948128i) (-7297.670142976048+2922.6455780432207i) (-7297.636859214939+2922.1252193150194i) (-7297.603583990275+2921.604889999153i) (-7297.570316121115+2921.0845900072927i) (-7297.537056012941+2920.5643198397393i) (-7297.503804134567+2920.044079234918i) (-7297.4705598038745+2919.5238682385843i) (-7297.437323467118+2919.0036865710217i) (-7297.404094849906+2918.483534591557i) (-7297.37087403298+2917.963411979319i) (-7297.337661104379+2917.4433191235794i) (-7297.3044557698795+2916.9232553769716i) (-7297.271258451199+2916.4032215821717i) (-7297.238068407696+2915.883216910178i) (-7297.204886645737+2915.363242268936i) (-7297.171712253374+2914.843296930596i) (-7297.138546089585+2914.323381261619i) (-7297.105387514299+2913.8034949513676i) (-7297.072237075652+2913.283638191612i) (-7297.039094272832+2912.7638110148146i) (-7297.005959666517+2912.2440129372617i) (-7296.97283232665+2911.724244273977i) (-7296.9397129971385+2911.2045052850726i) (-7296.906601486455+2910.6847952135813i) (-7296.873497443155+2910.1651145222468i) (-7296.840401105361+2909.64546364933i) (-7296.807312088755+2909.1258419984315i) (-7296.774231287391+2908.6062504660467i) (-7296.741158137958+2908.086687818053i) (-7296.708092699791+2907.5671549679682i) (-7296.675035200524+2907.047651636368i) (-7296.64198564453+2906.5281776224847i) (-7296.608943881901+2906.0087329893313i) (-7296.575909967052+2905.4893177516306i) (-7296.542883877137+2904.9699317624127i) (-7296.509865560774+2904.4505751431016i) (-7296.476855012163+2903.9312477396115i) (-7296.44385228697+2903.411949762347i) (-7296.410857183555+2902.8926809250825i) (-7296.377869764724+2902.373441577264i) (-7296.344890207654+2901.85423142347i) (-7296.311918347543+2901.335050795684i) (-7296.278954266073+2900.815899395946i) (-7296.24599777553+2900.296777251192i) (-7296.213049079372+2899.7776845593717i) (-7296.180108474997+2899.258621162824i) (-7296.147175292261+2898.7395868410904i) (-7296.114249979244+2898.2205820581194i) (-7296.081332358359+2897.701606402551i) (-7296.048422577629+2897.1826600128707i) (-7296.015520435601+2896.6637429178872i) (-7295.982626102616+2896.1448550647083i) (-7295.949739391974+2895.625996500833i) (-7295.916860644689+2895.107167121316i) (-7295.883989426269+2894.588367061094i) (-7295.851126085916+2894.0695961140536i) (-7295.818270436133+2893.5508545691973i) (-7295.7854225105375+2893.032141969423i) (-7295.75258239331+2892.5134588102956i) (-7295.719749853227+2891.9948045548426i) (-7295.686925209152+2891.4761799440093i) (-7295.654108192958+2890.9575841837777i) (-7295.621298950248+2890.4390177799687i) (-7295.5884975494055+2889.9204801718543i) (-7295.555703628723+2889.4019720677034i) (-7295.522917568035+2888.883493234479i) (-7295.490139123398+2888.3650433876264i) (-7295.457368495214+2887.846622420592i) (-7295.42460621792+2887.328230723533i) (-7295.391849578085+2886.809868714846i) (-7295.359102876188+2886.291535166877i) (-7295.326363220337+2885.773231184452i) (-7295.293631108114+2885.2549560815523i) (-7295.260906748992+2884.7367099446237i) (-7295.228190245509+2884.218493080689i) (-7295.19548116586+2883.7003052582486i) (-7295.162780097484+2883.18214645663i) (-7295.130086235429+2882.664016967279i) (-7295.097400792407+2882.145916739625i) (-7295.064722795043+2881.6278446627775i) (-7295.032052434769+2881.1098024864223i) (-7294.999389527397+2880.5917888418016i) (-7294.966734551432+2880.0738046131028i) (-7294.934087272011+2879.555849255811i) (-7294.901447800483+2879.037922993184i) (-7294.868815838523+2878.5200257911747i) (-7294.836191731324+2878.002157455863i) (-7294.803575247434+2877.4843182230807i) (-7294.770966519625+2876.966507857247i) (-7294.7383653961715+2876.4487265914686i) (-7294.705771894936+2875.9309742485502i) (-7294.673186233953+2875.413251014552i) (-7294.640608033169+2874.89555653792i) (-7294.608037816595+2874.3778912621865i) (-7294.575474709636+2873.8602545698222i) (-7294.54291967186+2873.3426480119488i) (-7294.5103730528135+2872.8250690581344i) (-7294.4778330469+2872.3075191050184i) (-7294.445301149718+2871.7899987324117i) (-7294.412776717386+2871.2725069096687i) (-7294.380260150587+2870.7550440456034i) (-7294.347751207467+2870.2376102238322i) (-7294.3152498663185+2869.720205319799i) (-7294.282756220758+2869.2028293097374i) (-7294.250270323193+2868.6854821071565i) (-7294.217792124718+2868.1681637737956i) (-7294.18532156742+2867.6508744100374i) (-7294.152858755846+2867.1336138179367i) (-7294.1204034070515+2866.6163819460844i) (-7294.0879556986565+2866.099179236274i) (-7294.055515776567+2865.5820052193203i) (-7294.023083401231+2865.064860274937i) (-7293.99065923187+2864.5477437660293i) (-7293.9582418188+2864.030656177004i) (-7293.925832759788+2863.513597554351i) (-7293.893430954859+2862.9965678213057i) (-7293.861036997845+2862.4795667064154i) (-7293.828650576526+2861.9625944947784i) (-7293.796271941831+2861.4456509876245i) (-7293.763900885328+2860.928736409467i) (-7293.731537413229+2860.411850565549i) (-7293.699181661588+2859.894993444347i) (-7293.666833501156+2859.3781651935487i) (-7293.634493097892+2858.8613654592646i) (-7293.602160354931+2858.3445947874397i) (-7293.569834983453+2857.827852675393i) (-7293.5375174213295+2857.3111392805395i) (-7293.505207509145+2856.794454780207i) (-7293.472905317315+2856.277798911132i) (-7293.440610533275+2855.7611718209455i) (-7293.408323610901+2855.244573298981i) (-7293.376044070826+2854.728003696213i) (-7293.343772358123+2854.2114625298627i) (-7293.3115080515+2853.6949506072706i) (-7293.2792519030445+2853.1784668171586i) (-7293.247002895695+2852.66201204527i) (-7293.214762147962+2852.145585369047i) (-7293.182527627148+2851.629187662841i) (-7293.150302085471+2851.1128193901977i) (-7293.1180839692115+2850.5964786729746i) (-7293.08587316371+2850.0801670051405i) (-7293.053669978232+2849.5638839301173i) (-7293.0214744990935+2849.047629486062i) (-7292.989286477492+2848.531403677822i) (-7292.957106178187+2848.015206464891i) (-7292.924933544849+2847.4990380158306i) (-7292.892768322309+2846.982897863584i) (-7292.86061091028+2846.466786626853i) (-7292.828461023312+2845.9507040564167i) (-7292.796318568138+2845.4346498744853i) (-7292.764184097479+2844.9186241874722i) (-7292.732057040552+2844.402627321758i) (-7292.699937649355+2843.886658785773i) (-7292.667825581137+2843.370718913022i) (-7292.635721552511+2842.8548076909246i) (-7292.6036251042815+2842.3389248112317i) (-7292.571535788083+2841.8230705581664i) (-7292.539454414189+2841.3072446939514i) (-7292.507380484965+2840.7914475567413i) (-7292.475314218733+2840.275678889403i) (-7292.443255416541+2839.7599387473647i) (-7292.411204383225+2839.2442270739057i) (-7292.379160822484+2838.728544036935i) (-7292.347124970534+2838.2128893655536i) (-7292.315096710829+2837.697263301745i) (-7292.283076030173+2837.1816655810844i) (-7292.251062887809+2836.666096304384i) (-7292.21905753841+2836.1505554275027i) (-7292.187059535205+2835.6350431096735i) (-7292.155069184211+2835.119559047619i) (-7292.1230862253515+2834.604103515773i) (-7292.091111050868+2834.088676436565i) (-7292.059143147953+2833.5732779465443i) (-7292.0271830500415+2833.057907601079i) (-7291.995230300639+2832.542565895974i) (-7291.96328564107+2832.027252803826i) (-7291.931347872642+2831.511968003093i) (-7291.899418843486+2830.9967111512806i) (-7291.867495534591+2830.481482487822i) (-7291.835580777219+2829.9662838192626i) (-7291.803674151975+2829.451112353131i) (-7291.771774504243+2828.9359691973605i) (-7291.739882895328+2828.4208545600322i) (-7291.707998019727+2827.905768014869i) (-7291.6761214575545+2827.390710124653i) (-7291.64425161138+2826.8756803593333i) (-7291.612390205101+2826.3606789937703i) (-7291.580535371377+2825.84570651965i) (-7291.548689256093+2825.3307615563053i) (-7291.516849749682+2824.8158455525727i) (-7291.485018445563+2824.300957346886i) (-7291.453194454953+2823.7860980947835i) (-7291.4213780075925+2823.2712661398928i) (-7291.389569111187+2822.7564634669916i) (-7291.357767490747+2822.2416881526433i) (-7291.325973859707+2821.726942012797i) (-7291.294187672236+2821.2122234664184i) (-7291.262408724384+2820.6975331609565i) (-7291.23063741122+2820.1828716924656i) (-7291.198873706241+2819.6682380003167i) (-7291.167117639976+2819.153632917053i) (-7291.135368667286+2818.639055810131i) (-7291.103628304804+2818.124507207259i) (-7291.071894348649+2817.6099861331168i) (-7291.040168378902+2817.0954938587956i) (-7291.008449823336+2816.5810299208224i) (-7290.976738981155+2816.066593540657i) (-7290.94503551545+2815.552186048958i) (-7290.913339501305+2815.037806028451i) (-7290.881651080338+2814.5234549990737i) (-7290.849970053838+2814.0091314177826i) (-7290.818296879297+2813.494836664321i) (-7290.786630878318+2812.9805695483774i) (-7290.754972797709+2812.4663310177193i) (-7290.723321800113+2811.952120243406i) (-7290.691678685364+2811.4379378547037i) (-7290.660042801652+2810.9237833092375i) (-7290.628414115987+2810.4096577937235i) (-7290.596794948369+2809.8955596476244i) (-7290.565180970791+2809.381488531192i) (-7290.53357531037+2808.867447044874i) (-7290.50197660125+2808.3534328877995i) (-7290.470386010456+2807.839447516033i) (-7290.438802477873+2807.3254898727464i) (-7290.407226954796+2806.8115606908777i) (-7290.375658670599+2806.2976590214585i) (-7290.344097887532+2805.7837858651064i) (-7290.312544746521+2805.2699405902586i) (-7290.280999122141+2804.756123486034i) (-7290.249460959358+2804.2423341895046i) (-7290.217930417315+2803.7285731753573i) (-7290.186407305509+2803.214839876644i) (-7290.154891687544+2802.701134819543i) (-7290.12338336099+2802.1874576409973i) (-7290.091882626511+2801.673808522337i) (-7290.060389333815+2801.160187462262i) (-7290.0289036899685+2800.6465943000203i) (-7289.997425275547+2800.1330292973207i) (-7289.965954534493+2799.619492218736i) (-7289.934491257001+2799.1059830972954i) (-7289.903035436142+2798.592501917269i) (-7289.871587181156+2798.079048664533i) (-7289.840146270826+2797.5656235367815i) (-7289.80871288854+2797.052226211823i) (-7289.777287045958+2796.5388569272045i) (-7289.745868399677+2796.0255154733104i) (-7289.714457618936+2795.5122022299556i) (-7289.683054091805+2794.998916550391i) (-7289.651658056642+2794.485658908009i) (-7289.620269444667+2793.9724293436448i) (-7289.588888385822+2793.459227502324i) (-7289.557514799675+2792.946053773684i) (-7289.526148754823+2792.432907609362i) (-7289.494789927318+2791.919789649809i) (-7289.463438806771+2791.406699452791i) (-7289.432095019418+2790.8936370142565i) (-7289.400758968867+2790.3806025972854i) (-7289.369429810826+2789.867595871273i) (-7289.338108596561+2789.3546169482615i) (-7289.30679444701+2788.84166625155i) (-7289.275487934422+2788.328743082061i) (-7289.244188968338+2787.815848099386i) (-7289.212897375241+2787.3029809609543i) (-7289.181613685934+2786.790140813361i) (-7289.150336852081+2786.2773292659467i) (-7289.119067695794+2785.7645452970946i) (-7289.08780590115+2785.251789057451i) (-7289.056551575481+2784.7390606570616i) (-7289.025304621067+2784.2263600930264i) (-7288.99406513934+2783.7136872973115i) (-7288.962833120091+2783.2010423097954i) (-7288.931608606592+2782.6884250256135i) (-7288.900391678022+2782.175835644127i) (-7288.869181914573+2781.663273717162i) (-7288.837980066598+2781.1507397828336i) (-7288.8067844847155+2780.6382333425636i) (-7288.775597512233+2780.1257549673974i) (-7288.744417532505+2779.61330416492i) (-7288.713245178686+2779.100881140981i) (-7288.682080084651+2778.5884856282173i) (-7288.650922392479+2778.076118075287i) (-7288.619772052651+2777.5637781316573i) (-7288.588629145229+2777.0514659565133i) (-7288.557493732764+2776.53918129681i) (-7288.526365849004+2776.02692451483i) (-7288.495245504856+2775.5146951514234i) (-7288.464132323482+2775.0024935650117i) (-7288.4330267275045+2774.490319996844i) (-7288.401928342799+2773.9781738679476i) (-7288.37083741154+2773.4660551172174i) (-7288.339754220791+2772.953964131283i) (-7288.308678076864+2772.441900767204i) (-7288.277609798524+2771.929865103207i) (-7288.246548405743+2771.4178572745604i) (-7288.215494559693+2770.9058766392027i) (-7288.184448168926+2770.3939239428228i) (-7288.153409323302+2769.881998551248i) (-7288.122377867562+2769.3701010956966i) (-7288.091353768093+2768.858230795715i) (-7288.060336658628+2768.346388300457i) (-7288.0293275590975+2767.834573464468i) (-7287.998325371644+2767.3227862482963i) (-7287.967331087915+2766.8110265539926i) (-7287.9363436952235+2766.2992942187357i) (-7287.90536415213+2765.7875894554527i) (-7287.874391699757+2765.2759123389696i) (-7287.843426736718+2764.7642627613113i) (-7287.812468980541+2764.25264070482i) (-7287.781518705167+2763.7410461621084i) (-7287.750575906635+2763.229479204274i) (-7287.719640353114+2762.717939892864i) (-7287.688712355643+2762.206428258348i) (-7287.657791678988+2761.694943515693i) (-7287.626879110738+2761.1834865807386i) (-7287.595973205608+2760.672056797719i) (-7287.565073640708+2760.160654683951i) (-7287.534183337464+2759.6492802825196i) (-7287.503299388713+2759.1379332133665i) (-7287.472422832695+2758.6266137323846i) (-7287.4415538642725+2758.115321413975i) (-7287.410692631798+2757.6040568370245i) (-7287.37983826897+2757.092819589783i) (-7287.3489915723685+2756.581609334966i) (-7287.31815196328+2756.0704269814014i) (-7287.28731977623+2755.5592718281896i) (-7287.256494849436+2755.048144322598i) (-7287.225677936625+2754.537044169795i) (-7287.1948673995075+2754.0259706894294i) (-7287.164064279626+2753.5149262526766i) (-7287.1332698316055+2753.0039080551715i) (-7287.102481703816+2752.492917362736i) (-7287.071701270348+2751.981953948428i) (-7287.040927954543+2751.4710180431803i) (-7287.010162136135+2750.960109413383i) (-7286.979403620782+2750.449228241795i) (-7286.948652453967+2749.938374303917i) (-7286.917908743539+2749.427547795053i) (-7286.8871720407815+2748.916748653217i) (-7286.856443025982+2748.4059770493586i) (-7286.825721472071+2747.895232396266i) (-7286.795006939679+2747.3845152122867i) (-7286.7643001042015+2746.873825339866i) (-7286.7336004099025+2746.363162778055i) (-7286.702908166215+2745.8525273892556i) (-7286.672223168914+2745.341919305849i) (-7286.641545570889+2744.8313385122483i) (-7286.6108751962+2744.3207850812196i) (-7286.580212226524+2743.8102587844596i) (-7286.549556447027+2743.2997596733458i) (-7286.518908301477+2742.7892883723243i) (-7286.488267361272+2742.2788436902656i) (-7286.457633895113+2741.7684266276656i) (-7286.427007490262+2741.258036553817i) (-7286.396388619574+2740.7476738169125i) (-7286.365776969166+2740.2373382431715i) (-7286.335172653042+2739.7270300344744i) (-7286.304575925494+2739.2167489169333i) (-7286.273986214619+2738.7064947667586i) (-7286.243403897769+2738.196268167442i) (-7286.212828789408+2737.6860686444807i) (-7286.1822611186435+2737.175896308667i) (-7286.151700786651+2736.6657512022566i) (-7286.121147807263+2736.1556332380114i) (-7286.090602171544+2735.6455424023015i) (-7286.060063767984+2735.1354786980955i) (-7286.029532759134+2734.625441995947i) (-7285.999008829343+2734.1154328255943i) (-7285.968492549033+2733.6054505131005i) (-7285.9379833912935+2733.0954955089546i) (-7285.907481641178+2732.585567414322i) (-7285.876987129101+2732.075666447202i) (-7285.8464998996205+2731.565792839362i) (-7285.816020039507+2731.055946087964i) (-7285.7855473842355+2730.5461264655733i) (-7285.755082090808+2730.0363340694903i) (-7285.72462412064+2729.526568782546i) (-7285.69417343159+2729.0168306987616i) (-7285.663730393022+2728.5071193282365i) (-7285.633294186944+2727.997435143221i) (-7285.602865644366+2727.4877778986247i) (-7285.572444021287+2726.9781478713285i) (-7285.542029936926+2726.468544710676i) (-7285.511623122322+2725.958968591295i) (-7285.481223126795+2725.4494195142643i) (-7285.450830972005+2724.939897892563i) (-7285.420445686639+2724.4304029771884i) (-7285.390068181036+2723.9209352241396i) (-7285.3596976397+2723.4114942453252i) (-7285.329334484537+2722.902080456279i) (-7285.29897866176+2722.392693656351i) (-7285.268630112833+2721.883333620971i) (-7285.2382887902395+2721.3740007173456i) (-7285.207954797449+2720.8646949648746i) (-7285.1776280808845+2720.355415874358i) (-7285.147308621746+2719.8461639885427i) (-7285.1169963998855+2719.3369390433654i) (-7285.086691414973+2718.82774092977i) (-7285.0563939576205+2718.3185696424607i) (-7285.026103804502+2717.809425557567i) (-7284.995820353814+2717.300308284026i) (-7284.965544775165+2716.791217915141i) (-7284.935276115661+2716.2821544765757i) (-7284.905015051916+2715.7731179207985i) (-7284.874760906984+2715.2641082556656i) (-7284.844514206827+2714.755125492502i) (-7284.814274742579+2714.246169717807i) (-7284.78404263347+2713.7372407790726i) (-7284.753817727983+2713.228338845961i) (-7284.723600065123+2712.7194635783444i) (-7284.693389563526+2712.2106153628565i) (-7284.663186956058+2711.7017937910778i) (-7284.632990761985+2711.1929988124257i) (-7284.602802071269+2710.684231020514i) (-7284.572620626028+2710.17548998071i) (-7284.542446555043+2709.6667757391906i) (-7284.512279597388+2709.1580886456604i) (-7284.482119765092+2708.6494280442357i) (-7284.451967307971+2708.140794525966i) (-7284.421822091204+2707.6321875421118i) (-7284.391684322585+2707.123607869433i) (-7284.361553711374+2706.6150544403035i) (-7284.331430090252+2706.106528019037i) (-7284.301314222572+2705.598028331242i) (-7284.271205260385+2705.089555595472i) (-7284.241103978875+2704.581109493026i) (-7284.211009343633+2704.0726900192585i) (-7284.18092217372+2703.5642970718372i) (-7284.150842089+2703.0559312638843i) (-7284.120769277061+2702.547592105936i) (-7284.0907038122195+2702.0392801414637i) (-7284.060645371432+2701.5309942125277i) (-7284.030595273007+2701.0227352702805i) (-7284.000550903479+2700.514502573743i) (-7283.970514768131+2700.006298491151i) (-7283.94048541521+2699.4981187910926i) (-7283.910463280204+2698.989966158517i) (-7283.880449490003+2698.481839572888i) (-7283.850438726765+2697.973741184026i) (-7283.820439970645+2697.4656702440398i) (-7283.790447133614+2696.9576248342546i) (-7283.76046029323+2696.4496061874797i) (-7283.730481746783+2695.9416139565483i) (-7283.700510379597+2695.4336482601784i) (-7283.670546386138+2694.925709590505i) (-7283.640588986449+2694.417797410524i) (-7283.610639144522+2693.9099118457734i) (-7283.580696208245+2693.402052912539i) (-7283.55076098815+2692.8942206836746i) (-7283.520832574566+2692.3864153191653i) (-7283.490911563888+2691.8786361005596i) (-7283.460997701411+2691.3708837347613i) (-7283.431091037964+2690.863157550052i) (-7283.401191856863+2690.35545841944i) (-7283.371299160943+2689.847785809341i) (-7283.341414340606+2689.3401394974844i) (-7283.3115363032375+2688.8325203547165i) (-7283.281665996583+2688.324927157063i) (-7283.251802465027+2687.8173609928563i) (-7283.221946279751+2687.3098207459125i) (-7283.192097264785+2686.8023076637273i) (-7283.162255302551+2686.2948204449594i) (-7283.132420565048+2685.7873605014183i) (-7283.102593166826+2685.2799268002727i) (-7283.072773132312+2684.772519435076i) (-7283.0429597777475+2684.265138760996i) (-7283.013154029595+2683.757784360663i) (-7282.9833549963205+2683.2504569402536i) (-7282.953563779074+2682.7431556591564i) (-7282.923779342354+2682.2358810706655i) (-7282.894002319137+2681.7286327189213i) (-7282.864232380965+2681.2214108722665i) (-7282.834469764179+2680.714215423269i) (-7282.804714083941+2680.2070466161113i) (-7282.774965481367+2679.699904118288i) (-7282.745224081724+2679.192788217072i) (-7282.715489912775+2678.685698619048i) (-7282.685763365104+2678.178635918018i) (-7282.656042869867+2677.67159962033i) (-7282.626331443262+2677.1645892469896i) (-7282.5966264942945+2676.65760461043i) (-7282.566927342641+2676.1506477987505i) (-7282.537236460284+2675.6437162181037i) (-7282.507552634725+2675.1368119746894i) (-7282.477875946711+2674.629933678282i) (-7282.448206372757+2674.1230818483155i) (-7282.418543979214+2673.616256223825i) (-7282.388888595539+2673.1094570006435i) (-7282.359240526869+2672.6026843597247i) (-7282.329599313623+2672.0959381935236i) (-7282.299965690269+2671.5892182056587i) (-7282.270339019214+2671.0825252052036i) (-7282.240720396348+2670.5758575816053i) (-7282.21110813581+2670.0692166713507i) (-7282.181503163487+2669.5626012770317i) (-7282.151905104411+2669.0560128837524i) (-7282.122313910457+2668.5494503542213i) (-7282.092729921066+2668.0429151222443i) (-7282.063153200235+2667.5364058691466i) (-7282.033584153282+2667.029922976365i) (-7282.004022077547+2666.5234663051833i) (-7281.974467296682+2666.0170355237997i) (-7281.944919455721+2665.510630855075i) (-7281.915378736274+2665.004252642603i) (-7281.88584456695+2664.497900600085i) (-7281.856316721217+2663.991575491117i) (-7281.826799096292+2663.4852768031997i) (-7281.797286302381+2662.979003837805i) (-7281.767781217588+2662.4727567970904i) (-7281.738283965314+2661.9665364456187i) (-7281.708792767394+2661.4603420414933i) (-7281.679309386269+2660.9541735641724i) (-7281.649832424505+2660.448032114813i) (-7281.620363213533+2659.9419156982267i) (-7281.590900835925+2659.435826744716i) (-7281.561445604721+2658.9297630218234i) (-7281.531997784308+2658.4237262155348i) (-7281.502556636266+2657.9177150205714i) (-7281.4731229939825+2657.411730437233i) (-7281.4436959476725+2656.9057718102104i) (-7281.414276582535+2656.3998393022257i) (-7281.3848641997165+2655.8939332545706i) (-7281.3554588328025+2655.3880530503666i) (-7281.326060853535+2654.8821991634295i) (-7281.296669738903+2654.376371156711i) (-7281.267285917467+2653.8705693102866i) (-7281.237908840293+2653.364793960309i) (-7281.20853901314+2652.859044173686i) (-7281.179176448513+2652.3533209254047i) (-7281.149820816498+2651.8476234638965i) (-7281.120472981444+2651.3419524105075i) (-7281.0911313526885+2650.836307019157i) (-7281.061796647339+2650.3306885356096i) (-7281.032469866015+2649.8250955355925i) (-7281.003150092147+2649.3195282357447i) (-7280.973837365031+2648.8139880482922i) (-7280.94453113055+2648.308472949493i) (-7280.915233021383+2647.8029842318765i) (-7280.885940989396+2647.2975217493977i) (-7280.85665680375+2646.7920849322936i) (-7280.8273789364075+2646.286674831893i) (-7280.79810877614+2645.781289688688i) (-7280.768845888515+2645.27593176164i) (-7280.739589430977+2644.7705990677414i) (-7280.710340893587+2644.265292868351i) (-7280.681098235737+2643.7600124312467i) (-7280.651864252054+2643.2547573913307i) (-7280.622636288912+2642.7495297550895i) (-7280.593415657319+2642.2443264862204i) (-7280.564202316318+2641.739150754782i) (-7280.534995157323+2641.233998947806i) (-7280.5057970046855+2640.7288748815863i) (-7280.47660361845+2640.2237768118575i) (-7280.447418986431+2639.718703175082i) (-7280.418239563035+2639.2136574204687i) (-7280.38906909881+2638.7086338113695i) (-7280.359906925656+2638.203642924891i) (-7280.33074238841+2637.6986721253925i) (-7280.301598803112+2637.1937341268376i) (-7280.2724623800705+2636.688812145515i) (-7280.243318952609+2636.1839228736226i) (-7280.2141923529425+2635.679053437182i) (-7280.18507152877+2635.1742169930976i) (-7280.1559559240595+2634.669402435782i) (-7280.12684914403+2634.164615607032i) (-7280.097747456254+2633.6598529953835i) (-7280.068655641467+2633.1551167149655i) (-7280.039568729594+2632.650407674173i) (-7280.010489477378+2632.1457228963254i) (-7279.981417259729+2631.6410651419783i) (-7279.952352114204+2631.136431940896i) (-7279.923294866295+2630.63182579389i) (-7279.894243275337+2630.1272451894547i) (-7279.86519952327+2629.622689803241i) (-7279.836162844272+2629.11816136829i) (-7279.807133760244+2628.613656643084i) (-7279.778110121021+2628.1091798674543i) (-7279.749094447805+2627.604728280943i) (-7279.720086144207+2627.1003020934486i) (-7279.691084309796+2626.595901949853i) (-7279.662090064981+2626.0915275845955i) (-7279.633102227119+2625.5871794374852i) (-7279.60412182594+2625.082856429056i) (-7279.575148742331+2624.5785595492353i) (-7279.546182342455+2624.074288286043i) (-7279.517223511577+2623.5700429608387i) (-7279.488270949737+2623.06582333353i) (-7279.459326286665+2622.5616288957935i) (-7279.430388238111+2622.0574607137505i) (-7279.401457279622+2621.5533177395137i) (-7279.372533274599+2621.0492009243208i) (-7279.343615928232+2620.5451093743104i) (-7279.314706156385+2620.0410436466072i) (-7279.285802868904+2619.5370038376295i) (-7279.256906882432+2619.032989660238i) (-7279.228017551252+2618.529001490637i) (-7279.199135515828+2618.0250385293193i) (-7279.170260792929+2617.521101793808i) (-7279.141392678573+2617.0171904815443i) (-7279.112531735245+2616.5133051468038i) (-7279.083678805922+2616.009444602387i) (-7279.054831923606+2615.5056102710996i) (-7279.025992226474+2615.0018016173435i) (-7278.997159183877+2614.498018454593i) (-7278.968333519698+2613.9942611101214i) (-7278.939514751063+2613.4905289548797i) (-7278.910703201201+2612.9868227947327i) (-7278.881898300954+2612.483142293073i) (-7278.853100645653+2611.9794872819584i) (-7278.824309757999+2611.4758578365627i) (-7278.795526425923+2610.972253940242i) (-7278.766749790652+2610.468676056502i) (-7278.7379801718225+2609.9651235351203i) (-7278.709217690386+2609.4615962162216i) (-7278.680462236579+2608.9580947085815i) (-7278.651713706166+2608.4546187090373i) (-7278.622972045246+2607.951168469587i) (-7278.594237213854+2607.4477433058155i) (-7278.565509942046+2606.9443441101093i) (-7278.536789223798+2606.4409704187938i) (-7278.508075869566+2605.937622384614i) (-7278.4793690414945+2605.4342995909474i) (-7278.450669533554+2604.9310021100437i) (-7278.421977111988+2604.4277306457943i) (-7278.3932913020335+2603.924484525337i) (-7278.364612911198+2603.421264034295i) (-7278.335941049992+2602.9180686428735i) (-7278.307276844036+2602.4148989296755i) (-7278.2786190078505+2601.91175500143i) (-7278.249968385508+2601.408636162626i) (-7278.221324608729+2600.905543045579i) (-7278.192688067056+2600.402474945162i) (-7278.164058569541+2599.899432975777i) (-7278.135435681969+2599.396415943944i) (-7278.106820100426+2598.893424751659i) (-7278.078211118942+2598.390458416103i) (-7278.049609930598+2597.8875180152017i) (-7278.021014785288+2597.3846029408496i) (-7277.992427487713+2596.8817133448183i) (-7277.963845658564+2596.3788489727403i) (-7277.935273482374+2595.8760087818755i) (-7277.906704333517+2595.3731964016106i) (-7277.878144441376+2594.8704097682876i) (-7277.849593502328+2594.367645485464i) (-7277.821046981036+2593.864909506102i) (-7277.792508002255+2593.3621963295245i) (-7277.763976160519+2592.8595104020833i) (-7277.7354509386105+2592.3568486372214i) (-7277.7069332312185+2591.85421319139i) (-7277.678421574449+2591.351602452025i) (-7277.649917864419+2590.849017411305i) (-7277.6214204834805+2590.346457588247i) (-7277.592930342623+2589.843922994587i) (-7277.564446926607+2589.341414241253i) (-7277.535970949813+2588.8389300802482i) (-7277.5075015889815+2588.3364718591365i) (-7277.47903923531+2587.834038423245i) (-7277.450583763352+2587.331630659225i) (-7277.422135339276+2586.8292478976973i) (-7277.393693986942+2586.3268906626654i) (-7277.36525927438+2585.82455853773i) (-7277.33683179203+2585.322251914252i) (-7277.308411064347+2584.8199703012087i) (-7277.279997566546+2584.317714198506i) (-7277.251590577809+2583.8154831952443i) (-7277.22319087955+2583.313277369459i) (-7277.1947979146635+2582.811096997645i) (-7277.16641209205+2582.308941652962i) (-7277.138033055204+2581.8068118920673i) (-7277.109661016695+2581.3047067728075i) (-7277.08129591841+2580.8026276406836i) (-7277.052937866083+2580.3005732899346i) (-7277.024586705517+2579.798544120288i) (-7276.996242087132+2579.296540094413i) (-7276.967905158199+2578.794561655951i) (-7276.93957450243+2578.2926077493184i) (-7276.911251539587+2577.7906795466433i) (-7276.882934531933+2577.2887764851876i) (-7276.854624831831+2576.7868984119996i) (-7276.826322297994+2576.285045661819i) (-7276.798026554404+2575.7832178670287i) (-7276.769737794501+2575.281415500285i) (-7276.741455662852+2574.7796379945403i) (-7276.713180713374+2574.277886050194i) (-7276.684912863134+2573.7761589705706i) (-7276.656651670071+2573.2744569048664i) (-7276.628397545925+2572.772780211906i) (-7276.600150187753+2572.271128385717i) (-7276.571909937892+2571.769501740646i) (-7276.5436763978005+2571.267900225743i) (-7276.515449859188+2570.7663237731813i) (-7276.487230117521+2570.2647726611513i) (-7276.459017624658+2569.7632463864975i) (-7276.430811678657+2569.261745258136i) (-7276.402613034534+2568.760269173008i) (-7276.374420714693+2568.258818301103i) (-7276.346235843157+2567.7573924418484i) (-7276.318057990114+2567.2559915033335i) (-7276.289886344805+2566.754615629906i) (-7276.261722197501+2566.2532648006763i) (-7276.233564879814+2565.7519391439328i) (-7276.205414274573+2565.2506384928092i) (-7276.177270692587+2564.7493626498754i) (-7276.149133982713+2564.2481120833318i) (-7276.121004164692+2563.746886391282i) (-7276.092881280537+2563.245685886249i) (-7276.064765102284+2562.7445100612467i) (-7276.03665624048+2562.243359507019i) (-7276.008553994717+2561.742233778058i) (-7275.980458763379+2561.2411331050334i) (-7275.952370157809+2560.7400573439436i) (-7275.924288620163+2560.2390064678484i) (-7275.896214079202+2559.73798101189i) (-7275.868146369126+2559.236979937703i) (-7275.840085413523+2558.736004209516i) (-7275.812031402846+2558.2350528003744i) (-7275.783984291532+2557.7341271385394i) (-7275.755944113385+2557.233226206814i) (-7275.727910570794+2556.7323500623015i) (-7275.699884270138+2556.231498722169i) (-7275.671864805291+2555.730672687827i) (-7275.643852206007+2555.2298711955746i) (-7275.615846156144+2554.72909487834i) (-7275.587847293431+2554.228342652371i) (-7275.559855178742+2553.7276166609654i) (-7275.531870411858+2553.226915088523i) (-7275.503892056016+2552.7262373667327i) (-7275.47592056915+2552.2255856638267i) (-7275.447956051338+2551.724958253093i) (-7275.419998370113+2551.2243561620608i) (-7275.392047568886+2550.723778526688i) (-7275.36410353637+2550.223225882214i) (-7275.336166632063+2549.7226978364306i) (-7275.308236245892+2549.222194968419i) (-7275.28031291918+2548.7217172509336i) (-7275.252396604222+2548.2212636286513i) (-7275.2244869673905+2547.720835152245i) (-7275.196584293071+2547.22043137319i) (-7275.16868825258+2546.720052666825i) (-7275.140799112079+2546.2196984065786i) (-7275.112917150494+2545.719369121617i) (-7275.085041767175+2545.2190646285453i) (-7275.05717351788+2544.718785048989i) (-7275.029311622322+2544.2185300735364i) (-7275.0014572296905+2543.7182997334967i) (-7274.973609211379+2543.218094370224i) (-7274.945768073703+2542.717913641676i) (-7274.917933773768+2542.2177579057607i) (-7274.890106552465+2541.7176262700614i) (-7274.86228643688+2541.2175204265786i) (-7274.8344720305295+2540.717437942293i) (-7274.806665115998+2540.2173815432916i) (-7274.778866091397+2539.717349884603i) (-7274.751072302481+2539.217341784517i) (-7274.723286597633+2538.7173588652677i) (-7274.695506965744+2538.2174008971315i) (-7274.667734496641+2537.717467336557i) (-7274.63996859111+2537.2175585965933i) (-7274.6122098244505+2536.7176742772044i) (-7274.584457753865+2536.217815110316i) (-7274.556712538198+2535.717980356144i) (-7274.528974033123+2535.2181705320145i) (-7274.501242761673+2534.7183847642173i) (-7274.473517826724+2534.218624120598i) (-7274.4457998576+2533.7188879751984i) (-7274.418088931905+2533.2191764629897i) (-7274.3903846822395+2532.7194896605015i) (-7274.362687241406+2532.219827608483i) (-7274.33499687455+2531.720190057372i) (-7274.307313015482+2531.2205768260173i) (-7274.279636036385+2530.7209886025958i) (-7274.251965977801+2530.2214248075597i) (-7274.224302624521+2529.7218855051397i) (-7274.196646155929+2529.2223709515774i) (-7274.168996569346+2528.722881075929i) (-7274.141353779438+2528.223415652935i) (-7274.113717797777+2527.7239748604907i) (-7274.086088641433+2527.2245586657673i) (-7274.058466334831+2526.7251667639566i) (-7274.030850554013+2526.2257995558184i) (-7274.003241810252+2525.726457089222i) (-7273.975640056368+2525.2271389165526i) (-7273.948045009897+2524.7278456690055i) (-7273.920456661318+2524.228576479204i) (-7273.892875199435+2523.729331948677i) (-7273.865300585722+2523.2301118922087i) (-7273.837732566656+2522.7309164592452i) (-7273.810171300723+2522.2317453547066i) (-7273.782616920736+2521.7325994287376i) (-7273.755069945969+2521.233476911604i) (-7273.727528787288+2520.734379665836i) (-7273.699995057682+2520.2353067837485i) (-7273.6724680177595+2519.736258370842i) (-7273.644947756423+2519.2372341093005i) (-7273.617434200126+2518.738234797597i) (-7273.589927542307+2518.239259423318i) (-7273.562427672567+2517.740308952435i) (-7273.5349343428925+2517.241382614303i) (-7273.507448373066+2516.74248097884i) (-7273.4799686255+2516.243603671177i) (-7273.452496157168+2515.7447507099178i) (-7273.425029922077+2515.2459222663465i) (-7273.397571036068+2514.7471178782334i) (-7273.370118305126+2514.2483385832993i) (-7273.3426727925935+2513.7495836423395i) (-7273.315234426392+2513.25085220214i) (-7273.287802203057+2512.7521460842745i) (-7273.2603769810785+2512.2534639241403i) (-7273.232958629846+2511.754806238974i) (-7273.205546984745+2511.2561727508883i) (-7273.178142257205+2510.7575639048755i) (-7273.150743878698+2510.2589792544204i) (-7273.123352701528+2509.760418928693i) (-7273.095968127077+2509.261882990414i) (-7273.068590350441+2508.7633714710246i) (-7273.041219222203+2508.2648843388233i) (-7273.013855015316+2507.7664213052176i) (-7272.986497643749+2507.267982829977i) (-7272.959146854183+2506.7695687242676i) (-7272.931803157912+2506.271178689003i) (-7272.904465639336+2505.7728127435284i) (-7272.877135350284+2505.274471767544i) (-7272.849811933217+2504.776154808548i) (-7272.822494829363+2504.2778619426554i) (-7272.795184829101+2503.7795934078495i) (-7272.767881583892+2503.281349277253i) (-7272.740585044106+2502.7831293469244i) (-7272.713295049769+2502.2849338400665i) (-7272.686012029162+2501.786762361321i) (-7272.658735803082+2501.288615270935i) (-7272.631466322269+2500.7904924647664i) (-7272.604203449631+2500.292393884315i) (-7272.576947262098+2499.7943194513655i) (-7272.549698140284+2499.2962691204575i) (-7272.522455688445+2498.7982432497565i) (-7272.495219870566+2498.30024156291i) (-7272.467991173319+2497.8022645871033i) (-7272.440768595113+2497.3043102228266i) (-7272.413553375984+2496.8063813457957i) (-7272.386344438974+2496.308476506004i) (-7272.359142350728+2495.8105958182077i) (-7272.331947193462+2495.3127392113265i) (-7272.304758664646+2494.8149068365274i) (-7272.277576666941+2494.317098780016i) (-7272.25040163651+2493.8193146614367i) (-7272.223233379241+2493.3215541864474i) (-7272.196071561722+2492.823818741518i) (-7272.168916923375+2492.3261072111336i) (-7272.141768640812+2491.82841976726i) (-7272.11462751903+2491.3307563094495i) (-7272.087492846795+2490.8331172606977i) (-7272.0603648688375+2490.3355022035357i) (-7272.0332434645325+2489.8379112111224i) (-7272.006129070672+2489.3403440891107i) (-7271.979021588265+2488.8428014656183i) (-7271.951920499239+2488.345282983836i) (-7271.92482623896+2487.847788275597i) (-7271.8977387147315+2487.3503178223855i) (-7271.870658016465+2486.852871367275i) (-7271.843583942685+2486.3554492196417i) (-7271.816516257286+2485.8580509002577i) (-7271.789455610195+2485.3606764544975i) (-7271.762401959554+2484.863326248368i) (-7271.735354921912+2484.366000592644i) (-7271.708314168795+2483.868698333774i) (-7271.681280556535+2483.371420234711i) (-7271.6542536997285+2482.8741662423317i) (-7271.627233377647+2482.3769366287024i) (-7271.600219347895+2481.8797305233893i) (-7271.573212587224+2481.382548217691i) (-7271.5462127107185+2480.8853901966695i) (-7271.51921934737+2480.388256543096i) (-7271.492232219544+2479.8911466943327i) (-7271.465252272743+2479.3940603650017i) (-7271.438279114643+2478.8969985105305i) (-7271.411312408597+2478.399960900305i) (-7271.384351962955+2477.9029470258783i) (-7271.357398451688+2477.4059561015238i) (-7271.330452572527+2476.9089901075185i) (-7271.303513168334+2476.4120485800677i) (-7271.276579461031+2475.9151305530922i) (-7271.249652996113+2475.4182356905776i) (-7271.222734022757+2474.9213654372898i) (-7271.195820931437+2474.424520017642i) (-7271.168913079002+2473.9276978181997i) (-7271.142012692987+2473.4308975971217i) (-7271.115121643876+2472.934121767291i) (-7271.088237385098+2472.437373683755i) (-7271.061354687588+2471.9406518908754i) (-7271.034489746959+2471.443940341892i) (-7271.0076144467075+2470.947264209398i) (-7270.980755433016+2470.4506062894297i) (-7270.953905454641+2469.953975437761i) (-7270.927059682871+2469.457370131775i) (-7270.900218969453+2468.9607873281193i) (-7270.873385347678+2468.4642266877963i) (-7270.846560043263+2467.96769041482i) (-7270.8197409412605+2467.4711787935503i) (-7270.792927846193+2466.974690833499i) (-7270.766121671719+2466.4782258185496i) (-7270.739322919038+2465.981785181719i) (-7270.7125304976635+2465.4853689542106i) (-7270.685743993323+2464.988976621872i) (-7270.658964293191+2464.4926071681693i) (-7270.632191826259+2463.9962617345154i) (-7270.605425991312+2463.4999405370336i) (-7270.578666707977+2463.0036431794706i) (-7270.55191388865+2462.507368680829i) (-7270.525168262785+2462.011118715028i) (-7270.498429254306+2461.5148925804224i) (-7270.471696414138+2461.0186904134944i) (-7270.444970284911+2460.5225113278657i) (-7270.418251108839+2460.0263563202107i) (-7270.391538724734+2459.5302247383734i) (-7270.3648322712315+2459.0341174705736i) (-7270.338133085242+2458.5380335579557i) (-7270.311440743259+2458.0419734481175i) (-7270.284754674119+2457.5459371196957i) (-7270.258075464184+2457.0499250719768i) (-7270.23140255202+2456.553935980254i) (-7270.204736743776+2456.057970550247i) (-7270.178077601722+2455.56202913751i) (-7270.151424855342+2455.066111482981i) (-7270.124778607408+2454.570217386384i) (-7270.098139524745+2454.0743464580764i) (-7270.07150674032+2453.578500011363i) (-7270.044880593028+2453.082677067903i) (-7270.018260619917+2452.586877926111i) (-7269.991648471454+2452.091102354697i) (-7269.96504244365+2451.595349709033i) (-7269.938442717558+2451.0996216556505i) (-7269.911849847515+2450.6039166750825i) (-7269.885263686697+2450.1082356549205i) (-7269.8586843901885+2449.612578176855i) (-7269.832111441019+2449.1169445273727i) (-7269.805545040573+2448.621334249672i) (-7269.778985562089+2448.1257475325383i) (-7269.75243267446+2447.6301844701793i) (-7269.725886346181+2447.134645051955i) (-7269.699346567108+2446.639129120532i) (-7269.672813475581+2446.143636752353i) (-7269.646287377432+2445.648168067747i) (-7269.619767407209+2445.152723196953i) (-7269.593254039416+2444.657301590615i) (-7269.566747526537+2444.1619036352204i) (-7269.540247574813+2443.666529088836i) (-7269.513754290719+2443.1711784660883i) (-7269.487267453131+2442.6758512097476i) (-7269.460787411011+2442.1805475147366i) (-7269.434314301342+2441.6852673073618i) (-7269.407847512343+2441.1900107744123i) (-7269.381387286089+2440.694777756068i) (-7269.354933625881+2440.1995680413183i) (-7269.328486844249+2439.704381937864i) (-7269.302046512099+2439.209219407039i) (-7269.275612946087+2438.7140803581788i) (-7269.249185786796+2438.2189647558207i) (-7269.222765678435+2437.7238724795543i) (-7269.19635173858+2437.2288038844817i) (-7269.169944470609+2436.733758825254i) (-7269.1435437001865+2436.2387371366476i) (-7269.1171497922915+2435.7437389911956i) (-7269.090762595441+2435.248764331638i) (-7269.064381508405+2434.7538131141246i) (-7269.038007574155+2434.2588851347346i) (-7269.011640024327+2433.763980995027i) (-7268.985279123732+2433.2691000471677i) (-7268.958924926212+2432.7742423610807i) (-7268.932577190038+2432.2794084091965i) (-7268.9062359682675+2431.784597525442i) (-7268.87990144488+2431.2898104722954i) (-7268.853573582177+2430.795046586649i) (-7268.827252287807+2430.3003061760955i) (-7268.800937705902+2429.805589016356i) (-7268.774629578421+2429.310895431372i) (-7268.748328004494+2428.8162251266003i) (-7268.7220329493375+2428.321578291301i) (-7268.695744594719+2427.826954848435i) (-7268.669462837191+2427.3323546853644i) (-7268.643187658131+2426.8377779920575i) (-7268.616919069125+2426.3432245231324i) (-7268.590657206211+2425.8486945008754i) (-7268.564401869779+2425.3541878931937i) (-7268.538153099713+2424.8597045045535i) (-7268.511910911858+2424.3652444786785i) (-7268.485675540771+2423.8708078412055i) (-7268.459446569918+2423.376394547073i) (-7268.433224205079+2422.8820044997374i) (-7268.407008229308+2422.3876374052325i) (-7268.380799194707+2421.893293835823i) (-7268.354596537167+2421.3989737031916i) (-7268.328400315988+2420.9046769134457i) (-7268.30221066987+2420.41040297793i) (-7268.276028079057+2419.916152503849i) (-7268.249851821319+2419.421925884102i) (-7268.22368180135+2418.9277225019578i) (-7268.197517804243+2418.4335422448385i) (-7268.17136119366+2417.93938375373i) (-7268.145214040085+2417.445251500738i) (-7268.119068292105+2416.9511374926187i) (-7268.092932199638+2416.457051391335i) (-7268.066801240252+2415.9629878447704i) (-7268.040676914839+2415.468946635827i) (-7268.014559708829+2414.9749283159417i) (-7267.98844935984+2414.480933446046i) (-7267.962345511459+2413.986962318464i) (-7267.9362478483645+2413.4930142590692i) (-7267.910156850946+2412.9990892730966i) (-7267.884072473397+2412.505187342953i) (-7267.857994825395+2412.0113087528553i) (-7267.831923448877+2411.517453607761i) (-7267.805858750252+2411.02362115751i) (-7267.779800437777+2410.529811793651i) (-7267.753749150733+2410.036025738622i) (-7267.727704103108+2409.5422631175534i) (-7267.701665601841+2409.0485235785964i) (-7267.6756336600465+2408.554806915072i) (-7267.649608088325+2408.0611133937346i) (-7267.623589506732+2407.567443346803i) (-7267.597576893563+2407.0737965016524i) (-7267.571571321607+2406.5801725536785i) (-7267.545572235258+2406.086571269254i) (-7267.5195798905725+2405.5929936103494i) (-7267.493593806289+2405.0994391058375i) (-7267.46761409362+2404.605907543866i) (-7267.441641072207+2404.1123988394866i) (-7267.415674794547+2403.618913813749i) (-7267.389714928451+2403.125451344251i) (-7267.363761581953+2402.632012277045i) (-7267.337814698386+2402.1385957552084i) (-7267.311874568249+2401.6452026798506i) (-7267.285940862553+2401.151832598265i) (-7267.260013508139+2400.6584858717433i) (-7267.2340927932155+2400.1651616640665i) (-7267.208178745911+2399.6718610539338i) (-7267.182271345786+2399.1785827483764i) (-7267.156370286795+2398.6853284785066i) (-7267.130475546495+2398.1920951343564i) (-7267.104586161233+2397.6988876488103i) (-7267.078705791188+2397.2057021657165i) (-7267.052830785124+2396.7125394585546i) (-7267.026963197106+2396.219399986916i) (-7267.001100540828+2395.7262825484904i) (-7266.975245771354+2395.2331886446773i) (-7266.949396761992+2394.7401179063527i) (-7266.923554422477+2394.247070138228i) (-7266.89771832427+2393.7540451186724i) (-7266.871888991012+2393.2610429668002i) (-7266.846066283346+2392.768064295051i) (-7266.820250040258+2392.2751084990814i) (-7266.7944401451805+2391.782175648188i) (-7266.768636908769+2391.2892655521027i) (-7266.742840368419+2390.7963784278945i) (-7266.717050435403+2390.3035144266178i) (-7266.691266945992+2389.810673264561i) (-7266.665489657618+2389.317854806668i) (-7266.639719320363+2388.825059108549i) (-7266.613955310024+2388.3322865183127i) (-7266.588198004959+2387.83953698806i) (-7266.562446688245+2387.346810037234i) (-7266.536701947128+2386.8541058979426i) (-7266.510963917375+2386.361424807803i) (-7266.485232385466+2385.8687667668073i) (-7266.459507223607+2385.376131769677i) (-7266.43378847118+2384.8835193530595i) (-7266.408076216249+2384.3909298388426i) (-7266.382371336445+2383.8983635150853i) (-7266.356672485777+2383.4058192272896i) (-7266.330979472313+2382.913298657595i) (-7266.305293474385+2382.420800118911i) (-7266.279614072069+2381.92832482262i) (-7266.25394124217+2381.435872283826i) (-7266.228274506219+2380.9434427621145i) (-7266.202614053017+2380.451035747523i) (-7266.176960503848+2379.9586515021165i) (-7266.151313440889+2379.466290558459i) (-7266.125673053773+2378.973952280994i) (-7266.100038652088+2378.4816368674783i) (-7266.074411149526+2377.9893436580896i) (-7266.048790243062+2377.497073678609i) (-7266.02317572312+2377.0048262586442i) (-7265.997567082172+2376.512602197148i) (-7265.971966147326+2376.0204004393563i) (-7265.946370773289+2375.5282206034317i) (-7265.920782049739+2375.0360645561996i) (-7265.895199784576+2374.5439309436333i) (-7265.869623906113+2374.05182035082i) (-7265.844054304095+2373.5597321338664i) (-7265.818491672077+2373.0676669579025i) (-7265.792935414352+2372.575624385603i) (-7265.767385504236+2372.083604812644i) (-7265.7418420516515+2371.591607790582i) (-7265.716305454114+2371.0996332323866i) (-7265.690775142708+2370.607681430167i) (-7265.665251482069+2370.115752526195i) (-7265.639734069133+2369.6238461417815i) (-7265.614223084476+2369.131962287447i) (-7265.588718661719+2368.6401010863483i) (-7265.563220639982+2368.1482626680954i) (-7265.537729098064+2367.656447006433i) (-7265.512243779777+2367.1646539957546i) (-7265.486765195902+2366.6728834572896i) (-7265.461293002151+2366.181135732293i) (-7265.43582750729+2365.6894105470183i) (-7265.410368149009+2365.1977084119044i) (-7265.384915173557+2364.7060282135553i) (-7265.359469082155+2364.214371042406i) (-7265.334029083927+2363.7227365168146i) (-7265.3085957184585+2363.2311244803495i) (-7265.283168666444+2362.739535173554i) (-7265.257748043536+2362.2479683184665i) (-7265.232334061242+2361.756424027277i) (-7265.206926632864+2361.264902688079i) (-7265.181525339013+2360.773403807256i) (-7265.156130631465+2360.281927411863i) (-7265.130742426222+2359.79047339974i) (-7265.105360785913+2359.2990422732073i) (-7265.079985482101+2358.807633495664i) (-7265.054616590908+2358.3162474625497i) (-7265.029254237819+2357.824883455445i) (-7265.0038982831+2357.333542400478i) (-7264.97854866071+2356.842223871192i) (-7264.953205462578+2356.350927976506i) (-7264.92786871258+2355.8596544919237i) (-7264.9025386494395+2355.3684035351816i) (-7264.8772146819+2354.8771751857657i) (-7264.851897491574+2354.385969149065i) (-7264.826586501359+2353.8947858871816i) (-7264.80128227667+2353.403624986464i) (-7264.775984178814+2352.9124862064327i) (-7264.750692734088+2352.4213703906244i) (-7264.725407280213+2351.930276847732i) (-7264.70012886255+2351.439205808838i) (-7264.674855839735+2350.9481575887603i) (-7264.649590455457+2350.4571315896083i) (-7264.624331604906+2349.9661279430075i) (-7264.599078176719+2349.4751468150753i) (-7264.573831984298+2348.984188067041i) (-7264.548591775063+2348.4932517318757i) (-7264.523358062101+2348.0023377108446i) (-7264.49813065848+2347.5114461996072i) (-7264.472909690256+2347.020577268955i) (-7264.447695191107+2346.529730857217i) (-7264.422487233484+2346.0389067592714i) (-7264.397285935608+2345.548105097154i) (-7264.372090902524+2345.0573256101634i) (-7264.346901938168+2344.566568791586i) (-7264.321719759259+2344.0758340283282i) (-7264.296543698922+2343.5851216809624i) (-7264.271374260227+2343.0944319061564i) (-7264.24621087763+2342.6037644852404i) (-7264.221054245193+2342.1131196096485i) (-7264.195904112988+2341.62249698877i) (-7264.170760338161+2341.131896651288i) (-7264.145622867797+2340.6413186653645i) (-7264.120491893231+2340.1507629209336i) (-7264.095367236094+2339.660229565601i) (-7264.0702488542365+2339.1697186097263i) (-7264.045137135008+2338.67922991902i) (-7264.020031742055+2338.1887635170006i) (-7263.994931681507+2337.6983189184793i) (-7263.969840913138+2337.2078982734492i) (-7263.944754399855+2336.7174987753897i) (-7263.919674530884+2336.227121559554i) (-7263.894601151501+2335.7367667715534i) (-7263.8695341752655+2335.246434214594i) (-7263.844473678955+2334.7561239893985i) (-7263.819419513815+2334.265835796781i) (-7263.794371699633+2333.775570082078i) (-7263.769330303361+2333.285326627967i) (-7263.744295210178+2332.795105492278i) (-7263.719266657907+2332.3049065554314i) (-7263.694244468297+2331.8147299036773i) (-7263.669228776622+2331.324575463186i) (-7263.644219251412+2330.8344432454905i) (-7263.619216314287+2330.3443330870105i) (-7263.594219445+2329.854245460272i) (-7263.569229458504+2329.3641800794358i) (-7263.544245673256+2328.8741365528076i) (-7263.5192680635355+2328.3841155128375i) (-7263.494297152277+2327.8941165110537i) (-7263.469332375891+2327.404139892513i) (-7263.4443741639425+2326.914185265752i) (-7263.419422119374+2326.424252864097i) (-7263.394476537677+2325.934342657416i) (-7263.369537524026+2325.44445486971i) (-7263.344604662097+2324.9545890359896i) (-7263.319678351924+2324.464745335579i) (-7263.294758316419+2323.9749238157838i) (-7263.269844706182+2323.485124305791i) (-7263.244937346111+2322.9953471985446i) (-7263.2200363583925+2322.505591947589i) (-7263.1951418461595+2322.0158592981243i) (-7263.170253747853+2321.5261484547245i) (-7263.145372243657+2321.036459783145i) (-7263.120496478615+2320.5467931314706i) (-7263.095627769671+2320.057148355221i) (-7263.070764791895+2319.5675261773213i) (-7263.045908388589+2319.0779255615635i) (-7263.0210584420765+2318.588349071568i) (-7262.996215568803+2318.098791081371i) (-7262.971378559468+2317.609258013883i) (-7262.946547547571+2317.119744830059i) (-7262.921721097924+2316.630255758135i) (-7262.896904837123+2316.14078790878i) (-7262.87209238273+2315.651342588948i) (-7262.847287147089+2315.161918395932i) (-7262.822487917315+2314.6725169828514i) (-7262.797695224691+2314.18313728652i) (-7262.772909026845+2313.6937800168143i) (-7262.748128941861+2313.2044445467654i) (-7262.7233554299855+2312.715130989538i) (-7262.698588097009+2312.22583951671i) (-7262.673827208789+2311.7365698951508i) (-7262.649072662611+2311.247322518251i) (-7262.624324475689+2310.758097082369i) (-7262.59958277527+2310.268893597835i) (-7262.574847097985+2309.7797121344283i) (-7262.550118080439+2309.290552569384i) (-7262.525394924786+2308.8014152505366i) (-7262.500678766586+2308.3122997092487i) (-7262.475968473218+2307.823206041123i) (-7262.451264768056+2307.3341344606124i) (-7262.426567217893+2306.8450847977965i) (-7262.401876173504+2306.356057164099i) (-7262.377191364444+2305.867051392972i) (-7262.35251300464+2305.378067613512i) (-7262.327840714844+2304.889105836446i) (-7262.303175072788+2304.400165904688i) (-7262.278515490368+2303.9112480175318i) (-7262.25386275451+2303.422351839372i) (-7262.229215583221+2302.9334776149935i) (-7262.2045753839275+2302.4446254891645i) (-7262.179941378861+2301.955795209369i) (-7262.155313763525+2301.4669866816475i) (-7262.130692444276+2300.9782001903313i) (-7262.106077223712+2300.4894353569216i) (-7262.081468587271+2300.0006925802118i) (-7262.056866040717+2299.5119715435267i) (-7262.032270132482+2299.023272534814i) (-7262.007680252777+2298.534595133544i) (-7261.983096489657+2298.0459398016883i) (-7261.958519653616+2297.557306321971i) (-7261.933948792631+2297.0686948616567i) (-7261.909384361225+2296.580105064015i) (-7261.88482617337+2296.0915368609367i) (-7261.860274380651+2295.60299096416i) (-7261.835728858+2295.114466614641i) (-7261.8111897985655+2294.6259638294378i) (-7261.786656963906+2294.1374831558333i) (-7261.7621304156455+2293.6490241570864i) (-7261.737610153621+2293.1605868603056i) (-7261.7130959312035+2292.6721715154454i) (-7261.688588361192+2292.183778082537i) (-7261.66408691817+2291.6954064700512i) (-7261.639591974815+2291.2070565687936i) (-7261.6151032700955+2290.7187284182255i) (-7261.5906209891555+2290.2304218438494i) (-7261.5661449570525+2289.7421371414057i) (-7261.541675033106+2289.2538742335273i) (-7261.517211561508+2288.765632991299i) (-7261.492754172221+2288.2774134648116i) (-7261.46830326112+2287.7892161312884i) (-7261.443858866227+2287.3010403634817i) (-7261.419420583944+2286.8128862114318i) (-7261.394988716813+2286.3247536530653i) (-7261.370563231248+2285.836642777096i) (-7261.346143959817+2285.348553690461i) (-7261.321730683084+2284.860486338701i) (-7261.297323912512+2284.3724404645654i) (-7261.272923463291+2283.8844167544266i) (-7261.248529231614+2283.396414438763i) (-7261.224141486826+2282.908433943594i) (-7261.199759913768+2282.420474969209i) (-7261.175384534521+2281.93253751454i) (-7261.151015740453+2281.4446221887883i) (-7261.126653004224+2280.956728249297i) (-7261.102296565586+2280.4688559659407i) (-7261.077946407662+2279.9810053467627i) (-7261.053602642986+2279.49317625372i) (-7261.029265149244+2279.005368927199i) (-7261.00493379286+2278.5175832013247i) (-7260.980608870372+2278.0298191295205i) (-7260.9562900196115+2277.542076745569i) (-7260.931977805021+2277.054355788634i) (-7260.907671466063+2276.566656586596i) (-7260.883371808395+2276.0789789926275i) (-7260.859078059193+2275.5913230989554i) (-7260.834790877082+2275.1036884203495i) (-7260.810509872054+2274.6160758082915i) (-7260.786235374079+2274.128484483099i) (-7260.761966823289+2273.6409147153336i) (-7260.737704636183+2273.1533666623072i) (-7260.713448711605+2272.6658400663673i) (-7260.689199228461+2272.1783350119986i) (-7260.6649557966075+2271.690851673324i) (-7260.640718735505+2271.203389701557i) (-7260.616487807923+2270.71594929417i) (-7260.592263422749+2270.2285302872533i) (-7260.568045117331+2269.7411330777595i) (-7260.543833085964+2269.253757341823i) (-7260.519627179897+2268.7664032078355i) (-7260.495427765931+2268.2790701909507i) (-7260.471234739861+2267.7917592006725i) (-7260.4470477538125+2267.3044694270357i) (-7260.422866998739+2266.817201427735i) (-7260.398692733875+2266.3299543420835i) (-7260.374524523044+2265.8427291995886i) (-7260.350362737525+2265.355525001716i) (-7260.326206803954+2264.8683430315577i) (-7260.302057442884+2264.38118129511i) (-7260.277912508939+2263.894043594777i) (-7260.253778573517+2263.406926590549i) (-7260.229647479746+2262.919827892585i) (-7260.205522731338+2262.4327537631707i) (-7260.181404161585+2261.9456997603775i) (-7260.157291712182+2261.458667850593i) (-7260.133186456296+2260.9716565090675i) (-7260.1090871818715+2260.4846683208416i) (-7260.0849943273+2259.9976994895223i) (-7260.060908196391+2259.5107537566582i) (-7260.036827239374+2259.0238289670997i) (-7260.012752344108+2258.5369254126654i) (-7259.988684185373+2258.0500434276255i) (-7259.964621077367+2257.5631820989765i) (-7259.940568296191+2257.0763419031373i) (-7259.916517739593+2256.58952492752i) (-7259.892473926401+2256.1027280716553i) (-7259.868437102955+2255.615952839684i) (-7259.84440628752+2255.1291986149445i) (-7259.820382288746+2254.642465861987i) (-7259.796364114564+2254.1557546960394i) (-7259.77235218698+2253.669064814014i) (-7259.748346455737+2253.1823962738745i) (-7259.72434706786+2252.6957490790082i) (-7259.700353881373+2252.209123441353i) (-7259.6763666494035+2251.722518995186i) (-7259.652385735913+2251.2359356521774i) (-7259.628411252647+2250.749373537099i) (-7259.604442878881+2250.2628329302024i) (-7259.5804808022895+2249.776313620945i) (-7259.5565244399+2249.2898157479594i) (-7259.532575251624+2248.8033389954217i) (-7259.508631908004+2248.31688376069i) (-7259.484694950051+2247.8304496666533i) (-7259.4607637830695+2247.34403671383i) (-7259.436839119605+2246.8576449147386i) (-7259.41292061596+2246.371274515752i) (-7259.389008278291+2245.8849257296006i) (-7259.36510187642+2245.39859749252i) (-7259.341202520363+2244.9122906316225i) (-7259.31730804654+2244.4260066820807i) (-7259.293421612086+2243.939741389011i) (-7259.269540258034+2243.4534987590996i) (-7259.245664904802+2242.9672774016217i) (-7259.221796126448+2242.481076830165i) (-7259.1979338067495+2241.994897517454i) (-7259.17407744514+2241.508739711582i) (-7259.150227201275+2241.0226026673135i) (-7259.126383218083+2240.5364870715093i) (-7259.102545531594+2240.0503924135974i) (-7259.078714094734+2239.564319494759i) (-7259.054888517416+2239.0782673677604i) (-7259.031069826893+2238.5922365085753i) (-7259.0072567613+2238.1062267509187i) (-7258.983449839571+2237.6202383352374i) (-7258.959649550305+2237.134271026025i) (-7258.935854957629+2236.6483248506993i) (-7258.912067219398+2236.162399688592i) (-7258.888285180325+2235.676495951355i) (-7258.86450974443+2235.190613083998i) (-7258.8407401296145+2234.704751473113i) (-7258.816977067339+2234.218910635176i) (-7258.793219961685+2233.733091432503i) (-7258.76946867739+2233.247293052742i) (-7258.7457239542955+2232.761516107539i) (-7258.721985691181+2232.2757600295354i) (-7258.698253454046+2231.7900251750452i) (-7258.674527692708+2231.3043111679217i) (-7258.650807985889+2230.8186183105536i) (-7258.627093915689+2230.3329459779143i) (-7258.603386086909+2229.8472952882894i) (-7258.5796846899575+2229.3616657543425i) (-7258.55598892101+2228.8760574923035i) (-7258.532299898556+2228.3904702530926i) (-7258.508617224928+2227.904904356932i) (-7258.484940870354+2227.4193591421645i) (-7258.461270737487+2226.9338349440077i) (-7258.437606629482+2226.4483314013996i) (-7258.41394870354+2225.9628491798794i) (-7258.390296805115+2225.4773879268887i) (-7258.366651008674+2224.9919477159056i) (-7258.343011383581+2224.506528747952i) (-7258.31937822261+2224.021130631807i) (-7258.295751184485+2223.5357532133257i) (-7258.272129868341+2223.0503972022416i) (-7258.248515345763+2222.5650619526587i) (-7258.224906471295+2222.0797478101777i) (-7258.201304135731+2221.5944546122737i) (-7258.177707652534+2221.1091828133067i) (-7258.154117590447+2220.62393146666i) (-7258.1305338223265+2220.1387015594664i) (-7258.106956095203+2219.6534922243864i) (-7258.083384678845+2219.168304050916i) (-7258.059819399316+2218.6831366402876i) (-7258.036260355244+2218.197990154911i) (-7258.012707320086+2217.7128646200854i) (-7257.989160519341+2217.227759896936i) (-7257.965619913605+2216.742676085227i) (-7257.942085327695+2216.257613296424i) (-7257.9185568473295+2215.77257122005i) (-7257.895034394879+2215.287550386154i) (-7257.871518117295+2214.802550095019i) (-7257.848008219577+2214.3175711277i) (-7257.824503985082+2213.8326129418783i) (-7257.801006695929+2213.347676000394i) (-7257.7775148686205+2212.8627594958234i) (-7257.754029929142+2212.3778640194614i) (-7257.7305505739105+2211.8929895777037i) (-7257.707077652708+2211.408135705393i) (-7257.683611013741+2210.923303018988i) (-7257.660150210499+2210.438490420507i) (-7257.636695662326+2209.953699554553i) (-7257.61324712993+2209.468929223347i) (-7257.589805178057+2208.9841793622472i) (-7257.566368761693+2208.4994510889246i) (-7257.5429390121+2208.0147428276596i) (-7257.519515209752+2207.530056391479i) (-7257.496097293454+2207.0453895384526i) (-7257.47268632588+2206.5607447069997i) (-7257.449280318641+2206.0761198273103i) (-7257.425881804072+2205.5915161230514i) (-7257.4024879340495+2205.1069336286073i) (-7257.379102083601+2204.6223707081917i) (-7257.355720780811+2204.137830013744i) (-7257.332346557329+2203.653308194913i) (-7257.308977568349+2203.1688092536897i) (-7257.285614942126+2202.684329409256i) (-7257.2622593098+2202.199871850984i) (-7257.23890839123+2201.715434186708i) (-7257.215565385868+2201.2310172359375i) (-7257.192227084458+2200.7466216221856i) (-7257.168895620091+2200.2622449375594i) (-7257.145569444647+2199.7778924857867i) (-7257.122250914279+2199.293556876204i) (-7257.0989375275+2198.8092446851497i) (-7257.075629690386+2198.324951425242i) (-7257.052329479209+2197.8406805524664i) (-7257.029033435498+2197.356429469788i) (-7257.005746001907+2196.8721990306203i) (-7256.9824623730265+2196.387989995281i) (-7256.959186896277+2195.903800164575i) (-7256.9359158774005+2195.4196331216117i) (-7256.9126518045905+2194.935484034304i) (-7256.8893938137735+2194.4513587607435i) (-7256.866141428934+2193.967251338694i) (-7256.842896247476+2193.483166821894i) (-7256.819655733462+2192.999100993233i) (-7256.796422894944+2192.515057259654i) (-7256.773194661732+2192.03103258627i) (-7256.749971525454+2191.547030535403i) (-7256.7267583555995+2191.063050370063i) (-7256.703549611176+2190.579086061727i) (-7256.680345769228+2190.0951461932655i) (-7256.657148772032+2189.6112247302553i) (-7256.633957768195+2189.127325703994i) (-7256.610772920642+2188.6434461047647i) (-7256.587594251518+2188.159587948754i) (-7256.564421611926+2187.67574981954i) (-7256.541255288215+2187.191932689153i) (-7256.518095058739+2186.70813592784i) (-7256.494940740591+2186.2243599128706i) (-7256.4717927560105+2185.74060412582i) (-7256.44865071098+2185.256869197736i) (-7256.425514794879+2184.773154463628i) (-7256.402385030798+2184.2894608807237i) (-7256.379261276612+2183.8057873096204i) (-7256.356143654734+2183.322134726106i) (-7256.3330320924815+2182.838502258588i) (-7256.309926756093+2182.354890795401i) (-7256.286827412774+2181.8712996819722i) (-7256.263734262737+2181.387729045573i) (-7256.240647162736+2180.904178896588i) (-7256.217566141473+2180.4206493894762i) (-7256.1944911417695+2179.9371401882563i) (-7256.171422723871+2179.4536519508492i) (-7256.14835981016+2178.9701835702617i) (-7256.125303131215+2178.4867363988105i) (-7256.102252237754+2178.0033089261397i) (-7256.079208300265+2177.5199022258985i) (-7256.056169803948+2177.036516318678i) (-7256.033137550535+2176.5531508272725i) (-7256.010111158573+2176.0698055936937i) (-7255.987091184784+2175.586480973634i) (-7255.964077021385+2175.103176714638i) (-7255.941069240669+2174.6198929366474i) (-7255.9180674237505+2174.136629747998i) (-7255.895071642302+2173.6533866897917i) (-7255.872081695504+2173.1701643287415i) (-7255.849098148343+2172.686962579897i) (-7255.826120689191+2172.203780827773i) (-7255.803149594204+2171.720620192511i) (-7255.780184099223+2171.237478565039i) (-7255.757224461127+2170.75435925041i) (-7255.734271969165+2170.271259002777i) (-7255.711324871391+2169.788179588795i) (-7255.688383750953+2169.305120036097i) (-7255.665448781648+2168.822081337532i) (-7255.6425197106955+2168.3390627483186i) (-7255.619596929291+2167.856064956077i) (-7255.596680056684+2167.3730874301236i) (-7255.573769475477+2166.890130232816i) (-7255.550864865939+2166.407193290148i) (-7255.527966526942+2165.92427675601i) (-7255.505073665444+2165.4413807854726i) (-7255.482187303365+2164.9585046872417i) (-7255.45930712719+2164.475649372569i) (-7255.436432751209+2163.992814332205i) (-7255.413564568687+2163.509999467058i) (-7255.390702559219+2163.0272048711377i) (-7255.367846372793+2162.5444307107537i) (-7255.3449963648045+2162.061676698553i) (-7255.322152326829+2161.5789433463433i) (-7255.299314404698+2161.096230204579i) (-7255.276482473141+2160.613537239138i) (-7255.253656834455+2160.130864506078i) (-7255.230837111375+2159.648212103575i) (-7255.208023195466+2159.165580275683i) (-7255.185215937534+2158.6829683380893i) (-7255.162414164696+2158.2003767905135i) (-7255.13961876096+2157.7178054632914i) (-7255.116829350712+2157.2352546873954i) (-7255.094045847312+2156.752723839634i) (-7255.071268542511+2156.2702133315724i) (-7255.0484972236545+2155.787722949981i) (-7255.025732118062+2155.305252939377i) (-7255.002972775257+2154.8228032015486i) (-7254.980219635481+2154.3403735657394i) (-7254.957472499323+2153.857964175846i) (-7254.934731604882+2153.375575032711i) (-7254.911996560298+2152.8932061661308i) (-7254.88926735161+2152.410857654737i) (-7254.866544169557+2151.928528846249i) (-7254.843827306588+2151.4462211692407i) (-7254.821117433003+2150.9639329153924i) (-7254.798411865135+2150.4816641676134i) (-7254.775713347145+2149.999416907638i) (-7254.753020262283+2149.5171890304773i) (-7254.730333856971+2149.034981839739i) (-7254.707652942023+2148.552794570038i) (-7254.684978408729+2148.0706275582015i) (-7254.662309627012+2147.588480760971i) (-7254.639647237012+2147.1063538557264i) (-7254.6169908673555+2146.6242475632844i) (-7254.594340518939+2146.142160512087i) (-7254.571695613383+2145.66009422171i) (-7254.5490573533225+2145.1780479748577i) (-7254.526425109225+2144.696021839587i) (-7254.503798513321+2144.21401599988i) (-7254.481178170539+2143.732029985962i) (-7254.458563733766+2143.250064269527i) (-7254.435955910682+2142.768118869162i) (-7254.413353486329+2142.2861928647035i) (-7254.390757337333+2141.8042872022106i) (-7254.368167094687+2141.322401927866i) (-7254.345582694598+2140.8405363380407i) (-7254.323004871591+2140.358691203661i) (-7254.300432392971+2139.8768659861435i) (-7254.277866370969+2139.395060867115i) (-7254.2553057971+2138.9132755578285i) (-7254.232752029243+2138.4315105533387i) (-7254.210204367428+2137.949765683412i) (-7254.187662037882+2137.4680406191474i) (-7254.1651258961465+2136.9863358109324i) (-7254.1425957835+2136.504650707451i) (-7254.120071829865+2136.0229856813894i) (-7254.09755364361+2135.5413409867415i) (-7254.075041913444+2135.059716233376i) (-7254.052535806708+2134.578111336752i) (-7254.030035894648+2134.096526472942i) (-7254.007541977592+2133.6149617237315i) (-7253.985054068786+2133.1334166885445i) (-7253.962571822382+2132.651891859143i) (-7253.940095993059+2132.1703870418078i) (-7253.917625973064+2131.6889021435436i) (-7253.895162168901+2131.2074372530606i) (-7253.872704170925+2130.7259923864185i) (-7253.850252450353+2130.2445672986323i) (-7253.827806372032+2129.763162272535i) (-7253.805366611898+2129.281777043947i) (-7253.78293264044+2128.8004120629903i) (-7253.760504733693+2128.3190666905775i) (-7253.738083014607+2127.83774141044i) (-7253.715666933628+2127.356435949094i) (-7253.693257175295+2126.8751504839656i) (-7253.6708531810045+2126.393884863828i) (-7253.648455185974+2125.9126391259815i) (-7253.626063063839+2125.4314135439236i) (-7253.603677193519+2124.9502075352775i) (-7253.581297256596+2124.469021865647i) (-7253.558923260794+2123.987855770767i) (-7253.536555266901+2123.5067097944575i) (-7253.514193272423+2123.025583444789i) (-7253.491837493051+2122.544477141997i) (-7253.469487472574+2122.0633906482617i) (-7253.447143642314+2121.582323900133i) (-7253.424805654805+2121.101277062062i) (-7253.402473703736+2120.6202498233706i) (-7253.380147670518+2120.139242719488i) (-7253.357827476812+2119.65825516539i) (-7253.335513293917+2119.177287629129i) (-7253.31320491412+2118.696339858654i) (-7253.290902633766+2118.215412070458i) (-7253.268606175358+2117.734504313943i) (-7253.2463159033005+2117.253616207834i) (-7253.22403136951+2116.7727479173245i) (-7253.201753196376+2116.2918999405247i) (-7253.179481133847+2115.8110713750284i) (-7253.157214866724+2115.330262483385i) (-7253.134954564902+2114.849473638704i) (-7253.112700627192+2114.368704088998i) (-7253.090452396764+2113.8879546791977i) (-7253.068210055241+2113.4072245818716i) (-7253.04597393337+2112.926514859335i) (-7253.023743336877+2112.445823613667i) (-7253.001518236361+2111.965153684265i) (-7252.979300042488+2111.484503015263i) (-7252.957087521145+2111.0038720725315i) (-7252.934880969175+2110.52326083761i) (-7252.912680419209+2110.04266938832i) (-7252.890485751401+2109.562097525246i) (-7252.868297211759+2109.081545468829i) (-7252.8461144715975+2108.601013156396i) (-7252.8239377829605+2108.1205005064257i) (-7252.8017670301315+2107.640007559279i) (-7252.779602357902+2107.159534248065i) (-7252.7574431951925+2106.6790807339366i) (-7252.735290530265+2106.1986472051576i) (-7252.713143885967+2105.7182324273417i) (-7252.691002103902+2105.237838041703i) (-7252.66886739021+2104.757463582697i) (-7252.6467381511875+2104.277108673199i) (-7252.624615226605+2103.796773354461i) (-7252.602498102843+2103.316457515153i) (-7252.580387185341+2102.8361613641173i) (-7252.558281986776+2102.3558849565343i) (-7252.536182606593+2101.87562802912i) (-7252.514089614185+2101.395390754282i) (-7252.492001954537+2100.915172941721i) (-7252.469920477664+2100.4349749783705i) (-7252.44784480029+2099.9547965896254i) (-7252.425775225609+2099.4746381326295i) (-7252.403711590884+2098.9944990742206i) (-7252.38165382773+2098.5143796307075i) (-7252.359602018327+2098.034280044765i) (-7252.3375564453845+2097.5541997084583i) (-7252.315516639076+2097.074139197308i) (-7252.293482870335+2096.594097933028i) (-7252.2714550029805+2096.114076582284i) (-7252.249432918966+2095.634074519712i) (-7252.2274170027395+2095.154092240491i) (-7252.205406547966+2094.6741292645893i) (-7252.183402551036+2094.19418617424i) (-7252.161403676806+2093.714262452426i) (-7252.139412076104+2093.234359041304i) (-7252.117425705303+2092.7544737669814i) (-7252.09544507846+2092.2746089249813i) (-7252.0734705036775+2091.794763583721i) (-7252.051502009818+2091.3149375502144i) (-7252.0295393945225+2090.8351312263803i) (-7252.007582699226+2090.3553443103665i) (-7251.985632011659+2089.875576916009i) (-7251.9636870619415+2089.395828863966i) (-7251.941748191715+2088.916100604758i) (-7251.919815056389+2088.4363916873262i) (-7251.897888064048+2087.9567023186173i) (-7251.875966908496+2087.477032483419i) (-7251.854051670375+2086.9973820135765i) (-7251.832142454166+2086.517751182804i) (-7251.810239142262+2086.0381396218363i) (-7251.788341766436+2085.5585477490386i) (-7251.766450202132+2085.0789748267707i) (-7251.744564580121+2084.5994218387386i) (-7251.722684730202+2084.1198880869706i) (-7251.700810922702+2083.6403740595797i) (-7251.678943006336+2083.1608793812156i) (-7251.657081037014+2082.681404038851i) (-7251.635225002937+2082.2019482404467i) (-7251.613374991484+2081.722511769236i) (-7251.591530686008+2081.243095181886i) (-7251.569692921007+2080.7636972430264i) (-7251.5478604072605+2080.28431913273i) (-7251.52603416696+2079.8049599616097i) (-7251.50421361857+2079.325620800355i) (-7251.482398789016+2078.84630027648i) (-7251.460590072577+2078.3669999153335i) (-7251.438786837488+2077.8877183535224i) (-7251.4169901839305+2077.4084568962007i) (-7251.3951987054015+2076.9292144739666i) (-7251.373414003893+2076.4499915384185i) (-7251.351634514098+2075.9707882358744i) (-7251.329862013378+2075.4916037010225i) (-7251.308094362301+2075.012439534812i) (-7251.286334040474+2074.533292476335i) (-7251.26457886719+2074.054167322487i) (-7251.242829643188+2073.5750552137433i) (-7251.221080474784+2073.095972100651i) (-7251.199348117346+2072.6169047317144i) (-7251.177615031901+2072.1378533663137i) (-7251.155890040376+2071.6588237442993i) (-7251.134168452486+2071.179812707551i) (-7251.112454670145+2070.700821190663i) (-7251.090745415181+2070.2218496292408i) (-7251.069043037121+2069.7428968428485i) (-7251.047346019566+2069.263964099395i) (-7251.025655381015+2068.785049925951i) (-7251.00397064335+2068.3061556784924i) (-7250.982291620646+2067.8272801857383i) (-7250.960618985512+2067.3484243770854i) (-7250.9389518209555+2066.8695872225235i) (-7250.91729088843+2066.3907695758553i) (-7250.895635387278+2065.911970973173i) (-7250.873985987251+2065.4331916861847i) (-7250.852342246752+2064.954431696109i) (-7250.830704506387+2064.4756909897005i) (-7250.809072580344+2063.9969696250846i) (-7250.787446554153+2063.5182674167627i) (-7250.7658265737755+2063.0395844515133i) (-7250.744212495959+2062.560920778633i) (-7250.722604197234+2062.0822760077554i) (-7250.701001425195+2061.603651096293i) (-7250.679405530026+2061.1250446619288i) (-7250.657814899131+2060.64645775757i) (-7250.636230211567+2060.167889883789i) (-7250.61465088887+2059.6893406228555i) (-7250.593078340892+2059.2108117760363i) (-7250.57151054515+2058.732301412987i) (-7250.54994965771+2058.2538099303747i) (-7250.528394153939+2057.7753383895506i) (-7250.506844750384+2057.2968854922965i) (-7250.485300986053+2056.818451913894i) (-7250.463763123828+2056.3400373536388i) (-7250.44223139574+2055.8616421044608i) (-7250.420705193346+2055.3832659722248i) (-7250.399185247458+2054.904908763223i) (-7250.377670707537+2054.42657072411i) (-7250.356162387569+2053.9482519611665i) (-7250.334659698232+2053.469952363899i) (-7250.313163044015+2052.9916717455617i) (-7250.29167225329+2052.513410272195i) (-7250.2701872919+2052.0351678295156i) (-7250.248708187055+2051.5569445875044i) (-7250.227234893481+2051.0787402835213i) (-7250.20576753146+2050.6005551714698i) (-7250.184306007113+2050.122389081882i) (-7250.162850361659+2049.6442421849606i) (-7250.141400550606+2049.166114309959i) (-7250.11995676836+2048.688005331862i) (-7250.0985185582695+2048.209915581505i) (-7250.07708633919+2047.7318447974503i) (-7250.05565981944+2047.2537931206207i) (-7250.03423936707+2046.7757603711561i) (-7250.0128247804505+2046.2977467860655i) (-7249.991415836965+2045.8197522885257i) (-7249.970012928313+2045.3417767711398i) (-7249.948615786348+2044.8638201364593i) (-7249.927224528734+2044.3858826011601i) (-7249.9058390576165+2043.907964145943i) (-7249.884459519059+2043.4300645704443i) (-7249.863085750344+2042.9521841574533i) (-7249.841717911042+2042.4743224637095i) (-7249.820355806988+2041.9964801552342i) (-7249.7989995688995+2041.5186564020041i) (-7249.7776490301+2041.0408525114617i) (-7249.756305286596+2040.5630666459801i) (-7249.734966318558+2040.0852997835736i) (-7249.713633675078+2039.6075521646799i) (-7249.692306350296+2039.129823295998i) (-7249.670985409171+2038.6521137802192i) (-7249.649669993505+2038.1744228367243i) (-7249.6283606397865+2037.696751026835i) (-7249.607056857503+2037.219098276153i) (-7249.5857592052635+2036.7414642878866i) (-7249.564467144688+2036.2638491237485i) (-7249.543181110878+2035.7862531889878i) (-7249.521900841188+2035.3086758657446i) (-7249.500626567716+2034.8311175734543i) (-7249.479357877003+2034.3535782087783i) (-7249.458095033386+2033.8760576749628i) (-7249.436838001078+2033.3985561206719i) (-7249.415586927297+2032.921073426718i) (-7249.394341621741+2032.4436097364178i) (-7249.3731023185355+2031.9661646392124i) (-7249.351868550666+2031.4887386857517i) (-7249.330640906241+2031.0113315400013i) (-7249.309418881436+2030.5339432440196i) (-7249.288202765416+2030.05657366585i) (-7249.2669925279115+2029.5792230012394i) (-7249.245787909702+2029.1018913095868i) (-7249.224589231859+2028.6245782560218i) (-7249.2033963851245+2028.1472843111842i) (-7249.182209140029+2027.6700090036684i) (-7249.1610281002195+2027.1927528264314i) (-7249.139852754883+2026.7155150935669i) (-7249.11868306172+2026.238296469799i) (-7249.097519289453+2025.761096518274i) (-7249.076361453454+2025.2839153878376i) (-7249.055209333576+2024.8067531290599i) (-7249.034063012362+2024.3296094360958i) (-7249.0129226930285+2023.8524846979726i) (-7248.991787888862+2023.375378724364i) (-7248.970658997024+2022.8982915984016i) (-7248.949535916484+2022.4212232060017i) (-7248.928418663841+2021.9441737037396i) (-7248.9073072146175+2021.467142755644i) (-7248.886201841403+2020.9901308344015i) (-7248.865102044733+2020.513137010108i) (-7248.844007589568+2020.036162745766i) (-7248.822919863184+2019.5592070195853i) (-7248.801837479676+2019.0822696729992i) (-7248.780760715208+2018.6053512615508i) (-7248.759690005615+2018.1284516838641i) (-7248.7386248530975+2017.6515707337403i) (-7248.717565712756+2017.1747085397765i) (-7248.6965122240135+2016.6978651972222i) (-7248.675464605092+2016.2210404667785i) (-7248.654422993711+2015.7442347040542i) (-7248.633387093922+2015.2674470631355i) (-7248.612356889051+2014.7906786450694i) (-7248.591332579431+2014.3139285926409i) (-7248.570314044892+2013.8371974029233i) (-7248.549301271895+2013.360484620027i) (-7248.528294418798+2012.8837909246995i) (-7248.50729315391+2012.4071154393296i) (-7248.4862978968595+2011.9304588492541i) (-7248.465308191472+2011.4538209302373i) (-7248.444324553709+2010.9772016364695i) (-7248.423346317355+2010.500601010368i) (-7248.4023742330955+2010.0240188925036i) (-7248.381407728255+2009.5474556786467i) (-7248.36044714588+2009.070910789851i) (-7248.339492250436+2008.5943849532741i) (-7248.3185431071515+2008.1178772414023i) (-7248.297599931822+2007.6413888437637i) (-7248.276662864687+2007.164918200846i) (-7248.255730806209+2006.6884665143662i) (-7248.234804802119+2006.2120334727297i) (-7248.213884772874+2005.7356190269547i) (-7248.19297030429+2005.2592234371223i) (-7248.172061706224+2004.782846011829i) (-7248.151159054492+2004.3064874447628i) (-7248.130262053373+2003.8301474262153i) (-7248.109371007969+2003.3538258072058i) (-7248.088485406333+2002.8775227382612i) (-7248.067605656022+2002.4012385585156i) (-7248.046732287761+2001.9249725774043i) (-7248.025863604084+2001.448724982627i) (-7248.005001288286+2000.9724965878504i) (-7247.98414470425+2000.4962863795918i) (-7247.963294054305+2000.020094780546i) (-7247.942449065904+1999.5439216775922i) (-7247.921609867121+1999.0677670252717i) (-7247.900776392531+1998.5916309624554i) (-7247.879948753636+1998.11551331171i) (-7247.859126895844+1997.6394143838097i) (-7247.83831081085+1997.1633336093128i) (-7247.81750038617+1996.6872716068901i) (-7247.796695787685+1996.2112276101107i) (-7247.775896481506+1995.7352030809998i) (-7247.7551040342105+1995.2591964136554i) (-7247.734316408099+1994.783208044706i) (-7247.71353495875+1994.3072384180596i) (-7247.692759091116+1993.8312873793147i) (-7247.671989061169+1993.3553546865533i) (-7247.6512247389865+1992.8794404075124i) (-7247.630466350477+1992.403544546014i) (-7247.609713643734+1991.9276671425378i) (-7247.5889667535885+1991.4518083108196i) (-7247.568225320016+1990.9759676927115i) (-7247.547489914706+1990.5001456495647i) (-7247.526760142486+1990.0243420528186i) (-7247.506036369174+1989.5485568032054i) (-7247.485317357868+1989.072790165148i) (-7247.464605939451+1988.597042686717i) (-7247.44389956274+1988.1213113493159i) (-7247.423197773269+1987.6456001242332i) (-7247.4025028607675+1987.1699070059058i) (-7247.381813146141+1986.6942323860767i) (-7247.3611297479465+1986.218575949999i) (-7247.340451674927+1985.742938170013i) (-7247.319779674563+1985.2673184029882i) (-7247.299113143667+1984.7917172818106i) (-7247.278452573764+1984.316134263796i) (-7247.257797588827+1983.8405698529295i) (-7247.237148522432+1983.3650237119182i) (-7247.216505196293+1982.8894957388802i) (-7247.195867359698+1982.4139861385174i) (-7247.175235504017+1981.9384950510484i) (-7247.154609186878+1981.4630222839241i) (-7247.133988589463+1980.9875676574047i) (-7247.113373818461+1980.5121319830905i) (-7247.092765266457+1980.0367139953541i) (-7247.072161755443+1979.5613142004659i) (-7247.051564366575+1979.085933200895i) (-7247.030972350024+1978.6105702083405i) (-7247.010386437106+1978.1352258324496i) (-7246.989805991762+1977.6598994421274i) (-7246.969231621644+1977.1845914954465i) (-7246.948662719729+1976.7093018550258i) (-7246.928099933603+1976.2340303630444i) (-7246.907542271841+1975.7587769443599i) (-7246.88699066902+1975.2835423192682i) (-7246.866444962086+1974.8083256150621i) (-7246.845904708667+1974.3331272837222i) (-7246.825370265182+1973.857947096385i) (-7246.804841640422+1973.3827852508293i) (-7246.784318779483+1972.9076414621704i) (-7246.763801306029+1972.4325163286157i) (-7246.743289953565+1971.9574091159975i) (-7246.722784179814+1971.4823201372892i) (-7246.702284142044+1971.0072493790321i) (-7246.681789829506+1970.5321969466877i) (-7246.661301004605+1970.0571627268691i) (-7246.640818236496+1969.5821465205318i) (-7246.620341148252+1969.1071484778167i) (-7246.599869632857+1968.632169098426i) (-7246.579403904202+1968.157207663924i) (-7246.55894391484+1967.6822643316846i) (-7246.538489762262+1967.2073392658676i) (-7246.518041035114+1966.7324321916421i) (-7246.497598211696+1966.2575434773717i) (-7246.477161121572+1965.7826728730688i) (-7246.456729649287+1965.3078204379508i) (-7246.436303940903+1964.832986185229i) (-7246.415883935015+1964.3581701038347i) (-7246.395469673617+1963.8833722271738i) (-7246.375060961222+1963.4085924006322i) (-7246.354658425994+1962.9338309675477i) (-7246.334261351112+1962.4590870321408i) (-7246.31386951927+1961.9843617460992i) (-7246.293484008245+1961.5096546029108i) (-7246.27310406061+1961.0349653225549i) (-7246.252729773637+1960.5602942238038i) (-7246.232361274408+1960.0856414658192i) (-7246.211998521592+1959.6110064065597i) (-7246.191641302577+1959.1363895806535i) (-7246.171289845623+1958.6617908133194i) (-7246.150944016318+1958.1872102302368i) (-7246.130603908743+1957.7126477530255i) (-7246.1102695495565+1957.2381032179892i) (-7246.089940924989+1956.7635769577391i) (-7246.069617917386+1956.289068406306i) (-7246.049300349409+1955.8145786261884i) (-7246.0289891303455+1955.3401065837734i) (-7246.008683382469+1954.8656521170196i) (-7245.988383120281+1954.3912163322875i) (-7245.968088842797+1953.916798144146i) (-7245.9478001027455+1953.442398222971i) (-7245.927517050581+1952.9680159040108i) (-7245.907239810108+1952.4936519500025i) (-7245.88696770709+1952.0193061900027i) (-7245.866701884683+1951.5449783483455i) (-7245.8464414252285+1951.070668413362i) (-7245.826187123452+1950.5963766311797i) (-7245.80593819023+1950.1221028229465i) (-7245.785695245786+1949.6478467376528i) (-7245.765457478246+1949.173608795858i) (-7245.745225828415+1948.699388861487i) (-7245.724999697735+1948.2251867124505i) (-7245.704779189988+1947.7510029058376i) (-7245.684564345546+1947.276836953557i) (-7245.664355404148+1946.8026890345573i) (-7245.6441519242535+1946.3285587973478i) (-7245.623954406965+1945.8544467755928i) (-7245.6037623884695+1945.3803523032511i) (-7245.583576285015+1944.9062762151261i) (-7245.563395341444+1944.432217777361i) (-7245.543220284931+1943.9581773185892i) (-7245.523050976155+1943.4841551315967i) (-7245.5028873838655+1943.0101505081166i) (-7245.482729680385+1942.5361641125528i) (-7245.462577446727+1942.062194926566i) (-7245.4424308836815+1941.588244483035i) (-7245.422289618517+1941.114311357569i) (-7245.402154492479+1940.640396550696i) (-7245.382024801828+1940.1664994136881i) (-7245.3619012465215+1939.6926203589592i) (-7245.341782795484+1939.218759202795i) (-7245.321670593484+1938.7449156287112i) (-7245.301563611214+1938.2710899025042i) (-7245.281462358757+1937.7972821852072i) (-7245.26136691233+1937.3234925517154i) (-7245.241276929519+1936.849720459375i) (-7245.221192752251+1936.3759662840457i) (-7245.2011144361295+1935.902230270658i) (-7245.181041631792+1935.4285115291605i) (-7245.160974326759+1934.9548110429423i) (-7245.140912641404+1934.4811281754319i) (-7245.12085693247+1934.0074633072873i) (-7245.100806630069+1933.5338163174147i) (-7245.080762254326+1933.0601871215804i) (-7245.060723391209+1932.5865756763396i) (-7245.040690209509+1932.1129817062792i) (-7245.020662764077+1931.63940595012i) (-7245.0006406837965+1931.1658478825739i) (-7244.980624446883+1930.692307583864i) (-7244.960613883675+1930.2187852255756i) (-7244.940608980265+1929.7452804711538i) (-7244.920609824038+1929.2717937373363i) (-7244.900616219563+1928.7983243777926i) (-7244.88062821751+1928.32487294388i) (-7244.8606456918615+1927.8514394167541i) (-7244.840669410479+1927.3780236658022i) (-7244.820698212891+1926.904625865409i) (-7244.800733234812+1926.4312453226776i) (-7244.780773516585+1925.957882807259i) (-7244.76081965831+1925.4845374876986i) (-7244.740871080939+1925.0112104929722i) (-7244.720928178237+1924.537900993826i) (-7244.700990809036+1924.0646096331202i) (-7244.681060216903+1923.5913359096267i) (-7244.661133592093+1923.1180785847446i) (-7244.6412131970565+1922.6448421639052i) (-7244.621300294592+1922.1716206921374i) (-7244.601391274659+1921.6984171373988i) (-7244.581488290673+1921.225231091059i) (-7244.56159037869+1920.7520632918095i) (-7244.541698081061+1920.278913277376i) (-7244.521811824732+1919.8057809649617i) (-7244.5019312562035+1919.332666416154i) (-7244.482056288121+1918.8595698457211i) (-7244.462187830359+1918.386490269193i) (-7244.442323805521+1917.9134280439866i) (-7244.42246593341+1917.4403836374513i) (-7244.40261300461+1916.9673571041312i) (-7244.382766198041+1916.4943483853785i) (-7244.362924825535+1916.0213575109447i) (-7244.34308934001+1915.548383873309i) (-7244.323259746637+1915.075428268492i) (-7244.303435557758+1914.6024899564181i) (-7244.283617014532+1914.1295691666255i) (-7244.263803828593+1913.6566661392371i) (-7244.243996704835+1913.183780489624i) (-7244.224195028397+1912.7109128979318i) (-7244.204398827467+1912.2380625449005i) (-7244.184608559924+1911.7652298793637i) (-7244.164823586065+1911.2924147072772i) (-7244.1450447558+1910.819617102792i) (-7244.125270784404+1910.346837348121i) (-7244.1055028138+1909.8740748885903i) (-7244.085740386507+1909.4013303099728i) (-7244.065983855148+1908.928603022894i) (-7244.046233120976+1908.4558935799741i) (-7244.026487456957+1907.9832014556869i) (-7244.006747838246+1907.5105266729206i) (-7243.9870135432975+1907.037869716205i) (-7243.967285067773+1906.5652299499197i) (-7243.9475621109395+1906.0926084302355i) (-7243.927844512317+1905.620003624921i) (-7243.9081331597545+1905.1474166937587i) (-7243.888426758153+1904.674847320639i) (-7243.868726152751+1904.2022951419312i) (-7243.849030858284+1903.7297624192888i) (-7243.829343140033+1903.257243971737i) (-7243.809658168782+1902.7847447891072i) (-7243.789980584106+1902.3122631201477i) (-7243.770308119001+1901.8397992924565i) (-7243.750641118392+1901.3673521421697i) (-7243.730980348889+1900.8949225976412i) (-7243.711324838815+1900.4225108450428i) (-7243.691674981723+1899.9501162402357i) (-7243.67203063772+1899.477739537484i) (-7243.652391499028+1899.0053793367915i) (-7243.632759257071+1898.5330372962053i) (-7243.613131163371+1898.0607129722248i) (-7243.593509582501+1897.5884054061426i) (-7243.573892573155+1897.116116099487i) (-7243.5542822130055+1896.643842425572i) (-7243.534677980038+1896.1715891858075i) (-7243.515077201715+1895.6993510376851i) (-7243.495484763468+1895.227131448517i) (-7243.475894603135+1894.7549278483657i) (-7243.456315908+1894.2827413502928i) (-7243.436736613939+1893.810578235938i) (-7243.417165386005+1893.338418334315i) (-7243.397593995388+1892.8662875865975i) (-7243.37803842109+1892.3941795794635i) (-7243.358479857692+1891.9220774901241i) (-7243.338935480057+1891.4499963695125i) (-7243.3193900627575+1890.9779338582284i) (-7243.299852788385+1890.5058867889165i) (-7243.280320234865+1890.0338593742636i) (-7243.260793320068+1889.5618459825855i) (-7243.2412735170055+1889.089852797304i) (-7243.221757030513+1888.6178760255825i) (-7243.202247545888+1888.1459164788612i) (-7243.182742677618+1887.6739744337683i) (-7243.1632444751895+1887.2020489823135i) (-7243.143751254081+1886.730142476119i) (-7243.1242633839765+1886.258251907877i) (-7243.10478169717+1885.786379416635i) (-7243.085304999612+1885.3145236175333i) (-7243.065834827792+1884.84268551903i) (-7243.046369180176+1884.3708650640656i) (-7243.026909428883+1883.8990610079964i) (-7243.007455738643+1883.4272753939022i) (-7242.988007460455+1882.955505593769i) (-7242.968564890643+1882.4837542218884i) (-7242.94912706978+1882.0120194557894i) (-7242.929695621343+1881.5403019727346i) (-7242.910269055339+1881.0686021006331i) (-7242.890848522108+1880.596919331434i) (-7242.871433169355+1880.125254410712i) (-7242.852023487602+1879.6536061451625i) (-7242.832619849715+1879.1819755194902i) (-7242.813221336003+1878.7103620837152i) (-7242.793828920063+1878.2387660210752i) (-7242.774441656764+1877.7671871602033i) (-7242.755060406207+1877.2956251374817i) (-7242.735684735766+1876.824080789691i) (-7242.716314432051+1876.3525531846408i) (-7242.696949952199+1875.881042888248i) (-7242.677590589654+1875.4095497586968i) (-7242.6582372545245+1874.9380735789346i) (-7242.638889184267+1874.4666149748555i) (-7242.619546544929+1873.995173475294i) (-7242.600209643556+1873.5237492022934i) (-7242.58087813968+1873.0523420029458i) (-7242.5615527902955+1872.5809519214636i) (-7242.542232254828+1872.1095794802895i) (-7242.52291783798+1871.6382231914013i) (-7242.503607564434+1871.166885273935i) (-7242.484304647037+1870.695564408732i) (-7242.4650069715335+1870.2242602562474i) (-7242.445714392925+1869.7529734107338i) (-7242.42642774173+1869.2817035432581i) (-7242.40714628818+1868.8104507844419i) (-7242.38787079596+1868.3392150736581i) (-7242.368600402197+1867.867996869576i) (-7242.349335721727+1867.396795389648i) (-7242.330076758408+1866.9256114340023i) (-7242.310823395715+1866.4544443619088i) (-7242.291575506415+1865.9832947306295i) (-7242.272332970031+1865.5121615052813i) (-7242.253096392898+1865.0410458576443i) (-7242.233864954706+1864.56994725993i) (-7242.2146392988625+1864.0988656820336i) (-7242.195418875083+1863.6278014425552i) (-7242.176204442898+1863.1567542057765i) (-7242.156995398547+1862.685723970637i) (-7242.137792045608+1862.2147107835935i) (-7242.11859410177+1861.743714592336i) (-7242.099401799895+1861.2727353900882i) (-7242.080214976289+1860.801773288833i) (-7242.061033722553+1860.3308280427773i) (-7242.041857825296+1859.8599001310504i) (-7242.0226876994075+1859.388989060937i) (-7242.0035229308005+1858.9180952980714i) (-7241.9843638852+1858.4472182147965i) (-7241.96521040555+1857.9763586921981i) (-7241.946062374173+1857.505515576824i) (-7241.926919906971+1857.034689957025i) (-7241.907782848066+1856.5638812925972i) (-7241.888651664601+1856.0930895105375i) (-7241.86952568777+1855.6223150353562i) (-7241.850405472992+1855.1515570005868i) (-7241.831290659535+1854.680816694985i) (-7241.812181112744+1854.2100925858467i) (-7241.793077625467+1853.7393860436096i) (-7241.773978599152+1853.2686958530721i) (-7241.754886861259+1852.7980223932427i) (-7241.73580051153+1852.3273670809594i) (-7241.716718292884+1851.8567284121127i) (-7241.697642253056+1851.3861065436977i) (-7241.678571448977+1850.9155014886583i) (-7241.659506663424+1850.444913376843i) (-7241.640447286074+1849.9743419851293i) (-7241.621393485063+1849.5037878966923i) (-7241.602344950211+1849.0332505439255i) (-7241.583302240351+1848.5627300933465i) (-7241.564264897002+1848.0922266217967i) (-7241.545233315625+1847.6217401857175i) (-7241.526207092279+1847.1512706774574i) (-7241.507186319673+1846.68081796763i) (-7241.48817119178+1846.210382201385i) (-7241.469161610366+1845.7399634321537i) (-7241.450157506072+1845.2695615651792i) (-7241.431158893136+1844.7991765796414i) (-7241.4121658654185+1844.3288083016687i) (-7241.393178407866+1843.8584568750593i) (-7241.3741963342445+1843.388122456301i) (-7241.3552197050085+1842.9178047530459i) (-7241.336248584684+1842.4475042731174i) (-7241.317283223051+1841.9772201470641i) (-7241.298323355878+1841.5069531588997i) (-7241.279368796338+1841.0367031525766i) (-7241.260419824527+1840.5664695363903i) (-7241.241476658191+1840.0962533949642i) (-7241.222538836576+1839.6260534972844i) (-7241.203606063556+1839.1558705828847i) (-7241.184679512269+1838.6857049321843i) (-7241.165758382962+1838.2155557725346i) (-7241.146842552179+1837.7454231093961i) (-7241.127932370274+1837.2753077760026i) (-7241.1090275589495+1836.8052086638836i) (-7241.090128132987+1836.335126550035i) (-7241.071233837694+1835.865061571465i) (-7241.052345756617+1835.395013332396i) (-7241.033462679692+1834.924982477689i) (-7241.01458683812+1834.4549671395998i) (-7240.9957136862695+1833.9849687251517i) (-7240.976848173799+1833.514988290457i) (-7240.957987544465+1833.0450234093514i) (-7240.939132609951+1832.5750756875896i) (-7240.920282712657+1832.1051444074164i) (-7240.901438247302+1831.635230110438i) (-7240.882599555923+1831.1653328585053i) (-7240.863766439044+1830.6954521861917i) (-7240.844938827041+1830.2255883917642i) (-7240.826116687648+1829.7557411113867i) (-7240.807300214906+1829.285910501847i) (-7240.788489081967+1828.8160967587191i) (-7240.7696834432545+1828.346299387069i) (-7240.750883371069+1827.8765191154707i) (-7240.732088445571+1827.4067544427853i) (-7240.71329839488+1826.937008786972i) (-7240.694516067174+1826.4672783065726i) (-7240.675737422944+1825.997564205787i) (-7240.656964807936+1825.5278672028708i) (-7240.63819744985+1825.058186956474i) (-7240.619435664676+1824.5885233852678i) (-7240.600679356267+1824.1188765644729i) (-7240.58192858034+1823.6492464535095i) (-7240.563183387999+1823.1796328893124i) (-7240.5444435801655+1822.7100361150679i) (-7240.525709387171+1822.2404558576945i) (-7240.5069807186055+1821.7708923410573i) (-7240.488257424222+1821.301345319136i) (-7240.469539765369+1820.8318150643063i) (-7240.450827378802+1820.3623013491942i) (-7240.432120683591+1819.892804188572i) (-7240.413419147408+1819.4233240502726i) (-7240.394723637692+1818.9538600337291i) (-7240.376033208179+1818.4844127679244i) (-7240.3573482574575+1818.0149822072908i) (-7240.338668867505+1817.545568080528i) (-7240.319994999235+1817.076170892431i) (-7240.301326631683+1816.6067899934624i) (-7240.282663632093+1816.1374258306823i) (-7240.26400623946+1815.6680781204705i) (-7240.245354139308+1815.1987472212786i) (-7240.22670770028+1814.7294328388634i) (-7240.208066771014+1814.2601348964636i) (-7240.189431136695+1813.7908535728602i) (-7240.17080114569+1813.3215889149724i) (-7240.152176687884+1812.8523405636133i) (-7240.133557603478+1812.3831089032192i) (-7240.114943973652+1811.9138936775416i) (-7240.096335834766+1811.4446950473757i) (-7240.077732986158+1810.975512914869i) (-7240.05913577517+1810.506347287148i) (-7240.040543751625+1810.037198452943i) (-7240.021957530921+1809.5680659150294i) (-7240.003375363836+1809.0989503409673i) (-7239.984801442259+1808.6298510264842i) (-7239.966230580295+1808.1607694322283i) (-7239.947670053748+1807.6917017700944i) (-7239.929107011914+1807.2226494814713i) (-7239.910554033184+1806.7536191955242i) (-7239.892006471511+1806.2846016447893i) (-7239.8734644450815+1805.8156017682304i) (-7239.854927528423+1805.3466173297602i) (-7239.836396411041+1804.8776498490206i) (-7239.8178701789275+1804.4086984396417i) (-7239.799349753296+1803.9397636215526i) (-7239.780834306436+1803.4708454265856i) (-7239.76232457028+1803.001943463085i) (-7239.743819850399+1802.533058473171i) (-7239.725320959289+1802.064189444778i) (-7239.706827089277+1801.5953378495215i) (-7239.688340240498+1801.1265018763406i) (-7239.669857534079+1800.6576820167393i) (-7239.651380484812+1800.1888790820813i) (-7239.632909212013+1799.7200923583787i) (-7239.614442885477+1799.2513225664025i) (-7239.59598266664+1798.782568231447i) (-7239.577527352465+1798.3138308909802i) (-7239.559077782005+1797.8451096088174i) (-7239.540633226981+1797.3764051885519i) (-7239.522194409835+1796.9077168412095i) (-7239.50376101569+1796.4390451056588i) (-7239.48533299646+1795.9703895438943i) (-7239.46691057764+1795.5017505678552i) (-7239.448493466789+1795.0331278900267i) (-7239.4300820182425+1794.5645217418532i) (-7239.411676030743+1794.0959316070512i) (-7239.393275112929+1793.627358049871i) (-7239.374880324412+1793.1588007722385i) (-7239.3564910768055+1792.6902597691787i) (-7239.338106365012+1792.22173509011i) (-7239.319727646796+1791.7532267750594i) (-7239.301353881308+1791.2847348591822i) (-7239.2829860694455+1790.8162593040906i) (-7239.264623389907+1790.3477999802762i) (-7239.246266497484+1789.879357150492i) (-7239.227914590766+1789.4109302864272i) (-7239.209568494634+1788.9425201046633i) (-7239.191227776952+1788.4741260138435i) (-7239.172892438821+1788.0057484289155i) (-7239.154562612803+1787.5373867281505i) (-7239.136238129495+1787.0690416182606i) (-7239.11791903859+1786.600712777221i) (-7239.099605437886+1786.1324001231587i) (-7239.081297261717+1785.664103722418i) (-7239.062994449365+1785.1958238478164i) (-7239.044697266259+1784.7275600905868i) (-7239.0264052561015+1784.2593125967906i) (-7239.00811894758+1783.7910813767612i) (-7238.989838019018+1783.3228664872222i) (-7238.971562612094+1782.854667780699i) (-7238.953292647556+1782.3864852065326i) (-7238.935028008022+1781.9183187604704i) (-7238.916768780441+1781.450168769763i) (-7238.8985150155695+1780.98203486467i) (-7238.880266437956+1780.513917008795i) (-7238.862023646215+1780.0458156324858i) (-7238.843786083784+1779.5777306619148i) (-7238.825553810011+1779.1096611207722i) (-7238.80732687504+1778.6416086056215i) (-7238.789106245534+1778.1735725100334i) (-7238.770889923213+1777.7055516641485i) (-7238.75267991069+1777.2375474031069i) (-7238.734474746141+1776.7695595517398i) (-7238.71627534145+1776.301587511598i) (-7238.698080693658+1775.8336317291323i) (-7238.679892435666+1775.365692583473i) (-7238.661709081678+1774.897769072748i) (-7238.643531268982+1774.4298618794946i) (-7238.62535880327+1773.9619706209996i) (-7238.607191660284+1773.4940958875031i) (-7238.589030020086+1773.0262370728615i) (-7238.570873867445+1772.5583944736354i) (-7238.5527230588295+1772.0905680124906i) (-7238.534577693697+1771.6227576446145i) (-7238.51643771861+1771.1549634687817i) (-7238.498303193104+1770.687185330884i) (-7238.480174114815+1770.2194234294238i) (-7238.462050455451+1769.7516774768737i) (-7238.4439320812035+1769.2839476160552i) (-7238.425819165526+1768.8162340232666i) (-7238.407711754487+1768.3485363937143i) (-7238.389609646997+1767.8808549489258i) (-7238.371512915362+1767.4131896034378i) (-7238.353421885671+1766.9455402602598i) (-7238.335336026426+1766.4779070677978i) (-7238.317255827316+1766.0102897341203i) (-7238.299180488188+1765.5426885584238i) (-7238.281110966199+1765.0751034301302i) (-7238.263046731093+1764.607534491519i) (-7238.24498788537+1764.139981321925i) (-7238.226934615924+1763.6724445931613i) (-7238.208886243844+1763.2049236108924i) (-7238.190843878493+1762.7374187504902i) (-7238.172806466596+1762.2699301285684i) (-7238.154774661794+1761.8024572779104i) (-7238.136748252747+1761.335000690071i) (-7238.118727268427+1760.8675599402777i) (-7238.100711729587+1760.400135302174i) (-7238.082701457293+1759.9327266320106i) (-7238.064696669068+1759.4653338619191i) (-7238.046697286124+1758.9979572335542i) (-7238.028703352792+1758.5305965022417i) (-7238.0107146892415+1758.0632518764396i) (-7237.992731513534+1757.595923051007i) (-7237.974753746991+1757.12861028543i) (-7237.95678124269+1756.6613134723975i) (-7237.938814122894+1756.1940325590422i) (-7237.920852221108+1755.7267678426433i) (-7237.902896058562+1755.2595191220917i) (-7237.884945257805+1754.7922864484572i) (-7237.8670000242255+1754.325069519109i) (-7237.8490601122385+1753.8578685199063i) (-7237.831125513511+1753.3906830670821i) (-7237.813196280185+1752.9235138744261i) (-7237.795271977848+1752.4563602435483i) (-7237.777353008872+1751.98922315661i) (-7237.759439831064+1751.5221020191038i) (-7237.741531966719+1751.0549972229473i) (-7237.72363027277+1750.5879077912905i) (-7237.705733332086+1750.1208336026066i) (-7237.687842017902+1749.6537761265718i) (-7237.669955518958+1749.1867339521104i) (-7237.652074639383+1748.7197077997316i) (-7237.634198937409+1748.252697846372i) (-7237.616328635884+1747.7857038437123i) (-7237.598463927911+1747.318725829089i) (-7237.580604789356+1746.851763601575i) (-7237.562751053581+1746.384817086786i) (-7237.544902606681+1745.9178864657752i) (-7237.527059504344+1745.4509714750802i) (-7237.50922170241+1744.9840722348908i) (-7237.491388906708+1744.5171892820817i) (-7237.473562167756+1744.0503220922183i) (-7237.4557402235705+1743.583470796184i) (-7237.437924247174+1743.1166350259646i) (-7237.420113118223+1742.649815170238i) (-7237.402307478874+1742.183011578527i) (-7237.3845071753485+1741.7162233809086i) (-7237.366712549125+1741.2494512827034i) (-7237.34892309751+1740.7826949341288i) (-7237.331139169121+1740.3159543315778i) (-7237.313360574045+1739.8492293379004i) (-7237.295587340299+1739.382520259127i) (-7237.277819499698+1738.9158268181127i) (-7237.26005676484+1738.4491496646842i) (-7237.242299574127+1737.9824875137529i) (-7237.224547941122+1737.5158415448277i) (-7237.206800972836+1737.0492116911755i) (-7237.189059952001+1736.582597015975i) (-7237.17132410144+1736.1159985715367i) (-7237.153593752486+1735.6494156648441i) (-7237.135868488521+1735.182848716895i) (-7237.11814884331+1734.7162972882616i) (-7237.1004345480915+1734.2497618395937i) (-7237.082725654689+1733.783241964029i) (-7237.065021931174+1733.3167380895484i) (-7237.047323950495+1732.8502496198253i) (-7237.029630981138+1732.3837770868286i) (-7237.011943831327+1731.9173199241686i) (-7236.994261196718+1731.4508786498882i) (-7236.976584580996+1730.9844533607338i) (-7236.958913143272+1730.518043479653i) (-7236.941247205815+1730.0516494099538i) (-7236.923586382893+1729.585270992391i) (-7236.905931077432+1729.1189082096207i) (-7236.888280983587+1728.6525613004123i) (-7236.870636249271+1728.1862298386732i) (-7236.852997161204+1727.7199143813086i) (-7236.8353629237845+1727.2536142152694i) (-7236.817734096874+1726.7873299445218i) (-7236.800111158244+1726.3210616717806i) (-7236.7824935102435+1725.8548078855565i) (-7236.764880960152+1725.3885713125928i) (-7236.747273052093+1724.92234764139i) (-7236.729669502852+1724.4561447295418i) (-7236.712075819691+1723.9899535292734i) (-7236.694483728299+1723.5237789258554i) (-7236.676898739434+1723.05761889126i) (-7236.659317619918+1722.5914756821712i) (-7236.641742571227+1722.1253476872007i) (-7236.6241724576275+1721.6592357133195i) (-7236.606608105786+1721.1931387736731i) (-7236.589049120114+1720.7270579824963i) (-7236.571495325408+1720.2609924604658i) (-7236.5539469045625+1719.7949426785872i) (-7236.536403659044+1719.3289083842974i) (-7236.5188660742515+1718.86288971447i) (-7236.501333664757+1718.3968867162966i) (-7236.483806691649+1717.9308992066763i) (-7236.46628492902+1717.464927337458i) (-7236.448768523562+1716.9989708562043i) (-7236.431257476712+1716.5330301668855i) (-7236.41375158139+1716.067104826614i) (-7236.396251255153+1715.6011953096422i) (-7236.378756080734+1715.1353012172058i) (-7236.36126652715+1714.669422760684i) (-7236.343782116919+1714.2035597678969i) (-7236.326303100885+1713.7377121629506i) (-7236.308829391781+1713.2718803021962i) (-7236.291361137854+1712.8060638762727i) (-7236.273897874485+1712.3402628967651i) (-7236.256440256243+1711.8744775048144i) (-7236.238987669262+1711.4087076238866i) (-7236.221540749684+1710.942953536467i) (-7236.204099097329+1710.477214480099i) (-7236.186662645655+1710.0114911804412i) (-7236.1692315216715+1709.5457833173605i) (-7236.151805930741+1709.0800910392827i) (-7236.134385297015+1708.6144141231052i) (-7236.116970338364+1708.1487527554564i) (-7236.099560748836+1707.6831069572854i) (-7236.082156198204+1707.2174762677041i) (-7236.064757065552+1706.751861363984i) (-7236.04736344887+1706.286261874673i) (-7236.029974939755+1705.8206773951715i) (-7236.012591542421+1705.3551090353776i) (-7235.9952137998025+1704.8895558271834i) (-7235.977841280107+1704.4240181489022i) (-7235.960474135096+1703.9584958214891i) (-7235.9431123677605+1703.4929890420426i) (-7235.925755731532+1703.0274976588298i) (-7235.908404722295+1702.5620215415802i) (-7235.8910588604585+1702.0965609235627i) (-7235.873718497886+1701.631115548742i) (-7235.856383128656+1701.165685713895i) (-7235.839053189348+1700.700270991878i) (-7235.821728480393+1700.2348719585862i) (-7235.804408885604+1699.7694880101317i) (-7235.7870945344175+1699.3041200191292i) (-7235.769785773228+1698.8387670231587i) (-7235.7524821339675+1698.373429651063i) (-7235.735183746643+1697.908107834386i) (-7235.7178909196755+1697.4428014071636i) (-7235.700603404575+1696.977510258559i) (-7235.683321445643+1696.5122345075997i) (-7235.666044705989+1696.0469739895652i) (-7235.648773339909+1695.5817288232065i) (-7235.631507094402+1695.1164987294087i) (-7235.614246458524+1694.651284307496i) (-7235.596990792042+1694.1860848443848i) (-7235.579740642718+1693.7209010272509i) (-7235.562495477207+1693.2557319220268i) (-7235.545255533667+1692.790578954944i) (-7235.528021209428+1692.3254409580131i) (-7235.510791988034+1691.8603184533677i) (-7235.493568085506+1691.3952109726488i) (-7235.476349715275+1690.9301193091596i) (-7235.459136616136+1690.46504225428i) (-7235.441928507555+1689.9999810822792i) (-7235.424725928771+1689.5349348537984i) (-7235.4075288172835+1689.0699041406551i) (-7235.390336602461+1688.6048884400625i) (-7235.373149928534+1688.1398883690927i) (-7235.3559682921405+1687.6749030322462i) (-7235.338792531898+1687.2099334213435i) (-7235.321621567291+1686.744978845747i) (-7235.304455796754+1686.280039635023i) (-7235.287295569666+1685.815115963882i) (-7235.270140685079+1685.3502070860686i) (-7235.252990867095+1684.8853135829104i) (-7235.235846676035+1684.4204354520443i) (-7235.2187075800275+1683.9555724743077i) (-7235.201573881445+1683.490724690586i) (-7235.1844453713+1683.025892070049i) (-7235.167322121526+1682.5610747373103i) (-7235.150204104715+1682.0962725369427i) (-7235.1330915257495+1681.6314856210593i) (-7235.115984112606+1681.1667139643505i) (-7235.098882105954+1680.701957532372i) (-7235.081785180028+1680.2372163121654i) (-7235.064693812196+1679.7724902120954i) (-7235.047607549691+1679.3077793077027i) (-7235.030526725848+1678.8430836162406i) (-7235.013450935828+1678.3784031184514i) (-7234.996380725077+1677.9137375680457i) (-7234.979315565396+1677.4490873695104i) (-7234.96225597946+1676.9844523873435i) (-7234.945201222089+1676.5198325377132i) (-7234.928152056218+1676.0552275389782i) (-7234.911107896165+1675.5906384053105i) (-7234.894069730384+1675.1260637277173i) (-7234.877035628919+1674.6615047579671i) (-7234.860008246101+1674.1969594885013i) (-7234.842984846299+1673.732431636432i) (-7234.8259670360585+1673.2679178673243i) (-7234.808955717418+1672.8034184798998i) (-7234.7919484484855+1672.3389354216633i) (-7234.774946555592+1671.8744665476115i) (-7234.75795029024+1671.4100129970393i) (-7234.74095906633+1670.9455744142888i) (-7234.723973226877+1670.481151556507i) (-7234.706992193248+1670.0167432354192i) (-7234.690017083565+1669.552350205313i) (-7234.673046660798+1669.0879723319322i) (-7234.65608256166+1668.623609493803i) (-7234.639122582219+1668.1592619411986i) (-7234.622168757286+1667.6949286430718i) (-7234.605219257695+1667.2306105788412i) (-7234.5882757358295+1666.7663087156943i) (-7234.57133691899+1666.302020731313i) (-7234.554404183528+1665.8377483224067i) (-7234.537476009837+1665.3734907650469i) (-7234.52055342894+1664.9092483415225i) (-7234.5036358195475+1664.4450211389885i) (-7234.486723740554+1663.9808087583897i) (-7234.469816791441+1663.516611622159i) (-7234.452915251973+1663.0524291978872i) (-7234.436019040305+1662.5882619358526i) (-7234.4191280191035+1662.1241094583766i) (-7234.402242107765+1661.6599723376457i) (-7234.385361629008+1661.1958496879506i) (-7234.368486353418+1660.7317428096885i) (-7234.351616180338+1660.2676500759208i) (-7234.334751520079+1659.8035730906086i) (-7234.31789184119+1659.3395106097141i) (-7234.301037495554+1658.8754637590318i) (-7234.284188302148+1658.4114310363548i) (-7234.2673447946245+1657.9474141789215i) (-7234.250506324108+1657.4834112802218i) (-7234.2336734978135+1657.019424429367i) (-7234.216845461173+1656.555450779484i) (-7234.200023353908+1656.0914940395996i) (-7234.1832049340965+1655.6275480895401i) (-7234.1663888094145+1655.1636245307654i) (-7234.149586559784+1654.6997129305419i) (-7234.132783716063+1654.2358132322915i) (-7234.115988035065+1653.7719309405838i) (-7234.099195991383+1653.3080623280457i) (-7234.082410446913+1652.8442096229228i) (-7234.065629330421+1652.380371248857i) (-7234.048854179308+1651.9165484079494i) (-7234.03208356837+1651.452739916287i) (-7234.01531874404+1650.9889465443048i) (-7233.998558833773+1650.5251680924848i) (-7233.981804554278+1650.061404561502i) (-7233.965055065597+1649.597655867281i) (-7233.948311281161+1649.1339218916855i) (-7233.931572351869+1648.6702030159977i) (-7233.914839170313+1648.2065001141764i) (-7233.898110642011+1647.7428098249802i) (-7233.881387687883+1647.2791354933815i) (-7233.864669818118+1646.815476103171i) (-7233.847957365911+1646.351831468739i) (-7233.8312499673275+1645.8882017487576i) (-7233.8145479078785+1645.4245868701073i) (-7233.797850961712+1644.9609867422932i) (-7233.7811595259645+1644.4974016752785i) (-7233.764473020744+1644.033831259716i) (-7233.747792020564+1643.5702757998024i) (-7233.731115950417+1643.1067350166468i) (-7233.714445669654+1642.6432090099042i) (-7233.69777966264+1642.1796977084505i) (-7233.681119712075+1641.7162017126648i) (-7233.664464864224+1641.2527199835968i) (-7233.647815124517+1640.789253293473i) (-7233.631170482045+1640.3258014102612i) (-7233.614531357667+1639.86236433251i) (-7233.597897183415+1639.3989419112386i) (-7233.581268531553+1638.9355344969463i) (-7233.564644721392+1638.4721416486464i) (-7233.54802659948+1638.0087637433444i) (-7233.531413585181+1637.5454004821659i) (-7233.514805542708+1637.0820519811969i) (-7233.4982029334315+1636.6187181688692i) (-7233.481605599043+1636.1553993636262i) (-7233.465013314779+1635.6920951569791i) (-7233.44842645645+1635.2288056951584i) (-7233.431844850432+1634.7655310451664i) (-7233.415268249223+1634.302270634067i) (-7233.398697038958+1633.839025487894i) (-7233.382130628576+1633.375794765736i) (-7233.365569774083+1632.9125792863215i) (-7233.3490142521705+1632.4493781394594i) (-7233.332463741406+1631.986191906819i) (-7233.315918715853+1631.523020093944i) (-7233.299378686684+1631.0598633149748i) (-7233.282844014019+1630.5967209020964i) (-7233.266314629691+1630.1335933482478i) (-7233.249790398678+1629.6704803650937i) (-7233.233271328828+1629.2073822764614i) (-7233.216757477251+1628.7442984906193i) (-7233.200248927546+1628.2812296622724i) (-7233.183745454018+1627.8181753203153i) (-7233.167247242174+1627.3551358587865i) (-7233.150754132883+1626.8921109121547i) (-7233.134266398023+1626.4291006823023i) (-7233.117783915932+1625.9661050772647i) (-7233.101306679645+1625.5031241393353i) (-7233.084834277616+1625.0401579498903i) (-7233.068367503825+1624.577206080603i) (-7233.051906012322+1624.1142688235705i) (-7233.035449145701+1623.6513465972457i) (-7233.0189979077095+1623.1884386582642i) (-7233.002551716545+1622.7255456587754i) (-7232.986110819866+1622.2626671268663i) (-7232.969674991171+1621.7998030981835i) (-7232.953244496195+1621.336953918244i) (-7232.936819452583+1620.8741194145732i) (-7232.92039952282+1620.4112991594156i) (-7232.9039849393375+1619.948493752987i) (-7232.887575430408+1619.4857025778729i) (-7232.871171167978+1619.0229262858793i) (-7232.854771999914+1618.5601640811728i) (-7232.838378099017+1618.0974165707703i) (-7232.821989326705+1617.6346834988362i) (-7232.805605330686+1617.1719651421554i) (-7232.78922663709+1616.70926145257i) (-7232.772853063061+1616.2465722485958i) (-7232.756484852096+1615.7838979249864i) (-7232.740121724561+1615.321238025408i) (-7232.723763550675+1614.8585930382178i) (-7232.707411060186+1614.395962484903i) (-7232.6910639101525+1613.9333464274314i) (-7232.67472196608+1613.4707448505287i) (-7232.658385384942+1613.0081578850495i) (-7232.642053993498+1612.5455850060753i) (-7232.625727726156+1612.0830267795136i) (-7232.6094064988765+1611.6204829421658i) (-7232.593090540445+1611.157953702579i) (-7232.576779493252+1610.6954389192306i) (-7232.560473887793+1610.2329385806806i) (-7232.5441732160125+1609.770452859224i) (-7232.5278780074195+1609.3079816469726i) (-7232.511587777088+1608.8455248998234i) (-7232.495302900059+1608.383082511713i) (-7232.4790232489095+1607.9206547491085i) (-7232.462748694839+1607.4582414958622i) (-7232.446479428028+1606.9958427496495i) (-7232.430215250183+1606.533458218808i) (-7232.413956445878+1606.0710882183812i) (-7232.397702577415+1605.608732432007i) (-7232.381453849772+1605.14639151546i) (-7232.365210860663+1604.684064912175i) (-7232.348972502242+1604.221752143918i) (-7232.332739277518+1603.7594546723412i) (-7232.316511576452+1603.297171280461i) (-7232.300288813048+1602.834902481818i) (-7232.284071392757+1602.3726478134613i) (-7232.267859055148+1601.9104076847707i) (-7232.251651922505+1601.448181943044i) (-7232.235450037582+1600.9859706264506i) (-7232.219253264679+1600.5237736762065i) (-7232.203061924322+1600.0615910131455i) (-7232.186875338916+1599.5994228939653i) (-7232.1706941777775+1599.1372690145727i) (-7232.154517891516+1598.675129794743i) (-7232.138347094369+1598.2130047879873i) (-7232.12218136745+1597.750894217299i) (-7232.106021017729+1597.288797873618i) (-7232.089865719794+1596.8267160030919i) (-7232.073715532706+1596.3646482702206i) (-7232.057570850327+1595.9025951027652i) (-7232.041430859987+1595.4405560520154i) (-7232.025296358743+1594.9785315277804i) (-7232.009166603967+1594.5165212947504i) (-7231.993042563585+1594.0545253262626i) (-7231.976922899087+1593.5925440596802i) (-7231.960809165925+1593.1305759837978i) (-7231.944699965491+1592.6686246073841i) (-7231.9285972714715+1592.2066859700608i) (-7231.912498754368+1591.7447601323147i) (-7231.896405696794+1591.2828512444594i) (-7231.880317106365+1590.8209553688212i) (-7231.864234319087+1590.3590738381026i) (-7231.848156490677+1589.8972064922073i) (-7231.8320841888935+1589.4353537234583i) (-7231.816016380559+1588.9735153725633i) (-7231.799954038454+1588.511690834588i) (-7231.783896940368+1588.0498808531393i) (-7231.767845142815+1587.588085124642i) (-7231.751798363797+1587.12630404011i) (-7231.735756469029+1586.6645368784702i) (-7231.719720030512+1586.2027838542217i) (-7231.703688840147+1585.7410451187425i) (-7231.687663035439+1585.279320656462i) (-7231.671641622808+1584.8176106555602i) (-7231.655625858861+1584.3559142502527i) (-7231.639615324736+1583.8942325597836i) (-7231.6236100808665+1583.4325650982646i) (-7231.607609576385+1582.970912115814i) (-7231.59161420803+1582.5092729596818i) (-7231.575624066418+1582.0476480170946i) (-7231.559639474423+1581.5860370827777i) (-7231.5436596287245+1581.1244409957308i) (-7231.527684963129+1580.6628588300882i) (-7231.511715508859+1580.201290358198i) (-7231.495751706617+1579.7397363334258i) (-7231.479792843573+1579.27819678159i) (-7231.463838373758+1578.8166719386536i) (-7231.4478892772095+1578.3551604855056i) (-7231.431945617378+1577.8936628057527i) (-7231.416007653725+1577.4321798653727i) (-7231.40007413155+1576.9707115264646i) (-7231.384145296947+1576.5092567485135i) (-7231.368222309306+1576.0478153789682i) (-7231.352305574528+1575.586388853877i) (-7231.336393465157+1575.1249780872204i) (-7231.320484345541+1574.6635813868015i) (-7231.304579623405+1574.2021964934538i) (-7231.288682142031+1573.7408240730456i) (-7231.272796651989+1573.2794771969566i) (-7231.256908104395+1572.8181236526598i) (-7231.241026995215+1572.3568000212235i) (-7231.225148219228+1571.8954887338332i) (-7231.2092745883865+1571.434188632271i) (-7231.193408501911+1570.9729019245806i) (-7231.177548369615+1570.5116308614506i) (-7231.161692647409+1570.0503747441235i) (-7231.145841006343+1569.5891323322721i) (-7231.12999488988+1569.127903102979i) (-7231.114154557534+1568.6666882370391i) (-7231.098319185053+1568.2054878300623i) (-7231.082488194989+1567.7443019198327i) (-7231.066662495647+1567.2831289721707i) (-7231.05084239593+1566.821970097033i) (-7231.035027967841+1566.3608256387706i) (-7231.019217799679+1565.8996957357704i) (-7231.003412756007+1565.438579787875i) (-7230.987613195615+1564.9774772318688i) (-7230.971819033236+1564.5163890446256i) (-7230.9560298125425+1564.0553151947497i) (-7230.940245178125+1563.5942552263077i) (-7230.9244658377675+1563.1332087172705i) (-7230.908692197889+1562.6721762946363i) (-7230.892923591269+1562.2111584980557i) (-7230.877159586425+1561.7501546559615i) (-7230.861401140896+1561.2891643309013i) (-7230.845647606577+1560.8281883733362i) (-7230.829899222201+1560.367226347389i) (-7230.814156185402+1559.9062784037633i) (-7230.798417908507+1559.4453445282124i) (-7230.782684948071+1558.9844241876835i) (-7230.766957096861+1558.5235179167594i) (-7230.751234747269+1558.0626260781646i) (-7230.735517326574+1557.6017479448528i) (-7230.719804563516+1557.1408836686114i) (-7230.704097440087+1556.6800330917831i) (-7230.688395298691+1556.219197025992i) (-7230.672698102102+1555.7583747089666i) (-7230.657005938956+1555.2975664601909i) (-7230.641319139536+1554.836771785387i) (-7230.625637600071+1554.3759914353013i) (-7230.60996102899+1553.9152249084236i) (-7230.594289629683+1553.454472456453i) (-7230.578623148246+1552.9937336535386i) (-7230.562962225908+1552.5330088047758i) (-7230.547306007409+1552.072297914654i) (-7230.531655146353+1551.6116010167789i) (-7230.5160091119715+1551.1509179553323i) (-7230.50036850308+1550.6902486208019i) (-7230.484732797453+1550.2295935888142i) (-7230.469102316497+1549.7689521282555i) (-7230.453476961163+1549.3083245838588i) (-7230.437856287245+1548.8477111102602i) (-7230.422241514831+1548.3871112612287i) (-7230.406631461753+1547.9265257108382i) (-7230.391026352986+1547.4659536207655i) (-7230.375426617886+1547.0053954458563i) (-7230.3598319624525+1546.5448510856968i) (-7230.344242415586+1546.0843207795497i) (-7230.328657843168+1545.6238044233014i) (-7230.313078465861+1545.1633017019212i) (-7230.297504118686+1544.7028128306229i) (-7230.281935155426+1544.242337813448i) (-7230.266371037365+1543.7818767680346i) (-7230.250812126781+1543.3214293163364i) (-7230.235258202539+1542.8609958141678i) (-7230.219709979067+1542.4005761059161i) (-7230.204166030968+1541.9401698778493i) (-7230.188627101871+1541.4797784422226i) (-7230.173093946135+1541.0194001737436i) (-7230.157565592137+1540.5590354803553i) (-7230.142042443233+1540.0986848427492i) (-7230.1265243314+1539.6383478510088i) (-7230.111011347062+1539.1780245915907i) (-7230.095503401021+1538.7177151389515i) (-7230.0800008677925+1538.2574197332506i) (-7230.0645033571045+1537.797138260572i) (-7230.049010676527+1537.3368706289584i) (-7230.033523242538+1536.876616581325i) (-7230.018040677899+1536.4163761064247i) (-7230.0025627217865+1535.9561474023576i) (-7229.987091807698+1535.4959366785297i) (-7229.971623877069+1535.0357372649523i) (-7229.956161801246+1534.5755512788492i) (-7229.9407048839885+1534.1153794747843i) (-7229.92525311242+1533.6552215163938i) (-7229.90980646847+1533.1950771699885i) (-7229.894365006675+1532.7349467094755i) (-7229.878928874453+1532.2748300993117i) (-7229.863497355942+1531.8147270704758i) (-7229.84807119434+1531.3546376549966i) (-7229.83264963061+1530.8945619852602i) (-7229.817233519978+1530.4344998270753i) (-7229.801822240761+1529.9744517904164i) (-7229.786416225754+1529.5144168531733i) (-7229.771014671646+1529.0543967262129i) (-7229.755620423754+1528.594389635462i) (-7229.740229340254+1528.134395062505i) (-7229.72484364122+1527.674415708958i) (-7229.709462948146+1527.2144492437073i) (-7229.69408750154+1526.7544970957151i) (-7229.678717180165+1526.294557941099i) (-7229.663352129436+1525.834633026716i) (-7229.647991922778+1525.3747211615464i) (-7229.632636698634+1524.9148233091619i) (-7229.617286660711+1524.454938756815i) (-7229.601941789097+1523.9950683684729i) (-7229.586601925579+1523.535211446695i) (-7229.571266995323+1523.0753683800685i) (-7229.555937519496+1522.6155383616588i) (-7229.540612829042+1522.1557223752552i) (-7229.525293233291+1521.695919772912i) (-7229.509978902571+1521.2361311294935i) (-7229.494669310418+1520.7763558550923i) (-7229.479365285211+1520.3165942152846i) (-7229.464066065609+1519.8568462285239i) (-7229.448772228681+1519.3971117105175i) (-7229.433482979417+1518.9373909577407i) (-7229.418199072087+1518.4776831355775i) (-7229.402920297443+1518.017989907461i) (-7229.3876466390975+1517.5583096435657i) (-7229.372377820712+1517.0986429344903i) (-7229.357114202308+1516.6389899824298i) (-7229.341855564722+1516.1793504320958i) (-7229.326602113527+1515.7197245859898i) (-7229.31135359869+1515.2601122151555i) (-7229.296110177063+1514.8005135145886i) (-7229.280871797059+1514.340928243737i) (-7229.265638800296+1513.8813566060871i) (-7229.250410740868+1513.4217986643453i) (-7229.235187766975+1512.9622538836866i) (-7229.219969585623+1512.5027227070714i) (-7229.204756699276+1512.043204900414i) (-7229.1895488441105+1511.5837010631567i) (-7229.174345534888+1511.1242104651901i) (-7229.159147915475+1510.6647339830906i) (-7229.143956226822+1510.2052702522924i) (-7229.128768454717+1509.7458201708414i) (-7229.113586209283+1509.28638347808i) (-7229.098408891727+1508.8269601180673i) (-7229.083236369828+1508.3675502423393i) (-7229.068068766827+1507.9081539662493i) (-7229.052906291418+1507.448771350355i) (-7229.037748905619+1506.9894023407578i) (-7229.022596656036+1506.5300468463847i) (-7229.007449810868+1506.0707048065851i) (-7228.992307904337+1505.6113759580621i) (-7228.977171062983+1505.1520606637969i) (-7228.962039038933+1504.6927587406117i) (-7228.9469123028+1504.233470193787i) (-7228.93179026365+1503.774195418615i) (-7228.916673543952+1503.314933832953i) (-7228.901561909362+1502.8556858804059i) (-7228.88645530585+1502.3964509495236i) (-7228.871354008202+1501.9372298411108i) (-7228.856257471838+1501.4780218686974i) (-7228.841166232459+1501.0188274802422i) (-7228.826079777093+1500.559646517022i) (-7228.81099857868+1500.1004789324124i) (-7228.795922295432+1499.6413249051184i) (-7228.780851050495+1499.1821839721015i) (-7228.765784233889+1498.7230556910963i) (-7228.750723806413+1498.2639428767689i) (-7228.73566781327+1497.8048419556944i) (-7228.720616528463+1497.3457544928897i) (-7228.705570596581+1496.8866806627557i) (-7228.690529765727+1496.427620029277i) (-7228.675494047439+1495.9685729171506i) (-7228.660463324197+1495.509539035811i) (-7228.64543757484+1495.0505186278515i) (-7228.630416899196+1494.5915114497948i) (-7228.615401381097+1494.1325178494135i) (-7228.600390455457+1493.6735371504183i) (-7228.585385203609+1493.2145704597388i) (-7228.570384425111+1492.7556166101458i) (-7228.55538928982+1492.2966760164236i) (-7228.540398760169+1491.8377489850354i) (-7228.525413439844+1491.3788349220704i) (-7228.510433063397+1490.9199349885348i) (-7228.495457491677+1490.4610473749199i) (-7228.48048779134+1490.0021739715157i) (-7228.465522152972+1489.5433130766542i) (-7228.450562558843+1489.0844660375824i) (-7228.435606786922+1488.6256320964567i) (-7228.420657376909+1488.166811037203i) (-7228.405711895916+1487.7080042084744i) (-7228.390772121169+1487.2492095629968i) (-7228.375837215747+1486.7904293915908i) (-7228.360907004077+1486.3316612566123i) (-7228.345982794057+1485.8729074201801i) (-7228.331062269025+1485.4141662883085i) (-7228.316148451822+1484.9554383456943i) (-7228.301238106034+1484.4967241414033i) (-7228.286333702351+1484.0380218955179i) (-7228.271434049865+1483.579335003713i) (-7228.256539353817+1483.120658706037i) (-7228.241649652857+1482.6619982911106i) (-7228.22676418581+1482.2033491747752i) (-7228.2118865851+1481.7447146173i) (-7228.1970095326915+1481.2860920100647i) (-7228.18214176943+1480.8274843467225i) (-7228.167276474103+1480.368888816909i) (-7228.15241819248+1479.9103057361717i) (-7228.137563037807+1479.4517374852949i) (-7228.122713842661+1478.9931805375636i) (-7228.107869349034+1478.5346385427547i) (-7228.0930292539+1478.076108745161i) (-7228.0781961728535+1477.617593302948i) (-7228.063365991012+1477.1590899541152i) (-7228.048542799485+1476.7005997843917i) (-7228.033722985969+1476.2421233296482i) (-7228.018909258662+1475.7836590925253i) (-7228.0040999729135+1475.3252094135605i) (-7227.989295538109+1474.8667712130955i) (-7227.974496940291+1474.4083479090914i) (-7227.959701978658+1473.9499364229923i) (-7227.944913890379+1473.491539090126i) (-7227.930129277746+1473.033154380355i) (-7227.91535081068+1472.5747824999926i) (-7227.9005764243575+1472.1164245353702i) (-7227.8858077470295+1471.6580787355451i) (-7227.871043855773+1471.199747067565i) (-7227.856284992747+1470.7414276181516i) (-7227.841531185872+1470.283121983739i) (-7227.826782094454+1469.824828849345i) (-7227.812038465825+1469.3665490905096i) (-7227.797299461242+1468.9082825187506i) (-7227.78256555501+1468.4500291218828i) (-7227.7678368035695+1467.9917886876829i) (-7227.753112982915+1467.5335612986728i) (-7227.7383946188875+1467.0753470724703i) (-7227.723680663681+1466.6171461500599i) (-7227.708972039204+1466.1589577220984i) (-7227.6942681873925+1465.700782737411i) (-7227.679569914483+1465.2426205201882i) (-7227.664876031397+1464.7844718251763i) (-7227.650187036158+1464.3263357323958i) (-7227.635503387274+1463.8682128142864i) (-7227.620825344054+1463.4101028928853i) (-7227.6061509414685+1462.952006944639i) (-7227.591482514646+1462.493922688196i) (-7227.576818210277+1462.0358525001066i) (-7227.562161484134+1461.5777937157145i) (-7227.547507009804+1461.119752971248i) (-7227.532859391818+1460.6617164319068i) (-7227.518215353254+1460.203697006913i) (-7227.503574729739+1459.7456961743828i) (-7227.488942161357+1459.287700587698i) (-7227.474314169931+1458.829722487004i) (-7227.459690763073+1458.3717553468305i) (-7227.445071863528+1457.9138024651656i) (-7227.43045849379+1457.4558606774008i) (-7227.4158501328075+1456.9979338855846i) (-7227.401246480939+1456.5400186488441i) (-7227.386647872789+1456.082117769547i) (-7227.372054178025+1455.6242281363884i) (-7227.3574660841605+1455.1663530386868i) (-7227.342882161822+1454.708489746221i) (-7227.3283036072535+1454.2506403815514i) (-7227.313729729543+1453.7928032323944i) (-7227.29916162827+1453.3349797300234i) (-7227.284597771158+1452.8771687874141i) (-7227.270039562786+1452.419371209333i) (-7227.255486066181+1451.9615857231875i) (-7227.240937895585+1451.5038136622097i) (-7227.22639425277+1451.0460541448374i) (-7227.211855436812+1450.5883080313033i) (-7227.197321667468+1450.1305742596942i) (-7227.182793330173+1449.672854129476i) (-7227.1682697004+1449.2151466667638i) (-7227.153751179124+1448.7574522211926i) (-7227.139237308068+1448.2997702427256i) (-7227.124729316305+1447.8421014286887i) (-7227.110225480423+1447.3844456445495i) (-7227.095727015905+1446.9268024858447i) (-7227.081233269316+1446.469172171699i) (-7227.066744869758+1446.0115549453913i) (-7227.052261234019+1445.5539504931985i) (-7227.037782714208+1445.0963590761385i) (-7227.023308794646+1444.63878023928i) (-7227.008840391164+1444.1812143269963i) (-7226.994376686208+1443.723661367214i) (-7226.979918268372+1443.2661214212367i) (-7226.965464121467+1442.8085938647455i) (-7226.951015833353+1442.3510794628564i) (-7226.936571837543+1441.8935778075938i) (-7226.922133504324+1441.4360890669777i) (-7226.907699317836+1440.9786132919762i) (-7226.893271006568+1440.5211500582773i) (-7226.878846977199+1440.063699625207i) (-7226.864428250503+1439.60626217752i) (-7226.8500145438475+1439.1488378063586i) (-7226.83560568447+1438.6914256629352i) (-7226.821201862875+1438.2340266778483i) (-7226.806803100536+1437.7766404037247i) (-7226.79240932483+1437.3192669724776i) (-7226.778020429916+1436.8619063553215i) (-7226.763636520094+1436.4045583984625i) (-7226.749257691693+1435.9472232287426i) (-7226.734883700828+1435.4899008032298i) (-7226.720514866762+1435.0325911698492i) (-7226.706150649948+1434.575294497623i) (-7226.691791707003+1434.118010426284i) (-7226.677437780502+1433.6607390318277i) (-7226.663088838285+1433.2034806178272i) (-7226.648744738996+1432.7462348066365i) (-7226.634405615455+1432.2890018604103i) (-7226.620071497458+1431.8317814550337i) (-7226.605742555114+1431.3745737392728i) (-7226.591418206914+1430.9173791288704i) (-7226.577099112781+1430.4601969067717i) (-7226.562784750321+1430.0030275842146i) (-7226.548475601505+1429.5458705293404i) (-7226.5341715727845+1429.0887272016225i) (-7226.5198723366275+1428.631595300776i) (-7226.505577565544+1428.1744769548604i) (-7226.491288345613+1427.7173708620467i) (-7226.47700365259+1427.260278293852i) (-7226.462724536775+1426.8031977312512i) (-7226.448450308779+1426.346129896774i) (-7226.434180561077+1425.889074792969i) (-7226.419916257866+1425.4320321174673i) (-7226.405656936031+1424.9750024058303i) (-7226.391401935335+1424.5179855209772i) (-7226.377152204577+1424.0609812949115i) (-7226.362907680119+1423.6039891734i) (-7226.348668226595+1423.147010262801i) (-7226.334433337192+1422.6900440758618i) (-7226.3202039997905+1422.233090119811i) (-7226.3059787849925+1421.776148997622i) (-7226.291759153166+1421.3192202520295i) (-7226.27754429069+1420.8623046125394i) (-7226.263334383958+1420.4054013304194i) (-7226.249129486481+1419.9485107146793i) (-7226.234929409928+1419.4916325294616i) (-7226.220734577635+1419.0347672132193i) (-7226.206544402408+1418.577914538595i) (-7226.192359341277+1418.1210744612727i) (-7226.178179190825+1417.6642468024656i) (-7226.164004088316+1417.207431885976i) (-7226.149833905563+1416.7506294153318i) (-7226.135668814348+1416.2938396181744i) (-7226.1215081668815+1415.8370622809853i) (-7226.10735300081+1415.380297842632i) (-7226.093202263328+1414.923545722624i) (-7226.079057279442+1414.4668064116122i) (-7226.0649164723945+1414.0100795325834i) (-7226.050781077846+1413.553365171454i) (-7226.036650318231+1413.096663498869i) (-7226.022524985821+1412.6399740822108i) (-7226.008404343396+1412.18329784671i) (-7225.99428852117+1411.7266334502456i) (-7225.980177884159+1411.269982089898i) (-7225.966071946329+1410.8133426492732i) (-7225.951971614552+1410.356716699971i) (-7225.93787484184+1409.9001027324557i) (-7225.923784770331+1409.4435011536916i) (-7225.909699260175+1408.986911673459i) (-7225.895617097575+1408.5303356198583i) (-7225.8815414317005+1408.073771311212i) (-7225.867470012388+1407.617220355809i) (-7225.853404089311+1407.1606812258487i) (-7225.839342638522+1406.704155148298i) (-7225.825286395448+1406.2476408850052i) (-7225.811235151323+1405.7911397852804i) (-7225.797188773598+1405.3346504179208i) (-7225.783147080216+1404.878174230229i) (-7225.769110671162+1404.4217101225386i) (-7225.755079051943+1403.9652586657794i) (-7225.741052407695+1403.5088195483095i) (-7225.727030561622+1403.0523930198178i) (-7225.713013901495+1402.5959788318687i) (-7225.699001916169+1402.1395772362375i) (-7225.684995232981+1401.6831882898077i) (-7225.670993304063+1401.2268115236475i) (-7225.656996435138+1400.770446873672i) (-7225.643004375083+1400.3140951760997i) (-7225.629017298985+1399.8577554365493i) (-7225.615034929829+1399.4014285408193i) (-7225.601057362748+1398.9451136530115i) (-7225.587086008443+1398.4888121286167i) (-7225.573117885004+1398.0325215847697i) (-7225.55915469931+1397.576244522772i) (-7225.545198847909+1397.1199803871132i) (-7225.531245784902+1396.6637274444547i) (-7225.517297926204+1396.2074869097705i) (-7225.503355707648+1395.75125909079i) (-7225.489417732939+1395.2950439531687i) (-7225.47548498392+1394.8388408706196i) (-7225.461556879991+1394.3826501854055i) (-7225.4476342927765+1393.9264717293008i) (-7225.43371606163+1393.4703060179272i) (-7225.419803091248+1393.014152431304i) (-7225.405894874346+1392.5580113782507i) (-7225.391991722121+1392.1018823053673i) (-7225.378093400981+1391.6457661013956i) (-7225.364200157507+1391.1896617773345i) (-7225.35031175182+1390.733570035918i) (-7225.336427686875+1390.2774908969368i) (-7225.322549480534+1389.8214236967997i) (-7225.308675797598+1389.3653689322855i) (-7225.29480729289+1388.909326551524i) (-7225.28094334421+1388.4532964235332i) (-7225.267084630324+1387.9972786344952i) (-7225.253230490415+1387.5412732361146i) (-7225.239381584287+1387.0852799733912i) (-7225.225537528273+1386.6292991952287i) (-7225.21169853836+1386.173330555177i) (-7225.197864565305+1385.7173741776423i) (-7225.184034200796+1385.2614307419244i) (-7225.170210574111+1384.8054988115746i) (-7225.15639102762+1384.349579365953i) (-7225.142576700025+1383.8936721749924i) (-7225.128766879577+1383.437777297553i) (-7225.1149622763405+1382.9818946372852i) (-7225.101162266072+1382.5260243065277i) (-7225.087367514702+1382.0701663351829i) (-7225.073577527571+1381.6143204570799i) (-7225.0597925467955+1381.1584869560647i) (-7225.046012410717+1380.7026655618683i) (-7225.032237258745+1380.2468566397838i) (-7225.018466925817+1379.7910597432892i) (-7225.004701598166+1379.3352753132604i) (-7224.990941314341+1378.8795028510722i) (-7224.9771857306205+1378.4237426570871i) (-7224.963435093978+1377.9679947095228i) (-7224.949689278689+1377.5122590572828i) (-7224.935948506936+1377.0565356357984i) (-7224.922212523597+1376.6008244969926i) (-7224.9084817540615+1376.1451254378862i) (-7224.894755710752+1375.689438541789i) (-7224.881034626229+1375.2337637176443i) (-7224.867318349238+1374.778101255677i) (-7224.853606832515+1374.3224509645515i) (-7224.839900710019+1373.8668129918588i) (-7224.826199149797+1373.4111871950226i) (-7224.812502648572+1372.9555735215545i) (-7224.798810954949+1372.4999715614758i) (-7224.785124482099+1372.0443824657013i) (-7224.771442616129+1371.5888049581372i) (-7224.757765475985+1371.133239651972i) (-7224.74409337553+1370.6776866501823i) (-7224.730425666409+1370.2221458157474i) (-7224.716763916882+1369.766617791458i) (-7224.703106738731+1369.3111012127447i) (-7224.68945451496+1368.855596827074i) (-7224.675807122898+1368.400104471577i) (-7224.662164638324+1367.9446241162514i) (-7224.648526698122+1367.4891559045063i) (-7224.634893769147+1367.0336999330611i) (-7224.621265465193+1366.5782561864326i) (-7224.607642585146+1366.1228249306369i) (-7224.594024608665+1365.6674052426824i) (-7224.580411502478+1365.2119980261014i) (-7224.566803302992+1364.756602687965i) (-7224.553199979263+1364.3012194600014i) (-7224.539601690595+1363.845848181998i) (-7224.526008217884+1363.3904890528465i) (-7224.512419659054+1362.9351418464794i) (-7224.4988358580695+1362.4798066429066i) (-7224.485256957781+1362.02448358521i) (-7224.471682809179+1361.5691726377263i) (-7224.458113499981+1361.1138737335714i) (-7224.444548852428+1360.6585872374162i) (-7224.430989459716+1360.2033126784809i) (-7224.417434931+1359.7480504222804i) (-7224.403885340576+1359.2928001389955i) (-7224.390340981598+1358.8375620086517i) (-7224.376801403105+1358.3823358133268i) (-7224.363267192036+1357.9271215065492i) (-7224.349737514416+1357.4719190004762i) (-7224.336213005941+1357.0167284895688i) (-7224.322693006332+1356.561549821803i) (-7224.30917809845+1356.1063830826351i) (-7224.295667827359+1355.6512283520606i) (-7224.282162287071+1355.1960855612015i) (-7224.2686615131215+1354.740954976398i) (-7224.255165636567+1354.2858363677697i) (-7224.241674592351+1353.830729917012i) (-7224.228188475195+1353.3756355411751i) (-7224.214707291297+1352.9205531735752i) (-7224.20123108541+1352.465482928641i) (-7224.18775995906+1352.0104244149115i) (-7224.174293575442+1351.555378023626i) (-7224.160832140207+1351.1003435390303i) (-7224.1473755742345+1350.645320847696i) (-7224.133924167215+1350.1903101946518i) (-7224.120477504204+1349.7353113703903i) (-7224.107035284722+1349.2803244680508i) (-7224.093598466076+1348.825349756531i) (-7224.080165797801+1348.3703870899117i) (-7224.066738702436+1347.9154360180328i) (-7224.053316380194+1347.4604967272753i) (-7224.039898799652+1347.0055699321747i) (-7224.0264861941805+1346.5506547831865i) (-7224.013078491791+1346.0957516146955i) (-7223.999675530351+1345.6408602856973i) (-7223.986277588709+1345.1859810433853i) (-7223.972884702279+1344.7311131800307i) (-7223.959496024976+1344.2762573597065i) (-7223.946112990349+1343.821414106409i) (-7223.932734450873+1343.3665820622446i) (-7223.9193609929835+1342.911762214444i) (-7223.905992103064+1342.4569539448275i) (-7223.892628364115+1342.0021578405976i) (-7223.879269202577+1341.5473737002867i) (-7223.8659151344855+1341.0926012065975i) (-7223.852565966202+1340.6378406744188i) (-7223.839221852451+1340.1830916850122i) (-7223.82588233102+1339.7283551096734i) (-7223.812547745499+1339.2736297762713i) (-7223.79921806078+1338.8189168186036i) (-7223.785893051204+1338.3642151778222i) (-7223.772573333976+1337.9095259564092i) (-7223.759257849918+1337.4548481730599i) (-7223.745948129904+1337.0001825747895i) (-7223.732641776408+1336.5455283238043i) (-7223.719343148009+1336.0908851492422i) (-7223.706045051065+1335.6362554168081i) (-7223.692753980602+1335.1816385166821i) (-7223.679470320887+1334.7270303314435i) (-7223.666188841417+1334.2724367055453i) (-7223.652912522748+1333.8178526877236i) (-7223.639641383906+1333.3632814741177i) (-7223.626374990877+1332.9087213322127i) (-7223.613113704498+1332.4541739825981i) (-7223.599856481509+1331.9996379064505i) (-7223.586604766426+1331.5451135985022i) (-7223.573357771355+1331.0906011295738i) (-7223.560115866021+1330.6361004971332i) (-7223.546878402556+1330.1816120555122i) (-7223.533646111718+1329.7271346570342i) (-7223.52041855562+1329.272669244121i) (-7223.507196040765+1328.8182156743896i) (-7223.493978211311+1328.363774008154i) (-7223.480765257045+1327.909343997777i) (-7223.467557550134+1327.454925309994i) (-7223.454354368918+1327.0005185940608i) (-7223.441156229855+1326.5461238633034i) (-7223.427962485708+1326.0917406799308i) (-7223.4147739591435+1325.6373692056004i) (-7223.401590124293+1325.1830092046002i) (-7223.38841148471+1324.728661199133i) (-7223.375237221899+1324.2743249679806i) (-7223.362068104365+1323.8200001103069i) (-7223.348903662456+1323.3656871087514i) (-7223.335744517868+1322.911385827054i) (-7223.322589890181+1322.4570967129403i) (-7223.309439992088+1322.0028189033728i) (-7223.296295018158+1321.5485525647018i) (-7223.283155007933+1321.09429775046i) (-7223.270020187527+1320.6400551580118i) (-7223.256889620518+1320.1858240179208i) (-7223.243763833685+1319.73160436103i) (-7223.230643289678+1319.2773960784689i) (-7223.21752836013+1318.8231999817544i) (-7223.204417490727+1318.3690164043546i) (-7223.191310309188+1317.9148441720463i) (-7223.178208989844+1317.4606814335566i) (-7223.16511285665+1317.0065284732846i) (-7223.152018036494+1316.5523977242592i) (-7223.138936604234+1316.0982678301589i) (-7223.125854678311+1315.6441544141053i) (-7223.112776332457+1315.1900516538299i) (-7223.099703652897+1314.7359592517605i) (-7223.086636844202+1314.2818786486241i) (-7223.073575096336+1313.8278105436657i) (-7223.060517408941+1313.3737542922645i) (-7223.047464330947+1312.9197093917028i) (-7223.034416449331+1312.465675710846i) (-7223.021373601493+1312.0116539714363i) (-7223.008335400257+1311.5576439203178i) (-7222.9953018644665+1311.1036453814268i) (-7222.982273157788+1310.6496581549036i) (-7222.969249898502+1310.1956822950633i) (-7222.956231246052+1309.7417185087252i) (-7222.943217279814+1309.2877662715364i) (-7222.930207900697+1308.8338254049704i) (-7222.917203842205+1308.379896243041i) (-7222.9042045234155+1307.925978303072i) (-7222.891209817823+1307.47207233456i) (-7222.878219870834+1307.0181776125755i) (-7222.8652348860805+1306.5642945136678i) (-7222.852254872659+1306.1104228261902i) (-7222.839279859849+1305.65656292934i) (-7222.826309218053+1305.2027146109067i) (-7222.813343691605+1304.748877641825i) (-7222.800382804472+1304.2950522380233i) (-7222.787427184139+1303.8412383034338i) (-7222.774475956718+1303.3874361323578i) (-7222.761529679213+1302.9336451302806i) (-7222.748588287928+1302.4798657114407i) (-7222.735651973786+1302.0260975081983i) (-7222.722720291312+1301.5723414177519i) (-7222.709793375787+1301.1185964350552i) (-7222.696871245266+1300.6648631394964i) (-7222.683954152877+1300.211141001695i) (-7222.671041829166+1299.7574307616305i) (-7222.658134209933+1299.303731720418i) (-7222.645231208583+1298.850044178038i) (-7222.6323336031755+1298.3963675516534i) (-7222.619440333275+1297.9427037378518i) (-7222.6065524082305+1297.489050877779i) (-7222.593669076418+1297.035408420168i) (-7222.580790324819+1296.5817784246137i) (-7222.567916787894+1296.1281595257315i) (-7222.555047898905+1295.674552356999i) (-7222.542183802679+1295.22095635617i) (-7222.529324625007+1294.767371913109i) (-7222.516470647856+1294.3137984806235i) (-7222.503620598496+1293.860236541339i) (-7222.490775930216+1293.4066869285598i) (-7222.477936101995+1292.9531475428375i) (-7222.465100887638+1292.4996201076792i) (-7222.452270581387+1292.0461038189096i) (-7222.439444969183+1291.5925995140751i) (-7222.426624006539+1291.1391059626185i) (-7222.413808104456+1290.6856244831797i) (-7222.400997380712+1290.2321539869881i) (-7222.388191320665+1289.7786949714864i) (-7222.375389669454+1289.325247364617i) (-7222.362593295838+1288.871810820805i) (-7222.349801503327+1288.4183862190039i) (-7222.337014888354+1287.9649724596493i) (-7222.324232683477+1287.5115705656717i) (-7222.3114556170285+1287.058179008338i) (-7222.298683462681+1286.6048000179508i) (-7222.285915231562+1286.1514308006008i) (-7222.273152066247+1285.698074587228i) (-7222.260394841497+1285.2447297996332i) (-7222.247641107703+1284.7913950363181i) (-7222.234893305014+1284.3380722228103i) (-7222.222149663454+1283.8847609395707i) (-7222.20941099844+1283.4314607529013i) (-7222.19667692095+1282.978171818053i) (-7222.1839480616145+1282.5248940241217i) (-7222.1712237608335+1282.0716280851884i) (-7222.158504322958+1281.6183730743942i) (-7222.14578966375+1281.165129465775i) (-7222.133079923406+1280.711896909801i) (-7222.120375024232+1280.2586760012891i) (-7222.107674635889+1279.80546617863i) (-7222.094979199667+1279.3522677319233i) (-7222.082288503302+1278.8990805559006i) (-7222.069602935704+1278.445904592536i) (-7222.0569219610425+1277.9927400689885i) (-7222.044245944731+1277.5395867110274i) (-7222.0315744913505+1277.0864445628758i) (-7222.018908343495+1276.6333137860856i) (-7222.006246431218+1276.1801940206533i) (-7221.993589454474+1275.7270855573588i) (-7221.980937426115+1275.2739885397386i) (-7221.968290179019+1274.8209025440956i) (-7221.955647701595+1274.3678279331616i) (-7221.9430100602685+1273.9147646171514i) (-7221.930377207343+1273.4617123556418i) (-7221.917749088725+1273.0086714062854i) (-7221.905125792821+1272.5556416996624i) (-7221.892507366064+1272.1026231221913i) (-7221.879893868672+1271.64961593314i) (-7221.867284992111+1271.1966197306283i) (-7221.854680932034+1270.7436347834664i) (-7221.842081652917+1270.2906610236823i) (-7221.829487291176+1269.8376985004616i) (-7221.816897615847+1269.3847473119458i) (-7221.804312855381+1268.9318069908986i) (-7221.791732663679+1268.4788781913412i) (-7221.77915781947+1268.0259604021412i) (-7221.766587354438+1267.573053644126i) (-7221.75402160009+1267.1201581098794i) (-7221.7414606500315+1266.667273584877i) (-7221.728904393365+1266.2144008819196i) (-7221.716353446434+1265.7615389749699i) (-7221.70380699047+1265.308688231904i) (-7221.691265448757+1264.8558485316062i) (-7221.678728763062+1264.4030199262852i) (-7221.666196828485+1263.9502023665918i) (-7221.65366927232+1263.4973962554504i) (-7221.641146630226+1263.04460102944i) (-7221.628629451762+1262.5918166347146i) (-7221.616115917874+1262.1390442277116i) (-7221.603608085414+1261.6862829637175i) (-7221.59110525164+1261.2335318305522i) (-7221.578606805999+1260.7807924908411i) (-7221.56611305766+1260.3280638271608i) (-7221.553624197066+1259.8753464645415i) (-7221.541139998907+1259.42264015225i) (-7221.528660756171+1258.969944960856i) (-7221.516186091919+1258.5172609362708i) (-7221.503716515818+1258.0645879960502i) (-7221.49125155328+1257.6119261542044i) (-7221.4787914838425+1257.1592753412224i) (-7221.46633605742+1256.706635489023i) (-7221.453885492776+1256.2540067984846i) (-7221.4414396402735+1255.8013890645234i) (-7221.428998560868+1255.3487827847566i) (-7221.416562671922+1254.8961870525964i) (-7221.40413111682+1254.4436026254589i) (-7221.391704647305+1253.9910290206462i) (-7221.379282562712+1253.538466806087i) (-7221.366865538645+1253.0859154671452i) (-7221.354453229847+1252.6333752212668i) (-7221.342045976364+1252.1808459697786i) (-7221.3296432907055+1251.7283276703747i) (-7221.317245432521+1251.275820386225i) (-7221.304852286516+1250.8233241265661i) (-7221.292463980391+1250.3708388013001i) (-7221.280080425734+1249.9183646117417i) (-7221.267701645151+1249.4659012871489i) (-7221.255327525225+1249.013449257447i) (-7221.24295842413+1248.5610080130136i) (-7221.230593940253+1248.1085777662302i) (-7221.218234243796+1247.6561585461423i) (-7221.2058793231545+1247.2037502338317i) (-7221.193529289228+1246.7513529081334i) (-7221.1811840766795+1246.2989665655696i) (-7221.16884362626+1245.846591256788i) (-7221.156507971977+1245.3942267973143i) (-7221.144176871543+1244.941873370397i) (-7221.131850770887+1244.48953095264i) (-7221.119529357718+1244.0371995175992i) (-7221.107212713254+1243.5848790849159i) (-7221.094901212839+1243.1325682913885i) (-7221.08259337191+1242.680270267032i) (-7221.070291315517+1242.2279825093356i) (-7221.057993523289+1241.775705792821i) (-7221.045700804115+1241.3234397826054i) (-7221.033412775227+1240.8711848559324i) (-7221.021129638273+1240.418940802294i) (-7221.008851302971+1239.9667077905033i) (-7220.996577587835+1239.514485508087i) (-7220.984308775715+1239.0622741130828i) (-7220.972044581645+1238.6100736668232i) (-7220.959785303694+1238.157884096192i) (-7220.947530318511+1237.7057055384685i) (-7220.9352808358135+1237.253538303161i) (-7220.923036435483+1236.801380752906i) (-7220.9107956406615+1236.3492349041844i) (-7220.898560377659+1235.8970994212104i) (-7220.88632923857+1235.4449753526096i) (-7220.874103710207+1234.9928620469582i) (-7220.861882280057+1234.5407593038544i) (-7220.8496659163675+1234.0886676641348i) (-7220.837454093956+1233.636586843597i) (-7220.82524727583+1233.1845169095795i) (-7220.8130451064+1232.7324578223743i) (-7220.800847820419+1232.2804094230705i) (-7220.788655174304+1231.8283720668223i) (-7220.776467355043+1231.3763453823085i) (-7220.764284189797+1230.9243297659923i) (-7220.752106391647+1230.4723246259746i) (-7220.739932376056+1230.0203301736874i) (-7220.727763583246+1229.5683472079727i) (-7220.71559964362+1229.116374554429i) (-7220.703440426045+1228.664412873488i) (-7220.691285982598+1228.212461931591i) (-7220.679136150587+1227.760521829805i) (-7220.666991200173+1227.3085925692867i) (-7220.6548510519915+1226.8566740042697i) (-7220.642715658145+1226.4047663097554i) (-7220.630585052772+1225.9528692017775i) (-7220.618458881923+1225.5009830402269i) (-7220.606337868408+1225.0491076096514i) (-7220.594221506092+1224.5972429520843i) (-7220.582109796265+1224.145389134832i) (-7220.570002819448+1223.6935459156084i) (-7220.557900725956+1223.2417135519136i) (-7220.5458033636405+1222.789892004097i) (-7220.533710823755+1222.3380809934133i) (-7220.5216228895315+1221.8862809897364i) (-7220.5095398335925+1221.4344915438342i) (-7220.4974615284755+1220.9827128752731i) (-7220.485387811782+1220.5309448552653i) (-7220.473319014695+1220.079187861873i) (-7220.461254851382+1219.627441170156i) (-7220.449195631318+1219.175705542013i) (-7220.437141000912+1218.723980118004i) (-7220.425090859094+1218.2722660808686i) (-7220.413045959775+1217.8205625659903i) (-7220.401005606575+1217.3688695807286i) (-7220.3889699704905+1216.9171873438863i) (-7220.376939197837+1216.465515838634i) (-7220.364913005508+1216.013855038309i) (-7220.352891766566+1215.562204813381i) (-7220.340875164678+1215.1105654787789i) (-7220.328863564757+1214.6589365320215i) (-7220.316856332454+1214.2073184084365i) (-7220.304854084527+1213.7557109240079i) (-7220.292856480892+1213.3041142167021i) (-7220.280863543332+1212.852527932555i) (-7220.268875612468+1212.4009523907844i) (-7220.256892027957+1211.9493875485168i) (-7220.2449135526+1211.4978334935186i) (-7220.232939835951+1211.046289891965i) (-7220.2209704341585+1210.5947567766525i) (-7220.209006207981+1210.1432349134266i) (-7220.197046573758+1209.691723106811i) (-7220.185091771964+1209.2402219174473i) (-7220.173141653482+1208.788731616165i) (-7220.161196408124+1208.3372518310607i) (-7220.149255554905+1207.8857825809027i) (-7220.1373197087705+1207.434323903417i) (-7220.1253884489415+1206.9828759963966i) (-7220.113462086956+1206.5314385059464i) (-7220.101540122003+1206.0800119450905i) (-7220.08962360278+1205.6285961442736i) (-7220.077711559432+1205.1771898628322i) (-7220.065803602774+1204.7257950965395i) (-7220.053901109108+1204.2744106609243i) (-7220.042002791743+1203.8230370076744i) (-7220.030110016967+1203.3716735952512i) (-7220.018221364338+1202.920320979174i) (-7220.006337665303+1202.4689786730778i) (-7219.994458682582+1202.0176472580097i) (-7219.982584346033+1201.5663259997928i) (-7219.970714822266+1201.1150155601608i) (-7219.958850059127+1200.6637156066863i) (-7219.946989967486+1200.2124261973404i) (-7219.935134654548+1199.7611472138487i) (-7219.923284048742+1199.3098788510397i) (-7219.911438048863+1198.85862099113i) (-7219.899597014657+1198.4073737380713i) (-7219.887760484242+1197.9561369855328i) (-7219.875928786589+1197.5049106989827i) (-7219.864101867035+1197.0536948997797i) (-7219.8522796638135+1196.602489755729i) (-7219.840462271184+1196.1512949713215i) (-7219.828649455994+1195.7001107176584i) (-7219.81684141058+1195.2489368828865i) (-7219.805038146082+1194.7977736354842i) (-7219.793239541914+1194.3466209541039i) (-7219.781445670642+1193.8954786040958i) (-7219.769656644521+1193.444346765933i) (-7219.757872257207+1192.9932253922561i) (-7219.746092608744+1192.5421144660104i) (-7219.734317604873+1192.09101407458i) (-7219.722547300646+1191.6399240823157i) (-7219.71078194047+1191.1888446744197i) (-7219.699021146771+1190.7377756344722i) (-7219.6872652845705+1190.2867172128936i) (-7219.675513691911+1189.8356689836583i) (-7219.663767481741+1189.384631094421i) (-7219.652025372627+1188.9336041369606i) (-7219.640288290695+1188.4825872709844i) (-7219.628556021969+1188.0315806439576i) (-7219.61682817797+1187.5805846850817i) (-7219.605105432802+1187.1295990955296i) (-7219.593387034714+1186.6786242150774i) (-7219.581673586432+1186.2276591751615i) (-7219.5699650698825+1185.7767049404174i) (-7219.55826086098+1185.325760994594i) (-7219.5465615369285+1184.8748273436795i) (-7219.534866745405+1184.4239042169756i) (-7219.523176876326+1183.9729913749215i) (-7219.511491554487+1183.5220890196179i) (-7219.499811003196+1183.0711971280725i) (-7219.488135181542+1182.6203155364237i) (-7219.476464186764+1182.1694444933455i) (-7219.464797904033+1181.718583607908i) (-7219.453136489294+1181.2677334265209i) (-7219.44147972129+1180.8168927515471i) (-7219.4298271033185+1180.3660633168838i) (-7219.4181800158985+1179.915244046002i) (-7219.406537292854+1179.4644350165217i) (-7219.394899558654+1179.0136362499834i) (-7219.383266254534+1178.5628477308164i) (-7219.371637832033+1178.1120695148165i) (-7219.360013902255+1177.6613017277123i) (-7219.3483946961205+1177.2105443092114i) (-7219.336780148038+1176.759797145165i) (-7219.325170456821+1176.3090602933298i) (-7219.313565038794+1175.85833431816i) (-7219.301965162964+1175.4076177581264i) (-7219.29036966969+1174.9569123243164i) (-7219.2787786555145+1174.5062165755226i) (-7219.267192624684+1174.0555313349978i) (-7219.255611138378+1173.60485638084i) (-7219.244034450785+1173.1541917245631i) (-7219.232462441001+1172.70353739649i) (-7219.220895091588+1172.2528933066642i) (-7219.209332479724+1171.8022594477734i) (-7219.197774576905+1171.3516357834633i) (-7219.186221482514+1170.9010226199316i) (-7219.174672898371+1170.4504197059905i) (-7219.163129172273+1169.9998266979783i) (-7219.151590033858+1169.5492444292177i) (-7219.140055648128+1169.0986719667198i) (-7219.12852598905+1168.6481103198312i) (-7219.117001345316+1168.1975583846106i) (-7219.10548087075+1167.7470168403488i) (-7219.093965449409+1167.2964855200298i) (-7219.0824544811585+1166.8459645722287i) (-7219.070948461529+1166.395453713958i) (-7219.059447049169+1165.9449531522623i) (-7219.047950330536+1165.4944626159777i) (-7219.036458344253+1165.0439825609174i) (-7219.0249710047665+1164.5935125328579i) (-7219.013488359498+1164.1430528767087i) (-7219.00201044339+1163.6926032287556i) (-7218.990537302183+1163.24216393373i) (-7218.979068846347+1162.7917345644128i) (-7218.967604719834+1162.341315927937i) (-7218.956146243885+1161.8909070669906i) (-7218.944691606837+1161.4405080229117i) (-7218.933241771238+1160.990119711245i) (-7218.921796677607+1160.539741525332i) (-7218.910356336728+1160.0893733110643i) (-7218.8989206664355+1159.639015532437i) (-7218.887489802324+1159.1886676982103i) (-7218.876063536105+1158.738330350112i) (-7218.864642062894+1158.2880026465864i) (-7218.853225378183+1157.8376857447474i) (-7218.841813575424+1157.3873780066897i) (-7218.830406071127+1156.9370812572015i) (-7218.81900352778+1156.4867930904002i) (-7218.807603584613+1156.0365171431185i) (-7218.796211627077+1155.5862514049477i) (-7218.784822745885+1155.1359942469753i) (-7218.77343896821+1154.685748046566i) (-7218.762059609218+1154.2355116038816i) (-7218.75068522368+1153.7852855027159i) (-7218.7393152867735+1153.335069360135i) (-7218.727950184166+1152.8848634238457i) (-7218.716589614454+1152.4346674623084i) (-7218.705233865618+1151.9844817110716i) (-7218.693882736323+1151.5343058554063i) (-7218.682536381912+1151.0841403686973i) (-7218.671194465387+1150.6339846031588i) (-7218.659857494471+1150.1838392950303i) (-7218.648525072733+1149.7337038619116i) (-7218.637197513437+1149.2835786010655i) (-7218.625874402358+1148.833463351879i) (-7218.614556309791+1148.3833581361578i) (-7218.603242663239+1147.9332629686724i) (-7218.591933655247+1147.4831777814506i) (-7218.580629546417+1147.033102959529i) (-7218.569329976595+1146.583037643646i) (-7218.55803510634+1146.1329827886875i) (-7218.546744829935+1145.682937702466i) (-7218.53545939733+1145.2329029147004i) (-7218.5241784433565+1144.782878003156i) (-7218.512902426504+1144.3328631369877i) (-7218.501630784722+1143.8828584063704i) (-7218.49036427542+1143.4328637455474i) (-7218.479102243025+1142.9828789122403i) (-7218.467844792765+1142.5329041170698i) (-7218.456592300183+1142.0829393390122i) (-7218.445344423297+1141.6329843561107i) (-7218.434101156476+1141.183039467549i) (-7218.422862414602+1140.733104358569i) (-7218.411628334408+1140.2831794955637i) (-7218.400398741887+1139.8332643091635i) (-7218.389174127406+1139.3833599096797i) (-7218.377953449959+1138.9334647679098i) (-7218.366739068671+1138.4835813803802i) (-7218.355529164426+1138.0337043954787i) (-7218.34432237611+1137.5838399448585i) (-7218.333121141381+1137.1339846986448i) (-7218.321924571452+1136.6841399626428i) (-7218.310732638487+1136.2343047995091i) (-7218.299545760565+1135.784479706217i) (-7218.288363426371+1135.3346643773184i) (-7218.277185683421+1134.8848585708147i) (-7218.266012516604+1134.4350630955778i) (-7218.254843125542+1133.985276954074i) (-7218.243679613923+1133.535502980365i) (-7218.23252099007+1133.0857359047804i) (-7218.2213655248925+1132.635980730036i) (-7218.210215845185+1132.1862350560077i) (-7218.199070969757+1131.7364995666576i) (-7218.187930627322+1131.2867735434484i) (-7218.176795087447+1130.8370574923902i) (-7218.1656642745365+1130.3873511155762i) (-7218.15453776767+1129.9376544815022i) (-7218.143415910425+1129.4879680923077i) (-7218.132298895733+1129.0382913629292i) (-7218.121186569968+1128.5886247305025i) (-7218.110078720918+1128.138967855597i) (-7218.09897582042+1127.6893209422888i) (-7218.087877241756+1127.2396835882719i) (-7218.076783552689+1126.7900562739778i) (-7218.0656943610775+1126.340439092066i) (-7218.054609931547+1125.890831326451i) (-7218.043530431329+1125.441233848971i) (-7218.032455223518+1124.9916459996966i) (-7218.021384842661+1124.5420679207564i) (-7218.010319228853+1124.0924996321664i) (-7217.999258228709+1123.6429413324222i) (-7217.988201561046+1123.1933927560858i) (-7217.977149986433+1122.7438540410003i) (-7217.966102794322+1122.2943251576653i) (-7217.955060490689+1121.8448060276423i) (-7217.944022676213+1121.3952969974307i) (-7217.932989667675+1120.945797256525i) (-7217.9219611978315+1120.4963076432614i) (-7217.91093744984+1120.0468278328553i) (-7217.899918349996+1119.5973577665463i) (-7217.888903875033+1119.1478974490856i) (-7217.877894114343+1118.698446951752i) (-7217.866888874931+1118.2490062530596i) (-7217.855888537168+1117.799575542289i) (-7217.844892753365+1117.350154353997i) (-7217.833901636175+1116.9007430444908i) (-7217.822915303486+1116.451341368498i) (-7217.811933503235+1116.0019496732566i) (-7217.800956484745+1115.552567593757i) (-7217.789984118037+1115.1031947582887i) (-7217.779016388449+1114.6538323123605i) (-7217.7680529404315+1114.2044791772823i) (-7217.757094488212+1113.755136116295i) (-7217.74614046731+1113.3058026999752i) (-7217.735191336669+1112.8564790767778i) (-7217.724246638689+1112.4071652518069i) (-7217.713306967253+1111.9578611031902i) (-7217.702371617015+1111.5085668655083i) (-7217.691441285488+1111.0592819338417i) (-7217.680515390442+1110.6100071367327i) (-7217.6695943257455+1110.1607411640216i) (-7217.658677989599+1109.7114857907764i) (-7217.647765660149+1109.2622390018769i) (-7217.636858810281+1108.8130029450367i) (-7217.625954102916+1108.363775101232i) (-7217.615056807343+1107.9145621569078i) (-7217.604165890441+1107.4653520859792i) (-7217.593275214527+1107.0161546293202i) (-7217.5823914651555+1106.5669663981244i) (-7217.571511429007+1106.1177886766454i) (-7217.560636803055+1105.6686200186305i) (-7217.549766545317+1105.2194617042915i) (-7217.538901147445+1104.770312413635i) (-7217.528040505895+1104.3211733030876i) (-7217.517184394688+1103.8720432388654i) (-7217.506333314524+1103.42292319614i) (-7217.49548643818+1102.9738122907002i) (-7217.484644342512+1102.5247113041478i) (-7217.473806694046+1102.0756197471565i) (-7217.46297397606+1101.6265378747848i) (-7217.45214521366+1101.1774657770256i) (-7217.441321752285+1100.7284032322204i) (-7217.430502620005+1100.2793506238013i) (-7217.419688349391+1099.8303074354226i) (-7217.408878625971+1099.3812740201756i) (-7217.39807364807+1098.9322499009759i) (-7217.387273558828+1098.4832355881736i) (-7217.376477975624+1098.0342305742524i) (-7217.365686940204+1097.5852353226837i) (-7217.354900452156+1097.1362491715881i) (-7217.344118635072+1096.6872732716038i) (-7217.333341455431+1096.238306671352i) (-7217.322568770247+1095.7893496321121i) (-7217.311800741692+1095.3404023095572i) (-7217.301037365658+1094.8914644920296i) (-7217.290278822795+1094.4425364602612i) (-7217.2795247631475+1093.993617895445i) (-7217.268775683398+1093.5447088447872i) (-7217.258031000183+1093.0958093797708i) (-7217.247291329557+1092.6469192460354i) (-7217.236555797066+1092.198038743918i) (-7217.225825318947+1091.74916736237i) (-7217.215098951619+1091.3003060667506i) (-7217.204377592518+1090.8514535563772i) (-7217.193660119481+1090.4026118219517i) (-7217.182947736288+1089.9537776276375i) (-7217.172239387934+1089.5049573581637i) (-7217.161539477069+1089.0561429115805i) (-7217.150839409107+1088.607335946912i) (-7217.1401459644985+1088.1585427580612i) (-7217.129456129522+1087.7097569505968i) (-7217.118772200076+1087.2609816315417i) (-7217.108092208324+1086.8122152309807i) (-7217.097417465224+1086.3634585711552i) (-7217.086746802292+1085.9147112416795i) (-7217.076081103443+1085.4659732443688i) (-7217.065419894481+1085.0172450218997i) (-7217.054763446402+1084.5685258118756i) (-7217.044111282834+1084.119816452203i) (-7217.033464021239+1083.6711163799882i) (-7217.022821420105+1083.2224259179784i) (-7217.012183344103+1082.7737448475127i) (-7217.00154993324+1082.3250730977306i) (-7216.990920869126+1081.8764108402538i) (-7216.9802969992725+1081.4277581501083i) (-7216.969676969184+1080.9791152166i) (-7216.959062614125+1080.5304809811823i) (-7216.948452376579+1080.081856150202i) (-7216.937846181441+1079.633241810654i) (-7216.927245531704+1079.184635941143i) (-7216.916649147628+1078.7360398970777i) (-7216.906057301945+1078.2874531891066i) (-7216.895469954561+1077.8388759863265i) (-7216.8848880948535+1077.3903068920663i) (-7216.874309711566+1076.9417491670392i) (-7216.863736486655+1076.4932001474735i) (-7216.853167869271+1076.0446602888442i) (-7216.842603864185+1075.5961298762995i) (-7216.832044478582+1075.147608635336i) (-7216.821489544536+1074.6990971685009i) (-7216.810939607965+1074.2505950544873i) (-7216.8003939924565+1073.8021021523564i) (-7216.789853139955+1073.3536186484453i) (-7216.779316838414+1072.9051444798788i) (-7216.7687852981435+1072.4566796761173i) (-7216.758258097772+1072.0082243292345i) (-7216.747735697083+1071.5597782975092i) (-7216.737217908487+1071.111341546086i) (-7216.726704822027+1070.6629141577614i) (-7216.716196240968+1070.2144963032479i) (-7216.705692447682+1069.7660874890207i) (-7216.695192920966+1069.317687936571i) (-7216.684698262889+1068.8692980678934i) (-7216.674208203829+1068.4209174384887i) (-7216.663722685258+1067.9725461690214i) (-7216.653241890477+1067.524184029582i) (-7216.642765706683+1067.0758312794314i) (-7216.632294188881+1066.6274879422017i) (-7216.62182725501+1066.1791537817844i) (-7216.611364966335+1065.7308289349457i) (-7216.6009072834095+1065.2825133404403i) (-7216.590454077819+1064.834206958636i) (-7216.580005828491+1064.3859101510425i) (-7216.569561876977+1063.9376222621613i) (-7216.559122562918+1063.4893437707942i) (-7216.548687897222+1063.041074597455i) (-7216.538257814347+1062.5928148123967i) (-7216.527832381133+1062.1445642131584i) (-7216.517411602217+1061.6963228651002i) (-7216.5069954946375+1061.248090693167i) (-7216.496583925844+1060.7998678611148i) (-7216.486176921302+1060.3516541729732i) (-7216.475774512866+1059.9034498576875i) (-7216.465376760874+1059.4552546293598i) (-7216.4549833963465+1059.0070689958447i) (-7216.444595382352+1058.5588924331496i) (-7216.434211279342+1058.1107245312087i) (-7216.423832011187+1057.6625662545957i) (-7216.413456964296+1057.2144171300242i) (-7216.403086603177+1056.7662777537917i) (-7216.392721154189+1056.3181473507975i) (-7216.382360334515+1055.870026236229i) (-7216.372004105018+1055.4219144411545i) (-7216.361653119315+1054.973811506341i) (-7216.3513061550275+1054.5257173140126i) (-7216.34096368734+1054.0776325921943i) (-7216.330625562285+1053.629556900476i) (-7216.320292161894+1053.1814908123379i) (-7216.309963388132+1052.7334341105889i) (-7216.299639118621+1052.2853862868324i) (-7216.289319815614+1051.8373480644404i) (-7216.279005637622+1051.3893186794994i) (-7216.268695413575+1050.9412981621717i) (-7216.258389922881+1050.4932867172174i) (-7216.248088787281+1050.0452845932596i) (-7216.237792190001+1049.5972916423743i) (-7216.227500345009+1049.149308048196i) (-7216.217213082893+1048.7013337901444i) (-7216.206930583305+1048.253368286285i) (-7216.196652655472+1047.805412112979i) (-7216.186379391242+1047.3574648238646i) (-7216.17611054036+1046.9095269447098i) (-7216.165846391614+1046.4615978973488i) (-7216.155586812303+1046.0136782761256i) (-7216.145331936597+1045.5657674258473i) (-7216.135081619306+1045.1178658993922i) (-7216.124835822899+1044.6699733521673i) (-7216.114594489147+1044.2220899660242i) (-7216.104357833146+1043.7742155902743i) (-7216.094125736727+1043.3263506196854i) (-7216.083898415933+1042.8784947698296i) (-7216.07367550201+1042.430647692905i) (-7216.063457463264+1041.982810037236i) (-7216.053243811071+1041.5349812453787i) (-7216.04303507067+1041.0871616773147i) (-7216.032830778646+1040.6393511112074i) (-7216.022631121668+1040.1915494175992i) (-7216.0124361050475+1039.743756888689i) (-7216.002245611127+1039.295973208842i) (-7215.9920598175995+1038.8481988160383i) (-7215.981878296441+1038.4004331901124i) (-7215.971701549275+1037.9526766897943i) (-7215.961529157423+1037.5049292235162i) (-7215.95136172944+1037.0571909107566i) (-7215.941198346027+1036.609461702108i) (-7215.931039928728+1036.1617414621833i) (-7215.920885937663+1035.7140302853295i) (-7215.91073684179+1035.266328372756i) (-7215.900592214824+1034.8186350109354i) (-7215.890452076954+1034.370950935001i) (-7215.880316563527+1033.9232757613681i) (-7215.870185931444+1033.4756097386999i) (-7215.8600593617375+1033.027952618304i) (-7215.84993788409+1032.5803044414752i) (-7215.839820683381+1032.13266537663i) (-7215.829708319996+1031.6850349658962i) (-7215.819600186609+1031.2374141354667i) (-7215.8094970666425+1030.789801667077i) (-7215.799398230578+1030.3421986561734i) (-7215.789304127753+1029.8946040621668i) (-7215.779214691185+1029.4470191388464i) (-7215.7691296091+1028.9994422232703i) (-7215.759048841417+1028.5518752448588i) (-7215.748973332093+1028.1043173410144i) (-7215.738902435973+1027.6567670524528i) (-7215.7288352278265+1027.209226639272i) (-7215.718773526023+1026.761695304136i) (-7215.708715777895+1026.314172525119i) (-7215.698662943643+1025.8666586662148i) (-7215.688614434632+1025.419154092866i) (-7215.678570834809+1024.9716581749344i) (-7215.6685315292525+1024.5241713883806i) (-7215.658496900072+1024.0766937481967i) (-7215.648467210518+1023.6292245904115i) (-7215.638441893008+1023.1817642108981i) (-7215.6284213456165+1022.7343129989058i) (-7215.618404875484+1022.2868706424124i) (-7215.608393191227+1021.8394369646085i) (-7215.598386112739+1021.392012384149i) (-7215.588383646487+1020.9445967019601i) (-7215.578385679826+1020.4971901612953i) (-7215.568392126865+1020.049792158301i) (-7215.558403594077+1019.6024030927438i) (-7215.548419421502+1019.155023131083i) (-7215.538440054244+1018.7076519621041i) (-7215.528464892686+1018.2602895898708i) (-7215.518494769149+1017.8129357290818i) (-7215.508529193365+1017.3655912497379i) (-7215.498568018749+1016.9182547665696i) (-7215.488610082064+1016.4709278961527i) (-7215.478659147857+1016.0236095964174i) (-7215.468710548916+1015.5763014428121i) (-7215.458768528715+1015.1289998809189i) (-7215.448830222893+1014.6817084610302i) (-7215.438896068808+1014.2344257274199i) (-7215.4289667522535+1013.7871514794169i) (-7215.419042254798+1013.3398862973118i) (-7215.409122200414+1012.8926300888961i) (-7215.399206556434+1012.4453826032295i) (-7215.389295629557+1011.9981437142233i) (-7215.379389277219+1011.5509137529225i) (-7215.369487653636+1011.1036927990026i) (-7215.359590298784+1010.6564804107038i) (-7215.349697803082+1010.2092767997892i) (-7215.339809707748+1009.7620818346659i) (-7215.329926202587+1009.3148960466497i) (-7215.320047198606+1008.867718915666i) (-7215.310172804773+1008.4205504557285i) (-7215.300303205302+1007.9733907692571i) (-7215.290437981224+1007.5262398903833i) (-7215.280577344762+1007.0790978024197i) (-7215.270721176334+1006.631964335942i) (-7215.260869792835+1006.1848395664529i) (-7215.251022807333+1005.7377238715126i) (-7215.241180458062+1005.2906167997971i) (-7215.231342505991+1004.8435184878326i) (-7215.221509377252+1004.3964287314811i) (-7215.211680725952+1003.949347838392i) (-7215.201856653199+1003.5022758654632i) (-7215.192036946413+1003.0552122763329i) (-7215.1822223186755+1002.6081576228971i) (-7215.172411748914+1002.1611116480781i) (-7215.162606286085+1001.7140743982418i) (-7215.152804733272+1001.2670454385334i) (-7215.143007926046+1000.8200257171993i) (-7215.133215675998+1000.3730145577138i) (-7215.123428228751+999.9260121372863i) (-7215.113644873236+999.4790185296843i) (-7215.1038667071625+999.0320335430151i) (-7215.094092733731+998.5850571809424i) (-7215.084323933928+998.1380895592883i) (-7215.07455890884+997.6911301690052i) (-7215.064798479838+997.2441800734086i) (-7215.055043094348+996.7972383673878i) (-7215.045292044146+996.3503053256463i) (-7215.035545522345+995.9033809499015i) (-7215.025803512566+995.4564651892069i) (-7215.016066028586+995.0095580856287i) (-7215.006333148998+994.5626597268965i) (-7214.996604746804+994.1157703353092i) (-7214.9868810006465+993.668889178316i) (-7214.9771618993855+993.222016933636i) (-7214.967447442839+992.7751532093534i) (-7214.9577376171255+992.3282981625307i) (-7214.948032335149+991.8814516649363i) (-7214.93833156439+991.434613647034i) (-7214.9286353229745+990.987784171939i) (-7214.918943719207+990.5409633929376i) (-7214.909256545863+990.0941511360761i) (-7214.89957384359+989.6473475048442i) (-7214.889895678012+989.2005524148444i) (-7214.880222029071+988.7537660223934i) (-7214.870552946195+988.3069882606796i) (-7214.86088836455+987.8602191931568i) (-7214.851228293766+987.413458682011i) (-7214.841572994057+986.9667069201823i) (-7214.83192222023+986.5199634953642i) (-7214.822276268766+986.073228929974i) (-7214.812634421771+985.6265024249515i) (-7214.8029974243655+985.1797848639617i) (-7214.793364801109+984.7330756318879i) (-7214.783736901492+984.2863750586439i) (-7214.77411331686+983.8396830136917i) (-7214.764494375018+983.392999479438i) (-7214.75487986227+982.946324587836i) (-7214.745270163861+982.4996582243075i) (-7214.73566475814+982.0530004701031i) (-7214.726064062666+981.6063512849687i) (-7214.716467750808+981.1597105687579i) (-7214.706876297623+980.7130782538843i) (-7214.6972894063365+980.2664546496198i) (-7214.687706775476+979.819839369713i) (-7214.678128808771+979.3732327669786i) (-7214.66855546732+978.9266344753923i) (-7214.658986600754+978.4800448383103i) (-7214.649422336224+978.0334636046828i) (-7214.639862302311+977.5868909041565i) (-7214.630307184903+977.1403268428985i) (-7214.620756629927+976.6937710782186i) (-7214.61121048393+976.2472240956158i) (-7214.601668817124+975.8006851135651i) (-7214.592131903657+975.3541550359114i) (-7214.582599255633+974.9076330452008i) (-7214.573071414376+974.4611201080879i) (-7214.563548256772+974.0146152096349i) (-7214.554029388484+973.568118525407i) (-7214.544514801382+973.1216306305469i) (-7214.535005600021+972.6751511433868i) (-7214.525499834272+972.2286802721683i) (-7214.515999442243+971.782217290387i) (-7214.506503005301+971.3357633604901i) (-7214.497011622181+970.8893176477904i) (-7214.4875242890175+970.4428807380573i) (-7214.478042147173+969.9964514717503i) (-7214.468564182987+969.5500316275829i) (-7214.459090993134+969.1036190765772i) (-7214.449622135286+968.6572159989373i) (-7214.440158081812+968.2108199090471i) (-7214.430698160784+967.7644336676458i) (-7214.421243038032+967.3180538406414i) (-7214.411790117047+966.8716847555879i) (-7214.402345891214+966.4253252686285i) (-7214.3929050614715+965.9789699091161i) (-7214.383466992831+965.5326256037552i) (-7214.374034826256+965.0862885813622i) (-7214.364606244881+964.63996092054i) (-7214.355182996651+964.1936408361034i) (-7214.345763677313+963.7473299994126i) (-7214.336349478937+963.3010267522332i) (-7214.326939535+962.8547328365421i) (-7214.31753448692+962.4084460482336i) (-7214.308133441667+961.9621687000654i) (-7214.298737350262+961.5158987529903i) (-7214.289345713038+961.0696379119436i) (-7214.2799583852175+960.6233846333489i) (-7214.270575869981+960.1771405875479i) (-7214.26119766683+959.7309040560576i) (-7214.251824169696+959.284676429048i) (-7214.242455001753+958.8384567017638i) (-7214.233090576079+958.3922457230328i) (-7214.223730367556+957.9460426141341i) (-7214.214374973875+957.4998482574629i) (-7214.205023935579+957.0536619221784i) (-7214.195677588175+956.6074841856243i) (-7214.186335641887+956.1613144796283i) (-7214.17699834923+955.715153284902i) (-7214.167665578891+955.2690001369883i) (-7214.158337304289+954.8228556194153i) (-7214.149013529488+954.3767189447208i) (-7214.13969437671+953.9305910130424i) (-7214.130379664541+953.4844708952842i) (-7214.1210696135495+953.0383595020685i) (-7214.111763841647+952.5922559525607i) (-7214.102462812807+952.1461610040824i) (-7214.093166163826+951.7000739880568i) (-7214.0838742635715+951.253995750234i) (-7214.074586395453+950.8079251187264i) (-7214.065303600892+950.3618636019928i) (-7214.056024429508+949.9158093426122i) (-7214.046751594698+949.469766023285i) (-7214.037484054577+949.023725637795i) (-7214.028216060504+948.5776965853984i) (-7214.018956662669+948.1316767751159i) (-7214.009700395614+947.68566405823i) (-7214.000449556432+947.2396598868727i) (-7213.991202445037+946.7936639234722i) (-7213.981961035348+946.3476759000769i) (-7213.97272276962+945.9016956280138i) (-7213.9634898057775+945.4557244977877i) (-7213.954261065843+945.0097609429758i) (-7213.945037120691+944.5638056967109i) (-7213.935817017171+944.1178587431714i) (-7213.926602465828+943.671920106397i) (-7213.917391537554+943.2259892525726i) (-7213.908185472095+942.7800670410288i) (-7213.898983746902+942.3341528048404i) (-7213.889787015789+941.8882468105003i) (-7213.880594404844+941.4423490265726i) (-7213.871406612936+940.9964592727192i) (-7213.862223107713+940.55057764503i) (-7213.853044257721+940.1047041621168i) (-7213.843869776931+939.6588387953489i) (-7213.834699811916+939.2129817938549i) (-7213.825534440617+938.7671329662553i) (-7213.816373563688+938.3212920786063i) (-7213.807217160922+937.8754594034181i) (-7213.798065448398+937.429634971515i) (-7213.788918110815+936.9838185596091i) (-7213.7797753775885+936.5380103478674i) (-7213.770637138994+936.0922099632371i) (-7213.761503390364+935.6464181257143i) (-7213.752374251313+935.2006341130036i) (-7213.743249521882+934.7548583704956i) (-7213.734129357448+934.3090904299897i) (-7213.72501363333+933.86333077378i) (-7213.715902347845+933.4175792548958i) (-7213.706795674916+932.9718359185972i) (-7213.69769338476+932.5261006625442i) (-7213.688596044203+932.0803732725799i) (-7213.679502745559+931.6346541918283i) (-7213.670414286968+931.1889430714727i) (-7213.661330086983+930.743240197582i) (-7213.652250329367+930.2975446580786i) (-7213.643175106234+929.8518587221006i) (-7213.634105504825+929.406179720565i) (-7213.625038794518+928.960508229753i) (-7213.615977323643+928.5148458435069i) (-7213.606919876207+928.0691910212372i) (-7213.597867517103+927.6235446656465i) (-7213.588819228466+927.1779062941714i) (-7213.579775864022+926.7322759760464i) (-7213.570736840395+926.2866536167166i) (-7213.561702681483+925.8410392865953i) (-7213.5526728327095+925.3954330655979i) (-7213.543647597431+924.9498346489418i) (-7213.534626839424+924.5042442099548i) (-7213.5256107368805+924.058661666335i) (-7213.516598979588+923.6130872722788i) (-7213.507591633272+923.1675207199878i) (-7213.498588647035+922.7219620626565i) (-7213.48959006077+922.2764113915546i) (-7213.480596260595+921.83086908732i) (-7213.471606672525+921.3853345569187i) (-7213.462621620369+920.9398081685031i) (-7213.453641299817+920.4942898316403i) (-7213.444665427971+920.0487795082227i) (-7213.435694159252+919.6032771027712i) (-7213.4267272503275+919.1577826964094i) (-7213.417765085338+918.712296103251i) (-7213.40880682014+918.2668172312733i) (-7213.399853629649+917.8213467434798i) (-7213.390905380495+917.3758841430827i) (-7213.381960771847+916.9304293716705i) (-7213.373020730378+916.4849826183381i) (-7213.364085552159+916.0395436311665i) (-7213.355154586345+915.5941126707221i) (-7213.346228302074+915.1486896874922i) (-7213.337306406931+914.7032748287202i) (-7213.32838912144+914.2578677320489i) (-7213.319476314306+913.8124686728988i) (-7213.310568102364+913.3670774690945i) (-7213.301664507684+912.9216938698883i) (-7213.292764905722+912.4763184404801i) (-7213.283870180623+912.0309509284671i) (-7213.27497984619+911.5855913011146i) (-7213.266093993769+911.1402395046534i) (-7213.257212663759+910.6948959841902i) (-7213.248336186567+910.2495597891284i) (-7213.239463745946+909.8042317200525i) (-7213.230596057179+909.358911353971i) (-7213.221732607573+908.9135991628791i) (-7213.212873773544+908.4682946019093i) (-7213.204019572011+908.0229980619479i) (-7213.1951696478445+907.5777093573561i) (-7213.186324332935+907.1324283456852i) (-7213.177483413423+906.6871554056925i) (-7213.1686469766755+906.2418901711499i) (-7213.159815029638+905.7966331258867i) (-7213.150987805926+905.3513835917038i) (-7213.142165043821+904.9061422006307i) (-7213.13334678635+904.4609082736861i) (-7213.124533032205+904.0156825045487i) (-7213.115723470706+903.5704641082302i) (-7213.106918602625+903.125253931099i) (-7213.098118217156+902.6800516159965i) (-7213.08932235403+902.2348569276473i) (-7213.080530923189+901.7896702037433i) (-7213.0717441767465+901.3444910649341i) (-7213.062961559812+900.8993201993035i) (-7213.054184382829+900.4541566817788i) (-7213.0454105247445+900.009000402064i) (-7213.036641246181+899.5638530970682i) (-7213.0278771056965+899.1187130407561i) (-7213.019117168191+898.6735808901649i) (-7213.010361887598+898.2284564182228i) (-7213.001610728694+897.7833394713416i) (-7212.992864397049+897.3382306770545i) (-7212.984122217455+896.8931294940376i) (-7212.975384869824+896.4480361562819i) (-7212.966651678518+896.0029507022664i) (-7212.9579234609555+895.5578726813801i) (-7212.949199463492+895.1128028474195i) (-7212.9404799400545+894.6677400787812i) (-7212.931765184923+894.2226858751201i) (-7212.923054755382+893.7776375548347i) (-7212.914346930176+893.3325991619458i) (-7212.9056463028755+892.8875684864506i) (-7212.896949155311+892.442544699581i) (-7212.888256811231+891.9975289492395i) (-7212.879568713051+891.5525205160993i) (-7212.870885141347+891.1075199918268i) (-7212.862206081176+890.6625271203557i) (-7212.853531343331+890.217541730417i) (-7212.8448609328225+889.7725644880957i) (-7212.836195147625+889.3275947525399i) (-7212.827534042146+888.8826329739604i) (-7212.818877011781+888.4376786906214i) (-7212.810225120538+887.9927326354591i) (-7212.801577852806+887.5477930620327i) (-7212.792933915251+887.1028617027987i) (-7212.784295300869+886.6579384888173i) (-7212.775660905118+886.213022541855i) (-7212.76703105908+885.7681144326234i) (-7212.758405689299+885.3232137981759i) (-7212.749784990163+884.8783210284455i) (-7212.741168493481+884.4334356864201i) (-7212.732556630737+883.9885582162242i) (-7212.7239491806795+883.5436882230642i) (-7212.715346302168+883.098825973495i) (-7212.706747783464+882.6539713339662i) (-7212.698153791629+882.2091243298928i) (-7212.689564206634+881.7642849903859i) (-7212.680979239412+881.3194531922418i) (-7212.6723986714205+880.8746289912378i) (-7212.663822478025+880.4298128199989i) (-7212.655250889984+879.9850038030745i) (-7212.646683834391+879.5402027566051i) (-7212.638121185304+879.0954089725055i) (-7212.629563152968+878.6506231168387i) (-7212.621009354523+878.2058445182265i) (-7212.612460260949+877.7610737801006i) (-7212.603915386699+877.316310420978i) (-7212.5953752362475+876.871554903948i) (-7212.586839320469+876.4268067925987i) (-7212.578308136966+875.9820663128157i) (-7212.569781146369+875.5373335046206i) (-7212.5612590399505+875.0926082141923i) (-7212.552741025425+874.6478905082804i) (-7212.544227761991+874.2031802104138i) (-7212.535718843064+873.7584776841541i) (-7212.527214424696+873.3137824418118i) (-7212.518714429483+872.8690950156779i) (-7212.5102188210585+872.4244148348916i) (-7212.501727666389+871.9797427190351i) (-7212.493241272183+871.5350777710664i) (-7212.484759161027+871.0904205028019i) (-7212.47628149539+870.6457706311594i) (-7212.467808423862+870.2011283811371i) (-7212.459339718243+869.7564935573137i) (-7212.45087553854+869.311866475884i) (-7212.442415676858+868.8672468694385i) (-7212.433960500304+868.4226345980715i) (-7212.425509900859+867.978030017417i) (-7212.417063579891+867.533432589873i) (-7212.40862181806+867.0888430430132i) (-7212.400184095877+866.6442606702622i) (-7212.3917512826665+866.1996859352985i) (-7212.383322667054+865.7551188988909i) (-7212.374898669092+865.3105592150823i) (-7212.36647905756+864.8660073447536i) (-7212.358064348577+864.4214625208515i) (-7212.349653755748+863.976925308667i) (-7212.341247934946+863.5323952506369i) (-7212.332846003577+863.0878729904871i) (-7212.324448800275+862.643358051344i) (-7212.316056106138+862.198850669618i) (-7212.3076675331795+861.7543505074282i) (-7212.29928393547+861.3098582752355i) (-7212.290904116129+860.8653733437604i) (-7212.282529615695+860.420895911695i) (-7212.274158779161+859.9764261949022i) (-7212.265793730083+859.5319634368534i) (-7212.257432047692+859.0875089381079i) (-7212.249075915923+858.6430602368091i) (-7212.240723947492+858.1986210887299i) (-7212.232377001215+857.7541832123134i) (-7212.224027288517+857.3097608579592i) (-7212.215693607715+856.8653447992947i) (-7212.20735787414+856.420931940509i) (-7212.199028815234+855.9765283968918i) (-7212.190702090305+855.5321317920643i) (-7212.182381217328+855.0877429094144i) (-7212.174063480677+854.6433618244446i) (-7212.1657511628+854.198987658725i) (-7212.157442861153+853.7546217539748i) (-7212.149139337162+853.3102625911306i) (-7212.14084028433+852.8659116516392i) (-7212.132545775596+852.4215671663624i) (-7212.124256079449+851.9772306441992i) (-7212.115970553092+851.5329007422879i) (-7212.107689690136+851.0885786037288i) (-7212.099412833661+850.6442635892781i) (-7212.091140726945+850.1999559052747i) (-7212.082872914565+849.755655878067i) (-7212.07460952687+849.3113627600105i) (-7212.066350527544+848.8670774707352i) (-7212.058096051194+848.4227992254382i) (-7212.049846100977+847.9785286446386i) (-7212.041600724115+847.5342651900028i) (-7212.033359784713+847.0900091978947i) (-7212.025123002666+846.645760422798i) (-7212.016891414987+846.2015189705198i) (-7212.00866361587+845.7572844265815i) (-7212.000440622116+845.3130574796305i) (-7211.9922217173735+844.8688378421502i) (-7211.9840076546025+844.4246253913552i) (-7211.9757970642495+843.9804205656656i) (-7211.96759176884+843.536222994604i) (-7211.959390742948+843.0920326286287i) (-7211.951194277797+842.6478494448529i) (-7211.943002459029+842.2036738262104i) (-7211.93481486561+841.7595052898214i) (-7211.926632068167+841.3153441973409i) (-7211.9184532457+840.871190094942i) (-7211.910279522948+840.4270431692021i) (-7211.902109541021+839.9829036578412i) (-7211.8939448922865+839.5387708400231i) (-7211.885782422865+839.0946457502832i) (-7211.8776267601315+838.6505292387155i) (-7211.869475131727+838.2064179490299i) (-7211.861327410388+837.762314855474i) (-7211.853184332744+837.3182187246675i) (-7211.845045734335+836.8741300333859i) (-7211.836911504666+836.4300483489933i) (-7211.828781969172+835.9859740981083i) (-7211.820656628544+835.5419070216085i) (-7211.812535956964+835.097847200399i) (-7211.80441961922+834.6537944408083i) (-7211.796307788514+834.209748905334i) (-7211.78820028677+833.765710737709i) (-7211.780097275841+833.3216795656917i) (-7211.771998619031+832.8776557557176i) (-7211.763904526437+832.4336389526798i) (-7211.755814840555+831.9896296671068i) (-7211.747729498311+831.5456272201882i) (-7211.739648875358+831.1016321657371i) (-7211.7315726087145+830.6576443557497i) (-7211.723500568492+830.2136634909584i) (-7211.715433275334+829.7696897880996i) (-7211.707370180971+829.3257234803241i) (-7211.699311628807+828.8817641359383i) (-7211.6912574029375+828.4378121900554i) (-7211.683207763592+827.9938670179326i) (-7211.675162243286+827.5499299112962i) (-7211.667122366274+827.1059991409056i) (-7211.659085752301+826.66207519214i) (-7211.651053961075+826.2181590134824i) (-7211.643026395021+825.7742495573693i) (-7211.635003545056+825.3303476674373i) (-7211.626984969134+824.8864524457567i) (-7211.618970980355+824.4425646281052i) (-7211.610961172493+823.9986837333927i) (-7211.6029558261+823.5548101536224i) (-7211.594954824439+823.1109435130638i) (-7211.586958576358+822.6670841865998i) (-7211.578966701745+822.2232321605443i) (-7211.570979126453+821.779386891656i) (-7211.562996382196+821.3355487572699i) (-7211.555017784893+820.8917179293203i) (-7211.54704352887+820.447893835164i) (-7211.539074123182+820.004076877085i) (-7211.5311086863185+819.5602669839245i) (-7211.523147901811+819.1164641611867i) (-7211.515191453174+818.6726685345275i) (-7211.507239322229+818.2288797934089i) (-7211.499291514854+817.7850983833887i) (-7211.491348308162+817.3413239818146i) (-7211.483409544668+816.8975565883884i) (-7211.475475001556+816.4537966065982i) (-7211.4675453718955+816.0100437247202i) (-7211.459620208574+815.5662975741616i) (-7211.451699213369+815.1225586828914i) (-7211.443783113809+814.67882689619i) (-7211.435871398964+814.2351016771863i) (-7211.427964068866+813.791383568383i) (-7211.420061143832+813.3476723520653i) (-7211.412162534103+812.9039681604772i) (-7211.404268291029+812.4602708249186i) (-7211.39637858708+812.0165806000296i) (-7211.388492964092+811.5728975480088i) (-7211.380611945227+811.1292217209921i) (-7211.372735023455+810.6855525110404i) (-7211.364863099454+810.2418903286198i) (-7211.356995308877+809.7982357447108i) (-7211.349132234856+809.3545873601433i) (-7211.3412736463215+808.9109467454655i) (-7211.333419064638+808.4673125636073i) (-7211.325568886576+808.0236854138202i) (-7211.31772371073+807.5800652622856i) (-7211.309882755893+807.136452099192i) (-7211.3020460373045+806.6928458934271i) (-7211.294213767142+806.2492466705407i) (-7211.286385998061+805.805654242613i) (-7211.27856257161+805.3620689534619i) (-7211.270743585723+804.9184907234667i) (-7211.2629290284385+804.4749192735508i) (-7211.255119045069+804.0313547658407i) (-7211.247313431035+803.5877973075949i) (-7211.239512299719+803.1442467094639i) (-7211.231715452006+802.7007030734858i) (-7211.223923156431+802.2571662390692i) (-7211.2161352934345+801.8136364885213i) (-7211.208351864781+801.3701134812181i) (-7211.200572772257+800.926597568905i) (-7211.192798116543+800.4830882512288i) (-7211.185027895142+800.0395862494588i) (-7211.177262271369+799.5960908294219i) (-7211.169500764761+799.1526024770537i) (-7211.161743852772+798.7091209307837i) (-7211.153991204657+798.2656463693929i) (-7211.146243270279+797.8221785780297i) (-7211.13849958131+797.3787179227365i) (-7211.130760337768+796.9352638101118i) (-7211.123025625264+796.4918167823525i) (-7211.11529514235+796.048376523333i) (-7211.10756930595+795.6049432721811i) (-7211.0998476486275+795.1615167185446i) (-7211.092130747202+794.7180970877998i) (-7211.08441782519+794.2746843151945i) (-7211.076709688794+793.8312782123976i) (-7211.069005544581+793.3878792075702i) (-7211.06130613721+792.9444872275781i) (-7211.053611372859+792.5011018892255i) (-7211.04592080538+792.0577235122655i) (-7211.038235046337+791.6143513640236i) (-7211.030552687691+791.1709865484263i) (-7211.022875856917+790.7276286779415i) (-7211.015202803494+790.2842772246149i) (-7211.007534194934+789.8409326595283i) (-7210.999870125976+789.397595200895i) (-7210.992210539338+788.9542644461217i) (-7210.984555393232+788.510940620803i) (-7210.976904689996+788.0676233025297i) (-7210.969258493173+787.6243129048416i) (-7210.961616575409+787.1810093294444i) (-7210.953979021491+786.7377123402548i) (-7210.9463459334875+786.2944222798433i) (-7210.938717228619+785.8511385331876i) (-7210.931092435982+785.4078625975344i) (-7210.923473250346+784.9645929969629i) (-7210.915857634551+784.5213296764814i) (-7210.908246689905+784.0780735042172i) (-7210.900640021126+783.6348240552652i) (-7210.893037886672+783.1915814036765i) (-7210.8854399177+782.7483455196016i) (-7210.877846670588+782.3051162964293i) (-7210.870257705741+781.8618939407352i) (-7210.862673299867+781.4186782536563i) (-7210.855093069687+780.9754693158975i) (-7210.847517551672+780.5322669414418i) (-7210.839946139586+780.0890714460947i) (-7210.832379452768+779.6458826810594i) (-7210.824816161847+779.2027006841781i) (-7210.817258907016+778.7595264597148i) (-7210.809705808824+778.3163564877068i) (-7210.802156123056+777.8731949523572i) (-7210.794611314766+777.4300394027232i) (-7210.787070686914+776.9868912173333i) (-7210.77953489756+776.5437494581456i) (-7210.772003175494+776.1006146143482i) (-7210.764476361008+775.6574860659966i) (-7210.756953540389+775.2143644038479i) (-7210.749435446094+774.7712492163955i) (-7210.741921369707+774.3281408576586i) (-7210.734412104357+773.8850392200693i) (-7210.726906919022+773.4419441276768i) (-7210.7194063172465+772.9988555620948i) (-7210.711910028309+772.5557740608929i) (-7210.704418124918+772.1126989487893i) (-7210.696930580907+771.6696305603436i) (-7210.689447613335+771.2265688808402i) (-7210.681969013669+770.7835138732626i) (-7210.674494878411+770.3404654160877i) (-7210.667025124894+769.8974235780333i) (-7210.659559723896+769.4543883475599i) (-7210.6520987219665+769.0113597965537i) (-7210.644642024723+768.5683379597322i) (-7210.6371899415135+768.1253227745656i) (-7210.629742205747+767.6823141755667i) (-7210.622299296443+767.2393122116664i) (-7210.614859959867+766.7963160358377i) (-7210.607425396243+766.353327791101i) (-7210.5999952639395+765.9103452837662i) (-7210.592569531556+765.4673701881075i) (-7210.585148210164+765.0244008064947i) (-7210.577731493337+764.5814386997481i) (-7210.570319076531+764.1384825431487i) (-7210.562911169836+763.6955335950333i) (-7210.555507277964+763.2525904612376i) (-7210.548108059502+762.8096545290136i) (-7210.5407132266955+762.3667245714751i) (-7210.533322816507+761.9238023600046i) (-7210.525937190876+761.4808848424655i) (-7210.518554296126+761.0379747500447i) (-7210.511177265245+760.595072563985i) (-7210.503804682063+760.1521755542053i) (-7210.49643607673+759.7092855958035i) (-7210.489072197903+759.2664018089708i) (-7210.481712830933+758.8235249877944i) (-7210.474357368519+758.3806540407822i) (-7210.46700653046+757.9377901753724i) (-7210.459660092667+757.4949323831534i) (-7210.452318086922+757.0520817080287i) (-7210.444980410375+756.609236968583i) (-7210.437647236977+756.166399310383i) (-7210.430318242783+755.7235676955788i) (-7210.422993914886+755.2807429433306i) (-7210.415673870069+754.8379245229771i) (-7210.40835835693+754.3951126901993i) (-7210.401046961946+753.9523071177027i) (-7210.393740321648+753.5095082144799i) (-7210.386437791982+753.0667157214593i) (-7210.379139816825+752.6239298263354i) (-7210.371846065384+752.1811502246346i) (-7210.364556796001+751.7383773467736i) (-7210.357271929672+751.2956108447361i) (-7210.349991529911+750.8528509313692i) (-7210.3427153879275+750.4100973241402i) (-7210.335443904245+749.9673501684083i) (-7210.328176475912+749.5246096936098i) (-7210.320914008978+749.0818755175787i) (-7210.313655448979+748.639147530208i) (-7210.306401255613+748.1964263828268i) (-7210.299151573778+747.7537115061132i) (-7210.29190636563+747.3110029941417i) (-7210.284665503346+746.8683011416178i) (-7210.277428943376+746.4256054873549i) (-7210.270196775637+745.9829165430056i) (-7210.262969247789+745.5402337716296i) (-7210.25574605025+745.0975573731557i) (-7210.248526968513+744.6548878863359i) (-7210.241312373819+744.2122243193953i) (-7210.234102432536+743.7695673332746i) (-7210.2268966252595+743.3269167036524i) (-7210.219695662756+742.8842726026778i) (-7210.212498659304+742.4416346798571i) (-7210.2053062444975+741.9990031075031i) (-7210.198118003616+741.5563776875097i) (-7210.190934017526+741.113759328553i) (-7210.183754905622+740.6711472039387i) (-7210.176579640134+740.2285413358804i) (-7210.169409195576+739.785941562066i) (-7210.162243343395+739.34334862998i) (-7210.155081304969+738.9007620347147i) (-7210.147923861892+738.4581811935677i) (-7210.140771280654+738.0156071773017i) (-7210.133622668418+737.5730396136678i) (-7210.126477912952+737.1304778438462i) (-7210.11933859744+736.6879229701044i) (-7210.112202675111+736.2453744920495i) (-7210.105072052131+735.8028323207618i) (-7210.097945321599+735.3602955918723i) (-7210.090823127764+734.9177662605944i) (-7210.083704895867+734.4752428529173i) (-7210.076591573117+734.032725773839i) (-7210.069482434599+733.5902151755399i) (-7210.062377819755+733.1477107616374i) (-7210.055277440577+732.7052127421957i) (-7210.048181445789+732.2627207848236i) (-7210.041089965605+731.8202353441156i) (-7210.034002716799+731.3777561468414i) (-7210.026920102195+730.9352834689416i) (-7210.019841733134+730.4928165979509i) (-7210.0127676699085+730.0503563095554i) (-7210.005698133598+729.6079021661208i) (-7209.998632817391+729.1654545681486i) (-7209.991571972358+728.7230130023272i) (-7209.98451546346+728.2805779220762i) (-7209.977463609583+727.8381487612314i) (-7209.970415830292+727.3957261358591i) (-7209.963372450002+726.9533096940322i) (-7209.956333553917+726.5108995179689i) (-7209.949298917614+726.0684954115713i) (-7209.942268777941+725.6260980457628i) (-7209.935242863434+725.1837065611471i) (-7209.928221716389+724.7413214857443i) (-7209.921204722275+724.298942580157i) (-7209.9141920100155+723.8565695692159i) (-7209.907183911702+723.4142032852615i) (-7209.900179844+722.9718429821733i) (-7209.893180368821+722.5294888690732i) (-7209.886185265255+722.0871410778418i) (-7209.879194707148+721.6447995298186i) (-7209.872208314846+721.2024642689357i) (-7209.8652263273325+720.7601349417164i) (-7209.858248820252+720.3178119547556i) (-7209.851275606721+719.8754950550938i) (-7209.844306800493+719.4331846108835i) (-7209.837342271941+718.9908802306636i) (-7209.830382328382+718.5485819832174i) (-7209.8234266580985+718.1062899055942i) (-7209.816475557527+717.6640040600068i) (-7209.809528456553+717.2217244438907i) (-7209.802585871126+716.7794507850704i) (-7209.79564761369+716.337183480915i) (-7209.788714064591+715.8949222216434i) (-7209.781784726547+715.4526676253918i) (-7209.774859664274+715.0104184320335i) (-7209.767939152531+714.5681757285456i) (-7209.761022887771+714.125938152727i) (-7209.754110859478+713.6837091406305i) (-7209.747202879484+713.2414843509068i) (-7209.740300184203+712.7992662800243i) (-7209.733402410653+712.3570542914167i) (-7209.726506521212+711.9148483205463i) (-7209.719617185339+711.4726480611789i) (-7209.712731391621+711.0304549921821i) (-7209.705850088249+710.5882673370907i) (-7209.698973154609+710.1460859657054i) (-7209.692100666078+709.7039105027798i) (-7209.685232686985+709.2617415081913i) (-7209.678368936573+708.8195783730589i) (-7209.67150970185+708.3774215156373i) (-7209.664654606597+707.9352702575343i) (-7209.657803949423+707.4931254776093i) (-7209.650957807069+707.050986780152i) (-7209.644115971401+706.6088540414312i) (-7209.637278806702+706.1667277663291i) (-7209.630445059345+705.7246067667547i) (-7209.623616422046+705.2824925255372i) (-7209.616791948472+704.8403840802384i) (-7209.6099720762795+704.3982820107121i) (-7209.603156448331+703.9561856508371i) (-7209.5963453129225+703.5140955790703i) (-7209.589538408272+703.0720112154668i) (-7209.582736028024+702.6299332135386i) (-7209.575937715672+702.187860978931i) (-7209.569144020206+701.7457950212265i) (-7209.562354604233+701.3037350064042i) (-7209.555569544911+700.8616810733365i) (-7209.54878904354+700.4196329647457i) (-7209.542012382386+699.9775909809578i) (-7209.535240401023+699.5355553067711i) (-7209.5284729730265+699.0935252802883i) (-7209.521709714387+698.6515014467805i) (-7209.514951035555+698.2094836294309i) (-7209.5081964995625+697.7674719479837i) (-7209.501446456619+697.3254659483937i) (-7209.494700658874+696.8834662498593i) (-7209.487959469767+696.4414722299953i) (-7209.481222476534+695.9994845085312i) (-7209.474490061588+695.5575024523278i) (-7209.467761545286+695.1155264272929i) (-7209.461037796242+694.6735566659372i) (-7209.454318416581+694.2315927075033i) (-7209.4476033496685+693.7896347557653i) (-7209.440892622624+693.3476825575017i) (-7209.434186076156+692.9057363523461i) (-7209.427484083102+692.463796296739i) (-7209.4207863466545+692.0218621418608i) (-7209.4140930876965+691.5799340255835i) (-7209.407404168476+691.1380116782639i) (-7209.400719860096+690.6960953105772i) (-7209.39403959105+690.2541849230183i) (-7209.387363675123+689.8122802053986i) (-7209.380692092418+689.3703816509405i) (-7209.374024806839+688.9284886789246i) (-7209.367361824676+688.4866026748932i) (-7209.360703401551+688.044721975617i) (-7209.354049598212+687.6028473366168i) (-7209.347400620372+687.1609782965679i) (-7209.340755174329+686.719115287513i) (-7209.334114531921+686.2772573592993i) (-7209.327477492843+685.8354062722028i) (-7209.320845158047+685.3935607484455i) (-7209.314217107956+684.9517215464111i) (-7209.30759369646+684.5098881275298i) (-7209.3009746026+684.0680607144131i) (-7209.294360041953+683.6262388090508i) (-7209.2877499299975+683.1844228661466i) (-7209.281143948214+682.7426127175786i) (-7209.27454221006+682.3008083059976i) (-7209.267944872867+681.8590098391614i) (-7209.261351800698+681.4172172968247i) (-7209.254763171972+680.9754307201147i) (-7209.248178777401+680.5336499058358i) (-7209.2415988616995+680.091875074424i) (-7209.235023319452+679.6501060360024i) (-7209.228452250594+679.2083429281774i) (-7209.22188558412+678.7665856226777i) (-7209.215323260556+678.3248340993123i) (-7209.20876526503+677.8830884293711i) (-7209.202211850556+677.4413483039752i) (-7209.19566260041+676.9996140223484i) (-7209.189117764006+676.557885400849i) (-7209.182576586296+676.1161624900742i) (-7209.176040274739+675.6744459254369i) (-7209.169508167652+675.2327347638784i) (-7209.162980188965+674.7910296901755i) (-7209.156456502475+674.3493305940756i) (-7209.149937359376+673.9076371940791i) (-7209.14342262975+673.4659497369357i) (-7209.136912248534+673.0242683713077i) (-7209.130406548262+672.5825925969184i) (-7209.123905244291+672.1409226032047i) (-7209.1174083779115+671.6992583311876i) (-7209.110916017802+671.2575997316853i) (-7209.104427896178+670.815946721832i) (-7209.097944235262+670.3742993986598i) (-7209.091464551369+669.9326576108215i) (-7209.084989382463+669.4910218757432i) (-7209.078518345712+669.0493918257234i) (-7209.072051669558+668.6077674570843i) (-7209.065589323072+668.1661489569087i) (-7209.059131435119+667.7245361981913i) (-7209.052677838881+667.2829293809191i) (-7209.046228622399+666.8413281128087i) (-7209.0397838104545+666.3997326381395i) (-7209.033343433868+665.9581427536286i) (-7209.0269072982555+665.5165586902876i) (-7209.020475678473+665.074980219928i) (-7209.014048167381+664.6334076998428i) (-7209.007625474529+664.1918407372723i) (-7209.001206720961+663.7502789779683i) (-7208.994792386424+663.3087237392283i) (-7208.988382039679+662.8671737677942i) (-7208.981976397015+662.4256295747182i) (-7208.97557481088+661.9840910607418i) (-7208.969178194115+661.5425587741047i) (-7208.9627855682265+661.1010313774786i) (-7208.956397108406+660.6595099951774i) (-7208.950013385082+660.2179942506955i) (-7208.943633905481+659.7764842194083i) (-7208.937258744976+659.3349797439259i) (-7208.930887778988+658.8934810305436i) (-7208.924521540022+658.4519876341292i) (-7208.918159055334+658.0104998081588i) (-7208.9118013287225+657.5690182453582i) (-7208.90544762904+657.1275420409002i) (-7208.899098699178+656.6860717419077i) (-7208.892754173328+656.2446065888362i) (-7208.886413699111+655.8031473898009i) (-7208.880077598224+655.3616941076689i) (-7208.873745864963+654.920246003403i) (-7208.867418360707+654.4788036563405i) (-7208.861095361375+654.0373669963374i) (-7208.854776711218+653.5959360991073i) (-7208.848462121212+653.1545103929639i) (-7208.84215192886+652.713090748628i) (-7208.835845844696+652.2716758929091i) (-7208.829545298169+651.830266781697i) (-7208.823249109693+651.3888644447579i) (-7208.816955419621+650.9474671108728i) (-7208.8106673432485+650.5060752498393i) (-7208.804383158065+650.0646890559292i) (-7208.798103763693+649.6233081429309i) (-7208.7918285236665+649.181932973428i) (-7208.785557665433+648.7405631244983i) (-7208.779291256651+648.2991991305462i) (-7208.773029036543+647.8578406398119i) (-7208.766771257659+647.4164878151205i) (-7208.760517685456+646.9751402645379i) (-7208.754268526667+646.5337984218386i) (-7208.748023807566+646.0924622353414i) (-7208.741783241487+645.6511314858726i) (-7208.735546934011+645.2098063418125i) (-7208.729315150682+644.7684867425778i) (-7208.723087840721+644.3271728164837i) (-7208.7168646328355+643.8858645526307i) (-7208.710645744053+643.444561522243i) (-7208.704431255064+643.0032639703859i) (-7208.698221171391+642.5619717810405i) (-7208.692015350593+642.1206856808058i) (-7208.685814009674+641.679404554674i) (-7208.679616850306+641.2381290236153i) (-7208.673424269182+640.796858976908i) (-7208.6672357853895+640.3555944948785i) (-7208.661051985786+639.9143360493908i) (-7208.654871588435+639.4730827176209i) (-7208.648696441334+639.0318342758146i) (-7208.642525688847+638.5905920323785i) (-7208.63635903391+638.149355237787i) (-7208.630196390164+637.7081238756182i) (-7208.624038298003+637.2668972288157i) (-7208.617885342304+636.8256764737998i) (-7208.611736528008+636.3844619101401i) (-7208.6055910305+635.9432533743311i) (-7208.599449120789+635.5020489232338i) (-7208.593312793804+635.0608493813743i) (-7208.587186983932+634.6196558082047i) (-7208.581051499154+634.1784637292876i) (-7208.574930871488+633.7372849646963i) (-7208.568811627076+633.2961091770776i) (-7208.562695908411+632.8549378680764i) (-7208.556585591417+632.4137706291767i) (-7208.550480445716+631.972609899738i) (-7208.544379161132+631.5314549664326i) (-7208.538281543617+631.090305556696i) (-7208.532188425823+630.6491608861106i) (-7208.526099860857+630.2080217979528i) (-7208.520015867733+629.7668883116348i) (-7208.513935625808+629.3257605414328i) (-7208.50785968118+628.8846376652255i) (-7208.501788407542+628.4435200860717i) (-7208.49572178501+628.002408008575i) (-7208.489659337087+627.561301665035i) (-7208.483600872569+627.1202004601i) (-7208.477546892376+626.6791044613346i) (-7208.471497235572+626.2380139169109i) (-7208.465452080738+625.7969289198118i) (-7208.459410930132+625.3558493710607i) (-7208.453374253091+624.9147749565964i) (-7208.447341878673+624.4737057801576i) (-7208.44131419465+624.0326421765603i) (-7208.435290218178+623.5915838938581i) (-7208.429271038374+623.1505317067404i) (-7208.423256687885+622.7094836494143i) (-7208.417245638251+622.2684410940092i) (-7208.411239526016+621.8274045248727i) (-7208.4052373671875+621.3863727895205i) (-7208.399239787243+620.9453464873422i) (-7208.393246264015+620.5043254845077i) (-7208.387257523034+620.0633098589824i) (-7208.381272642393+619.6222996314355i) (-7208.375292439487+619.1812945389283i) (-7208.369316241238+618.7402950065662i) (-7208.363344522644+618.299300661125i) (-7208.3573770941075+617.8583118090646i) (-7208.351413982353+617.417327805666i) (-7208.345455804847+616.9763498323664i) (-7208.339500053742+616.5353766144635i) (-7208.333551177166+616.0944095182604i) (-7208.327606819068+615.6534464119304i) (-7208.32166385695+615.212489113299i) (-7208.315727409907+614.7715365552631i) (-7208.309794503541+614.3305902154561i) (-7208.303866172697+613.8896486238618i) (-7208.297941911587+613.4487126733816i) (-7208.292022107824+613.0077814382553i) (-7208.2861069163555+612.5668559649739i) (-7208.280195833089+612.1259354689801i) (-7208.274289258014+611.6850204992949i) (-7208.26838665564+611.2441102603093i) (-7208.262488447232+610.8032056324491i) (-7208.256594941653+610.3623062052156i) (-7208.250705377839+609.9214121111618i) (-7208.244820405169+609.4805230543734i) (-7208.23893930381+609.0396389649513i) (-7208.233062966792+608.5987606252638i) (-7208.227190808604+608.1578874490579i) (-7208.221322952988+607.7170194971668i) (-7208.215459457329+607.2761564623852i) (-7208.209600296825+606.835298619204i) (-7208.203745439183+606.3944463851367i) (-7208.197895189318+605.953599033237i) (-7208.1920485302835+605.5127569145352i) (-7208.18620686455+605.0719198603365i) (-7208.18036955467+604.6310886235315i) (-7208.174535976505+604.1902614634i) (-7208.168706570112+603.7494408020357i) (-7208.162883052435+603.3086246900784i) (-7208.157062510545+602.8678133032372i) (-7208.151246536261+602.4270075504537i) (-7208.145434853461+601.9862067959402i) (-7208.139627341028+601.5454117508198i) (-7208.133824621+601.1046210263776i) (-7208.128026143233+600.6638360259858i) (-7208.122231845395+600.2230558585725i) (-7208.11644171035+599.7822810703292i) (-7208.110655933167+599.3415111759896i) (-7208.1048746644665+598.9007466925468i) (-7208.09909740826+598.4599871727623i) (-7208.093324771529+598.0192329602796i) (-7208.087556208178+597.5784835761369i) (-7208.08179241918+597.1377395814998i) (-7208.076032483012+596.6970006164192i) (-7208.070277499755+596.2562669670588i) (-7208.0645259252415+595.8155380668977i) (-7208.058778841791+595.3748143385092i) (-7208.053036748352+594.9340959003457i) (-7208.047298487058+594.4933823323227i) (-7208.041564511288+594.0526740664209i) (-7208.03583500503+593.611970818034i) (-7208.030109806539+593.1712725727266i) (-7208.0243889117555+592.7305796252913i) (-7208.018672254671+592.2898916584381i) (-7208.012959845146+591.8492088185885i) (-7208.007252312418+591.4085310620285i) (-7208.001548519154+590.9678580593463i) (-7207.99584913702+590.5271904410329i) (-7207.990154115541+590.0865278411657i) (-7207.984463452442+589.6458701146476i) (-7207.9787770978+589.2052176717552i) (-7207.973095017747+588.7645701266301i) (-7207.967417204949+588.3239278062538i) (-7207.961743791078+587.8832904130104i) (-7207.956074632901+587.442658144806i) (-7207.950409825629+587.0020309819956i) (-7207.944749309492+586.5614087682916i) (-7207.9390932832175+586.1207916050917i) (-7207.933441595+585.6801793527557i) (-7207.9277941616165+585.2395721328794i) (-7207.922151093895+584.7989696919103i) (-7207.916511874137+584.3583725616918i) (-7207.910877356189+583.917780383199i) (-7207.905247007919+583.477193351835i) (-7207.89962124663+583.03661116492i) (-7207.8939995869005+582.5960341430036i) (-7207.88838222863+582.1554615987698i) (-7207.882769523276+581.7148945243098i) (-7207.877160613163+581.2743320928421i) (-7207.871555655787+580.833774798084i) (-7207.865955816582+580.3932226896286i) (-7207.86036057712+579.9526755055413i) (-7207.8547684552905+579.5121332556009i) (-7207.849181764017+579.0715961861424i) (-7207.843598777961+578.6310637127608i) (-7207.8380204629975+578.1905361498939i) (-7207.832446137545+577.7500135966111i) (-7207.826876276102+577.3094960832968i) (-7207.821310572865+576.8689836971462i) (-7207.815749267698+576.4284759841394i) (-7207.81019250194+575.9879734172137i) (-7207.80463975736+575.5474755198229i) (-7207.799091336077+575.106982818339i) (-7207.793547264235+574.6664948537946i) (-7207.788007546413+574.2260119632119i) (-7207.782472332583+573.785533883085i) (-7207.776941104741+573.3450606688275i) (-7207.771414336174+572.9045926293475i) (-7207.765891834017+572.464129250322i) (-7207.760373727462+572.0236708918819i) (-7207.754859753295+571.5832174938405i) (-7207.749350390375+571.1427689468255i) (-7207.74384509628+570.7023252435611i) (-7207.738344484125+570.2618862131785i) (-7207.732847828724+569.8214522085618i) (-7207.727355628907+569.3810228498187i) (-7207.721867247863+568.940598620422i) (-7207.716383567211+568.5001791161485i) (-7207.710903908381+568.0597647988179i) (-7207.705428699228+567.6193551379547i) (-7207.699957743367+567.1789504665066i) (-7207.694491012764+566.738550711947i) (-7207.689028797053+566.2981557922903i) (-7207.683570949805+565.857765767636i) (-7207.678117272102+565.4173807144107i) (-7207.67266822642+564.9770004269958i) (-7207.667223324897+564.5366249965446i) (-7207.661782916737+564.0962541990448i) (-7207.656346532633+563.6558882948011i) (-7207.650914133294+563.2155270018848i) (-7207.6454872103495+562.7751708149735i) (-7207.640063455343+562.3348192128469i) (-7207.634644296006+561.8944725127076i) (-7207.629229330159+561.4541305439488i) (-7207.623818845306+561.0137934863451i) (-7207.618412534401+560.5734612329979i) (-7207.613010671681+560.1331338725577i) (-7207.607612995773+559.6928113879403i) (-7207.602219761029+559.2524936489062i) (-7207.596830781513+558.8121807473945i) (-7207.59144631667+558.3718723749043i) (-7207.586065919211+557.9315689736977i) (-7207.580690085335+557.4912695501698i) (-7207.575317220857+557.0509759715933i) (-7207.5699501970885+556.6106872278906i) (-7207.5645872145105+556.1704023104976i) (-7207.559228026097+555.7301231356687i) (-7207.553873331635+555.2898479906726i) (-7207.548523004596+554.8495781897218i) (-7207.543177634063+554.4093134455325i) (-7207.537835873343+553.9690516384435i) (-7207.532498004519+553.528796464816i) (-7207.527165066487+553.0885450268397i) (-7207.521836495114+552.6482990203367i) (-7207.516511772563+552.2080571439874i) (-7207.511191952559+551.7678206140408i) (-7207.505875781688+551.3275880680885i) (-7207.500564653543+550.887360696157i) (-7207.495257057257+550.4471376555157i) (-7207.489954075223+550.0069198299025i) (-7207.484655250555+549.5667065922462i) (-7207.479361151418+549.126497696212i) (-7207.474070982804+548.6862940014398i) (-7207.4687852715215+548.2460944999184i) (-7207.463503533887+547.8059003779199i) (-7207.458226339346+547.3657100798446i) (-7207.45295369676+546.9255253462034i) (-7207.44768504065+546.485344613815i) (-7207.442421055304+546.0451693296345i) (-7207.437160358611+545.6049975041678i) (-7207.4319060854905+545.1648308967124i) (-7207.426653356299+544.7246687280276i) (-7207.421405204033+544.2845128561021i) (-7207.416163946436+543.8443598072627i) (-7207.410925276054+543.4042125213746i) (-7207.405690734988+542.9640692308749i) (-7207.400460988283+542.5239305483556i) (-7207.395235384014+542.0837967131083i) (-7207.390014146258+541.6436676229496i) (-7207.38479691519+541.2035430931574i) (-7207.3795843581975+540.763423120763i) (-7207.374376031279+540.323307838582i) (-7207.369172014456+539.8831969707826i) (-7207.363971892111+539.4430910076917i) (-7207.358776504334+539.0029893243627i) (-7207.353585013858+538.5628928151709i) (-7207.348398553528+538.1228003080032i) (-7207.343215186862+537.6827125302225i) (-7207.338036948568+537.2426300305524i) (-7207.332863074+536.8025514508627i) (-7207.327693293206+536.3624776506331i) (-7207.322527836208+535.9224082784785i) (-7207.317366481257+535.4823437369632i) (-7207.312209628835+535.0422838126833i) (-7207.307057142665+534.602228302494i) (-7207.301909062669+534.1621774109517i) (-7207.296764911938+533.7221308590379i) (-7207.291624974649+533.282088801876i) (-7207.28648940775+532.842051644795i) (-7207.281358052933+532.4020192123862i) (-7207.276231113057+531.9619915324438i) (-7207.271108776433+531.5219683112082i) (-7207.265990915155+531.0819492517912i) (-7207.260877210763+530.6419343765301i) (-7207.255767445538+530.2019245083357i) (-7207.25066198899+529.7619182600029i) (-7207.245560241667+529.3219174850092i) (-7207.240462797599+528.8819217670534i) (-7207.235370026581+528.4419306439231i) (-7207.230282106888+528.0019437188603i) (-7207.225198892702+527.5619615852193i) (-7207.220119550097+527.121982974757i) (-7207.215044732977+526.6820096222073i) (-7207.209974427162+526.2420391171618i) (-7207.20490637781+525.8020738305058i) (-7207.1998435862115+525.3621140453761i) (-7207.19478517901+524.9221585541382i) (-7207.189731206367+524.4822077984136i) (-7207.184681826882+524.0422611850663i) (-7207.179636725952+523.6023190821288i) (-7207.174595856719+523.1623809679149i) (-7207.169559070622+522.7224477711425i) (-7207.164526511842+522.2825187167618i) (-7207.159498305133+521.8425945583876i) (-7207.154474180119+521.4026746309828i) (-7207.149454699946+520.9627593305486i) (-7207.144439280746+520.5228482842213i) (-7207.139428452167+520.0829418911744i) (-7207.134421406619+519.6430398080265i) (-7207.129419123259+519.2031422265427i) (-7207.124420674314+518.7632491707482i) (-7207.1194269682455+518.3233607289876i) (-7207.114437479293+517.8834763581399i) (-7207.109452264151+517.4435964568111i) (-7207.10447119821+517.0037209862785i) (-7207.099494548223+516.5638499148772i) (-7207.094521924097+516.1239833064901i) (-7207.089553688042+515.6841212023282i) (-7207.084589820472+515.2442635306506i) (-7207.079630226333+514.8044101444248i) (-7207.0746747164085+514.3645614593406i) (-7207.069723973575+513.9247171111347i) (-7207.064777294174+513.484876582399i) (-7207.059834780011+513.04504107713i) (-7207.054896660993+512.6052096514904i) (-7207.049962803096+512.1653826424736i) (-7207.045033087576+511.72555986802035i) (-7207.040107857785+511.2857419925567i) (-7207.035186582405+510.8459279417293i) (-7207.030270072588+510.4061186024046i) (-7207.025357383754+509.9663135966839i) (-7207.020449484+509.5265127890598i) (-7207.0155453872285+509.08671653008787i) (-7207.010645940158+508.6469243534084i) (-7207.005750240423+508.2071368730831i) (-7207.000859508305+507.76735361278406i) (-7206.99597269576+507.3275748337328i) (-7206.991090420532+506.88779993179196i) (-7206.986212326214+506.44802969110606i) (-7206.981338297206+506.008263451964i) (-7206.976468511333+505.5685018693184i) (-7206.971602819409+505.12874455717974i) (-7206.966742165925+504.6889918377419i) (-7206.961885110242+504.2492432758154i) (-7206.957033269398+503.80949887551833i) (-7206.952184821319+503.36975873066694i) (-7206.947341417297+502.9300218541903i) (-7206.9424995552545+502.49029143477674i) (-7206.937666883765+502.0505650018167i) (-7206.932834469364+501.61083995465015i) (-7206.9280072524125+501.17112245759927i) (-7206.92318427065+500.7314081321674i) (-7206.9183663447475+500.29169895127416i) (-7206.913552444123+499.8519930773182i) (-7206.908743246167+499.4122917327768i) (-7206.903937773168+498.9725941558863i) (-7206.899136518507+498.53290115928394i) (-7206.8943392966175+498.0932125138497i) (-7206.889546733233+497.65352819967666i) (-7206.884758435845+497.2138483653107i) (-7206.879974526528+496.77417239767965i) (-7206.875194561726+496.3345006430609i) (-7206.870419469633+495.8948336418107i) (-7206.865648062958+495.45517007427406i) (-7206.860880939625+495.0155111386557i) (-7206.856118314885+494.57585673153517i) (-7206.851359874214+494.1362064782006i) (-7206.846605903891+493.69656026274606i) (-7206.841856224972+493.2569182375737i) (-7206.837110796696+492.8172803678026i) (-7206.832369467142+492.3776468084543i) (-7206.827632235218+491.9380175271217i) (-7206.822899817096+491.4983924366388i) (-7206.818171192674+491.0587714541325i) (-7206.813447137203+490.61915464990307i) (-7206.808727289652+490.1795420542039i) (-7206.804011688902+489.73993361623434i) (-7206.799300090977+489.30032953285263i) (-7206.794593008104+488.8607296538248i) (-7206.789890186148+488.4211338760797i) (-7206.785191740346+487.9815424016706i) (-7206.780497554209+487.5419550332299i) (-7206.775807720522+487.1023716425261i) (-7206.771121940459+486.66279242974997i) (-7206.766440558247+486.22321756721067i) (-7206.761763376169+485.78364678262733i) (-7206.757090404368+485.34408017480746i) (-7206.752421672398+484.90451805385237i) (-7206.747757796751+484.46495957397565i) (-7206.743097622937+484.0254054543766i) (-7206.738442065049+483.58585513908474i) (-7206.733790335755+483.14630925400706i) (-7206.729143324075+482.7067675496364i) (-7206.72450021618+482.2672300421109i) (-7206.719861681195+481.8276963153621i) (-7206.7152272863605+481.3881671143754i) (-7206.710597197627+480.9486414987041i) (-7206.7059714567+480.50912055856315i) (-7206.701349718249+480.0696031534462i) (-7206.696732429045+479.6300903085212i) (-7206.692119291969+479.1905815269711i) (-7206.687510594667+478.75107675876643i) (-7206.6829062633915+478.31157623184845i) (-7206.678306024696+477.8720792829117i) (-7206.673710268413+477.43258695337863i) (-7206.669118227423+476.9930983501399i) (-7206.664531100847+476.55361399926187i) (-7206.659947671957+476.1141338092275i) (-7206.655369118453+475.67465752265707i) (-7206.6507942296885+475.23518554720795i) (-7206.646224284879+474.79571723533445i) (-7206.641657889486+474.35625340735714i) (-7206.637096539474+473.9167930144031i) (-7206.632538564954+473.4773374800279i) (-7206.627985130181+473.03788570048346i) (-7206.62343679904+472.59843787990394i) (-7206.618891904+472.158994027428i) (-7206.614351542768+471.71955430797243i) (-7206.609815281219+471.2801183595584i) (-7206.605283493598+470.84068669905537i) (-7206.600755854466+470.40125902688305i) (-7206.596232407886+469.96183553327865i) (-7206.591713437985+469.52241566705925i) (-7206.587198557594+469.0830003693991i) (-7206.582688011651+468.64358825107047i) (-7206.578181694291+468.20418130671897i) (-7206.573679836249+467.76477705681464i) (-7206.569182319436+467.32537823021994i) (-7206.564688740575+466.8859815547912i) (-7206.560200440741+466.44659102882724i) (-7206.555714990769+466.0071994469763i) (-7206.551229841396+465.56781929593126i) (-7206.546757613061+465.12844144229894i) (-7206.542284790092+464.68906387791503i) (-7206.537817546079+464.2496927821485i) (-7206.53335347597+463.81032439527917i) (-7206.528894583142+463.37096080437186i) (-7206.524439088069+462.9316006162844i) (-7206.519988560525+462.49224502407014i) (-7206.515541610774+462.0528929310385i) (-7206.5110995191935+461.6135450088477i) (-7206.506661427527+461.1742009719019i) (-7206.502227858902+460.73486103193136i) (-7206.497798286262+460.2955247358186i) (-7206.493373309859+459.8561924159585i) (-7206.488952254294+459.4168640137359i) (-7206.4845355924335+458.9775409012218i) (-7206.480123131158+458.5382192187244i) (-7206.475715075343+458.0989029390912i) (-7206.471311005618+457.6595901319233i) (-7206.466911521929+457.22028157298337i) (-7206.462516043524+456.7809767211438i) (-7206.458125095363+456.3416758518142i) (-7206.453738086158+455.9023788642371i) (-7206.449355681514+455.46308592453715i) (-7206.4449773077795+455.02379673015093i) (-7206.4406032620755+454.5845114336407i) (-7206.436233459404+454.14523006250965i) (-7206.431868011467+453.7059524432989i) (-7206.427506776134+453.2666788807255i) (-7206.423149812181+452.82740877283504i) (-7206.418796960308+452.38814297830686i) (-7206.414448522046+451.94888084492413i) (-7206.410104134193+451.50962288252776i) (-7206.405764415249+451.07036838756176i) (-7206.401428688507+450.6311179761833i) (-7206.397097433815+450.1918712010083i) (-7206.39277005184+449.75262864594697i) (-7206.388446857003+449.3133894189086i) (-7206.384129415004+448.8741541833151i) (-7206.379814066968+448.43492297973717i) (-7206.375503316987+447.995695839345i) (-7206.37119877919+447.55647189577576i) (-7206.366896678446+447.1172528123425i) (-7206.362599435408+446.67803620395716i) (-7206.358306293914+446.23882435742416i) (-7206.354017533915+445.79961557575734i) (-7206.349733181749+445.36041144284536i) (-7206.345452567708+444.92121046438115i) (-7206.341176647606+444.48201372491894i) (-7206.33690471678+444.042820398754i) (-7206.332637477331+443.60363123903517i) (-7206.3283739964245+443.1644458233204i) (-7206.3241151288385+442.7252640701481i) (-7206.319860318879+442.28608605862246i) (-7206.315610152131+441.8469117633067i) (-7206.311363957007+441.4077416192158i) (-7206.30712193565+440.96857460864703i) (-7206.302884110803+440.52941176548484i) (-7206.298650875688+440.0902527614671i) (-7206.294421746716+439.6510972865508i) (-7206.290196775371+439.21194572007516i) (-7206.2859760899155+438.7727978446637i) (-7206.281759598409+438.3336536354036i) (-7206.277547750447+437.894513271458i) (-7206.273339729785+437.4553769188351i) (-7206.269136006711+437.0162438531115i) (-7206.26493669147+436.57711457813275i) (-7206.26074172114+436.13798920842237i) (-7206.2565506002575+435.69886752421735i) (-7206.252364252607+435.25974957470316i) (-7206.248181927163+434.8206354144495i) (-7206.244003823667+434.3815248395258i) (-7206.239830031933+433.9424177389301i) (-7206.235660433711+433.50331465370255i) (-7206.23149509207+433.0642150978965i) (-7206.227333958261+432.6251194886863i) (-7206.223177231179+432.1860273567727i) (-7206.219024690043+431.7469392576022i) (-7206.214876420941+431.3078544542659i) (-7206.210732341802+430.86877358556376i) (-7206.206592596922+430.4296960362699i) (-7206.202456975385+429.9906226625317i) (-7206.198325755628+429.5515526496165i) (-7206.194198758254+429.11248638579855i) (-7206.1900759334385+428.67342376627494i) (-7206.185957600712+428.23436493083136i) (-7206.181843390717+427.7953095815028i) (-7206.1777332418715+427.3562579221907i) (-7206.17362755831+426.91720988217276i) (-7206.169526102545+426.47816549928393i) (-7206.16542890406+426.03912494395627i) (-7206.161335819634+425.60008770163404i) (-7206.157247116702+425.1610543251736i) (-7206.153162827075+424.7220246164652i) (-7206.149082649761+424.2829982913099i) (-7206.145006838604+423.8439757929009i) (-7206.140934777359+423.40495675848797i) (-7206.136867168971+422.965941344155i) (-7206.132804064022+422.5269297280174i) (-7206.128744999442+422.0879218505579i) (-7206.124690300145+421.64891733630793i) (-7206.120639982517+421.20991645447793i) (-7206.116593864193+420.7709191070171i) (-7206.112552194769+420.3319253870577i) (-7206.108514281339+419.8929352995474i) (-7206.104480733193+419.4539487118891i) (-7206.100451662875+419.0149658047594i) (-7206.096426723729+418.5759862290579i) (-7206.092405589152+418.1370108901465i) (-7206.088389758952+417.69803873304045i) (-7206.084377504711+417.25906950284843i) (-7206.080369463132+416.82010465330677i) (-7206.076365816523+416.38114330155076i) (-7206.072366262495+415.9421852999367i) (-7206.068371073052+415.503230826027i) (-7206.064380325843+415.06428008165676i) (-7206.060393735126+414.62533273149165i) (-7206.056411279715+414.18638897151686i) (-7206.052433089382+413.7474485192215i) (-7206.048459209094+413.3085117811861i) (-7206.044489737804+412.86957869972684i) (-7206.040524252923+412.43064905895153i) (-7206.036562838795+411.99172277058824i) (-7206.032606111723+411.5528002374631i) (-7206.028653385845+411.11388088946114i) (-7206.024705039366+410.674965396116i) (-7206.020760626823+410.23605323859374i) (-7206.016820663412+409.7971446484444i) (-7206.012885163043+409.35823959345i) (-7206.008953891083+408.9193380110373i) (-7206.005026533996+408.48044000114896i) (-7206.001103622344+408.04154521628516i) (-7205.997184838256+407.60265405880637i) (-7205.993270491774+407.1637662657886i) (-7205.989360273554+406.7248823338887i) (-7205.98545419905+406.286001531902i) (-7205.981552671205+405.84712434216635i) (-7205.977655374503+405.40825026351376i) (-7205.973762203008+404.96938029525336i) (-7205.969873043243+404.5305132549256i) (-7205.965988294483+404.0916499500454i) (-7205.962107903033+403.65278977068374i) (-7205.95823167701+403.2139333758678i) (-7205.95435971141+402.7750800776703i) (-7205.950491906813+402.33623066777363i) (-7205.9466282190115+401.89738432402373i) (-7205.942768934183+401.4585416353948i) (-7205.938914594095+401.0197026808455i) (-7205.935063198733+400.5808676959714i) (-7205.9312179358385+400.1420342999045i) (-7205.92737510617+399.7032041323255i) (-7205.923537240451+399.2643793076859i) (-7205.9197029165225+398.8255568005261i) (-7205.9158734088705+398.3867380684824i) (-7205.912048540602+397.94792220031377i) (-7205.908227619919+397.5091106662876i) (-7205.904410747666+397.07030199147994i) (-7205.900597974542+396.6314969191153i) (-7205.896789704275+396.19269461149815i) (-7205.892986010265+395.75389614107553i) (-7205.8891860929725+395.31510108330986i) (-7205.885390402924+394.87630947094294i) (-7205.881598976499+394.4375205906108i) (-7205.877812401508+393.9987355391204i) (-7205.874029721483+393.5599541735719i) (-7205.870250881999+393.1211763592437i) (-7205.866476058058+392.68240134374355i) (-7205.86270615994+392.2436291021004i) (-7205.858940578008+391.8048610186379i) (-7205.855178975966+391.3660965600866i) (-7205.851420915627+390.92733485175995i) (-7205.847668076225+390.4885757207521i) (-7205.8439202510635+390.0498207437049i) (-7205.840176104393+389.61107058351627i) (-7205.836434190918+389.1723236484104i) (-7205.832695746212+388.73357777582714i) (-7205.828963731474+388.29483328876086i) (-7205.825241523387+387.8561050182325i) (-7205.821518491779+387.41735810699174i) (-7205.817799877434+386.9786300580017i) (-7205.8140826360905+386.5399033460999i) (-7205.810370161838+386.10117731639184i) (-7205.806664009055+385.6624540403718i) (-7205.802963025286+385.22373553639045i) (-7205.799265364301+384.7850211219629i) (-7205.795571121096+384.34630954964086i) (-7205.791881379264+383.90760043397313i) (-7205.788196339097+383.46889494528295i) (-7205.784515601001+383.0301933949231i) (-7205.780838446575+382.59149486140814i) (-7205.7771655680845+382.1527989874594i) (-7205.773497507442+381.71410624322016i) (-7205.769834152481+381.27541714458494i) (-7205.766174075776+380.83673155197175i) (-7205.762518225238+380.39804939343594i) (-7205.758867091034+379.95936980459373i) (-7205.755220134335+379.52069369802484i) (-7205.751577504561+379.08202117099427i) (-7205.747938377841+378.64335167832905i) (-7205.744303999585+378.20468513766536i) (-7205.740673946682+377.76602172933053i) (-7205.7370485913125+377.3273619640386i) (-7205.7334266967955+376.8887057006359i) (-7205.729809325887+376.4500519053545i) (-7205.726196226431+376.0114014138817i) (-7205.722587351513+375.57275471050525i) (-7205.718982557184+375.13411086815177i) (-7205.715382018825+374.6954701608047i) (-7205.711785664957+374.2568327319459i) (-7205.708193892264+373.81819835468195i) (-7205.704606349114+373.3795675469446i) (-7205.701022856578+372.94093971303664i) (-7205.697443629615+372.5023149869521i) (-7205.693868584291+372.06369343574625i) (-7205.690298050758+371.62507507472765i) (-7205.686731268768+371.18645998992724i) (-7205.683168998279+370.7478477608529i) (-7205.67961102468+370.30923919804627i) (-7205.676056982833+369.87063264194876i) (-7205.672507158306+369.43203070014715i) (-7205.668962391384+368.993432073039i) (-7205.665420698468+368.55483531055506i) (-7205.661884500587+368.11624219070654i) (-7205.658351621474+367.67765234719263i) (-7205.654823374469+367.2390656505013i) (-7205.651298887446+366.80048189731315i) (-7205.647779238003+366.3619011064875i) (-7205.6442635625135+365.92332379030995i) (-7205.640752106148+365.48474946792703i) (-7205.637244816695+365.04617826623144i) (-7205.6337413875735+364.60761024727253i) (-7205.63024303061+364.16904529120075i) (-7205.626748501672+363.73048386350274i) (-7205.623258173233+363.29192519240314i) (-7205.619771985919+362.8533693116624i) (-7205.616290461505+362.4148166641244i) (-7205.612812931882+361.9762672832003i) (-7205.609339685761+361.5377212627209i) (-7205.605870580184+361.099177835451i) (-7205.602405813173+360.660637466528i) (-7205.598945378326+360.2221002797596i) (-7205.595488821971+359.7835662935395i) (-7205.59203658381+359.34503529954236i) (-7205.58858843788+358.90650723152794i) (-7205.5851451926865+358.46798241499346i) (-7205.581705520395+358.02946018462535i) (-7205.578269880381+357.5909419906093i) (-7205.574839145062+357.152426373912i) (-7205.571412453544+356.7139136089245i) (-7205.567990024225+356.2754042118322i) (-7205.5645717576845+355.8368976912461i) (-7205.561157725751+355.3983940978069i) (-7205.5577479850035+354.95989343116526i) (-7205.554342410294+354.52139585942496i) (-7205.55094085983+354.0829014077317i) (-7205.547543723253+353.6444098749198i) (-7205.544150900561+353.20592171151657i) (-7205.54076241469+352.7674365002895i) (-7205.537377734901+352.32895393273793i) (-7205.5339977812255+351.8904749582289i) (-7205.530621423386+351.4519983739592i) (-7205.527250184445+351.0135246803984i) (-7205.523882971611+350.57505431375466i) (-7205.5205196921015+350.13658692722674i) (-7205.517160530551+349.69812258752063i) (-7205.513805877883+349.25966073491145i) (-7205.510454996489+348.8212020060746i) (-7205.507108490216+348.3827466388466i) (-7205.5037662729155+347.9442940573208i) (-7205.500427904539+347.50584447733127i) (-7205.49709392176+347.0673982909648i) (-7205.493764803978+346.6289550587535i) (-7205.4904395036865+346.1905144820921i) (-7205.487118720543+345.75207727588713i) (-7205.483802187722+345.31364261964336i) (-7205.480490025599+344.8752108637709i) (-7205.477181962691+344.43678193632513i) (-7205.473878151737+343.9983559483662i) (-7205.470578315901+343.5599328682292i) (-7205.467282967875+343.12151254923083i) (-7205.463991675992+342.6830953049939i) (-7205.460704561556+342.24468107894063i) (-7205.457421542145+341.8062697732821i) (-7205.4541428661905+341.36786106950603i) (-7205.450868634041+340.92945585167035i) (-7205.447598082945+340.49105336051434i) (-7205.444332243875+340.0526535776444i) (-7205.441070734989+339.61425698082894i) (-7205.437813048717+339.1758628967218i) (-7205.434559856076+338.73747191624716i) (-7205.431310981512+338.2990838405676i) (-7205.428066088818+337.860698627308i) (-7205.424825461581+337.42231630766764i) (-7205.421589084901+336.9839367829263i) (-7205.418356979266+336.5455603497103i) (-7205.415129031055+336.1071865763515i) (-7205.411905338988+335.6688156882301i) (-7205.408685894683+335.2304476555437i) (-7205.405470825732+334.7920826487243i) (-7205.40225969255+334.3537202998996i) (-7205.399052977562+333.915360853076i) (-7205.395850699395+333.47700452432036i) (-7205.392652342096+333.03865068778396i) (-7205.389458326623+332.60029995441437i) (-7205.386268189177+332.16195172071457i) (-7205.383082721382+331.723606412299i) (-7205.379901401699+331.2852641493082i) (-7205.3767242040485+330.84692482976243i) (-7205.373551378958+330.40858779801056i) (-7205.370382580906+329.9702540063299i) (-7205.3672180981375+329.53192267008126i) (-7205.364058050327+329.0935946186073i) (-7205.360901491251+328.65526879392564i) (-7205.357749798335+328.2169466447085i) (-7205.3546027466655+327.778626547195i) (-7205.351459180005+327.34030926111154i) (-7205.348320098594+326.9019950439688i) (-7205.345185157377+326.4636834973935i) (-7205.342054466018+326.02537483512424i) (-7205.338928134879+325.587068783585i) (-7205.335805824725+325.1487657241523i) (-7205.332687767688+324.710465162294i) (-7205.329573842697+324.272167498013i) (-7205.326464593876+323.8338728370145i) (-7205.323359300615+323.3955805976875i) (-7205.320258218795+322.9572913812008i) (-7205.317161339335+322.51900472166017i) (-7205.314069013111+322.0807207764592i) (-7205.31098021497+321.642439550953i) (-7205.307896097191+321.2041613863548i) (-7205.304815987358+320.7658855225891i) (-7205.3017402859405+320.32761254918296i) (-7205.298668711912+319.8893424667185i) (-7205.2956014655065+319.4510750413174i) (-7205.292538514594+319.01281038916204i) (-7205.289479744388+318.5745484813815i) (-7205.286425260361+318.1362892353209i) (-7205.283374787192+317.6980327857891i) (-7205.280328607652+317.2597787808627i) (-7205.277285989141+316.8215266483603i) (-7205.274248855538+316.38327950413805i) (-7205.271215148736+315.9450336568989i) (-7205.26818602439+315.50679051864427i) (-7205.265161088784+315.06854992045555i) (-7205.2621402191+314.63031211239286i) (-7205.259123640484+314.1920769830467i) (-7205.256111153634+313.75384463137016i) (-7205.253103014897+313.3156149990391i) (-7205.250098927878+312.8773881277302i) (-7205.247099221568+312.43916381371673i) (-7205.244103605277+312.0009421791183i) (-7205.241112324293+311.56272338330746i) (-7205.238125315169+311.12450715107843i) (-7205.235142409569+310.6862932862714i) (-7205.232164026587+310.2480822947109i) (-7205.229189486476+309.8098738351837i) (-7205.2262194372015+309.37166850216454i) (-7205.223253709264+308.93346510629635i) (-7205.220291790902+308.49526454962324i) (-7205.217334434157+308.0570667232387i) (-7205.214380991645+307.6188716663746i) (-7205.211431940668+307.1806790000992i) (-7205.208487177035+306.7424889827962i) (-7205.205546628218+306.3043015781441i) (-7205.202610289562+305.86611701978836i) (-7205.19967803685+305.4279348271666i) (-7205.196750114788+304.9897551939357i) (-7205.193826565635+304.55157827364746i) (-7205.190907099051+304.1134039676981i) (-7205.187991886516+303.67523217073176i) (-7205.185080795432+303.23706284019863i) (-7205.182173947687+302.7988961250521i) (-7205.179271292756+302.3607323197066i) (-7205.176372905262+301.9225707935984i) (-7205.17347855703+301.4844120752532i) (-7205.170588724897+301.0462554572732i) (-7205.167703023297+300.6081019907724i) (-7205.164821447572+300.1699505461729i) (-7205.161943818792+299.73180258931825i) (-7205.159071009315+299.2936558353831i) (-7205.156202562735+298.855512932234i) (-7205.153338028875+298.41737166867824i) (-7205.150476547307+297.9792327799951i) (-7205.147621186101+297.54109731304925i) (-7205.14476896578+297.1029640972265i) (-7205.141921238508+296.6648331983015i) (-7205.139077532978+296.226704666391i) (-7205.136238208972+295.78857890953077i) (-7205.13340304821+295.3504559599678i) (-7205.130572046968+294.91233529889723i) (-7205.127745442267+294.47421720973216i) (-7205.124923043768+294.0361013743677i) (-7205.122105032613+293.5979883639957i) (-7205.119290734467+293.15987758204574i) (-7205.116481171513+292.72176936489996i) (-7205.113675418717+292.28366376139456i) (-7205.110874279868+291.84556052664993i) (-7205.108077097393+291.40745988010895i) (-7205.105283995799+290.96936149254907i) (-7205.102495410887+290.5312659786432i) (-7205.099711194111+290.09317238646327i) (-7205.096930619155+289.6550817976822i) (-7205.094154606457+289.2169932638062i) (-7205.091382635699+288.77890750730876i) (-7205.088615276152+288.3408240196295i) (-7205.085851730779+287.90274325871724i) (-7205.083092504006+287.4646645975881i) (-7205.080337429361+287.026588580542i) (-7205.077586872794+286.58851499532466i) (-7205.074840115325+286.15044415323064i) (-7205.072097877506+285.71237526254845i) (-7205.069359715388+285.27430901743355i) (-7205.066626338288+284.8362451112189i) (-7205.063896344334+284.3981838929467i) (-7205.061170961009+283.96012457550387i) (-7205.058449422417+283.52206801908324i) (-7205.0557330577285+283.0840135977778i) (-7205.053019572573+282.6459626222204i) (-7205.050311266794+282.2079126276076i) (-7205.047606156033+281.7698662066832i) (-7205.044907727628+281.3318204822135i) (-7205.04221056914+280.8937822576554i) (-7205.039520351798+280.4557378264726i) (-7205.036832790065+280.01769934076583i) (-7205.034146594873+279.5796689102426i) (-7205.03146876971+279.1416333830566i) (-7205.028794388287+278.70360502254334i) (-7205.0261240645195+278.26557629177114i) (-7205.0234572466+277.8275516544527i) (-7205.020795175515+277.3895274712122i) (-7205.0181375410175+276.9515072663198i) (-7205.015483510739+276.51348830596544i) (-7205.012833768327+276.07547289767535i) (-7205.010188306856+275.6374584978039i) (-7205.007547366666+275.19944773596944i) (-7205.004910285352+274.7614385035122i) (-7205.002277583233+274.32343229683465i) (-7204.999649040168+273.88542741534184i) (-7204.997025078046+273.4474258427217i) (-7204.994404697616+273.0094257669698i) (-7204.991788759013+272.57142919683247i) (-7204.989177493902+272.13343344067107i) (-7204.986569843139+271.6954409907339i) (-7204.983966568892+271.257450532692i) (-7204.981367386819+270.8194628728961i) (-7204.978772569215+270.38147673374624i) (-7204.976182326383+269.94349364808295i) (-7204.973595851567+269.50551245515817i) (-7204.9710137872025+269.06753352543456i) (-7204.968435468036+268.6295568991045i) (-7204.965862218058+268.1915828991914i) (-7204.9632924126345+267.75361084227916i) (-7204.960727335536+267.3156411134405i) (-7204.958166118944+266.8776736005675i) (-7204.955609385972+266.4397084155935i) (-7204.953056582133+266.00174554332625i) (-7204.95050814221+265.5637849077466i) (-7204.947963687155+265.125826645497i) (-7204.945423847705+264.68787054679706i) (-7204.942888073099+264.24991686153226i) (-7204.9403563369415+263.8119652685127i) (-7204.937829186936+263.374016259535i) (-7204.935306359519+262.9360683824925i) (-7204.932786567864+262.49812359380303i) (-7204.930272168043+262.06018142958055i) (-7204.9277615158935+261.62224089811207i) (-7204.925255270849+261.18430284780334i) (-7204.922753122344+260.74636685993755i) (-7204.9202553129+260.3084333287552i) (-7204.917761530669+259.870501969388i) (-7204.915272292797+259.4325723547954i) (-7204.912786879082+258.99464544610237i) (-7204.910305976227+258.5567206631531i) (-7204.907829100994+258.1187979088281i) (-7204.905356454692+257.68087737611495i) (-7204.902887971752+257.24295900715515i) (-7204.900423844549+256.8050429704599i) (-7204.897963615687+256.36712909131893i) (-7204.895507963054+255.9292172929854i) (-7204.893056186207+255.49130789158517i) (-7204.890608966321+255.05340064203483i) (-7204.888165690732+254.61549541295972i) (-7204.88572687874+254.17759239653242i) (-7204.8832920595305+253.7396917201986i) (-7204.88086161291+253.3017930230999i) (-7204.878435323772+252.86389662971487i) (-7204.876013348374+252.42600203640177i) (-7204.873595357523+251.98810988958576i) (-7204.871181729744+251.55021972337272i) (-7204.868772205169+251.1123316445446i) (-7204.866366823117+250.67444586072816i) (-7204.863965674158+250.23656245524762i) (-7204.861568981811+249.7986807756388i) (-7204.859176241909+249.36080153663352i) (-7204.856788003817+248.92292403563624i) (-7204.854403715901+248.48504916501406i) (-7204.852023650223+248.04717600879667i) (-7204.849647811963+247.6093051016651i) (-7204.847276173183+247.1714361365448i) (-7204.844909020816+246.73356962230173i) (-7204.842545933643+246.2957049238903i) (-7204.840186606365+245.85784224246163i) (-7204.837831982179+245.41998213400075i) (-7204.835481450835+244.98212351143593i) (-7204.833134811779+244.5442669375625i) (-7204.830792693479+244.10641356946144i) (-7204.828454904113+243.66856141040626i) (-7204.826121264981+243.23071162177075i) (-7204.823791962874+242.79286353179486i) (-7204.821466721507+242.35501762705098i) (-7204.819145816407+241.91717366158264i) (-7204.81682891649+241.47933177326922i) (-7204.81451630668+241.0414918766619i) (-7204.812207684445+240.6036540811183i) (-7204.809903252171+240.16581832087832i) (-7204.807602984569+239.72798472871364i) (-7204.80530691825+239.2901532338583i) (-7204.803015103855+238.85232396503852i) (-7204.800727392896+238.4144966872118i) (-7204.798444419634+237.97667132903007i) (-7204.796164932282+237.53884812786418i) (-7204.79389042675+237.1010271567211i) (-7204.791619588534+236.66320798422385i) (-7204.78935365472+236.2253908130515i) (-7204.787091410137+235.78757551152376i) (-7204.784833715967+235.34976220368117i) (-7204.782579866267+234.91195085046638i) (-7204.780330496811+234.47414152931015i) (-7204.778085067839+234.03633419622201i) (-7204.7758439795+233.5985289451055i) (-7204.773607057141+233.16072541371977i) (-7204.771374177886+232.72292402063613i) (-7204.769145405677+232.28512500278885i) (-7204.766921403672+231.84732748191163i) (-7204.764701104781+231.40953216598427i) (-7204.762485303188+230.9717388652498i) (-7204.76027360119+230.5339474324719i) (-7204.7580662279215+230.09615788662632i) (-7204.755862885009+229.6583703761862i) (-7204.753663769807+229.22058469284093i) (-7204.751468794275+228.78280130811618i) (-7204.74927812707+228.3450194051111i) (-7204.747091922996+227.90723998053i) (-7204.744909728004+227.46946172254684i) (-7204.742731078033+227.03168587724213i) (-7204.7405575871235+226.59391205325664i) (-7204.73838749656+226.15614029984863i) (-7204.736222401611+225.71837019195664i) (-7204.734060987859+225.28060218010796i) (-7204.731904235523+224.84283587071695i) (-7204.729751306033+224.40507166096359i) (-7204.727602841362+223.96730907009623i) (-7204.72545825367+223.5295486484829i) (-7204.72331805242+223.0917898920743i) (-7204.721181838453+222.65403344294464i) (-7204.719049925945+222.21627854123653i) (-7204.716922433057+221.7785259204975i) (-7204.714798666828+221.34077509018243i) (-7204.712680825236+220.90302688350494i) (-7204.710565716465+220.46527750657697i) (-7204.708454088337+220.02753295704315i) (-7204.706347963569+219.58978930268495i) (-7204.7042452597525+219.15204777508916i) (-7204.702147167729+218.71430785408302i) (-7204.7000529007055+218.2765701552562i) (-7204.697963138518+217.83883412987052i) (-7204.695877555641+217.40110025055765i) (-7204.693796414067+216.96336766009335i) (-7204.691719054768+216.52563756145537i) (-7204.689646373503+216.0879085327906i) (-7204.687577000324+215.65018285856058i) (-7204.685515137477+215.2124573366018i) (-7204.68345253868+214.77473185255076i) (-7204.681395756954+214.33701276571082i) (-7204.679344444012+213.89929294399917i) (-7204.677296617505+213.46157578765997i) (-7204.675253470574+213.02385961120308i) (-7204.6732140140375+212.5861457354331i) (-7204.671179028752+212.1484333878907i) (-7204.669148098124+211.71072307086433i) (-7204.667121419479+211.27301427423663i) (-7204.665098915808+210.83530757542758i) (-7204.663080503582+210.39760238979943i) (-7204.6610664249165+209.95989933307283i) (-7204.65905640478+209.52219774466357i) (-7204.6570507143915+209.0844981778937i) (-7204.655049183493+208.6468003107584i) (-7204.653051925794+208.2091043702385i) (-7204.651058931166+207.77141013764776i) (-7204.64907012484+207.33371755907137i) (-7204.647085503268+206.89602671717876i) (-7204.645104968542+206.4583376008377i) (-7204.643128712021+206.0206502013607i) (-7204.6411563903675+205.5829646352213i) (-7204.639188543661+205.14528108137893i) (-7204.637224811362+204.7075990404701i) (-7204.635265441291+204.26991885187454i) (-7204.633310120058+203.83224027373944i) (-7204.631359133695+203.3945634864649i) (-7204.629412122973+202.95688825873367i) (-7204.627469450759+202.5192151493393i) (-7204.6255310304405+202.08154353474674i) (-7204.623596860765+201.64387359238754i) (-7204.621666740888+201.20620543006225i) (-7204.61974096793+200.76853883845615i) (-7204.617819107632+200.33087420713855i) (-7204.615901718556+199.8932109491143i) (-7204.613988245197+199.45554975281993i) (-7204.612079168757+199.01789003763406i) (-7204.610174510628+198.58023235568544i) (-7204.608273772668+198.14257584084407i) (-7204.606377466465+197.7049214753788i) (-7204.604485141288+197.26726844877703i) (-7204.602597160847+196.82961729486124i) (-7204.600713200693+196.39196774021548i) (-7204.598833223106+195.9543194387079i) (-7204.596957888221+195.5166737792606i) (-7204.595086567249+195.07902927037503i) (-7204.593219548522+194.64138651955i) (-7204.591356616933+194.20374521733902i) (-7204.589498230518+193.76610562617134i) (-7204.58764368057+193.3284679430799i) (-7204.585793698585+192.89083134282555i) (-7204.583947553852+192.45319677858788i) (-7204.582105746376+192.01556371061452i) (-7204.580267966579+191.57793249323004i) (-7204.578434364026+191.14030252891826i) (-7204.57660522408+190.70267465333745i) (-7204.574779869203+190.2650482109093i) (-7204.5729592218995+189.8274233171178i) (-7204.571142443601+189.38980029426602i) (-7204.5693302267755+188.95217863893777i) (-7204.567521943856+188.51455862040893i) (-7204.565717869118+188.07694017635367i) (-7204.563918055734+187.63932350152754i) (-7204.562122405943+187.20170817508188i) (-7204.560330987209+186.76409463024902i) (-7204.558543723309+186.32648258534027i) (-7204.556760844396+185.88887196621363i) (-7204.5549817828+185.4512630858153i) (-7204.553207129502+185.0136557730293i) (-7204.551436606271+184.57605016128218i) (-7204.549670337059+184.13844611316745i) (-7204.547908300388+183.70084355824656i) (-7204.546150462265+183.2632425277625i) (-7204.544396936486+182.82564320102392i) (-7204.542647329858+182.3880451918958i) (-7204.540902271634+181.95044883407536i) (-7204.5391610474035+181.51285403355723i) (-7204.537424242066+181.0752608022085i) (-7204.535691473837+180.63766907627723i) (-7204.533963109017+180.2000788931182i) (-7204.532238914253+179.76249024362187i) (-7204.530518622254+179.32490299460915i) (-7204.528802683431+178.88731738121714i) (-7204.527090831805+178.44973339012358i) (-7204.5253833423485+178.01215111075726i) (-7204.523680098238+177.57457005477772i) (-7204.5219811327115+177.13699062489468i) (-7204.520286309358+176.69941247261886i) (-7204.518595666741+176.2618360448323i) (-7204.516908982681+175.82426098591532i) (-7204.515226599498+175.38668756240077i) (-7204.513548416289+174.94911542169575i) (-7204.511874892021+174.5115451309539i) (-7204.510205205093+174.07397609818872i) (-7204.508539719245+173.6364084046363i) (-7204.506878542859+173.19884232171898i) (-7204.505220978623+172.76127799865935i) (-7204.503568150787+172.32371470271028i) (-7204.50191957831+171.88615322013356i) (-7204.50027526154+171.4485929214934i) (-7204.49863505541+171.0110340801548i) (-7204.496998844552+170.57347657814535i) (-7204.495366699906+170.1359206233683i) (-7204.493738604491+169.69836608861078i) (-7204.492114981782+169.26081342362158i) (-7204.490495465405+168.82326216780348i) (-7204.488880665289+168.38571259453602i) (-7204.487269953766+167.94816392788198i) (-7204.485663827902+167.5106170332583i) (-7204.484062151052+167.07306936970417i) (-7204.482460466563+166.6355248210457i) (-7204.480867856066+166.1979847136099i) (-7204.479278620158+165.7604408905754i) (-7204.477691596403+165.3229015386387i) (-7204.476110415126+164.88536301888962i) (-7204.474533113564+164.44782618880708i) (-7204.472960318235+164.0102899886915i) (-7204.471391541301+163.57275545191806i) (-7204.469826616245+163.13522195184487i) (-7204.468266004376+162.6976901594171i) (-7204.466709103755+162.26016000719392i) (-7204.465157146871+161.8226310550308i) (-7204.463609108367+161.38510366372066i) (-7204.462065437256+160.9475775701576i) (-7204.460525834074+160.51005278171215i) (-7204.45899063097+160.07252905360656i) (-7204.45745925096+159.63500710393419i) (-7204.455932306926+159.1974862489442i) (-7204.454409378144+158.75996694379137i) (-7204.452890794404+158.32244866478868i) (-7204.451376417419+157.88493216680217i) (-7204.449866064664+157.4474166019936i) (-7204.44836014435+157.0099027713004i) (-7204.44685806187+156.57238989628968i) (-7204.4453603033035+156.13487866557261i) (-7204.443867000475+155.69736884166196i) (-7204.442377805011+155.25986003375147i) (-7204.44089263225+154.82235270774981i) (-7204.439411857224+154.3848464497787i) (-7204.437935108712+153.9473419575006i) (-7204.436462649377+153.50983844560687i) (-7204.434994321869+153.07233652233117i) (-7204.433530308277+152.63483552792604i) (-7204.432070400493+152.19733612108394i) (-7204.430614633617+151.75983786353027i) (-7204.429163200446+151.32234098808112i) (-7204.427715853642+150.88484540707577i) (-7204.426272930301+150.44735087144363i) (-7204.424833972793+150.009857870602i) (-7204.423399273364+149.572365672233i) (-7204.4219680717215+149.13487555300526i) (-7204.420542639273+148.69738660207076i) (-7204.419120223989+148.25989783971454i) (-7204.417702065635+147.82241137170786i) (-7204.416288320863+147.38492579526064i) (-7204.414878667216+146.947441638069i) (-7204.413473143344+146.50995853906352i) (-7204.4120718888735+146.07247702914174i) (-7204.410674837389+145.63499664068513i) (-7204.409282084409+145.1975177852146i) (-7204.407893681637+144.7600397704955i) (-7204.406509558583+144.32256314157712i) (-7204.40512957226+143.88508710066526i) (-7204.403753353108+143.4476131153133i) (-7204.402382111788+143.01013937708194i) (-7204.40101352155+142.57266703023924i) (-7204.3996497342305+142.13519694957358i) (-7204.398290316953+141.69772812444717i) (-7204.396935585508+141.26026029434433i) (-7204.395585342805+140.82279357631342i) (-7204.394239374189+140.385327486787i) (-7204.392897324244+139.94786216182547i) (-7204.391558991658+139.5103980617787i) (-7204.390224429386+139.07293535809004i) (-7204.388893931755+138.63547424244462i) (-7204.387568047314+138.19801474182896i) (-7204.386246356284+137.7605560321026i) (-7204.384928849657+137.32309924888978i) (-7204.38361675787+136.8856429989828i) (-7204.3823079302965+136.448187219401i) (-7204.381003311748+136.01073294641537i) (-7204.379702466758+135.57327973737847i) (-7204.378405972515+135.13582797948766i) (-7204.377113419614+134.69837736817135i) (-7204.375825721727+134.2609283810234i) (-7204.374541941914+133.82347988301626i) (-7204.373262548514+133.38603276669892i) (-7204.371987017876+132.94858654217387i) (-7204.370715902376+132.51114167225023i) (-7204.369448704936+132.07369790095254i) (-7204.368186136591+131.63625530873833i) (-7204.366927294526+131.19881388354406i) (-7204.365673252338+130.76137350122735i) (-7204.364423051404+130.32393397085252i) (-7204.363176977291+129.88649564459047i) (-7204.3619349592045+129.44905865797045i) (-7204.360697297016+129.01162256755197i) (-7204.3594637846545+128.57418784107722i) (-7204.3582346433395+128.1367539605999i) (-7204.35700961978+127.69932135337876i) (-7204.355788812551+127.26188954370446i) (-7204.354572094278+126.82445908741647i) (-7204.353359696848+126.38702955863118i) (-7204.352151266066+125.94960123612691i) (-7204.3509471450525+125.51217391308455i) (-7204.349747212342+125.07474761482445i) (-7204.3485516969085+124.63732243651611i) (-7204.3473600694415+124.19989842008727i) (-7204.346172634527+123.7624751878684i) (-7204.344989429694+123.3250532516613i) (-7204.343810491977+122.88763223589558i) (-7204.342635856228+122.4502125042236i) (-7204.341465408972+122.01279358333704i) (-7204.340299157746+121.57537580195276i) (-7204.339137007715+121.13795887503147i) (-7204.33797912726+120.70054304183577i) (-7204.336825193255+120.26312817018334i) (-7204.335675616574+119.82571445716167i) (-7204.33453012348+119.3883016703985i) (-7204.333388983461+118.95088994511752i) (-7204.332251891872+118.51347917058229i) (-7204.331119107519+118.07606948483954i) (-7204.329990266706+117.63866058427084i) (-7204.328865661402+117.20125317556449i) (-7204.327745372357+116.76384665050864i) (-7204.326629328163+116.32644095204887i) (-7204.325517532503+115.8890363925093i) (-7204.324409941881+115.45163271373895i) (-7204.3233067930705+115.0142296643644i) (-7204.32220651659+114.57682780601317i) (-7204.321112143371+114.13942800756922i) (-7204.320021320091+113.70202740135937i) (-7204.318934620824+113.26462866459042i) (-7204.31785196632+112.82723062223158i) (-7204.316773516708+112.3898336577804i) (-7204.3156992901495+111.95243761716483i) (-7204.314629187094+111.5150427022345i) (-7204.313563211399+111.07764864535056i) (-7204.312501722336+110.64025569888327i) (-7204.3114443257655+110.20286369426321i) (-7204.31039111891+109.76547245374604i) (-7204.309342290318+109.32808235084667i) (-7204.308297679308+108.89069283806384i) (-7204.30725695398+108.45330442311388i) (-7204.306220622719+108.01591641208506i) (-7204.305187931997+107.57852999068928i) (-7204.304160157131+107.14114448893088i) (-7204.303136238072+106.70375950793459i) (-7204.302116390507+106.2663756975162i) (-7204.301100828772+105.82899279253616i) (-7204.300089514232+105.39161076644814i) (-7204.299082417172+104.95422971339576i) (-7204.298079547807+104.51684965021923i) (-7204.297080833348+104.07947024578971i) (-7204.296086721879+103.64209201850827i) (-7204.295096374481+103.20471407760488i) (-7204.29411034513+102.76733719679032i) (-7204.29312836357+102.3299609679525i) (-7204.292150575944+101.89258600125322i) (-7204.291176822386+101.45521171080327i) (-7204.290207282596+101.01783843504018i) (-7204.289241831284+100.5804659029236i) (-7204.28828073811+100.14309443571983i) (-7204.2873236803425+99.7057237871777i) (-7204.28637099819+99.26835409797786i) (-7204.285422459405+98.83098524308298i) (-7204.284478318965+98.39361720623128i) (-7204.283538349671+97.95625004693284i) (-7204.282602507141+97.51888346564374i) (-7204.281670997079+97.08151778596584i) (-7204.280743176176+96.64415265601565i) (-7204.279819909265+96.20678922340812i) (-7204.278901021287+95.76942571871768i) (-7204.2779860279115+95.33206345883445i) (-7204.277075370017+94.89470161969803i) (-7204.2761685803125+94.45734094250656i) (-7204.275266248413+94.01998088676191i) (-7204.274367861828+93.58262199196906i) (-7204.273473977184+93.14526364327321i) (-7204.272584170729+92.70790629536714i) (-7204.271698766257+92.27054950195452i) (-7204.270817318698+91.83319347522774i) (-7204.269940341779+91.39583821066117i) (-7204.2690669437725+90.95848373167246i) (-7204.268198481994+90.52112985675194i) (-7204.267333761105+90.08377730918073i) (-7204.2664733475685+89.64642525108138i) (-7204.26561678428+89.20907346645981i) (-7204.264764784792+88.77172282628817i) (-7204.263916829717+88.33437304229301i) (-7204.2630731422105+87.89702379374648i) (-7204.262233553731+87.45967563425074i) (-7204.261398221337+87.02232830143475i) (-7204.260566991012+86.5849812610868i) (-7204.259740237991+86.14763515693994i) (-7204.258917390907+85.7102897146251i) (-7204.258098685023+85.27294506319595i) (-7204.257284441323+84.83560114333523i) (-7204.256474189649+84.39825786898655i) (-7204.255668143436+83.96091545672607i) (-7204.254866320422+83.52357369402671i) (-7204.254068659953+83.08623261185494i) (-7204.2532753863925+82.64889218550525i) (-7204.252486014244+82.2115524829569i) (-7204.251700995912+81.77421343757669i) (-7204.25091989286+81.3368751883936i) (-7204.250143355879+80.8995375489576i) (-7204.24937049947+80.46220099298444i) (-7204.2486024476675+80.02486463668538i) (-7204.24783804953+79.5875296085178i) (-7204.2470787698985+79.15019422184923i) (-7204.246322973588+78.71286153484107i) (-7204.245572687723+78.2755252355928i) (-7204.244822279114+77.83819243015387i) (-7204.244080394972+77.40086305844306i) (-7204.243341318273+76.96353013633052i) (-7204.2426074371615+76.52619978610528i) (-7204.241876471264+76.08886904974133i) (-7204.241150310947+75.65153949800879i) (-7204.240427592755+75.21421015225133i) (-7204.239709692454+74.77688193049107i) (-7204.238995520165+74.3395542683902i) (-7204.238285933883+73.90222746989093i) (-7204.237580373578+73.46490103283213i) (-7204.236879035932+73.02757533374461i) (-7204.236181935659+72.5902503512516i) (-7204.235489056664+72.15292589045202i) (-7204.23480042025+71.71560200250678i) (-7204.234116065025+71.27827855274518i) (-7204.233435661372+70.84095579862333i) (-7204.23275957322+70.40363359919502i) (-7204.232087468452+69.96631201467972i) (-7204.231419526652+69.52899101452022i) (-7204.230755839933+69.09167081367195i) (-7204.230096089421+68.6543512473072i) (-7204.229441029354+68.2170321543108i) (-7204.228790058492+67.77971363910001i) (-7204.228143234606+67.3423957245177i) (-7204.227500619134+66.90507854682801i) (-7204.226862023177+66.46776145929834i) (-7204.226228380343+66.03044543967007i) (-7204.225597821176+65.59312919010517i) (-7204.2249717351515+65.15581432933504i) (-7204.2243503290665+64.718499672299i) (-7204.223732855578+64.28118543203891i) (-7204.223118976937+63.843872018122056i) (-7204.222510055755+63.406559111434035i) (-7204.221904754231+62.969246820281114i) (-7204.221304299426+62.53193493953586i) (-7204.220707503482+62.09462368471577i) (-7204.220115209144+61.657312877583536i) (-7204.219526998437+61.22000264818598i) (-7204.218943062748+60.7826927169408i) (-7204.218363303444+60.345383519492316i) (-7204.21778744967+59.90807454341302i) (-7204.217215852244+59.470766713562625i) (-7204.216649074937+59.03345879868539i) (-7204.216085594468+58.596151245148576i) (-7204.215526610162+58.15884479382839i) (-7204.214971899564+57.72153854123644i) (-7204.214421296696+57.28423279228991i) (-7204.213875022979+56.84692756362347i) (-7204.213332825675+56.40962290880634i) (-7204.212794853229+55.97231865437425i) (-7204.212261251101+55.5350148468242i) (-7204.211731573014+55.097711471904404i) (-7204.21120630861+54.66040845756106i) (-7204.210684816571+54.223106060882856i) (-7204.210167903031+53.78580408272319i) (-7204.209655054918+53.34850265374371i) (-7204.209146398716+52.911201595174134i) (-7204.208641898134+52.47390105722843i) (-7204.208141644529+52.03660080170084i) (-7204.207645530769+51.599301174717766i) (-7204.207153560448+51.16200179284533i) (-7204.2066658230615+50.724703041843895i) (-7204.206182220063+50.28740456548621i) (-7204.205702942316+49.85010665685331i) (-7204.205227633996+49.41280905418898i) (-7204.204756676132+48.9755120015252i) (-7204.204289794536+48.538215212491195i) (-7204.203827219317+48.10091899823237i) (-7204.203368779345+47.66362313384161i) (-7204.202914243506+47.226327802774904i) (-7204.202464465023+46.78903286820423i) (-7204.202018670287+46.35173819560623i) (-7204.20157720639+45.914443953268346i) (-7204.201139629658+45.47714970900233i) (-7204.200706186268+45.03985634050332i) (-7204.200277176686+44.602563156731776i) (-7204.199852212347+44.165270555244206i) (-7204.19943145469+43.727978176049874i) (-7204.199014896236+43.29068619768259i) (-7204.198602544973+42.85339452316293i) (-7204.198194326018+42.41610323911664i) (-7204.19779037284+41.978812399951494i) (-7204.197390478948+41.541521886761984i) (-7204.196995106817+41.10423180615544i) (-7204.196603579519+40.66694191365241i) (-7204.196216324999+40.229652323307164i) (-7204.195833405101+39.792363093025415i) (-7204.195454481858+39.3550743664382i) (-7204.195079704266+38.91778584394342i) (-7204.194709094707+38.48049776557673i) (-7204.194342845425+38.04320979213662i) (-7204.193980620636+37.60592231951887i) (-7204.193622899082+37.16863541927887i) (-7204.193269058262+36.73134860263235i) (-7204.192919589026+36.294062005837986i) (-7204.192574132205+35.85677568385745i) (-7204.192233252892+35.41948964036328i) (-7204.1918960167095+34.982203988129186i) (-7204.191563348169+34.54491855980177i) (-7204.191234476457+34.10763365832281i) (-7204.190910067307+33.670348794238635i) (-7204.190589522652+33.23306451105964i) (-7204.190273782762+32.795780278074744i) (-7204.189961736149+32.3584966259732i) (-7204.189654020156+31.92121283749657i) (-7204.189350675457+31.483929787738816i) (-7204.189051201887+31.046646611733195i) (-7204.188757127893+30.60936405051598i) (-7204.188465401268+30.17207986482572i) (-7204.188177947362+29.73479926182972i) (-7204.18789627192+29.297516774823634i) (-7204.187617808217+28.860235151589222i) (-7204.187343756217+28.422953243586562i) (-7204.187073730151+27.98567197970624i) (-7204.18680780608+27.54839073500898i) (-7204.186546225479+27.111109859663884i) (-7204.186288632933+26.673829115858098i) (-7204.186035342442+26.236548769953515i) (-7204.185786165544+25.799268537739408i) (-7204.185541316707+25.361988760801978i) (-7204.185300548255+24.92470898347983i) (-7204.185064002682+24.487429480992432i) (-7204.184831601655+24.050150242114796i) (-7204.184603483911+23.612871093147078i) (-7204.184379547849+23.17559219607665i) (-7204.1841597741+22.738313574329368i) (-7204.183944232864+22.301035027367107i) (-7204.183732875783+21.863756661687148i) (-7204.183525573579+21.426478570070685i) (-7204.18332271713+20.98920064045069i) (-7204.183123761308+20.551922754553743i) (-7204.182929167189+20.114645130132885i) (-7204.182738611795+19.677367676442373i) (-7204.18255245591+19.24009034066512i) (-7204.182370153125+18.80281335296786i) (-7204.1821922828385+18.365536277477986i) (-7204.182018647654+17.92825955805756i) (-7204.181848921857+17.490982905939745i) (-7204.181683627918+17.053706409516053i) (-7204.181522415398+16.61643010290254i) (-7204.1813655176375+16.179153920637873i) (-7204.181212685769+15.741877863284572i) (-7204.18106413295+15.304601866502253i) (-7204.180919655395+14.867326059668812i) (-7204.180779280679+14.430050420550742i) (-7204.180643275904+13.99277486578012i) (-7204.180511327053+13.555499535090348i) (-7204.180383773302+13.118224211758843i) (-7204.1802602065145+12.680949121256162i) (-7204.180141024946+12.243673912766553i) (-7204.180026014961+11.806399023772883i) (-7204.179914917317+11.369123812119142i) (-7204.179808108151+10.93184929881545i) (-7204.179705613104+10.494574383546023i) (-7204.17960722695+10.057299887877434i) (-7204.179512941206+9.62002534767771i) (-7204.1794229408115+9.18275097818605i) (-7204.179337091948+8.745476664160151i) (-7204.179255681593+8.308202340990874i) (-7204.179178236169+7.870928293051065i) (-7204.179105132222+7.433653743283003i) (-7204.17903540119+6.996379720469122i) (-7204.178971061978+6.559105745678153i) (-7204.178909917391+6.121832158156167i) (-7204.178853838981+5.684557912978789i) (-7204.178801539383+5.247284080649251i) (-7204.178753340064+4.8100102148796395i) (-7204.178709301108+4.372736327089797i) (-7204.178669524816+3.9354625929580607i) (-7204.1786338862585+3.498188899192087i) (-7204.1786024651665+3.060915296195276i) (-7204.178575256723+2.6236416091614956i) (-7204.178552189987+2.1863680167920165i) (-7204.178533413724+1.7490944020420898i) (-7204.178518801855+1.3118208294802685i) (-7204.178508248093+0.8745471136492142i) (-7204.178501998715+0.4372738154435183i) (-7204.178500277543+0i)]